01-14 23:07:51.123  1517  1517 D TaskViewModel: unbind com.android.quickstep.recents.ui.viewmodel.TaskViewModel@d1eaa5b
01-14 23:07:51.124  1517  1517 D TaskView: onBind com.google.android.apps.nexuslauncher.NexusLauncherActivity@43ddc9d com.android.quickstep.LauncherActivityInterface@5b5656a
01-14 23:07:51.124  1517  1517 D TaskViewModel: bind com.android.quickstep.recents.ui.viewmodel.TaskViewModel@d1eaa5b as SINGLE to taskIds: [12]
01-14 23:07:51.126  1517  1517 D TaskView: onBind com.google.android.apps.nexuslauncher.NexusLauncherActivity@43ddc9d com.android.quickstep.LauncherActivityInterface@5b5656a
01-14 23:07:51.126  1517  1517 D TaskViewModel: bind com.android.quickstep.recents.ui.viewmodel.TaskViewModel@14a8a28 as SINGLE to taskIds: [11]
01-14 23:07:51.127  1517  1517 D TasksRepository: updateTaskRequests to: [11], removed: [], added: [11]
01-14 23:07:51.128  1517  1517 I TasksRepository: requestTaskData: 11
01-14 23:07:51.128  1517  1517 D b/417220811: getTasks - updating mResultsUi: 43
01-14 23:07:51.128  1517  1517 D TasksRepository: getAllTaskData: oldTasks [10, 11], newTasks: [11, 12]
01-14 23:07:51.128  1517  1517 D TasksRepository: updateTaskRequests to: [12, 11], removed: [], added: [12]
01-14 23:07:51.128  1517  1517 I TasksRepository: requestTaskData: 12
01-14 23:07:51.130  1517  1517 V BaseDepthController: Applying blur: 79 to Surface(name=com.google.android.apps.nexuslauncher/com.google.android.apps.nexuslauncher.NexusLauncherActivity#252)/@0x24b6256 applyImmediately: false
01-14 23:07:51.130  1517  1517 D BaseDepthController: setEarlyWakeup: false
01-14 23:07:51.130  1517  1517 D BaseDepthController: shouldBlurWorkspace: false targetState: Overview currentStableState: Normal mCurrentBlur: 79 mLauncher.getDepthBlurTargets(): [com.android.launcher3.Workspace{4771991 V.ED..... .......D 0,0-1080,2400 #7f0a049d app:id/workspace}, com.android.launcher3.Hotseat{7a640f6 V.ED..... ........ 0,1905-1080,2400 #7f0a01ee app:id/hotseat}]
01-14 23:07:51.131  1517  8994 D b/417220811: Current thumbnail: null, replacing with android.graphics.Bitmap@992e579
01-14 23:07:51.180   796  9495 I GFXSTREAM: [eglDisplay.cpp(297)] Opening libGLESv1_CM_emulation.so
01-14 23:07:51.181   796  9495 I GFXSTREAM: [eglDisplay.cpp(297)] Opening libGLESv2_emulation.so
01-14 23:07:51.234  1517  1517 D TaskThumbnailView: [TaskThumbnailView@cbb18d5] taskId: 12 - uiState changed from: Uninitialized to: SnapshotSplash(snapshot=Snapshot(bitmap=android.graphics.Bitmap@992e579, thumbnailRotation=0, backgroundColor=-16777216), splash=null)
01-14 23:07:51.235  1517  1517 V BaseDepthController: Applying blur: 79 to Surface(name=com.google.android.apps.nexuslauncher/com.google.android.apps.nexuslauncher.NexusLauncherActivity#252)/@0x24b6256 applyImmediately: false
01-14 23:07:51.235  1517  1517 D BaseDepthController: shouldBlurWorkspace: false targetState: Overview currentStableState: Normal mCurrentBlur: 79 mLauncher.getDepthBlurTargets(): [com.android.launcher3.Workspace{4771991 V.ED..... .......D 0,0-1080,2400 #7f0a049d app:id/workspace}, com.android.launcher3.Hotseat{7a640f6 V.ED..... ........ 0,1905-1080,2400 #7f0a01ee app:id/hotseat}]
01-14 23:07:51.241   796  9495 W HWUI    : Failed to choose config with EGL_SWAP_BEHAVIOR_PRESERVED, retrying without...
01-14 23:07:51.242   796  9495 W HWUI    : Failed to initialize 101010-2 format, error = EGL_SUCCESS
01-14 23:07:51.344  1517  1517 D b/417220811: Task id: 11, thumbnailData: null, isLocked: false
01-14 23:07:51.344  1517  1517 D TaskThumbnailView: [TaskThumbnailView@6f8a8ea] taskId: 11 - uiState changed from: Uninitialized to: BackgroundOnly(backgroundColor=-1118730)
01-14 23:07:51.347  1517  1517 V BaseDepthController: Applying blur: 79 to Surface(name=com.google.android.apps.nexuslauncher/com.google.android.apps.nexuslauncher.NexusLauncherActivity#252)/@0x24b6256 applyImmediately: false
01-14 23:07:51.347  1517  1517 D BaseDepthController: shouldBlurWorkspace: false targetState: Overview currentStableState: Normal mCurrentBlur: 79 mLauncher.getDepthBlurTargets(): [com.android.launcher3.Workspace{4771991 V.ED..... .......D 0,0-1080,2400 #7f0a049d app:id/workspace}, com.android.launcher3.Hotseat{7a640f6 V.ED..... ........ 0,1905-1080,2400 #7f0a01ee app:id/hotseat}]
01-14 23:07:51.414  1517  8994 D b/417220811: Current thumbnail: null, replacing with android.graphics.Bitmap@d1a88f7
01-14 23:07:51.454  1517  1517 V BaseDepthController: Applying blur: 79 to Surface(name=com.google.android.apps.nexuslauncher/com.google.android.apps.nexuslauncher.NexusLauncherActivity#252)/@0x24b6256 applyImmediately: false
01-14 23:07:51.454  1517  1517 D BaseDepthController: shouldBlurWorkspace: false targetState: Overview currentStableState: Normal mCurrentBlur: 79 mLauncher.getDepthBlurTargets(): [com.android.launcher3.Workspace{4771991 V.ED..... .......D 0,0-1080,2400 #7f0a049d app:id/workspace}, com.android.launcher3.Hotseat{7a640f6 V.ED..... ........ 0,1905-1080,2400 #7f0a01ee app:id/hotseat}]
01-14 23:07:51.478  1517  1517 D TaskThumbnailView: [TaskThumbnailView@6f8a8ea] taskId: 11 - uiState changed from: BackgroundOnly(backgroundColor=-1118730) to: SnapshotSplash(snapshot=Snapshot(bitmap=android.graphics.Bitmap@d1a88f7, thumbnailRotation=0, backgroundColor=-1118730), splash=null)
01-14 23:07:51.478  1517  1517 D TaskThumbnailView: [TaskThumbnailView@6f8a8ea] taskId: 11 - uiState changed from: SnapshotSplash(snapshot=Snapshot(bitmap=android.graphics.Bitmap@d1a88f7, thumbnailRotation=0, backgroundColor=-1118730), splash=null) to: SnapshotSplash(snapshot=Snapshot(bitmap=android.graphics.Bitmap@d1a88f7, thumbnailRotation=0, backgroundColor=-1118730), splash=com.android.launcher3.icons.FastBitmapDrawable@85ac3c4)
01-14 23:07:51.479  1517  1517 D TaskThumbnailView: [TaskThumbnailView@cbb18d5] taskId: 12 - uiState changed from: SnapshotSplash(snapshot=Snapshot(bitmap=android.graphics.Bitmap@992e579, thumbnailRotation=0, backgroundColor=-16777216), splash=null) to: SnapshotSplash(snapshot=Snapshot(bitmap=android.graphics.Bitmap@992e579, thumbnailRotation=0, backgroundColor=-16777216), splash=com.android.launcher3.icons.FastBitmapDrawable@3e342ad)
01-14 23:07:51.492  1517  1517 V BaseDepthController: Applying blur: 79 to Surface(name=com.google.android.apps.nexuslauncher/com.google.android.apps.nexuslauncher.NexusLauncherActivity#252)/@0x24b6256 applyImmediately: false
01-14 23:07:51.492  1517  1517 D BaseDepthController: shouldBlurWorkspace: false targetState: Overview currentStableState: Normal mCurrentBlur: 79 mLauncher.getDepthBlurTargets(): [com.android.launcher3.Workspace{4771991 V.ED..... .......D 0,0-1080,2400 #7f0a049d app:id/workspace}, com.android.launcher3.Hotseat{7a640f6 I.ED..... .......D 0,1905-1080,2400 #7f0a01ee app:id/hotseat}]
01-14 23:07:51.492  1517  1517 D BaseActivity: Launcher flags updated: [state_started|state_resumed|state_deferred_resumed|state_window_focused|state_user_active] -[state_transition_active]
01-14 23:07:51.493  1517  1517 D LauncherStateManager: StateManager.onStateTransitionEnd: state: Overview
01-14 23:07:51.494  1517  1517 D StatsLog: LAUNCHER_OVERVIEW_GESTURE
01-14 23:07:51.504  1517  1554 I AiAiSuggestUi: Connecting to system intelligence module.
01-14 23:07:51.511   796  1229 D BackgroundInstallControlService: Package event received: 0
01-14 23:07:51.514  1517  1517 I AiAiSuggestUi: Clearing suggestions.
01-14 23:07:51.514  1517  1517 I AiAiSuggestUi: Requesting to show indicators
01-14 23:07:51.515  1900  1900 I AiAiOverview: Created AiAiContentSuggestionsService.
01-14 23:07:51.516  1517  1517 I AiAiSuggestUi: Fetching contents, isPrimaryTask = false
01-14 23:07:51.517   796  1229 D BackgroundInstallControlService: Package event received: 0
01-14 23:07:51.522   796  2833 W ActivityTaskManager: getApplicationThreadForTopActivity failed: Requested task not found
01-14 23:07:51.522   796  2833 E ActivityTaskManager: Could not find activity for task 12
01-14 23:07:51.572  1517  1527 I AiAiSuggestUi: Successfully connected to system intelligence: 
01-14 23:07:51.642   796   807 I system_server: Background young concurrent mark compact GC freed 20MB AllocSpace bytes, 5(100KB) LOS objects, 38% free, 34MB/55MB, paused 4.006ms,6.661ms total 70.592ms
01-14 23:07:51.713  1900  9808 I DisplayManager: Choreographer implicitly registered for the refresh rate.
01-14 23:07:51.757  1900  1914 W ogle.android.as: Reducing the number of considered missed Gc histogram windows from 227 to 100
01-14 23:07:51.758  1900  9808 I GFXSTREAM: [eglDisplay.cpp(297)] Opening libGLESv1_CM_emulation.so
01-14 23:07:51.759  1900  9808 I GFXSTREAM: [eglDisplay.cpp(297)] Opening libGLESv2_emulation.so
01-14 23:07:51.770  1900  9808 W HWUI    : Failed to choose config with EGL_SWAP_BEHAVIOR_PRESERVED, retrying without...
01-14 23:07:51.770  1900  9808 W HWUI    : Failed to initialize 101010-2 format, error = EGL_SUCCESS
01-14 23:07:51.892  1900  9807 D nativeloader: Load /product/priv-app/DevicePersonalizationPrebuiltPixel2021-playstore_aiai_20250306.00_RC10/DevicePersonalizationPrebuiltPixel2021-playstore_aiai_20250306.00_RC10.apk!/lib/x86_64/libparticle-extractor_jni.so using class loader ns product-clns-9 (caller=/product/priv-app/DevicePersonalizationPrebuiltPixel2021-playstore_aiai_20250306.00_RC10/DevicePersonalizationPrebuiltPixel2021-playstore_aiai_20250306.00_RC10.apk): ok
01-14 23:07:51.895  1517  1527 I AiAiSuggestUi: Request suggestContentSelections complete, took: 377
01-14 23:07:51.896  1517  1527 I AiAiSuggestUi: Fetched content back in callback
01-14 23:07:51.929  1517  1517 I AiAiSuggestUi: Display indicators
01-14 23:07:52.105  9809  9809 W libbinder.BackendUnifiedServiceManager: Thread Pool max thread count is 0. Cannot cache binder as linkToDeath cannot be implemented. serviceName: package
01-14 23:07:52.182  1517  1517 I BaseDragLayer: Not implemented, class name is com.android.launcher3.uioverrides.touchcontrollers.TaskViewDismissTouchController
01-14 23:07:52.316  3185  5446 I artd    : GetBestInfo: odex next to the dex file (/data/app/~~32zfW-euUumZmapXCsiMfw==/com.google.android.gms-BB5zRItgPYm45pDbJHp9zQ==/oat/x86_64/base.odex) is kOatUpToDate with filter 'speed-profile' executable 'false'
01-14 23:07:52.320  3185  5446 I artd    : GetBestInfo: odex next to the dex file (/data/app/~~32zfW-euUumZmapXCsiMfw==/com.google.android.gms-BB5zRItgPYm45pDbJHp9zQ==/oat/x86_64/split_AdsDynamite_installtime.odex) is kOatUpToDate with filter 'speed' executable 'false'
01-14 23:07:52.324  3185  5446 I artd    : GetBestInfo: odex next to the dex file (/data/app/~~32zfW-euUumZmapXCsiMfw==/com.google.android.gms-BB5zRItgPYm45pDbJHp9zQ==/oat/x86_64/split_CronetDynamite_installtime.odex) is kOatUpToDate with filter 'speed' executable 'false'
01-14 23:07:52.330  3185  5446 I artd    : GetBestInfo: odex next to the dex file (/data/app/~~32zfW-euUumZmapXCsiMfw==/com.google.android.gms-BB5zRItgPYm45pDbJHp9zQ==/oat/x86_64/split_DynamiteLoader_installtime.odex) is kOatUpToDate with filter 'speed' executable 'false'
01-14 23:07:52.332  3185  5446 I artd    : GetBestInfo: odex next to the dex file (/data/app/~~32zfW-euUumZmapXCsiMfw==/com.google.android.gms-BB5zRItgPYm45pDbJHp9zQ==/oat/x86_64/split_DynamiteModulesA_installtime.odex) is kOatUpToDate with filter 'speed' executable 'false'
01-14 23:07:52.335  3185  3185 I artd    : GetBestInfo: odex next to the dex file (/data/app/~~32zfW-euUumZmapXCsiMfw==/com.google.android.gms-BB5zRItgPYm45pDbJHp9zQ==/oat/x86_64/split_DynamiteModulesC_installtime.odex) is kOatUpToDate with filter 'speed' executable 'false'
01-14 23:07:52.338  3185  3185 I artd    : GetBestInfo: odex next to the dex file (/data/app/~~32zfW-euUumZmapXCsiMfw==/com.google.android.gms-BB5zRItgPYm45pDbJHp9zQ==/oat/x86_64/split_GoogleCertificates_installtime.odex) is kOatUpToDate with filter 'speed' executable 'false'
01-14 23:07:52.342  3185  3185 I artd    : GetBestInfo: odex next to the dex file (/data/app/~~32zfW-euUumZmapXCsiMfw==/com.google.android.gms-BB5zRItgPYm45pDbJHp9zQ==/oat/x86_64/split_MapsDynamite_installtime.odex) is kOatUpToDate with filter 'speed' executable 'false'
01-14 23:07:52.345  3185  3185 I artd    : GetBestInfo: odex next to the dex file (/data/app/~~32zfW-euUumZmapXCsiMfw==/com.google.android.gms-BB5zRItgPYm45pDbJHp9zQ==/oat/x86_64/split_MeasurementDynamite_installtime.odex) is kOatUpToDate with filter 'speed' executable 'false'
01-14 23:07:52.348  3185  3185 I artd    : GetBestInfo: odex next to the dex file (/data/app/~~32zfW-euUumZmapXCsiMfw==/com.google.android.gms-BB5zRItgPYm45pDbJHp9zQ==/oat/x86_64/split_all_locale_splits.odex) is kOatUpToDate with filter 'speed' executable 'false'
01-14 23:07:52.350  3185  3185 I artd    : GetBestInfo: /data/user_de/0/com.google.android.gms/app_chimera/m/00000008/dl-TfliteDynamiteDynamite.integ_243930802100800.apk has no usable artifacts
01-14 23:07:52.352  3185  3185 I artd    : GetBestInfo: /data/user_de/0/com.google.android.gms/app_chimera/m/00000010/dl-PlayCloudSearch.optional_254932100000.apk has no usable artifacts
01-14 23:07:52.353  3185  3185 I artd    : GetBestInfo: /data/user_de/0/com.google.android.gms/app_chimera/m/00000001/CronetDynamite.apk has no usable artifacts
01-14 23:07:52.355  3185  3185 I artd    : GetBestInfo: /data/user_de/0/com.google.android.gms/app_chimera/m/00000011/dl-VisionOcr.optional_254932100000.apk has no usable artifacts
01-14 23:07:52.356  3185  3185 I artd    : GetBestInfo: /data/user_de/0/com.google.android.gms/app_chimera/m/00000002/DynamiteLoader.apk has no usable artifacts
01-14 23:07:52.358  3185  3185 I artd    : GetBestInfo: /data/user_de/0/com.google.android.gms/app_chimera/m/0000000f/dl-MlkitOcrCommon.optional_254932100800.apk has no usable artifacts
01-14 23:07:52.359  3185  3185 I artd    : GetBestInfo: /data/user_de/0/com.google.android.gms/app_chimera/m/00000005/GoogleCertificates.apk has no usable artifacts
01-14 23:07:52.361  3185  3185 I artd    : GetBestInfo: /data/user_de/0/com.google.android.gms/app_chimera/m/0000000e/dl-MlkitBarcodeUi.optional_254932100800.apk has no usable artifacts
01-14 23:07:52.364  3185  3185 I artd    : GetBestInfo: /data/user_de/0/com.google.android.gms/app_chimera/m/0000000a/dl-VisionOcr.optional_253434100000.apk has no usable artifacts
01-14 23:07:52.367  3185  3185 I artd    : GetBestInfo: /data/user_de/0/com.google.android.gms/app_chimera/m/0000000d/dl-Appsearch.optional_254932100800.apk has no usable artifacts
01-14 23:07:52.370  3185  3185 I artd    : GetBestInfo: /data/user_de/0/com.google.android.gms/app_chimera/m/00000009/dl-MlkitOcrCommon.optional_253434100800.apk has no usable artifacts
01-14 23:07:52.373  3185  3185 I artd    : GetBestInfo: /data/user_de/0/com.google.android.gms/app_chimera/m/0000000b/dl-PlayCloudSearch.optional_253434100000.apk has no usable artifacts
01-14 23:07:52.376  3185  3185 I artd    : GetBestInfo: vdex next to the dex file (/data/user/0/com.google.android.gms/app_dg_cache/D7ECB6ECAAAB0DCD8DECD74AE43F16D2EC2B3A20/oat/x86_64/the.vdex) is kOatUpToDate with filter 'verify' executable 'false'
01-14 23:07:52.377  3185  3185 I artd    : GetBestInfo: /data/user_de/0/com.google.android.gms/app_chimera/m/00000007/MeasurementDynamite.apk has no usable artifacts
01-14 23:07:52.709  1517  1517 D StatsLog: LAUNCHER_TASK_DISMISS_SWIPE_UP
01-14 23:07:52.710  1517  1517 D TaskThumbnailView: [TaskThumbnailView@cbb18d5] taskId: null - uiState changed from: SnapshotSplash(snapshot=Snapshot(bitmap=android.graphics.Bitmap@992e579, thumbnailRotation=0, backgroundColor=-16777216), splash=com.android.launcher3.icons.FastBitmapDrawable@3e342ad) to: Uninitialized
01-14 23:07:52.710   796  2326 E TransitionChain: Can't collect into a chain with no transition
01-14 23:07:52.710   796  2326 E TransitionChain: Can't collect into a chain with no transition
01-14 23:07:52.710  1517  1517 D TaskViewModel: unbind com.android.quickstep.recents.ui.viewmodel.TaskViewModel@d1eaa5b
01-14 23:07:52.710  1517  1517 I AiAiSuggestUi: Clearing suggestions.
01-14 23:07:52.711  1517  1517 I AiAiSuggestUi: Clearing suggestions.
01-14 23:07:52.713  1517  1517 D OverviewActionsView: updateForGroupedTask() called with: isGroupedTask = [false], canSaveAppPair = [false]
01-14 23:07:52.713  1517  1517 D OverviewActionsView: updateActionButtonsVisibility() called: showSingleTaskActions = [true], showGroupActions = [false]
01-14 23:07:52.713  1517  1517 D TasksRepository: updateTaskRequests to: [11], removed: [12], added: []
01-14 23:07:52.713  1517  1517 I TasksRepository: removeTasks: [12]
01-14 23:07:52.714   796  3535 E TaskPersister: File error accessing recents directory (directory doesn't exist?).
01-14 23:07:52.715  1517  1517 D OverviewActionsView: updateForGroupedTask() called with: isGroupedTask = [false], canSaveAppPair = [false]
01-14 23:07:52.715  1517  1517 D OverviewActionsView: updateActionButtonsVisibility() called: showSingleTaskActions = [true], showGroupActions = [false]
01-14 23:07:52.715  1517  1517 D OverviewActionsView: updateForGroupedTask() called with: isGroupedTask = [false], canSaveAppPair = [false]
01-14 23:07:52.715  1517  1517 D OverviewActionsView: updateActionButtonsVisibility() called: showSingleTaskActions = [true], showGroupActions = [false]
01-14 23:07:52.718  1517  1517 D b/417220811: invalidateLoadedTasks - previous requestLoadId: 43
01-14 23:07:52.720  1517  1517 I AiAiSuggestUi: Clearing suggestions.
01-14 23:07:52.720  1517  1517 I AiAiSuggestUi: Requesting to show indicators
01-14 23:07:52.720  1517  1517 I AiAiSuggestUi: Fetching contents, isPrimaryTask = false
01-14 23:07:52.722   796  2833 W ActivityTaskManager: getApplicationThreadForTopActivity failed: Requested task not found
01-14 23:07:52.722   796  2833 E ActivityTaskManager: Could not find activity for task 11
01-14 23:07:52.808  1517  2934 I AiAiSuggestUi: Request suggestContentSelections complete, took: 87
01-14 23:07:52.808  1517  2934 I AiAiSuggestUi: Fetched content back in callback
01-14 23:07:52.847  1517  1517 I AiAiSuggestUi: Display indicators
01-14 23:07:52.848  1517  1517 D b/417220811: invalidateLoadedTasks - previous requestLoadId: -1
01-14 23:07:52.960  1517  1517 I BaseDragLayer: Not implemented, class name is com.android.launcher3.uioverrides.touchcontrollers.TaskViewDismissTouchController
01-14 23:07:53.227  1517  1517 D StatsLog: LAUNCHER_TASK_DISMISS_SWIPE_UP
01-14 23:07:53.227  1517  1517 D TaskThumbnailView: [TaskThumbnailView@6f8a8ea] taskId: null - uiState changed from: SnapshotSplash(snapshot=Snapshot(bitmap=android.graphics.Bitmap@d1a88f7, thumbnailRotation=0, backgroundColor=-1118730), splash=com.android.launcher3.icons.FastBitmapDrawable@85ac3c4) to: Uninitialized
01-14 23:07:53.227   796  1769 E TransitionChain: Can't collect into a chain with no transition
01-14 23:07:53.227   796  1769 E TransitionChain: Can't collect into a chain with no transition
01-14 23:07:53.228  1517  1517 D TaskViewModel: unbind com.android.quickstep.recents.ui.viewmodel.TaskViewModel@14a8a28
01-14 23:07:53.228  1517  1517 I AiAiSuggestUi: Clearing suggestions.
01-14 23:07:53.228  1517  1517 I AiAiSuggestUi: Clearing suggestions.
01-14 23:07:53.230  1517  1517 D LauncherStateManager: StateManager.goToState: fromState: Overview, toState: Normal, partial trace:
01-14 23:07:53.230  1517  1517 D LauncherStateManager: 	at com.android.launcher3.uioverrides.QuickstepLauncher.startHome(go/retraceme f3a19d912c87c27267cfbc05ba0bc7b202ab72a6648bd76225f5f7e128d94583:41)
01-14 23:07:53.230  1517  1517 D LauncherStateManager: 	at com.android.quickstep.views.RecentsView.startHome(go/retraceme f3a19d912c87c27267cfbc05ba0bc7b202ab72a6648bd76225f5f7e128d94583:5)
01-14 23:07:53.230  1517  1517 D LauncherStateManager: 	at com.android.quickstep.views.RecentsView.startHome(go/retraceme f3a19d912c87c27267cfbc05ba0bc7b202ab72a6648bd76225f5f7e128d94583:1)
01-14 23:07:53.231  1517  1517 D LauncherStateManager: StateManager.cancelAnimation: animation ongoing: false, partial trace:
01-14 23:07:53.231  1517  1517 D LauncherStateManager: 	at com.android.launcher3.statemanager.StateManager.goToState(go/retraceme f3a19d912c87c27267cfbc05ba0bc7b202ab72a6648bd76225f5f7e128d94583:29)
01-14 23:07:53.231  1517  1517 D LauncherStateManager: 	at com.android.launcher3.statemanager.StateManager.goToState(go/retraceme f3a19d912c87c27267cfbc05ba0bc7b202ab72a6648bd76225f5f7e128d94583:4)
01-14 23:07:53.231  1517  1517 D LauncherStateManager: 	at com.android.launcher3.uioverrides.QuickstepLauncher.startHome(go/retraceme f3a19d912c87c27267cfbc05ba0bc7b202ab72a6648bd76225f5f7e128d94583:41)
01-14 23:07:53.231  1517  1517 D RecentsView: finishRecentsAnimation - mRecentsAnimationController: null, toHome: true, shouldPip: true, partial trace:
01-14 23:07:53.231  1517  1517 D RecentsView: 	at com.android.quickstep.util.RecentsAtomicAnimationFactory$applyOverviewToHomeAnimConfig$1.run(go/retraceme f3a19d912c87c27267cfbc05ba0bc7b202ab72a6648bd76225f5f7e128d94583:5)
01-14 23:07:53.231  1517  1517 D RecentsView: 	at com.android.quickstep.views.RecentsView.switchToScreenshot(go/retraceme f3a19d912c87c27267cfbc05ba0bc7b202ab72a6648bd76225f5f7e128d94583:2)
01-14 23:07:53.231  1517  1517 D RecentsView: 	at com.android.quickstep.util.RecentsAtomicAnimationFactory.applyOverviewToHomeAnimConfig(go/retraceme f3a19d912c87c27267cfbc05ba0bc7b202ab72a6648bd76225f5f7e128d94583:6)
01-14 23:07:53.231  1517  1517 D RecentsView: cleanupRemoteTargets - mRemoteTargetHandles: null
01-14 23:07:53.232  1517  1517 D AllAppsTransitionController: shouldProtectHeader: false skipScrim: false state: Normal stateManager.getState(): Overview
01-14 23:07:53.232  1517  1517 D KeyboardInsetsHandler: removePendingImeController: pendingImeController=null
01-14 23:07:53.232  1517  1517 D OverviewActionsView: updateForGroupedTask() called with: isGroupedTask = [false], canSaveAppPair = [false]
01-14 23:07:53.232  1517  1517 D OverviewActionsView: updateActionButtonsVisibility() called: showSingleTaskActions = [true], showGroupActions = [false]
01-14 23:07:53.232   796  3535 E TaskPersister: File error accessing recents directory (directory doesn't exist?).
01-14 23:07:53.251   796   820 D ActivityManager: sync unfroze 1531 com.android.settings for 6
01-14 23:07:53.259  1517  1517 D b/417220811: invalidateLoadedTasks - previous requestLoadId: -1
01-14 23:07:53.259  1517  1517 D BaseActivity: Launcher flags updated: [state_started|state_resumed|state_deferred_resumed|state_window_focused|state_user_active|state_transition_active] +[state_transition_active]
01-14 23:07:53.260  1517  1517 D LauncherStateManager: StateManager.onStateTransitionStart: state: Normal
01-14 23:07:53.260  1517  1517 D RecentsView: updateTaskStackListenerState: false
01-14 23:07:53.261  1278  1330 D WindowManagerShell: setLauncherKeepClearAreaHeight: visible=true, height=495
01-14 23:07:53.263  1517  1517 V BaseDepthController: Applying blur: 79 to Surface(name=com.google.android.apps.nexuslauncher/com.google.android.apps.nexuslauncher.NexusLauncherActivity#252)/@0x24b6256 applyImmediately: false
01-14 23:07:53.263  1517  1517 D BaseDepthController: shouldBlurWorkspace: false targetState: Normal currentStableState: Overview mCurrentBlur: 79 mLauncher.getDepthBlurTargets(): [com.android.launcher3.Workspace{4771991 V.ED..... .......D 0,0-1080,2400 #7f0a049d app:id/workspace}, com.android.launcher3.Hotseat{7a640f6 V.ED..... ......ID 0,1905-1080,2400 #7f0a01ee app:id/hotseat}]
01-14 23:07:53.266   796  1229 D BackgroundInstallControlService: Package event received: 0
01-14 23:07:53.276  1517  1517 V BaseDepthController: Applying blur: 79 to Surface(name=com.google.android.apps.nexuslauncher/com.google.android.apps.nexuslauncher.NexusLauncherActivity#252)/@0x24b6256 applyImmediately: false
01-14 23:07:53.276  1517  1517 D BaseDepthController: shouldBlurWorkspace: false targetState: Normal currentStableState: Overview mCurrentBlur: 79 mLauncher.getDepthBlurTargets(): [com.android.launcher3.Workspace{4771991 V.ED..... .......D 0,0-1080,2400 #7f0a049d app:id/workspace}, com.android.launcher3.Hotseat{7a640f6 V.ED..... ........ 0,1905-1080,2400 #7f0a01ee app:id/hotseat}]
01-14 23:07:53.292  1517  1517 V BaseDepthController: Applying blur: 79 to Surface(name=com.google.android.apps.nexuslauncher/com.google.android.apps.nexuslauncher.NexusLauncherActivity#252)/@0x24b6256 applyImmediately: false
01-14 23:07:53.293  1517  1517 D BaseDepthController: shouldBlurWorkspace: false targetState: Normal currentStableState: Overview mCurrentBlur: 79 mLauncher.getDepthBlurTargets(): [com.android.launcher3.Workspace{4771991 V.ED..... .......D 0,0-1080,2400 #7f0a049d app:id/workspace}, com.android.launcher3.Hotseat{7a640f6 V.ED..... ........ 0,1905-1080,2400 #7f0a01ee app:id/hotseat}]
01-14 23:07:53.310  1517  1517 V BaseDepthController: Applying blur: 79 to Surface(name=com.google.android.apps.nexuslauncher/com.google.android.apps.nexuslauncher.NexusLauncherActivity#252)/@0x24b6256 applyImmediately: false
01-14 23:07:53.310  1517  1517 D BaseDepthController: shouldBlurWorkspace: false targetState: Normal currentStableState: Overview mCurrentBlur: 79 mLauncher.getDepthBlurTargets(): [com.android.launcher3.Workspace{4771991 V.ED..... .......D 0,0-1080,2400 #7f0a049d app:id/workspace}, com.android.launcher3.Hotseat{7a640f6 V.ED..... ........ 0,1905-1080,2400 #7f0a01ee app:id/hotseat}]
01-14 23:07:53.344  1517  1517 V BaseDepthController: Applying blur: 79 to Surface(name=com.google.android.apps.nexuslauncher/com.google.android.apps.nexuslauncher.NexusLauncherActivity#252)/@0x24b6256 applyImmediately: false
01-14 23:07:53.344  1517  1517 D BaseDepthController: shouldBlurWorkspace: false targetState: Normal currentStableState: Overview mCurrentBlur: 79 mLauncher.getDepthBlurTargets(): [com.android.launcher3.Workspace{4771991 V.ED..... .......D 0,0-1080,2400 #7f0a049d app:id/workspace}, com.android.launcher3.Hotseat{7a640f6 V.ED..... ........ 0,1905-1080,2400 #7f0a01ee app:id/hotseat}]
01-14 23:07:53.361  1517  1517 D b/417220811: invalidateLoadedTasks - previous requestLoadId: -1
01-14 23:07:53.361  1517  1517 V BaseDepthController: Applying blur: 79 to Surface(name=com.google.android.apps.nexuslauncher/com.google.android.apps.nexuslauncher.NexusLauncherActivity#252)/@0x24b6256 applyImmediately: false
01-14 23:07:53.361  1517  1517 D BaseDepthController: shouldBlurWorkspace: false targetState: Normal currentStableState: Overview mCurrentBlur: 79 mLauncher.getDepthBlurTargets(): [com.android.launcher3.Workspace{4771991 V.ED..... .......D 0,0-1080,2400 #7f0a049d app:id/workspace}, com.android.launcher3.Hotseat{7a640f6 V.ED..... ........ 0,1905-1080,2400 #7f0a01ee app:id/hotseat}]
01-14 23:07:53.396  1517  1517 V BaseDepthController: Applying blur: 79 to Surface(name=com.google.android.apps.nexuslauncher/com.google.android.apps.nexuslauncher.NexusLauncherActivity#252)/@0x24b6256 applyImmediately: false
01-14 23:07:53.396  1517  1517 D BaseDepthController: shouldBlurWorkspace: false targetState: Normal currentStableState: Overview mCurrentBlur: 79 mLauncher.getDepthBlurTargets(): [com.android.launcher3.Workspace{4771991 V.ED..... .......D 0,0-1080,2400 #7f0a049d app:id/workspace}, com.android.launcher3.Hotseat{7a640f6 V.ED..... ........ 0,1905-1080,2400 #7f0a01ee app:id/hotseat}]
01-14 23:07:53.429  1517  1517 V BaseDepthController: Applying blur: 60 to Surface(name=com.google.android.apps.nexuslauncher/com.google.android.apps.nexuslauncher.NexusLauncherActivity#252)/@0x24b6256 applyImmediately: false
01-14 23:07:53.429  1517  1517 D BaseDepthController: setEarlyWakeup: true
01-14 23:07:53.429  1517  1517 D BaseDepthController: shouldBlurWorkspace: false targetState: Normal currentStableState: Overview mCurrentBlur: 60 mLauncher.getDepthBlurTargets(): [com.android.launcher3.Workspace{4771991 V.ED..... .......D 0,0-1080,2400 #7f0a049d app:id/workspace}, com.android.launcher3.Hotseat{7a640f6 V.ED..... ........ 0,1905-1080,2400 #7f0a01ee app:id/hotseat}]
01-14 23:07:53.460  1517  1517 V BaseDepthController: Applying blur: 36 to Surface(name=com.google.android.apps.nexuslauncher/com.google.android.apps.nexuslauncher.NexusLauncherActivity#252)/@0x24b6256 applyImmediately: false
01-14 23:07:53.460  1517  1517 D BaseDepthController: shouldBlurWorkspace: false targetState: Normal currentStableState: Overview mCurrentBlur: 36 mLauncher.getDepthBlurTargets(): [com.android.launcher3.Workspace{4771991 V.ED..... .......D 0,0-1080,2400 #7f0a049d app:id/workspace}, com.android.launcher3.Hotseat{7a640f6 V.ED..... ........ 0,1905-1080,2400 #7f0a01ee app:id/hotseat}]
01-14 23:07:53.498  1517  1517 V BaseDepthController: Applying blur: 11 to Surface(name=com.google.android.apps.nexuslauncher/com.google.android.apps.nexuslauncher.NexusLauncherActivity#252)/@0x24b6256 applyImmediately: false
01-14 23:07:53.498  1517  1517 D BaseDepthController: shouldBlurWorkspace: false targetState: Normal currentStableState: Overview mCurrentBlur: 11 mLauncher.getDepthBlurTargets(): [com.android.launcher3.Workspace{4771991 V.ED..... .......D 0,0-1080,2400 #7f0a049d app:id/workspace}, com.android.launcher3.Hotseat{7a640f6 V.ED..... ........ 0,1905-1080,2400 #7f0a01ee app:id/hotseat}]
01-14 23:07:53.522  1517  1517 V BaseDepthController: Applying blur: 0 to Surface(name=com.google.android.apps.nexuslauncher/com.google.android.apps.nexuslauncher.NexusLauncherActivity#252)/@0x24b6256 applyImmediately: false
01-14 23:07:53.522  1517  1517 D BaseDepthController: setEarlyWakeup: false
01-14 23:07:53.522  1517  1517 D BaseDepthController: shouldBlurWorkspace: false targetState: Normal currentStableState: Overview mCurrentBlur: 0 mLauncher.getDepthBlurTargets(): [com.android.launcher3.Workspace{4771991 V.ED..... .......D 0,0-1080,2400 #7f0a049d app:id/workspace}, com.android.launcher3.Hotseat{7a640f6 V.ED..... ........ 0,1905-1080,2400 #7f0a01ee app:id/hotseat}]
01-14 23:07:53.522  1517  1517 D BaseActivity: Launcher flags updated: [state_started|state_resumed|state_deferred_resumed|state_window_focused|state_user_active] -[state_transition_active]
01-14 23:07:53.523  1517  1517 D LauncherStateManager: StateManager.onStateTransitionEnd: state: Normal
01-14 23:07:53.523  1517  1517 D RecentsView: reset - mEnableDrawingLiveTile: false, mRecentsAnimationController: null
01-14 23:07:53.523  1517  1517 D RecentsView: cleanupRemoteTargets - mRemoteTargetHandles: null
01-14 23:07:53.523  1517  1517 D ActivityAllAppsContainerView: rebindAdapters: force: false
01-14 23:07:53.523  1517  1517 D ActivityAllAppsContainerView: rebindAdapters: Not needed.
01-14 23:07:53.559  1517  1517 D TasksRepository: updateTaskRequests to: [], removed: [11], added: []
01-14 23:07:53.559  1517  1517 I TasksRepository: removeTasks: [11]
01-14 23:07:53.713   796  1180 I HalDevMgr: bestIfaceCreationProposal is null, requestIface=STA, existingIface=[name=wlan0 type=STA]
01-14 23:07:56.725   796  1180 I HalDevMgr: bestIfaceCreationProposal is null, requestIface=STA, existingIface=[name=wlan0 type=STA]
01-14 23:07:59.738   796  1180 I HalDevMgr: bestIfaceCreationProposal is null, requestIface=STA, existingIface=[name=wlan0 type=STA]
01-14 23:08:00.367  1462  1614 D SatelliteController: iisInCarrierRoamingNbIotNtn: satellite is disabled
01-14 23:08:00.368  1462  1614 D SatelliteController: getCarrierRoamingNtnConnectType: Falling back to global carrier config connect type: 0
01-14 23:08:02.013  9816  9816 W libbinder.BackendUnifiedServiceManager: Thread Pool max thread count is 0. Cannot cache binder as linkToDeath cannot be implemented. serviceName: package
01-14 23:08:02.147  3185  3185 I artd    : GetBestInfo: odex next to the dex file (/data/app/~~32zfW-euUumZmapXCsiMfw==/com.google.android.gms-BB5zRItgPYm45pDbJHp9zQ==/oat/x86_64/base.odex) is kOatUpToDate with filter 'speed-profile' executable 'false'
01-14 23:08:02.150  3185  3185 I artd    : GetBestInfo: odex next to the dex file (/data/app/~~32zfW-euUumZmapXCsiMfw==/com.google.android.gms-BB5zRItgPYm45pDbJHp9zQ==/oat/x86_64/split_AdsDynamite_installtime.odex) is kOatUpToDate with filter 'speed' executable 'false'
01-14 23:08:02.152  3185  3185 I artd    : GetBestInfo: odex next to the dex file (/data/app/~~32zfW-euUumZmapXCsiMfw==/com.google.android.gms-BB5zRItgPYm45pDbJHp9zQ==/oat/x86_64/split_CronetDynamite_installtime.odex) is kOatUpToDate with filter 'speed' executable 'false'
01-14 23:08:02.154  3185  3185 I artd    : GetBestInfo: odex next to the dex file (/data/app/~~32zfW-euUumZmapXCsiMfw==/com.google.android.gms-BB5zRItgPYm45pDbJHp9zQ==/oat/x86_64/split_DynamiteLoader_installtime.odex) is kOatUpToDate with filter 'speed' executable 'false'
01-14 23:08:02.156  3185  3185 I artd    : GetBestInfo: odex next to the dex file (/data/app/~~32zfW-euUumZmapXCsiMfw==/com.google.android.gms-BB5zRItgPYm45pDbJHp9zQ==/oat/x86_64/split_DynamiteModulesA_installtime.odex) is kOatUpToDate with filter 'speed' executable 'false'
01-14 23:08:02.158  3185  3185 I artd    : GetBestInfo: odex next to the dex file (/data/app/~~32zfW-euUumZmapXCsiMfw==/com.google.android.gms-BB5zRItgPYm45pDbJHp9zQ==/oat/x86_64/split_DynamiteModulesC_installtime.odex) is kOatUpToDate with filter 'speed' executable 'false'
01-14 23:08:02.160  3185  3185 I artd    : GetBestInfo: odex next to the dex file (/data/app/~~32zfW-euUumZmapXCsiMfw==/com.google.android.gms-BB5zRItgPYm45pDbJHp9zQ==/oat/x86_64/split_GoogleCertificates_installtime.odex) is kOatUpToDate with filter 'speed' executable 'false'
01-14 23:08:02.162  3185  3185 I artd    : GetBestInfo: odex next to the dex file (/data/app/~~32zfW-euUumZmapXCsiMfw==/com.google.android.gms-BB5zRItgPYm45pDbJHp9zQ==/oat/x86_64/split_MapsDynamite_installtime.odex) is kOatUpToDate with filter 'speed' executable 'false'
01-14 23:08:02.164  3185  3185 I artd    : GetBestInfo: odex next to the dex file (/data/app/~~32zfW-euUumZmapXCsiMfw==/com.google.android.gms-BB5zRItgPYm45pDbJHp9zQ==/oat/x86_64/split_MeasurementDynamite_installtime.odex) is kOatUpToDate with filter 'speed' executable 'false'
01-14 23:08:02.165  3185  3185 I artd    : GetBestInfo: odex next to the dex file (/data/app/~~32zfW-euUumZmapXCsiMfw==/com.google.android.gms-BB5zRItgPYm45pDbJHp9zQ==/oat/x86_64/split_all_locale_splits.odex) is kOatUpToDate with filter 'speed' executable 'false'
01-14 23:08:02.167  3185  3185 I artd    : GetBestInfo: /data/user_de/0/com.google.android.gms/app_chimera/m/00000008/dl-TfliteDynamiteDynamite.integ_243930802100800.apk has no usable artifacts
01-14 23:08:02.169  3185  3185 I artd    : GetBestInfo: /data/user_de/0/com.google.android.gms/app_chimera/m/00000010/dl-PlayCloudSearch.optional_254932100000.apk has no usable artifacts
01-14 23:08:02.169  3185  3185 I artd    : GetBestInfo: /data/user_de/0/com.google.android.gms/app_chimera/m/00000001/CronetDynamite.apk has no usable artifacts
01-14 23:08:02.170  3185  3185 I artd    : GetBestInfo: /data/user_de/0/com.google.android.gms/app_chimera/m/00000011/dl-VisionOcr.optional_254932100000.apk has no usable artifacts
01-14 23:08:02.171  3185  3185 I artd    : GetBestInfo: /data/user_de/0/com.google.android.gms/app_chimera/m/00000002/DynamiteLoader.apk has no usable artifacts
01-14 23:08:02.172  3185  3185 I artd    : GetBestInfo: /data/user_de/0/com.google.android.gms/app_chimera/m/0000000f/dl-MlkitOcrCommon.optional_254932100800.apk has no usable artifacts
01-14 23:08:02.172  3185  3185 I artd    : GetBestInfo: /data/user_de/0/com.google.android.gms/app_chimera/m/00000005/GoogleCertificates.apk has no usable artifacts
01-14 23:08:02.174  3185  3185 I artd    : GetBestInfo: /data/user_de/0/com.google.android.gms/app_chimera/m/0000000e/dl-MlkitBarcodeUi.optional_254932100800.apk has no usable artifacts
01-14 23:08:02.176  3185  3185 I artd    : GetBestInfo: /data/user_de/0/com.google.android.gms/app_chimera/m/0000000a/dl-VisionOcr.optional_253434100000.apk has no usable artifacts
01-14 23:08:02.177  3185  3185 I artd    : GetBestInfo: /data/user_de/0/com.google.android.gms/app_chimera/m/0000000d/dl-Appsearch.optional_254932100800.apk has no usable artifacts
01-14 23:08:02.179  3185  3185 I artd    : GetBestInfo: /data/user_de/0/com.google.android.gms/app_chimera/m/00000009/dl-MlkitOcrCommon.optional_253434100800.apk has no usable artifacts
01-14 23:08:02.181  3185  3185 I artd    : GetBestInfo: /data/user_de/0/com.google.android.gms/app_chimera/m/0000000b/dl-PlayCloudSearch.optional_253434100000.apk has no usable artifacts
01-14 23:08:02.183  3185  3185 I artd    : GetBestInfo: vdex next to the dex file (/data/user/0/com.google.android.gms/app_dg_cache/D7ECB6ECAAAB0DCD8DECD74AE43F16D2EC2B3A20/oat/x86_64/the.vdex) is kOatUpToDate with filter 'verify' executable 'false'
01-14 23:08:02.184  3185  3185 I artd    : GetBestInfo: /data/user_de/0/com.google.android.gms/app_chimera/m/00000007/MeasurementDynamite.apk has no usable artifacts
01-14 23:08:02.745   796  1180 I HalDevMgr: bestIfaceCreationProposal is null, requestIface=STA, existingIface=[name=wlan0 type=STA]
01-14 23:08:03.273   796   905 D ActivityManager: freezing 1531 com.android.settings
01-14 23:08:05.752   796  1180 I HalDevMgr: bestIfaceCreationProposal is null, requestIface=STA, existingIface=[name=wlan0 type=STA]
01-14 23:08:08.755   796  1180 I HalDevMgr: bestIfaceCreationProposal is null, requestIface=STA, existingIface=[name=wlan0 type=STA]
01-14 23:08:10.367  1462  1614 D SatelliteController: iisInCarrierRoamingNbIotNtn: satellite is disabled
01-14 23:08:10.368  1462  1614 D SatelliteController: getCarrierRoamingNtnConnectType: Falling back to global carrier config connect type: 0
01-14 23:08:11.766   796  1180 I HalDevMgr: bestIfaceCreationProposal is null, requestIface=STA, existingIface=[name=wlan0 type=STA]
01-14 23:08:12.072  9819  9819 W libbinder.BackendUnifiedServiceManager: Thread Pool max thread count is 0. Cannot cache binder as linkToDeath cannot be implemented. serviceName: package
01-14 23:08:12.278  3185  3185 I artd    : GetBestInfo: odex next to the dex file (/data/app/~~32zfW-euUumZmapXCsiMfw==/com.google.android.gms-BB5zRItgPYm45pDbJHp9zQ==/oat/x86_64/base.odex) is kOatUpToDate with filter 'speed-profile' executable 'false'
01-14 23:08:12.282  3185  3185 I artd    : GetBestInfo: odex next to the dex file (/data/app/~~32zfW-euUumZmapXCsiMfw==/com.google.android.gms-BB5zRItgPYm45pDbJHp9zQ==/oat/x86_64/split_AdsDynamite_installtime.odex) is kOatUpToDate with filter 'speed' executable 'false'
01-14 23:08:12.285  3185  3185 I artd    : GetBestInfo: odex next to the dex file (/data/app/~~32zfW-euUumZmapXCsiMfw==/com.google.android.gms-BB5zRItgPYm45pDbJHp9zQ==/oat/x86_64/split_CronetDynamite_installtime.odex) is kOatUpToDate with filter 'speed' executable 'false'
01-14 23:08:12.288  3185  3185 I artd    : GetBestInfo: odex next to the dex file (/data/app/~~32zfW-euUumZmapXCsiMfw==/com.google.android.gms-BB5zRItgPYm45pDbJHp9zQ==/oat/x86_64/split_DynamiteLoader_installtime.odex) is kOatUpToDate with filter 'speed' executable 'false'
01-14 23:08:12.290  3185  3185 I artd    : GetBestInfo: odex next to the dex file (/data/app/~~32zfW-euUumZmapXCsiMfw==/com.google.android.gms-BB5zRItgPYm45pDbJHp9zQ==/oat/x86_64/split_DynamiteModulesA_installtime.odex) is kOatUpToDate with filter 'speed' executable 'false'
01-14 23:08:12.293  3185  3185 I artd    : GetBestInfo: odex next to the dex file (/data/app/~~32zfW-euUumZmapXCsiMfw==/com.google.android.gms-BB5zRItgPYm45pDbJHp9zQ==/oat/x86_64/split_DynamiteModulesC_installtime.odex) is kOatUpToDate with filter 'speed' executable 'false'
01-14 23:08:12.296  3185  3185 I artd    : GetBestInfo: odex next to the dex file (/data/app/~~32zfW-euUumZmapXCsiMfw==/com.google.android.gms-BB5zRItgPYm45pDbJHp9zQ==/oat/x86_64/split_GoogleCertificates_installtime.odex) is kOatUpToDate with filter 'speed' executable 'false'
01-14 23:08:12.299  3185  3185 I artd    : GetBestInfo: odex next to the dex file (/data/app/~~32zfW-euUumZmapXCsiMfw==/com.google.android.gms-BB5zRItgPYm45pDbJHp9zQ==/oat/x86_64/split_MapsDynamite_installtime.odex) is kOatUpToDate with filter 'speed' executable 'false'
01-14 23:08:12.303  3185  3185 I artd    : GetBestInfo: odex next to the dex file (/data/app/~~32zfW-euUumZmapXCsiMfw==/com.google.android.gms-BB5zRItgPYm45pDbJHp9zQ==/oat/x86_64/split_MeasurementDynamite_installtime.odex) is kOatUpToDate with filter 'speed' executable 'false'
01-14 23:08:12.306  3185  3185 I artd    : GetBestInfo: odex next to the dex file (/data/app/~~32zfW-euUumZmapXCsiMfw==/com.google.android.gms-BB5zRItgPYm45pDbJHp9zQ==/oat/x86_64/split_all_locale_splits.odex) is kOatUpToDate with filter 'speed' executable 'false'
01-14 23:08:12.308  3185  3185 I artd    : GetBestInfo: /data/user_de/0/com.google.android.gms/app_chimera/m/00000008/dl-TfliteDynamiteDynamite.integ_243930802100800.apk has no usable artifacts
01-14 23:08:12.311  3185  3185 I artd    : GetBestInfo: /data/user_de/0/com.google.android.gms/app_chimera/m/00000010/dl-PlayCloudSearch.optional_254932100000.apk has no usable artifacts
01-14 23:08:12.312  3185  3185 I artd    : GetBestInfo: /data/user_de/0/com.google.android.gms/app_chimera/m/00000001/CronetDynamite.apk has no usable artifacts
01-14 23:08:12.314  3185  3185 I artd    : GetBestInfo: /data/user_de/0/com.google.android.gms/app_chimera/m/00000011/dl-VisionOcr.optional_254932100000.apk has no usable artifacts
01-14 23:08:12.315  3185  3185 I artd    : GetBestInfo: /data/user_de/0/com.google.android.gms/app_chimera/m/00000002/DynamiteLoader.apk has no usable artifacts
01-14 23:08:12.317  3185  3185 I artd    : GetBestInfo: /data/user_de/0/com.google.android.gms/app_chimera/m/0000000f/dl-MlkitOcrCommon.optional_254932100800.apk has no usable artifacts
01-14 23:08:12.319  3185  3185 I artd    : GetBestInfo: /data/user_de/0/com.google.android.gms/app_chimera/m/00000005/GoogleCertificates.apk has no usable artifacts
01-14 23:08:12.321  3185  3185 I artd    : GetBestInfo: /data/user_de/0/com.google.android.gms/app_chimera/m/0000000e/dl-MlkitBarcodeUi.optional_254932100800.apk has no usable artifacts
01-14 23:08:12.325  3185  3185 I artd    : GetBestInfo: /data/user_de/0/com.google.android.gms/app_chimera/m/0000000a/dl-VisionOcr.optional_253434100000.apk has no usable artifacts
01-14 23:08:12.327  3185  3185 I artd    : GetBestInfo: /data/user_de/0/com.google.android.gms/app_chimera/m/0000000d/dl-Appsearch.optional_254932100800.apk has no usable artifacts
01-14 23:08:12.331  3185  3185 I artd    : GetBestInfo: /data/user_de/0/com.google.android.gms/app_chimera/m/00000009/dl-MlkitOcrCommon.optional_253434100800.apk has no usable artifacts
01-14 23:08:12.334  3185  3185 I artd    : GetBestInfo: /data/user_de/0/com.google.android.gms/app_chimera/m/0000000b/dl-PlayCloudSearch.optional_253434100000.apk has no usable artifacts
01-14 23:08:12.337  3185  3185 I artd    : GetBestInfo: vdex next to the dex file (/data/user/0/com.google.android.gms/app_dg_cache/D7ECB6ECAAAB0DCD8DECD74AE43F16D2EC2B3A20/oat/x86_64/the.vdex) is kOatUpToDate with filter 'verify' executable 'false'
01-14 23:08:12.339  3185  3185 I artd    : GetBestInfo: /data/user_de/0/com.google.android.gms/app_chimera/m/00000007/MeasurementDynamite.apk has no usable artifacts
01-14 23:08:14.778   796  1180 I HalDevMgr: bestIfaceCreationProposal is null, requestIface=STA, existingIface=[name=wlan0 type=STA]
01-14 23:08:17.788   796  1180 I HalDevMgr: bestIfaceCreationProposal is null, requestIface=STA, existingIface=[name=wlan0 type=STA]
01-14 23:08:20.369  1462  1614 D SatelliteController: iisInCarrierRoamingNbIotNtn: satellite is disabled
01-14 23:08:20.369  1462  1614 D SatelliteController: getCarrierRoamingNtnConnectType: Falling back to global carrier config connect type: 0
01-14 23:08:20.797   796  1180 I HalDevMgr: bestIfaceCreationProposal is null, requestIface=STA, existingIface=[name=wlan0 type=STA]
01-14 23:08:22.154  9822  9822 W libbinder.BackendUnifiedServiceManager: Thread Pool max thread count is 0. Cannot cache binder as linkToDeath cannot be implemented. serviceName: package
01-14 23:08:22.350  3185  3185 I artd    : GetBestInfo: odex next to the dex file (/data/app/~~32zfW-euUumZmapXCsiMfw==/com.google.android.gms-BB5zRItgPYm45pDbJHp9zQ==/oat/x86_64/base.odex) is kOatUpToDate with filter 'speed-profile' executable 'false'
01-14 23:08:22.354  3185  5446 I artd    : GetBestInfo: odex next to the dex file (/data/app/~~32zfW-euUumZmapXCsiMfw==/com.google.android.gms-BB5zRItgPYm45pDbJHp9zQ==/oat/x86_64/split_AdsDynamite_installtime.odex) is kOatUpToDate with filter 'speed' executable 'false'
01-14 23:08:22.357  3185  5446 I artd    : GetBestInfo: odex next to the dex file (/data/app/~~32zfW-euUumZmapXCsiMfw==/com.google.android.gms-BB5zRItgPYm45pDbJHp9zQ==/oat/x86_64/split_CronetDynamite_installtime.odex) is kOatUpToDate with filter 'speed' executable 'false'
01-14 23:08:22.360  3185  5446 I artd    : GetBestInfo: odex next to the dex file (/data/app/~~32zfW-euUumZmapXCsiMfw==/com.google.android.gms-BB5zRItgPYm45pDbJHp9zQ==/oat/x86_64/split_DynamiteLoader_installtime.odex) is kOatUpToDate with filter 'speed' executable 'false'
01-14 23:08:22.362  3185  5446 I artd    : GetBestInfo: odex next to the dex file (/data/app/~~32zfW-euUumZmapXCsiMfw==/com.google.android.gms-BB5zRItgPYm45pDbJHp9zQ==/oat/x86_64/split_DynamiteModulesA_installtime.odex) is kOatUpToDate with filter 'speed' executable 'false'
01-14 23:08:22.365  3185  5446 I artd    : GetBestInfo: odex next to the dex file (/data/app/~~32zfW-euUumZmapXCsiMfw==/com.google.android.gms-BB5zRItgPYm45pDbJHp9zQ==/oat/x86_64/split_DynamiteModulesC_installtime.odex) is kOatUpToDate with filter 'speed' executable 'false'
01-14 23:08:22.368  3185  5446 I artd    : GetBestInfo: odex next to the dex file (/data/app/~~32zfW-euUumZmapXCsiMfw==/com.google.android.gms-BB5zRItgPYm45pDbJHp9zQ==/oat/x86_64/split_GoogleCertificates_installtime.odex) is kOatUpToDate with filter 'speed' executable 'false'
01-14 23:08:22.370  3185  5446 I artd    : GetBestInfo: odex next to the dex file (/data/app/~~32zfW-euUumZmapXCsiMfw==/com.google.android.gms-BB5zRItgPYm45pDbJHp9zQ==/oat/x86_64/split_MapsDynamite_installtime.odex) is kOatUpToDate with filter 'speed' executable 'false'
01-14 23:08:22.373  3185  5446 I artd    : GetBestInfo: odex next to the dex file (/data/app/~~32zfW-euUumZmapXCsiMfw==/com.google.android.gms-BB5zRItgPYm45pDbJHp9zQ==/oat/x86_64/split_MeasurementDynamite_installtime.odex) is kOatUpToDate with filter 'speed' executable 'false'
01-14 23:08:22.376  3185  5446 I artd    : GetBestInfo: odex next to the dex file (/data/app/~~32zfW-euUumZmapXCsiMfw==/com.google.android.gms-BB5zRItgPYm45pDbJHp9zQ==/oat/x86_64/split_all_locale_splits.odex) is kOatUpToDate with filter 'speed' executable 'false'
01-14 23:08:22.378  3185  5446 I artd    : GetBestInfo: /data/user_de/0/com.google.android.gms/app_chimera/m/00000008/dl-TfliteDynamiteDynamite.integ_243930802100800.apk has no usable artifacts
01-14 23:08:22.381  3185  5446 I artd    : GetBestInfo: /data/user_de/0/com.google.android.gms/app_chimera/m/00000010/dl-PlayCloudSearch.optional_254932100000.apk has no usable artifacts
01-14 23:08:22.382  3185  5446 I artd    : GetBestInfo: /data/user_de/0/com.google.android.gms/app_chimera/m/00000001/CronetDynamite.apk has no usable artifacts
01-14 23:08:22.383  3185  5446 I artd    : GetBestInfo: /data/user_de/0/com.google.android.gms/app_chimera/m/00000011/dl-VisionOcr.optional_254932100000.apk has no usable artifacts
01-14 23:08:22.384  3185  5446 I artd    : GetBestInfo: /data/user_de/0/com.google.android.gms/app_chimera/m/00000002/DynamiteLoader.apk has no usable artifacts
01-14 23:08:22.386  3185  5446 I artd    : GetBestInfo: /data/user_de/0/com.google.android.gms/app_chimera/m/0000000f/dl-MlkitOcrCommon.optional_254932100800.apk has no usable artifacts
01-14 23:08:22.387  3185  5446 I artd    : GetBestInfo: /data/user_de/0/com.google.android.gms/app_chimera/m/00000005/GoogleCertificates.apk has no usable artifacts
01-14 23:08:22.390  3185  5446 I artd    : GetBestInfo: /data/user_de/0/com.google.android.gms/app_chimera/m/0000000e/dl-MlkitBarcodeUi.optional_254932100800.apk has no usable artifacts
01-14 23:08:22.392  3185  5446 I artd    : GetBestInfo: /data/user_de/0/com.google.android.gms/app_chimera/m/0000000a/dl-VisionOcr.optional_253434100000.apk has no usable artifacts
01-14 23:08:22.395  3185  5446 I artd    : GetBestInfo: /data/user_de/0/com.google.android.gms/app_chimera/m/0000000d/dl-Appsearch.optional_254932100800.apk has no usable artifacts
01-14 23:08:22.398  3185  5446 I artd    : GetBestInfo: /data/user_de/0/com.google.android.gms/app_chimera/m/00000009/dl-MlkitOcrCommon.optional_253434100800.apk has no usable artifacts
01-14 23:08:22.401  3185  5446 I artd    : GetBestInfo: /data/user_de/0/com.google.android.gms/app_chimera/m/0000000b/dl-PlayCloudSearch.optional_253434100000.apk has no usable artifacts
01-14 23:08:22.404  3185  5446 I artd    : GetBestInfo: vdex next to the dex file (/data/user/0/com.google.android.gms/app_dg_cache/D7ECB6ECAAAB0DCD8DECD74AE43F16D2EC2B3A20/oat/x86_64/the.vdex) is kOatUpToDate with filter 'verify' executable 'false'
01-14 23:08:22.405  3185  5446 I artd    : GetBestInfo: /data/user_de/0/com.google.android.gms/app_chimera/m/00000007/MeasurementDynamite.apk has no usable artifacts
01-14 23:08:23.807   796  1180 I HalDevMgr: bestIfaceCreationProposal is null, requestIface=STA, existingIface=[name=wlan0 type=STA]
01-14 23:08:26.816   796  1180 I HalDevMgr: bestIfaceCreationProposal is null, requestIface=STA, existingIface=[name=wlan0 type=STA]
01-14 23:08:29.825   796  1180 I HalDevMgr: bestIfaceCreationProposal is null, requestIface=STA, existingIface=[name=wlan0 type=STA]
01-14 23:08:30.368  1462  1614 D SatelliteController: iisInCarrierRoamingNbIotNtn: satellite is disabled
01-14 23:08:30.369  1462  1614 D SatelliteController: getCarrierRoamingNtnConnectType: Falling back to global carrier config connect type: 0
