01-15 08:51:50.359   796   929 V AccessibilityUserState: updateShortcutTargets: type:accessibility_button_targets, current:{}, new:{}
01-15 08:51:50.359   796   929 V AccessibilityUserState: updateShortcutTargets: type:accessibility_gesture_targets, current:{}, new:{}
01-15 08:51:50.359   796   929 V AccessibilityUserState: updateShortcutTargets: type:accessibility_qs_targets, current:{}, new:{}
01-15 08:51:50.359   796   929 V AccessibilityUserState: updateShortcutTargets: type:accessibility_key_gesture_targets, current:{}, new:{}
01-15 08:51:50.360  1896  1896 D ActivityThread: Package [com.geek2geeks.level] reported as REPLACED, but missing application info. Assuming REMOVED.
01-15 08:51:50.360  2040  2040 D ActivityThread: Package [com.geek2geeks.level] reported as REPLACED, but missing application info. Assuming REMOVED.
01-15 08:51:50.361  1462  1462 D CarrierSvcBindHelper: onPackageUpdateFinished: com.geek2geeks.level
01-15 08:51:50.361  1900  1900 D ActivityThread: Package [com.geek2geeks.level] reported as REPLACED, but missing application info. Assuming REMOVED.
01-15 08:51:50.361  3953  3953 D ActivityThread: Package [com.geek2geeks.level] reported as REPLACED, but missing application info. Assuming REMOVED.
01-15 08:51:50.362   796   929 W MagnificationConnectionManager: requestConnection duplicated request: connect=false, mConnectionState=DISCONNECTED
01-15 08:51:50.365   796   854 W libbinder.IPCThreadState: Sending oneway calls to frozen process.
01-15 08:51:50.366   796   854 W libbinder.IPCThreadState: Sending oneway calls to frozen process.
01-15 08:51:50.366   796   854 W libbinder.IPCThreadState: Sending oneway calls to frozen process.
01-15 08:51:50.366   796   854 W libbinder.IPCThreadState: Sending oneway calls to frozen process.
01-15 08:51:50.366   796   854 W libbinder.IPCThreadState: Sending oneway calls to frozen process.
01-15 08:51:50.366   796   854 W libbinder.IPCThreadState: Sending oneway calls to frozen process.
01-15 08:51:50.366   796   854 W libbinder.IPCThreadState: Sending oneway calls to frozen process.
01-15 08:51:50.366   796   854 W libbinder.IPCThreadState: Sending oneway calls to frozen process.
01-15 08:51:50.366   796   854 W libbinder.IPCThreadState: Sending oneway calls to frozen process.
01-15 08:51:50.366   796   854 W libbinder.IPCThreadState: Sending oneway calls to frozen process.
01-15 08:51:50.367  1531  1531 D ActivityThread: Package [com.geek2geeks.level] reported as REPLACED, but missing application info. Assuming REMOVED.
01-15 08:51:50.367  1462  1462 D CarrierSvcBindHelper: No carrier app for: 0
01-15 08:51:50.368  1462  1462 D CarrierSvcBindHelper: onPackageModified: com.geek2geeks.level
01-15 08:51:50.366   796   854 W libbinder.IPCThreadState: Sending oneway calls to frozen process.
01-15 08:51:50.368   796   854 W libbinder.IPCThreadState: Sending oneway calls to frozen process.
01-15 08:51:50.368   796   854 W libbinder.IPCThreadState: Sending oneway calls to frozen process.
01-15 08:51:50.368   796   854 W libbinder.IPCThreadState: Sending oneway calls to frozen process.
01-15 08:51:50.369   796   854 W libbinder.IPCThreadState: Sending oneway calls to frozen process.
01-15 08:51:50.370  1462  1462 D CarrierSvcBindHelper: No carrier app for: 0
01-15 08:51:50.370   796   854 W libbinder.IPCThreadState: Sending oneway calls to frozen process.
01-15 08:51:50.370   796   854 W libbinder.IPCThreadState: Sending oneway calls to frozen process.
01-15 08:51:50.370   796   854 W libbinder.IPCThreadState: Sending oneway calls to frozen process.
01-15 08:51:50.370   796   854 W libbinder.IPCThreadState: Sending oneway calls to frozen process.
01-15 08:51:50.370   796   854 W libbinder.IPCThreadState: Sending oneway calls to frozen process.
01-15 08:51:50.370   796   854 W libbinder.IPCThreadState: Sending oneway calls to frozen process.
01-15 08:51:50.371   796   854 W libbinder.IPCThreadState: Sending oneway calls to frozen process.
01-15 08:51:50.372   796   854 W libbinder.IPCThreadState: Sending oneway calls to frozen process.
01-15 08:51:50.372   796   854 W libbinder.IPCThreadState: Sending oneway calls to frozen process.
01-15 08:51:50.372   796   854 W libbinder.IPCThreadState: Sending oneway calls to frozen process.
01-15 08:51:50.373  3659  3659 D ActivityThread: Package [com.geek2geeks.level] reported as REPLACED, but missing application info. Assuming REMOVED.
01-15 08:51:50.374  3680  3680 D ActivityThread: Package [com.geek2geeks.level] reported as REPLACED, but missing application info. Assuming REMOVED.
01-15 08:51:50.374   796   854 W libbinder.IPCThreadState: Sending oneway calls to frozen process.
01-15 08:51:50.375   796   854 W libbinder.IPCThreadState: Sending oneway calls to frozen process.
01-15 08:51:50.375   796   854 W libbinder.IPCThreadState: Sending oneway calls to frozen process.
01-15 08:51:50.375   796   854 W libbinder.IPCThreadState: Sending oneway calls to frozen process.
01-15 08:51:50.376   796   854 W libbinder.IPCThreadState: Sending oneway calls to frozen process.
01-15 08:51:50.377   796   854 W libbinder.IPCThreadState: Sending oneway calls to frozen process.
01-15 08:51:50.378   796   854 W libbinder.IPCThreadState: Sending oneway calls to frozen process.
01-15 08:51:50.378  2428  2428 D ActivityThread: Package [com.geek2geeks.level] reported as REPLACED, but missing application info. Assuming REMOVED.
01-15 08:51:50.379  1390  1390 D ActivityThread: Package [com.geek2geeks.level] reported as REPLACED, but missing application info. Assuming REMOVED.
01-15 08:51:50.379  1958  1958 D ActivityThread: Package [com.geek2geeks.level] reported as REPLACED, but missing application info. Assuming REMOVED.
01-15 08:51:50.382  1449  1449 D ActivityThread: Package [com.geek2geeks.level] reported as REPLACED, but missing application info. Assuming REMOVED.
01-15 08:51:50.383  1278  1278 D ActivityThread: Package [com.geek2geeks.level] reported as REPLACED, but missing application info. Assuming REMOVED.
01-15 08:51:50.387  1517  1517 D ActivityThread: Package [com.geek2geeks.level] reported as REPLACED, but missing application info. Assuming REMOVED.
01-15 08:51:50.387   796   854 W libbinder.IPCThreadState: Sending oneway calls to frozen process.
01-15 08:51:50.387   796   854 W libbinder.IPCThreadState: Sending oneway calls to frozen process.
01-15 08:51:50.387   796   854 W libbinder.IPCThreadState: Sending oneway calls to frozen process.
01-15 08:51:50.388   796   854 W libbinder.IPCThreadState: Sending oneway calls to frozen process.
01-15 08:51:50.388  5536  5536 D ActivityThread: Package [com.geek2geeks.level] reported as REPLACED, but missing application info. Assuming REMOVED.
01-15 08:51:50.388   796   854 W libbinder.IPCThreadState: Sending oneway calls to frozen process.
01-15 08:51:50.388   796   854 W libbinder.IPCThreadState: Sending oneway calls to frozen process.
01-15 08:51:50.388   796   854 W libbinder.IPCThreadState: Sending oneway calls to frozen process.
01-15 08:51:50.388   796   854 W libbinder.IPCThreadState: Sending oneway calls to frozen process.
01-15 08:51:50.388   796   854 W libbinder.IPCThreadState: Sending oneway calls to frozen process.
01-15 08:51:50.389  1884  1884 D ActivityThread: Package [com.geek2geeks.level] reported as REPLACED, but missing application info. Assuming REMOVED.
01-15 08:51:50.389   796   854 W libbinder.IPCThreadState: Sending oneway calls to frozen process.
01-15 08:51:50.389   796   854 W libbinder.IPCThreadState: Sending oneway calls to frozen process.
01-15 08:51:50.414   796   854 W libbinder.IPCThreadState: Sending oneway calls to frozen process.
01-15 08:51:50.414   796   854 W libbinder.IPCThreadState: Sending oneway calls to frozen process.
01-15 08:51:50.415   796   854 W libbinder.IPCThreadState: Sending oneway calls to frozen process.
01-15 08:51:50.415   796   854 W libbinder.IPCThreadState: Sending oneway calls to frozen process.
01-15 08:51:50.415   796   854 W libbinder.IPCThreadState: Sending oneway calls to frozen process.
01-15 08:51:50.415   796   854 W libbinder.IPCThreadState: Sending oneway calls to frozen process.
01-15 08:51:50.415  4399  4399 D ActivityThread: Package [com.geek2geeks.level] reported as REPLACED, but missing application info. Assuming REMOVED.
01-15 08:51:50.416  1517  2611 W HWUI    : Failed to choose config with EGL_SWAP_BEHAVIOR_PRESERVED, retrying without...
01-15 08:51:50.417  1517  2611 W HWUI    : Failed to initialize 101010-2 format, error = EGL_SUCCESS
01-15 08:51:50.417  3953  3953 D ActivityThread: Package [com.geek2geeks.level] reported as REPLACED, but missing application info. Assuming REMOVED.
01-15 08:51:50.417  5829  5829 D ActivityThread: Package [com.geek2geeks.level] reported as REPLACED, but missing application info. Assuming REMOVED.
01-15 08:51:50.417  1462  1462 E SmsApplication: com.google.android.apps.messaging lost android:read_cell_broadcasts:  (fixing)
01-15 08:51:50.417  1896  1896 D ActivityThread: Package [com.geek2geeks.level] reported as REPLACED, but missing application info. Assuming REMOVED.
01-15 08:51:50.418  1900  1900 D ActivityThread: Package [com.geek2geeks.level] reported as REPLACED, but missing application info. Assuming REMOVED.
01-15 08:51:50.418   796   854 W libbinder.IPCThreadState: Sending oneway calls to frozen process.
01-15 08:51:50.418   796   854 W libbinder.IPCThreadState: Sending oneway calls to frozen process.
01-15 08:51:50.418   796   854 W libbinder.IPCThreadState: Sending oneway calls to frozen process.
01-15 08:51:50.418   796  1249 W AppOpService: Ignored setUidMode call for runtime permission app op: uid = 10154, code = READ_CELL_BROADCASTS, mode = allow, callingUid = 1001, oldMode = allow
01-15 08:51:50.418  2040  2040 D ActivityThread: Package [com.geek2geeks.level] reported as REPLACED, but missing application info. Assuming REMOVED.
01-15 08:51:50.418   796   854 W libbinder.IPCThreadState: Sending oneway calls to frozen process.
01-15 08:51:50.418   796   854 W libbinder.IPCThreadState: Sending oneway calls to frozen process.
01-15 08:51:50.418  1531  1531 D ActivityThread: Package [com.geek2geeks.level] reported as REPLACED, but missing application info. Assuming REMOVED.
01-15 08:51:50.418   796   854 W libbinder.IPCThreadState: Sending oneway calls to frozen process.
01-15 08:51:50.418   796   854 W libbinder.IPCThreadState: Sending oneway calls to frozen process.
01-15 08:51:50.419   796   854 W libbinder.IPCThreadState: Sending oneway calls to frozen process.
01-15 08:51:50.419   796   854 W libbinder.IPCThreadState: Sending oneway calls to frozen process.
01-15 08:51:50.419   796   854 W libbinder.IPCThreadState: Sending oneway calls to frozen process.
01-15 08:51:50.419   796   854 W libbinder.IPCThreadState: Sending oneway calls to frozen process.
01-15 08:51:50.419   796   854 W libbinder.IPCThreadState: Sending oneway calls to frozen process.
01-15 08:51:50.419   796   854 W libbinder.IPCThreadState: Sending oneway calls to frozen process.
01-15 08:51:50.419   796   854 W libbinder.IPCThreadState: Sending oneway calls to frozen process.
01-15 08:51:50.419   796   854 W libbinder.IPCThreadState: Sending oneway calls to frozen process.
01-15 08:51:50.419   796   854 W libbinder.IPCThreadState: Sending oneway calls to frozen process.
01-15 08:51:50.419   796   854 W libbinder.IPCThreadState: Sending oneway calls to frozen process.
01-15 08:51:50.419   796   854 W libbinder.IPCThreadState: Sending oneway calls to frozen process.
01-15 08:51:50.419   796   854 W libbinder.IPCThreadState: Sending oneway calls to frozen process.
01-15 08:51:50.420   796  1249 W AppOpService: Ignored setUidMode call for runtime permission app op: uid = 1001, code = READ_SMS, mode = allow, callingUid = 1001, oldMode = allow
01-15 08:51:50.420   796   854 W libbinder.IPCThreadState: Sending oneway calls to frozen process.
01-15 08:51:50.420   796   854 W libbinder.IPCThreadState: Sending oneway calls to frozen process.
01-15 08:51:50.420  3680  3680 D ActivityThread: Package [com.geek2geeks.level] reported as REPLACED, but missing application info. Assuming REMOVED.
01-15 08:51:50.420   796   854 W libbinder.IPCThreadState: Sending oneway calls to frozen process.
01-15 08:51:50.420   796   854 W libbinder.IPCThreadState: Sending oneway calls to frozen process.
01-15 08:51:50.420   796   854 W libbinder.IPCThreadState: Sending oneway calls to frozen process.
01-15 08:51:50.420   796   854 W libbinder.IPCThreadState: Sending oneway calls to frozen process.
01-15 08:51:50.420   796   854 W libbinder.IPCThreadState: Sending oneway calls to frozen process.
01-15 08:51:50.420   796  1248 W AppOpService: Ignored setUidMode call for runtime permission app op: uid = 1001, code = RECEIVE_SMS, mode = allow, callingUid = 1001, oldMode = allow
01-15 08:51:50.422  3659  3659 D ActivityThread: Package [com.geek2geeks.level] reported as REPLACED, but missing application info. Assuming REMOVED.
01-15 08:51:50.423   796   854 W libbinder.IPCThreadState: Sending oneway calls to frozen process.
01-15 08:51:50.424   796   854 W libbinder.IPCThreadState: Sending oneway calls to frozen process.
01-15 08:51:50.424   796   854 W libbinder.IPCThreadState: Sending oneway calls to frozen process.
01-15 08:51:50.424   796   854 W libbinder.IPCThreadState: Sending oneway calls to frozen process.
01-15 08:51:50.424   796   854 W libbinder.IPCThreadState: Sending oneway calls to frozen process.
01-15 08:51:50.424   796   854 W libbinder.IPCThreadState: Sending oneway calls to frozen process.
01-15 08:51:50.424  2428  2428 D ActivityThread: Package [com.geek2geeks.level] reported as REPLACED, but missing application info. Assuming REMOVED.
01-15 08:51:50.424  1958  1958 D ActivityThread: Package [com.geek2geeks.level] reported as REPLACED, but missing application info. Assuming REMOVED.
01-15 08:51:50.425  1390  1390 D ActivityThread: Package [com.geek2geeks.level] reported as REPLACED, but missing application info. Assuming REMOVED.
01-15 08:51:50.425  1449  1449 D ActivityThread: Package [com.geek2geeks.level] reported as REPLACED, but missing application info. Assuming REMOVED.
01-15 08:51:50.426  1278  1278 D ActivityThread: Package [com.geek2geeks.level] reported as REPLACED, but missing application info. Assuming REMOVED.
01-15 08:51:50.426   796  1973 W AppOpService: Ignored setUidMode call for runtime permission app op: uid = 1001, code = RECEIVE_WAP_PUSH, mode = allow, callingUid = 1001, oldMode = allow
01-15 08:51:50.427   796  1973 W AppOpService: Ignored setUidMode call for runtime permission app op: uid = 1001, code = SEND_SMS, mode = allow, callingUid = 1001, oldMode = allow
01-15 08:51:50.428   796  1973 W AppOpService: Ignored setUidMode call for runtime permission app op: uid = 1001, code = READ_CELL_BROADCASTS, mode = allow, callingUid = 1001, oldMode = allow
01-15 08:51:50.438  1462  1462 E SmsApplication: com.google.android.apps.messaging lost android:read_cell_broadcasts:  (fixing)
01-15 08:51:50.438   796  1973 W AppOpService: Ignored setUidMode call for runtime permission app op: uid = 10154, code = READ_CELL_BROADCASTS, mode = allow, callingUid = 1001, oldMode = allow
01-15 08:51:50.440   796  1973 W AppOpService: Ignored setUidMode call for runtime permission app op: uid = 1001, code = READ_SMS, mode = allow, callingUid = 1001, oldMode = allow
01-15 08:51:50.441   796  1973 W AppOpService: Ignored setUidMode call for runtime permission app op: uid = 1001, code = RECEIVE_SMS, mode = allow, callingUid = 1001, oldMode = allow
01-15 08:51:50.441   796  1973 W AppOpService: Ignored setUidMode call for runtime permission app op: uid = 1001, code = RECEIVE_WAP_PUSH, mode = allow, callingUid = 1001, oldMode = allow
01-15 08:51:50.443   796  1973 W AppOpService: Ignored setUidMode call for runtime permission app op: uid = 1001, code = SEND_SMS, mode = allow, callingUid = 1001, oldMode = allow
01-15 08:51:50.443   796  1973 W AppOpService: Ignored setUidMode call for runtime permission app op: uid = 1001, code = READ_CELL_BROADCASTS, mode = allow, callingUid = 1001, oldMode = allow
01-15 08:51:50.452  1462  1722 D ImsResolver: maybeAddedImsService, packageName: com.geek2geeks.level
01-15 08:51:50.452  1462  1722 V ImsResolver: searchForImsServices: package=com.geek2geeks.level, users=[UserHandle{0}]
01-15 08:51:50.453  1462  1722 V ImsResolver: searchForImsServices: package=com.geek2geeks.level, users=[UserHandle{0}]
01-15 08:51:50.455  1462  1462 W VvmPkgInstalledRcvr: carrierVvmPkgAdded: carrier vvm packages doesn't contain com.geek2geeks.level
01-15 08:51:50.459  1517  1556 D AlphabeticIndexCompat: computeSectionName: cs: LEVEL sectionName: L
01-15 08:51:50.459   796  2864 D ActivityManager: sync unfroze 6005 com.google.android.apps.wellbeing for 7
01-15 08:51:50.460  1462  1462 D ActivityThread: Package [com.geek2geeks.level] reported as REPLACED, but missing application info. Assuming REMOVED.
01-15 08:51:50.460   796  1229 D BackgroundInstallControlService: Package event received: 0
01-15 08:51:50.461  1517  1517 D AllAppsStore: setApps: apps.length=20
01-15 08:51:50.461  1517  1517 D AllAppsStore: notifyUpdate: notifying listeners
01-15 08:51:50.461  1517  1517 D ActivityAllAppsContainerView: onAppsUpdated; number of apps: 20
01-15 08:51:50.461  1517  1517 D ActivityAllAppsContainerView: rebindAdapters: force: false
01-15 08:51:50.461  1517  1517 D ActivityAllAppsContainerView: rebindAdapters: Not needed.
01-15 08:51:50.461  1517  1517 D StatsLog: LAUNCHER_ALLAPPS_COUNT
01-15 08:51:50.461  1517  1517 D AlphabeticalAppsList: Clearing FastScrollerSections.
01-15 08:51:50.462  1517  1517 D AlphabeticalAppsList: Adding apps with sections. HasPrivateApps: false
01-15 08:51:50.462  1517  1517 D AlphabeticalAppsList: addAppsWithSections: adding sectionName: C with appInfoTitle: Calendar
01-15 08:51:50.462  1517  1517 D AlphabeticalAppsList: addAppsWithSections: adding sectionName: D with appInfoTitle: Drive
01-15 08:51:50.462  1517  1517 D AlphabeticalAppsList: addAppsWithSections: adding sectionName: F with appInfoTitle: Files
01-15 08:51:50.462  1517  1517 D AlphabeticalAppsList: addAppsWithSections: adding sectionName: G with appInfoTitle: Gmail
01-15 08:51:50.462  1517  1517 D AlphabeticalAppsList: addAppsWithSections: adding sectionName: L with appInfoTitle: LEVEL
01-15 08:51:50.462  1517  1517 D AlphabeticalAppsList: addAppsWithSections: adding sectionName: M with appInfoTitle: Maps
01-15 08:51:50.462  1517  1517 D AlphabeticalAppsList: addAppsWithSections: adding sectionName: P with appInfoTitle: Phone
01-15 08:51:50.462  1517  1517 D AlphabeticalAppsList: addAppsWithSections: adding sectionName: S with appInfoTitle: Safety
01-15 08:51:50.462  1517  1517 D AlphabeticalAppsList: addAppsWithSections: adding sectionName: T with appInfoTitle: TMoble
01-15 08:51:50.462  1517  1517 D AlphabeticalAppsList: addAppsWithSections: adding sectionName: Y with appInfoTitle: YouTube
01-15 08:51:50.462  1517  1517 D AlphabeticalAppsList: Adding FastScrollSection duplicate to scroll to the bottom.
01-15 08:51:50.462  1517  1517 D AlphabeticalAppsList: Clearing FastScrollerSections.
01-15 08:51:50.462  1517  1517 D AlphabeticalAppsList: Adding apps with sections. HasPrivateApps: false
01-15 08:51:50.462  1517  1517 D AlphabeticalAppsList: addAppsWithSections: adding sectionName: C with appInfoTitle: Calendar
01-15 08:51:50.462  1517  1517 D AlphabeticalAppsList: addAppsWithSections: adding sectionName: D with appInfoTitle: Drive
01-15 08:51:50.462  1517  1517 D AlphabeticalAppsList: addAppsWithSections: adding sectionName: F with appInfoTitle: Files
01-15 08:51:50.462  1517  1517 D AlphabeticalAppsList: addAppsWithSections: adding sectionName: G with appInfoTitle: Gmail
01-15 08:51:50.462  1517  1517 D AlphabeticalAppsList: addAppsWithSections: adding sectionName: L with appInfoTitle: LEVEL
01-15 08:51:50.462  1517  1517 D AlphabeticalAppsList: addAppsWithSections: adding sectionName: M with appInfoTitle: Maps
01-15 08:51:50.462  1517  1517 D AlphabeticalAppsList: addAppsWithSections: adding sectionName: P with appInfoTitle: Phone
01-15 08:51:50.462  1517  1517 D AlphabeticalAppsList: addAppsWithSections: adding sectionName: S with appInfoTitle: Safety
01-15 08:51:50.462  1517  1517 D AlphabeticalAppsList: addAppsWithSections: adding sectionName: T with appInfoTitle: TMoble
01-15 08:51:50.462  1517  1517 D AlphabeticalAppsList: addAppsWithSections: adding sectionName: Y with appInfoTitle: YouTube
01-15 08:51:50.462  1517  1517 D AlphabeticalAppsList: Adding FastScrollSection duplicate to scroll to the bottom.
01-15 08:51:50.464  1517  1517 D b/387844520: getOutlineOffsetX: measured width = 173, mNormalizedIconSize = 159, last updated width = 173
01-15 08:51:50.464  6005  6005 D ActivityThread: Package [com.geek2geeks.level] reported as REPLACED, but missing application info. Assuming REMOVED.
01-15 08:51:50.464  1462  1462 D ActivityThread: Package [com.geek2geeks.level] reported as REPLACED, but missing application info. Assuming REMOVED.
01-15 08:51:50.467   796  1238 I SdkSandboxManager: No SDKs used. Skipping SDK data reconcilation for CallingInfo{mUid=10227, mPackageName='com.geek2geeks.level, mAppProcessToken='null'}
01-15 08:51:50.472   796   807 I system_server: Background concurrent mark compact GC freed 19MB AllocSpace bytes, 10(192KB) LOS objects, 41% free, 34MB/58MB, paused 24.009ms,2.220ms total 208.750ms
01-15 08:51:50.475 24953 24953 D ActivityThread: Package [com.geek2geeks.level] reported as REPLACED, but missing application info. Assuming REMOVED.
01-15 08:51:50.475  1278  1278 D ControlsListingControllerImpl: ServiceConfig reloaded, count: 0
01-15 08:51:50.475 24953 24969 I Finsky  : [46] Stats for Executor: BlockingExecutor usm@6e7d333[Running, pool size = 2, active threads = 0, queued tasks = 0, completed tasks = 329]
01-15 08:51:50.476  1278  1427 I PluginActionManager[com.android.systemui.action.FALSING_PLUGIN]: Found 0 plugins
01-15 08:51:50.476   796   827 D ActivityManager: sync unfroze 24953 com.android.vending for 3
01-15 08:51:50.476  1517  1556 I PluginActionManager[com.android.systemui.action.ICON_WRAPPER_PLUGIN]: Found 0 plugins
01-15 08:51:50.477  1278  1427 I PluginActionManager[com.android.systemui.action.PLUGIN_SENSOR_MANAGER]: Found 0 plugins
01-15 08:51:50.479  1517  1556 I PluginActionManager[com.android.systemui.action.PLUGIN_CUSTOM_WIDGET]: Found 0 plugins
01-15 08:51:50.480  1517  1556 I PluginActionManager[com.android.systemui.action.PLUGIN_NETWORK_FETCHER_ACTIONS]: Found 0 plugins
01-15 08:51:50.480  1517  1556 I PluginActionManager[com.android.launcher3.action.PLUGIN_DYNAMIC_RESOURCE]: Found 0 plugins
01-15 08:51:50.484 24953 24969 I Finsky  : [46] Stats for Executor: LightweightExecutor usm@7eceeee[Running, pool size = 4, active threads = 0, queued tasks = 0, completed tasks = 707]
01-15 08:51:50.484 24953 24953 D ActivityThread: Package [com.geek2geeks.level] reported as REPLACED, but missing application info. Assuming REMOVED.
01-15 08:51:50.484 24953 24969 I Finsky  : [46] Stats for Executor: bgExecutor usm@63bddbd[Running, pool size = 4, active threads = 0, queued tasks = 0, completed tasks = 3264]
01-15 08:51:50.485  1278  1427 I PluginActionManager[com.android.systemui.action.PLUGIN_AUTH_CONTEXT]: Found 0 plugins
01-15 08:51:50.487  6005  6005 D ActivityThread: Package [com.geek2geeks.level] reported as REPLACED, but missing application info. Assuming REMOVED.
01-15 08:51:50.487   796   827 D ActivityManager: sync unfroze 24965 com.android.vending:background for 3
01-15 08:51:50.487 24953 24953 I Finsky  : [2] Memory trim requested to level 40
01-15 08:51:50.488  1462  1462 D SatelliteController: packageStateChanged: package:com.geek2geeks.level defaultSmsPackageName: com.google.android.apps.messaging satelliteGatewayServicePackageName: 
01-15 08:51:50.488 24965 25027 I Finsky:background: [46] Stats for Executor: bgExecutor usm@b4e6408[Running, pool size = 4, active threads = 0, queued tasks = 0, completed tasks = 247]
01-15 08:51:50.488 24953 24953 I Finsky  : [2] Flushing in-memory image cache
01-15 08:51:50.488 24965 25027 I Finsky:background: [46] Stats for Executor: LightweightExecutor usm@4076a4c[Running, pool size = 4, active threads = 0, queued tasks = 0, completed tasks = 240]
01-15 08:51:50.488 24965 25027 I Finsky:background: [46] Stats for Executor: BlockingExecutor usm@9edd54b[Running, pool size = 0, active threads = 0, queued tasks = 0, completed tasks = 29]
01-15 08:51:50.488 24965 24965 D ActivityThread: Package [com.geek2geeks.level] reported as REPLACED, but missing application info. Assuming REMOVED.
01-15 08:51:50.489  1517  1556 I PluginActionManager[com.android.systemui.action.PLUGIN_BC_SMARTSPACE_DATA]: Found 0 plugins
01-15 08:51:50.489 24965 24965 D ActivityThread: Package [com.geek2geeks.level] reported as REPLACED, but missing application info. Assuming REMOVED.
01-15 08:51:50.489  1517  1556 I PluginActionManager[com.android.systemui.action.PLUGIN_ALL_APPS_ACTIONS]: Found 0 plugins
01-15 08:51:50.490  1517  1556 I PluginActionManager[com.android.systemui.action.PLUGIN_LAUNCHER_OVERLAY]: Found 0 plugins
01-15 08:51:50.491  1278  1427 I PluginActionManager[com.android.systemui.action.PLUGIN_VOLUME]: Found 0 plugins
01-15 08:51:50.491  1278  1427 I PluginActionManager[com.android.systemui.action.PLUGIN_TOAST]: Found 0 plugins
01-15 08:51:50.496  6005  6005 W TimedProcessReaper: Memory state is: 100
01-15 08:51:50.496  1278  1427 I PluginActionManager[com.android.systemui.action.PLUGIN_GLOBAL_ACTIONS]: Found 0 plugins
01-15 08:51:50.496  1278  1427 I PluginActionManager[com.android.systemui.action.PLUGIN_QS]: Found 0 plugins
01-15 08:51:50.497  1278  1427 I PluginActionManager[com.android.systemui.action.PLUGIN_NOTIFICATION_ASSISTANT]: Found 0 plugins
01-15 08:51:50.498  1278  1427 I PluginActionManager[com.android.systemui.action.PLUGIN_OVERLAY]: Found 0 plugins
01-15 08:51:50.499   796   854 D PackageInstallerSession: Marking session 1453128006 as applied
01-15 08:51:50.500  1278  1427 I PluginActionManager[com.android.systemui.action.PLUGIN_NOTIFICATION_MENU_ROW]: Found 0 plugins
01-15 08:51:50.501  1278  1427 I PluginActionManager[com.android.systemui.action.PLUGIN_NOTIFICATION_MENU_ROW]: Found 0 plugins
01-15 08:51:50.501 24953 24953 I Finsky  : [2] Memory trim requested to level 40
01-15 08:51:50.501 24953 24953 I Finsky  : [2] Flushing in-memory image cache
01-15 08:51:50.501 24953 24953 I Finsky  : [2] Memory trim requested to level 40
01-15 08:51:50.501 24953 24953 I Finsky  : [2] Flushing in-memory image cache
01-15 08:51:50.501 24953 24953 I Finsky  : [2] Memory trim requested to level 40
01-15 08:51:50.501 24953 24953 I Finsky  : [2] Flushing in-memory image cache
01-15 08:51:50.501 24965 24965 I Finsky:background: [2] Memory trim requested to level 40
01-15 08:51:50.501  1278  1427 I PluginActionManager[com.android.systemui.action.PLUGIN_NOTIFICATION_MENU_ROW]: Found 0 plugins
01-15 08:51:50.504   796   796 W Looper  : Slow dispatch took 211ms main app=system_server main=true group=FOREGROUND h=android.app.ActivityThread$H c=android.app.LoadedApk$ReceiverDispatcher$Args$$ExternalSyntheticLambda0@5878cff m=0
01-15 08:51:50.504   796   796 W Looper  : Slow delivery took 233ms main app=system_server main=true group=FOREGROUND h=android.app.ActivityThread$H c=android.app.LoadedApk$ReceiverDispatcher$Args$$ExternalSyntheticLambda0@3e6eacc m=0
01-15 08:51:50.511   796   881 W libbinder.IPCThreadState: Sending oneway calls to frozen process.
01-15 08:51:50.511   796   796 I Telecom : CarModeTracker: Package com.geek2geeks.level is not tracked.: SSH.oR@Acg
01-15 08:51:50.511   796   796 I Telecom : InCallController: updateCarModeForConnections: car mode apps: : SSH.oR@Acg
01-15 08:51:50.511   796   796 I Telecom : InCallController: update carmode current:UserHandle{0} parent:null: SSH.oR@Acg
01-15 08:51:50.512   796  1229 D BackgroundInstallControlService: Package event received: 0
01-15 08:51:50.516   796   881 E AtomicFile: Failed to rename /data/system/install_sessions.xml.new to /data/system/install_sessions.xml
01-15 08:51:50.511   796   796 W binder:796_17: type=1400 audit(0.0:89): avc:  denied  { getopt } for  scontext=u:r:system_server:s0 tcontext=u:r:shell:s0 tclass=unix_stream_socket permissive=0
01-15 08:51:50.521   796  2326 W libbinder.Binder: Binder transaction to android.content.pm.IPackageManager code 1598246212 took 1491ms. Data bytes: 200 Reply bytes: 4 Flags: 16
01-15 08:51:50.523 24953 24953 I Finsky  : [2] ahkp - Received: android.intent.action.PACKAGE_REMOVED, [UxVNumOqHAYJn2rwtNwBLbYnc1tvpdP0lk09hlGScwU]
01-15 08:51:50.525   796   827 D ActivityManager: sync unfroze 1281 com.google.android.permissioncontroller for 3
01-15 08:51:50.511   796   796 W binder:796_17: type=1400 audit(0.0:90): avc:  denied  { getopt } for  scontext=u:r:system_server:s0 tcontext=u:r:shell:s0 tclass=unix_stream_socket permissive=0
01-15 08:51:50.531 24965 24965 I Finsky:background: [2] Memory trim requested to level 40
01-15 08:51:50.511   796   796 W binder:796_17: type=1400 audit(0.0:91): avc:  denied  { getopt } for  scontext=u:r:system_server:s0 tcontext=u:r:shell:s0 tclass=unix_stream_socket permissive=0
01-15 08:51:50.538   796  1229 D BackgroundInstallControlService: Package event received: 0
01-15 08:51:50.543  1281  1281 D ActivityThread: Package [com.geek2geeks.level] reported as REPLACED, but missing application info. Assuming REMOVED.
01-15 08:51:50.544   796   907 I RoleService: Granting default roles...
01-15 08:51:50.546 24965 24965 I Finsky:background: [2] ahkf - Received: android.intent.action.PACKAGE_REMOVED, [UxVNumOqHAYJn2rwtNwBLbYnc1tvpdP0lk09hlGScwU]
01-15 08:51:50.550   796   796 D AS.AudioService: received android.intent.action.PACKAGE_ADDED replacing: true archival: false for package com.geek2geeks.level with uid 10227
01-15 08:51:50.552  1281  1281 D ActivityThread: Package [com.geek2geeks.level] reported as REPLACED, but missing application info. Assuming REMOVED.
01-15 08:51:50.553   796   796 D AppSearchAppsIndexerManagerS: userid in package receiver: 10227
01-15 08:51:50.554   796  1229 D BackgroundInstallControlService: Package event received: 0
01-15 08:51:50.555   796  1229 D BackgroundInstallControlService: Package event received: 0
01-15 08:51:50.561   796  1403 W SignedPackage: Package doesn't have required signing certificate: com.google.android.retaildemo
01-15 08:51:50.562   796  1403 E RoleControllerServiceImpl: Default/fallback role holder package doesn't qualify for the role, package: com.google.android.gms.supervision, role: android.app.role.SYSTEM_SUPERVISION, user: 0
01-15 08:51:50.566   796   796 D BackupManagerConstants: getFullBackupIntervalMilliseconds(...) returns 86400000
01-15 08:51:50.566   796   796 D BackupManagerConstants: getFullBackupRequiredNetworkType(...) returns 2
01-15 08:51:50.566   796   796 D BackupManagerConstants: getFullBackupRequireCharging(...) returns true
01-15 08:51:50.568   796   809 W System  : A resource failed to call close. 
01-15 08:51:50.571   796  2864 W ActivityTaskManager: callingPackage for (uid=2000, pid=26297) has no WPC
01-15 08:51:50.571   796   796 W libbinder.IPCThreadState: Sending oneway calls to frozen process.
01-15 08:51:50.572   796   796 W libbinder.IPCThreadState: Sending oneway calls to frozen process.
01-15 08:51:50.572   796   796 W libbinder.IPCThreadState: Sending oneway calls to frozen process.
01-15 08:51:50.572   796   796 W libbinder.IPCThreadState: Sending oneway calls to frozen process.
01-15 08:51:50.572   796   796 W libbinder.IPCThreadState: Sending oneway calls to frozen process.
01-15 08:51:50.573   796   796 W libbinder.IPCThreadState: Sending oneway calls to frozen process.
01-15 08:51:50.573   796   796 W libbinder.IPCThreadState: Sending oneway calls to frozen process.
01-15 08:51:50.574   796  1403 W SignedPackage: Package doesn't have required signing certificate: com.google.android.apps.work.clouddpc
01-15 08:51:50.574   796  2864 V WindowManager: DesktopModeLaunchParamsModifier: phase= 0 task=null activity=null display-area-from-current-params=null display-area-from-default-fallback=DefaultTaskDisplayArea@45828422 display-id=0 task-display-area-windowing-mode=1 suggested-display-area=DefaultTaskDisplayArea@45828422 task null, skipping
01-15 08:51:50.574   796  2864 V WindowManager: TaskLaunchParamsModifier:phase=0 task=null activity=null display-area-from-current-params=null display-area-from-default-fallback=DefaultTaskDisplayArea@45828422 display-id=0 task-display-area-windowing-mode=1 suggested-display-area=DefaultTaskDisplayArea@45828422
01-15 08:51:50.574   796   796 W libbinder.IPCThreadState: Sending oneway calls to frozen process.
01-15 08:51:50.575   796   796 W libbinder.IPCThreadState: Sending oneway calls to frozen process.
01-15 08:51:50.577   796   796 W libbinder.IPCThreadState: Sending oneway calls to frozen process.
01-15 08:51:50.578   796   796 D ActivityThread: Package [com.geek2geeks.level] reported as REPLACED, but missing application info. Assuming REMOVED.
01-15 08:51:50.579   796   796 D ActivityThread: Package [com.geek2geeks.level] reported as REPLACED, but missing application info. Assuming REMOVED.
01-15 08:51:50.587   796  2864 V GrammaticalInflectionUtils: AttributionSource: android.content.AttributionSource@327d0c6f does not have READ_SYSTEM_GRAMMATICAL_GENDER permission.
01-15 08:51:50.588   796  2864 V WindowManager: DesktopModeLaunchParamsModifier: phase= 0 task=null activity=ActivityRecord{70152960 u0 com.geek2geeks.level/.MainActivity display-area-from-current-params=null display-area-from-default-fallback=DefaultTaskDisplayArea@45828422 display-id=0 task-display-area-windowing-mode=1 suggested-display-area=DefaultTaskDisplayArea@45828422 task null, skipping
01-15 08:51:50.588   796  2864 V WindowManager: TaskLaunchParamsModifier:phase=0 task=null activity=ActivityRecord{70152960 u0 com.geek2geeks.level/.MainActivity t-1} display-area-from-current-params=null display-area-from-default-fallback=DefaultTaskDisplayArea@45828422 display-id=0 task-display-area-windowing-mode=1 suggested-display-area=DefaultTaskDisplayArea@45828422
01-15 08:51:50.588   796  2864 V WindowManager: DesktopModeLaunchParamsModifier: phase= 3 task=null activity=ActivityRecord{70152960 u0 com.geek2geeks.level/.MainActivity t-1} display-area-from-current-params=null display-area-from-default-fallback=DefaultTaskDisplayArea@45828422 display-id=0 task-display-area-windowing-mode=1 suggested-display-area=DefaultTaskDisplayArea@45828422 task null, skipping
01-15 08:51:50.588   796  2864 V WindowManager: TaskLaunchParamsModifier:phase=3 task=null activity=ActivityRecord{70152960 u0 com.geek2geeks.level/.MainActivity t-1} display-area-from-current-params=null display-area-from-default-fallback=DefaultTaskDisplayArea@45828422 display-id=0 task-display-area-windowing-mode=1 suggested-display-area=DefaultTaskDisplayArea@45828422 non-freeform-task-display-area display-area=DefaultTaskDisplayArea@45828422 skip-bounds-fullscreen
01-15 08:51:50.589 24965 24965 I Finsky:background: [2] IQ: onPackageRemoved com.geek2geeks.level, replacing=true, uninstallingFromPlay=false
01-15 08:51:50.590  1281  1281 I SafetyLabelChangedBroadcastReceiver: received broadcast packageName: com.geek2geeks.level, current user: UserHandle{0}, packageChangeEvent: UPDATE, intent user: UserHandle{0}
01-15 08:51:50.592  1531  1536 W ndroid.settings: Reducing the number of considered missed Gc histogram windows from 1031 to 100
01-15 08:51:50.597   796  2864 V WindowManager: DesktopModeLaunchParamsModifier: phase= 3 task=Task{d12739 #14 type=standard A=10227:com.geek2geeks.level} activity=ActivityRecord{70152960 u0 com.geek2geeks.level/.MainActivity t-1} display-from-task=0 display-id=0 task-display-area-windowing-mode=1 suggested-display-area=DefaultTaskDisplayArea@45828422 not entering desktop mode, skipping
01-15 08:51:50.597   796  2864 V WindowManager: TaskLaunchParamsModifier:phase=3 task=Task{d12739 #14 type=standard A=10227:com.geek2geeks.level} activity=ActivityRecord{70152960 u0 com.geek2geeks.level/.MainActivity t-1} display-from-task=0 display-id=0 task-display-area-windowing-mode=1 suggested-display-area=DefaultTaskDisplayArea@45828422 inherit-from-task=fullscreen non-freeform-task-display-area display-area=DefaultTaskDisplayArea@45828422 skip-bounds-fullscreen
01-15 08:51:50.598 24953 26298 I Finsky  : [178] SCH: Received scheduling request: Id: 12-1, Constraints: [{ L: 15000, D: 86400000, C: CHARGING_NONE, I: IDLE_NONE, N: NET_ANY, B: BATTERY_ANY }]
01-15 08:51:50.599 24953 24994 I Finsky  : [59] AIM: AppInfoManager-Perf > OnDeviceAppInfo > cacheHitCount=0, cacheMissCount=1. Missed  in cache (limit 10) : [com.geek2geeks.level]
01-15 08:51:50.600   651   756 I libbinder.BpBinder: onLastStrongRef automatically unlinking death recipients for descriptor: '(not cached)'
01-15 08:51:50.601 24953 24994 I Finsky  : [59] AIM: Got app ownership map. App counts: . Unique apps: 0
01-15 08:51:50.601 24953 24994 E Finsky  : [59] [Counters] attempted to use a non-positive increment for: 4752
01-15 08:51:50.604 24965 26306 I Finsky:background: [110] IQ: handled package removed
01-15 08:51:50.604 24953 25020 E Finsky  : [80] [Counters] attempted to use a non-positive increment for: 4753
01-15 08:51:50.611 24965 26303 I Finsky:background: [108] Wrote row to frosting DB: 333
01-15 08:51:50.611 24953 24953 I Finsky  : [2] ahkp - Received: android.intent.action.PACKAGE_ADDED, [UxVNumOqHAYJn2rwtNwBLbYnc1tvpdP0lk09hlGScwU]
01-15 08:51:50.625  1278  1330 V WindowManagerShell: Transition requested (#30): android.os.BinderProxy@242af1e TransitionRequestInfo { type = OPEN, triggerTask = TaskInfo{userId=0 taskId=14 effectiveUid=10227 displayId=0 isRunning=true baseIntent=Intent { flg=0x10000000 cmp=com.geek2geeks.level/.MainActivity } baseActivity=ComponentInfo{com.geek2geeks.level/com.geek2geeks.level.MainActivity} topActivity=ComponentInfo{com.geek2geeks.level/com.geek2geeks.level.MainActivity} origActivity=null realActivity=ComponentInfo{com.geek2geeks.level/com.geek2geeks.level.MainActivity} numActivities=1 lastActiveTime=38507210 supportsMultiWindow=true resizeMode=1 isResizeable=true minWidth=-1 minHeight=-1 defaultMinSize=220 token=WCT{android.os.BinderProxy@6f3e3ff} topActivityType=1 pictureInPictureParams=null shouldDockBigOverlays=false launchIntoPipHostTaskId=-1 lastParentTaskIdBeforePip=-1 displayCutoutSafeInsets=Rect(0, 0 - 0, 0) topActivityInfo=ActivityInfo{b89f5cc com.geek2geeks.level.MainActivity} launchCookies=[] positionInParent=Point(0, 0) parentTaskId=-1 isFocused=false isVisible=false isVisibleRequested=false isTopActivityNoDisplay=false isSleeping=false locusId=null displayAreaFeatureId=1 isTopActivityTransparent=false isActivityStackTransparent=false lastNonFullscreenBounds=null capturedLink=null capturedLinkTimestamp=0 requestedVisibleTypes=503 topActivityRequestOpenInBrowserEducationTimestamp=0 appCompatTaskInfo=AppCompatTaskInfo { topActivityInSizeCompat=false isLeafTask= true eligibleForLetterboxEducation= false isLetterboxEducationEnabled= true isLetterboxDoubleTapEnabled= false eligibleForUserAspectRatioButton= false topActivityBoundsLetterboxed= false isFromLetterboxDoubleTap= false topActivityLetterboxVerticalPosition= -1 topActivityLetterboxHorizontalPosition= -1 topActivityLetterboxWidth=-1 topActivityLetterboxHeight=-1 topActivityAppBounds=Rect(0, 0 - 1080, 2400) isUserFullscreenOverrideEnabled=false isSystemFullscreenOverrideEnabled=false hasMinAspectRatioOverride=false topActivityLetterboxBounds=null cameraCompatTaskInfo=CameraCompatTaskInfo { cameraCompatMode=undefinedundefined} topNonResizableActivityAspectRatio=-1.0} topActivityMainWindowFrame=null isAppBubble=false}, pipChange = null, remoteTransition = null, displayChange = null, requestedLocation = null, userChange = null, windowingLayerChange = null, flags = 0, debugId = 30 }
01-15 08:51:50.625   796  2864 I ActivityTaskManager: START u0 {flg=0x10000000 xflg=0x5 cmp=com.geek2geeks.level/.MainActivity} with LAUNCH_SINGLE_TASK from uid 2000 (com.android.shell) (BAL_ALLOW_PERMISSION) result code=0
01-15 08:51:50.625  1278  1330 D ShellSplitScreen: logExit: no-op, mLoggerSessionId is null
01-15 08:51:50.628   796  1249 W ProcessStats: Tracking association SourceState{882c154 system/1000 ImpFg #13833} whose proc state 5 is better than process ProcessState{9ffd253 com.google.android.permissioncontroller/10201 pkg=com.google.android.permissioncontroller} proc state 14 (3 skipped)
01-15 08:51:50.628 24965 24965 I Finsky:background: [2] ahkf - Received: android.intent.action.PACKAGE_ADDED, [UxVNumOqHAYJn2rwtNwBLbYnc1tvpdP0lk09hlGScwU]
01-15 08:51:50.629  1281  8978 I PermissionControllerServiceImpl: Updating user sensitive for uid 10227
01-15 08:51:50.631  1517  1517 D BaseActivity: Launcher flags updated: [state_started|state_resumed|state_deferred_resumed|state_window_focused] -[state_user_active]
01-15 08:51:50.631   796   796 D AS.AudioService: received android.intent.action.PACKAGE_REPLACED replacing: true archival: false for package com.geek2geeks.level with uid 10227
01-15 08:51:50.631  1517  1517 D BaseActivity: Launcher flags updated: [state_started|state_window_focused] -[state_resumed|state_deferred_resumed]
01-15 08:51:50.633  1517  1517 W SplitSelectStateCtor: Missing session instanceIds
01-15 08:51:50.633  1517  1517 D StatsLog: LAUNCHER_SPLIT_SELECTION_EXIT_INTERRUPTED
01-15 08:51:50.635 24965 26303 I Finsky:background: [108] Wrote row to frosting DB: 334
01-15 08:51:50.636  1278  1330 V ShellDesktopMode: DesktopTasksController: handleRequest request=TransitionRequestInfo { type = OPEN, triggerTask = TaskInfo{userId=0 taskId=14 effectiveUid=10227 displayId=0 isRunning=true baseIntent=Intent { flg=0x10000000 cmp=com.geek2geeks.level/.MainActivity } baseActivity=ComponentInfo{com.geek2geeks.level/com.geek2geeks.level.MainActivity} topActivity=ComponentInfo{com.geek2geeks.level/com.geek2geeks.level.MainActivity} origActivity=null realActivity=ComponentInfo{com.geek2geeks.level/com.geek2geeks.level.MainActivity} numActivities=1 lastActiveTime=38507210 supportsMultiWindow=true resizeMode=1 isResizeable=true minWidth=-1 minHeight=-1 defaultMinSize=220 token=WCT{android.os.BinderProxy@6f3e3ff} topActivityType=1 pictureInPictureParams=null shouldDockBigOverlays=false launchIntoPipHostTaskId=-1 lastParentTaskIdBeforePip=-1 displayCutoutSafeInsets=Rect(0, 0 - 0, 0) topActivityInfo=ActivityInfo{b89f5cc com.geek2geeks.level.MainActivity} launchCookies=[] positionInParent=Point(0, 0) parentTaskId=-1 isFocused=false isVisible=false isVisibleRequested=false isTopActivityNoDisplay=false isSleeping=false locusId=null displayAreaFeatureId=1 isTopActivityTransparent=false isActivityStackTransparent=false lastNonFullscreenBounds=null capturedLink=null capturedLinkTimestamp=0 requestedVisibleTypes=503 topActivityRequestOpenInBrowserEducationTimestamp=0 appCompatTaskInfo=AppCompatTaskInfo { topActivityInSizeCompat=false isLeafTask= true eligibleForLetterboxEducation= false isLetterboxEducationEnabled= true isLetterboxDoubleTapEnabled= false eligibleForUserAspectRatioButton= false topActivityBoundsLetterboxed= false isFromLetterboxDoubleTap= false topActivityLetterboxVerticalPosition= -1 topActivityLetterboxHorizontalPosition= -1 topActivityLetterboxWidth=-1 topActivityLetterboxHeight=-1 topActivityAppBounds=Rect(0, 0 - 1080, 2400) isUserFullscreenOverrideEnabled=false isSystemFullscreenOverrideEnabled=false hasMinAspectRatioOverride=false topActivityLetterboxBounds=null cameraCompatTaskInfo=CameraCompatTaskInfo { cameraCompatMode=undefinedundefined} topNonResizableActivityAspectRatio=-1.0} topActivityMainWindowFrame=null isAppBubble=false}, pipChange = null, remoteTransition = null, displayChange = null, requestedLocation = null, userChange = null, windowingLayerChange = null, flags = 0, debugId = 30 }
01-15 08:51:50.636  1278  1330 V ShellDesktopMode: DesktopTasksController: skipping handleRequest reason=triggerTask's display doesn't support desktop mode
01-15 08:51:50.639   796   796 D AppSearchAppsIndexerManagerS: userid in package receiver: 10227
01-15 08:51:50.639   796  1403 I Role    : com.google.android.gms not qualified for android.app.role.SYSTEM_DEPENDENCY_INSTALLER due to missing RequiredComponent{mIntentFilterData=IntentFilterData{mAction='android.content.pm.action.INSTALL_DEPENDENCY', mCategories='[]', mDataScheme='null', mDataType='null'}, mMinTargetSdkVersion=1, mFlags='0', mPermission='android.permission.BIND_DEPENDENCY_INSTALLER', mQueryFlags=0, mMetaData=[]}
01-15 08:51:50.639   796  1403 E RoleControllerServiceImpl: Default/fallback role holder package doesn't qualify for the role, package: com.google.android.gms, role: android.app.role.SYSTEM_DEPENDENCY_INSTALLER, user: 0
01-15 08:51:50.640   796   796 W AlarmManager: Package com.geek2geeks.level, uid 10227 lost permission to set exact alarms!
01-15 08:51:50.640   796   882 D CompatChangeReporter: Compat change id reported: 377864165; UID 10227; state: ENABLED
01-15 08:51:50.641   796  2864 V WindowManager: Defer transition id=30 for TaskFragmentTransaction=android.os.Binder@b2bad06
01-15 08:51:50.641   796  2864 V WindowManager: deferTransitionReady deferReadyDepth=1 stack=com.android.server.wm.TransitionController.deferTransitionReady:1061 com.android.server.wm.TaskFragmentOrganizerController$TaskFragmentOrganizerState.dispatchTransaction:517 com.android.server.wm.TaskFragmentOrganizerController.dispatchPendingEvents:1259 com.android.server.wm.TaskFragmentOrganizerController.dispatchPendingEvents:1228 com.android.server.wm.RootWindowContainer.performSurfacePlacement:777 
01-15 08:51:50.641  1517  1517 D RecentsView: onTaskDisplayChanged: 14, new displayId = 0
01-15 08:51:50.643   796   820 V GrammaticalInflectionUtils: AttributionSource: android.content.AttributionSource@327d0c6f does not have READ_SYSTEM_GRAMMATICAL_GENDER permission.
01-15 08:51:50.645   796  2326 V WindowManager: Continue transition id=30 for TaskFragmentTransaction=android.os.Binder@b2bad06
01-15 08:51:50.646   796  2326 V WindowManager: continueTransitionReady deferReadyDepth=0 stack=com.android.server.wm.TransitionController.continueTransitionReady:1071 com.android.server.wm.TaskFragmentOrganizerController$TaskFragmentOrganizerState.onTransactionFinished:546 com.android.server.wm.TaskFragmentOrganizerController.onTransactionHandled:740 android.window.ITaskFragmentOrganizerController$Stub.onTransact:225 android.os.Binder.execTransactInternal:1473 
01-15 08:51:50.647   695   790 W libbinder.IPCThreadState: Sending oneway calls to frozen process.
01-15 08:51:50.648   796   796 W Looper  : Drained
01-15 08:51:50.648  1278  1330 D WindowManagerShell: setLauncherKeepClearAreaHeight: visible=false, height=495
01-15 08:51:50.648  1278  1330 D ShellDesktopMode: DesktopRepository: Removes freeform task: taskId=13
01-15 08:51:50.649  1278  1330 W ShellDesktopMode: DesktopRepository: No display id found for task: taskId=13
01-15 08:51:50.649  1517  1517 D b/417220811: invalidateLoadedTasks - previous requestLoadId: -1
01-15 08:51:50.650  1517  1517 D b/417220811: invalidateLoadedTasks - previous requestLoadId: -1
01-15 08:51:50.650   796  1229 D BackgroundInstallControlService: Package event received: 0
01-15 08:51:50.650   579   579 I Zygote  : Entering forkRepeatedly native zygote loop
01-15 08:51:50.660 24953 26298 I Finsky  : [178] SCH: Received scheduling request: Id: 12-1, Constraints: [{ L: 15000, D: 86400000, C: CHARGING_NONE, I: IDLE_NONE, N: NET_ANY, B: BATTERY_ANY }]
01-15 08:51:50.668   579   579 D Zygote  : Forked child process 26307
01-15 08:51:50.674   796   828 I ActivityManager: Start proc 26307:com.geek2geeks.level/u0a227 for next-top-activity {com.geek2geeks.level/com.geek2geeks.level.MainActivity}
01-15 08:51:50.678 26307 26307 I Zygote  : Process 26307 created for com.geek2geeks.level
01-15 08:51:50.678 26307 26307 I eek2geeks.level: Late-enabling -Xcheck:jni
01-15 08:51:50.682  1517  1517 D BaseActivity: Launcher flags updated: [state_started] -[state_window_focused]
01-15 08:51:50.684 24953 25005 I Finsky  : [66] AIM: AppInfoManager-Perf > OnDeviceAppInfo > cacheHitCount=0, cacheMissCount=1. Missed  in cache (limit 10) : [com.geek2geeks.level]
01-15 08:51:50.685 24953 25005 I Finsky  : [66] AIM: Got app ownership map. App counts: . Unique apps: 0
01-15 08:51:50.685 24953 25005 E Finsky  : [66] [Counters] attempted to use a non-positive increment for: 4752
01-15 08:51:50.695 24965 26303 I Finsky:background: [108] Wrote row to frosting DB: 335
01-15 08:51:50.695 24953 25005 E Finsky  : [66] [Counters] attempted to use a non-positive increment for: 4753
01-15 08:51:50.702 26307 26307 I eek2geeks.level: Using CollectorTypeCMC GC.
01-15 08:51:50.703 26307 26307 W eek2geeks.level: Unexpected CPU variant for x86: x86_64.
01-15 08:51:50.703 26307 26307 W eek2geeks.level: Known variants: atom, sandybridge, silvermont, goldmont, goldmont-plus, goldmont-without-sha-xsaves, tremont, kabylake, alderlake, default
01-15 08:51:50.704 24953 24953 I Finsky  : [2] DTU: Received onPackageAdded, replacing: true
01-15 08:51:50.741  6005  6009 W .apps.wellbeing: Reducing the number of considered missed Gc histogram windows from 164 to 100
01-15 08:51:50.742 24965 24965 I Finsky:background: [2] ahkf - Received: android.intent.action.PACKAGE_ADDED, [UxVNumOqHAYJn2rwtNwBLbYnc1tvpdP0lk09hlGScwU]
01-15 08:51:50.767 26307 26307 I berberis: Initialized Berberis ((null)), version 16.0.0
01-15 08:51:50.770 24965 26303 I Finsky:background: [108] Wrote row to frosting DB: 336
