--------- beginning of main
01-15 08:32:33.304   796   829 I libprocessgroup: Removed cgroup /sys/fs/cgroup/apps/uid_90001/pid_25755
01-15 08:32:33.321  3424  8934 V MediaStore: Examining volume emulated;0 with name external_primary and state mounted
01-15 08:32:33.321  3424  8934 V MediaStore: Examining volume public:253,80 with name 0000-0000 and state mounted
01-15 08:32:33.468  3424  3424 W chromium: [WARNING:controller_impl.cc(1187)] Background download complete, client: 6, completion type: 0, file size:214315
01-15 08:32:33.473  3424  3424 W JobInfo : Job 'com.android.chrome/org.chromium.components.background_task_scheduler.internal.BackgroundTaskJobService#54' has a deadline with no functional constraints. The deadline won't improve job execution latency. Consider removing the deadline.
01-15 08:32:33.474   796  2326 W JobInfo : Job 'com.android.chrome/org.chromium.components.background_task_scheduler.internal.BackgroundTaskJobService#54' has a deadline with no functional constraints. The deadline won't improve job execution latency. Consider removing the deadline.
01-15 08:32:33.495   796  1178 D NetworkStatsObservers: Registering observer for RequestInfo from pid/uid:796/1000(android) for DataUsageRequest [ requestId=38, networkTemplate=NetworkTemplate: matchRule=MOBILE, matchSubscriberIds=[310260...], matchWifiNetworkKeys=[], metered=YES, defaultNetwork=NO, thresholdInBytes=3496826 ] accessLevel:3
01-15 08:32:33.496   796  1276 D NetworkStatsObservers: Unregistering RequestInfo from pid/uid:796/1000(android) for DataUsageRequest [ requestId=37, networkTemplate=NetworkTemplate: matchRule=MOBILE, matchSubscriberIds=[310260...], matchWifiNetworkKeys=[], metered=YES, defaultNetwork=NO, thresholdInBytes=3504282 ] accessLevel:3
01-15 08:32:33.528   796  2326 V GrammaticalInflectionUtils: AttributionSource: android.content.AttributionSource@f4f8c030 does not have READ_SYSTEM_GRAMMATICAL_GENDER permission.
01-15 08:32:33.540 25728 25728 D Zygote  : Forked child process 25771
01-15 08:32:33.544 25771 25771 I Zygote  : Process 25771 created for com.android.chrome:sandboxed_process0:org.chromium.content.app.SandboxedProcessService0:8
01-15 08:32:33.544 25771 25771 I ocessService0:8: Using CollectorTypeCMC GC.
01-15 08:32:33.545 25771 25771 W ocessService0:8: Unexpected CPU variant for x86: x86_64.
01-15 08:32:33.545 25771 25771 W ocessService0:8: Known variants: atom, sandybridge, silvermont, goldmont, goldmont-plus, goldmont-without-sha-xsaves, tremont, kabylake, alderlake, default
01-15 08:32:33.551 25771 25771 D nativeloader: Load libframework-connectivity-tiramisu-jni.so using APEX ns com_android_tethering for caller /apex/com.android.tethering/javalib/framework-connectivity-t.jar: ok
--------- beginning of system
01-15 08:32:33.560   796  2326 I ActivityManager: Start proc 25771:com.android.chrome:sandboxed_process0:org.chromium.content.app.SandboxedProcessService0:8/u0ai2 for  {com.android.chrome/org.chromium.content.app.SandboxedProcessService0:8}
01-15 08:32:33.570 25771 25771 D CompatChangeReporter: Compat change id reported: 202956589; UID 90002; state: ENABLED
01-15 08:32:33.574 25771 25771 I LoadedApk: No resource references to update in package com.google.android.trichromelibrary
01-15 08:32:33.576 25771 25771 I cr_SplitCompatApp: version=134.0.6998.135 (699813538) minSdkVersion=29 isBundle=false processName=com.android.chrome:sandboxed_process0:org.chromium.content.app.SandboxedProcessService0:8 isIsolatedProcess=true
01-15 08:32:33.618 25771 25771 I cr_ChildProcessService: Creating new ChildProcessService pid=25771
01-15 08:32:33.629 25771 25782 I cr_LibraryLoader: Successfully loaded native library
01-15 08:32:33.630 25771 25782 I cr_CachingUmaRecorder: Flushed 3 samples from 3 histograms, 0 samples were dropped.
01-15 08:32:33.642 25771 25782 W SystemServiceRegistry: No service published for: uimode
01-15 08:32:33.693 25771 25782 I chromium: [INFO:child_process_service.cc(73)] ChildProcessService: Exiting child process.
01-15 08:32:33.702   796  2007 I ActivityManager: Killing 25771:com.android.chrome:sandboxed_process0:org.chromium.content.app.SandboxedProcessService0:8/u0a162i-8998 (adj 0): isolated not needed
01-15 08:32:33.735 25728 25728 I Zygote  : Process 25771 exited cleanly (0)
01-15 08:32:33.742   796   829 I libprocessgroup: Removed cgroup /sys/fs/cgroup/apps/uid_90002/pid_25771
01-15 08:32:33.755  3424  8934 V MediaStore: Examining volume emulated;0 with name external_primary and state mounted
01-15 08:32:33.755  3424  8934 V MediaStore: Examining volume public:253,80 with name 0000-0000 and state mounted
01-15 08:32:33.762  3424  8934 V MediaStore: Examining volume emulated;0 with name external_primary and state mounted
01-15 08:32:33.762  3424  8934 V MediaStore: Examining volume public:253,80 with name 0000-0000 and state mounted
01-15 08:32:33.767  3424  8934 V MediaStore: Examining volume emulated;0 with name external_primary and state mounted
01-15 08:32:33.767  3424  8934 V MediaStore: Examining volume public:253,80 with name 0000-0000 and state mounted
01-15 08:32:33.801  3424  8936 V MediaStore: Examining volume emulated;0 with name external_primary and state mounted
01-15 08:32:33.801  3424  8936 V MediaStore: Examining volume public:253,80 with name 0000-0000 and state mounted
01-15 08:32:33.818  3424  3424 W chromium: [WARNING:controller_impl.cc(1187)] Background download complete, client: 6, completion type: 0, file size:24028
01-15 08:32:33.820  3424  3424 W JobInfo : Job 'com.android.chrome/org.chromium.components.background_task_scheduler.internal.BackgroundTaskJobService#54' has a deadline with no functional constraints. The deadline won't improve job execution latency. Consider removing the deadline.
01-15 08:32:33.820   796  2007 W JobInfo : Job 'com.android.chrome/org.chromium.components.background_task_scheduler.internal.BackgroundTaskJobService#54' has a deadline with no functional constraints. The deadline won't improve job execution latency. Consider removing the deadline.
01-15 08:32:33.820  3424  8936 V MediaStore: Examining volume emulated;0 with name external_primary and state mounted
01-15 08:32:33.820  3424  8936 V MediaStore: Examining volume public:253,80 with name 0000-0000 and state mounted
01-15 08:32:33.836   796  2007 V GrammaticalInflectionUtils: AttributionSource: android.content.AttributionSource@f6ad98cf does not have READ_SYSTEM_GRAMMATICAL_GENDER permission.
01-15 08:32:33.845 25728 25728 D Zygote  : Forked child process 25790
01-15 08:32:33.848 25790 25790 I Zygote  : Process 25790 created for com.android.chrome:sandboxed_process0:org.chromium.content.app.SandboxedProcessService0:9
01-15 08:32:33.848 25790 25790 I ocessService0:9: Using CollectorTypeCMC GC.
01-15 08:32:33.848 25790 25790 W ocessService0:9: Unexpected CPU variant for x86: x86_64.
01-15 08:32:33.848 25790 25790 W ocessService0:9: Known variants: atom, sandybridge, silvermont, goldmont, goldmont-plus, goldmont-without-sha-xsaves, tremont, kabylake, alderlake, default
01-15 08:32:33.854 25790 25790 D nativeloader: Load libframework-connectivity-tiramisu-jni.so using APEX ns com_android_tethering for caller /apex/com.android.tethering/javalib/framework-connectivity-t.jar: ok
01-15 08:32:33.859   796  2007 I ActivityManager: Start proc 25790:com.android.chrome:sandboxed_process0:org.chromium.content.app.SandboxedProcessService0:9/u0ai3 for  {com.android.chrome/org.chromium.content.app.SandboxedProcessService0:9}
01-15 08:32:33.871 25790 25790 D CompatChangeReporter: Compat change id reported: 202956589; UID 90003; state: ENABLED
01-15 08:32:33.875 25790 25790 I LoadedApk: No resource references to update in package com.google.android.trichromelibrary
01-15 08:32:33.877 25790 25790 I cr_SplitCompatApp: version=134.0.6998.135 (699813538) minSdkVersion=29 isBundle=false processName=com.android.chrome:sandboxed_process0:org.chromium.content.app.SandboxedProcessService0:9 isIsolatedProcess=true
01-15 08:32:33.882 25790 25790 I cr_ChildProcessService: Creating new ChildProcessService pid=25790
01-15 08:32:33.886 25790 25801 I cr_LibraryLoader: Successfully loaded native library
01-15 08:32:33.886 25790 25801 I cr_CachingUmaRecorder: Flushed 3 samples from 3 histograms, 0 samples were dropped.
01-15 08:32:33.892 25790 25801 W SystemServiceRegistry: No service published for: uimode
01-15 08:32:33.895 25790 25790 W ThreadPoolForeg: type=1400 audit(0.0:76): avc:  denied  { setattr } for  name="model-info.pb" dev="dm-56" ino=361741 scontext=u:r:isolated_app:s0:c512,c768 tcontext=u:object_r:app_data_file:s0:c162,c256,c512,c768 tclass=file permissive=0
01-15 08:32:33.899 25790 25790 W ThreadPoolForeg: type=1400 audit(0.0:77): avc:  denied  { setattr } for  name="model.tflite" dev="dm-56" ino=361742 scontext=u:r:isolated_app:s0:c512,c768 tcontext=u:object_r:app_data_file:s0:c162,c256,c512,c768 tclass=file permissive=0
01-15 08:32:33.908 25790 25801 I chromium: [INFO:child_process_service.cc(73)] ChildProcessService: Exiting child process.
01-15 08:32:33.909   796  2326 I ActivityManager: Killing 25790:com.android.chrome:sandboxed_process0:org.chromium.content.app.SandboxedProcessService0:9/u0a162i-8997 (adj 0): isolated not needed
01-15 08:32:33.915 25728 25728 I Zygote  : Process 25790 exited cleanly (0)
01-15 08:32:33.917   796   829 I libprocessgroup: Removed cgroup /sys/fs/cgroup/apps/uid_90003/pid_25790
01-15 08:32:34.099  3424  3424 W chromium: [WARNING:controller_impl.cc(1187)] Background download complete, client: 6, completion type: 0, file size:2992963
01-15 08:32:34.099  3424  3424 W JobInfo : Job 'com.android.chrome/org.chromium.components.background_task_scheduler.internal.BackgroundTaskJobService#54' has a deadline with no functional constraints. The deadline won't improve job execution latency. Consider removing the deadline.
01-15 08:32:34.100   796  2007 W JobInfo : Job 'com.android.chrome/org.chromium.components.background_task_scheduler.internal.BackgroundTaskJobService#54' has a deadline with no functional constraints. The deadline won't improve job execution latency. Consider removing the deadline.
01-15 08:32:34.122   796  2007 W JobScheduler: Job didn't exist in JobStore: edd7e29 #u0a162/53 com.android.chrome/org.chromium.components.background_task_scheduler.internal.BackgroundTaskJobService
01-15 08:32:34.122  3424  3424 W cr_BkgrdTaskJS: Failed to stop job, because job with job id 53 does not exist.
01-15 08:32:34.123   695   788 W libbinder.IPCThreadState: Sending oneway calls to frozen process.
01-15 08:32:34.130   695   695 W libbinder.IPCThreadState: Sending oneway calls to frozen process.
01-15 08:32:34.150   796  2833 V GrammaticalInflectionUtils: AttributionSource: android.content.AttributionSource@f862716e does not have READ_SYSTEM_GRAMMATICAL_GENDER permission.
01-15 08:32:34.156 25728 25728 D Zygote  : Forked child process 25807
01-15 08:32:34.158 25807 25807 I Zygote  : Process 25807 created for com.android.chrome:sandboxed_process0:org.chromium.content.app.SandboxedProcessService0:10
01-15 08:32:34.158 25807 25807 I cessService0:10: Using CollectorTypeCMC GC.
01-15 08:32:34.158 25807 25807 W cessService0:10: Unexpected CPU variant for x86: x86_64.
01-15 08:32:34.158 25807 25807 W cessService0:10: Known variants: atom, sandybridge, silvermont, goldmont, goldmont-plus, goldmont-without-sha-xsaves, tremont, kabylake, alderlake, default
01-15 08:32:34.162 25807 25807 D nativeloader: Load libframework-connectivity-tiramisu-jni.so using APEX ns com_android_tethering for caller /apex/com.android.tethering/javalib/framework-connectivity-t.jar: ok
01-15 08:32:34.166   796  2833 I ActivityManager: Start proc 25807:com.android.chrome:sandboxed_process0:org.chromium.content.app.SandboxedProcessService0:10/u0ai4 for  {com.android.chrome/org.chromium.content.app.SandboxedProcessService0:10}
01-15 08:32:34.172 25807 25807 D CompatChangeReporter: Compat change id reported: 202956589; UID 90004; state: ENABLED
01-15 08:32:34.176 25807 25807 I LoadedApk: No resource references to update in package com.google.android.trichromelibrary
01-15 08:32:34.177 25807 25807 I cr_SplitCompatApp: version=134.0.6998.135 (699813538) minSdkVersion=29 isBundle=false processName=com.android.chrome:sandboxed_process0:org.chromium.content.app.SandboxedProcessService0:10 isIsolatedProcess=true
01-15 08:32:34.184 25807 25807 I cr_ChildProcessService: Creating new ChildProcessService pid=25807
01-15 08:32:34.189 25807 25818 I cr_LibraryLoader: Successfully loaded native library
01-15 08:32:34.189 25807 25818 I cr_CachingUmaRecorder: Flushed 3 samples from 3 histograms, 0 samples were dropped.
01-15 08:32:34.194 25807 25818 W SystemServiceRegistry: No service published for: uimode
01-15 08:32:34.235 25807 25807 W ThreadPoolForeg: type=1400 audit(0.0:78): avc:  denied  { setattr } for  name="model.tflite" dev="dm-56" ino=361747 scontext=u:r:isolated_app:s0:c512,c768 tcontext=u:object_r:app_data_file:s0:c162,c256,c512,c768 tclass=file permissive=0
01-15 08:32:34.235 25807 25807 W ThreadPoolForeg: type=1400 audit(0.0:79): avc:  denied  { setattr } for  name="vocab_en-us.txt" dev="dm-56" ino=361748 scontext=u:r:isolated_app:s0:c512,c768 tcontext=u:object_r:app_data_file:s0:c162,c256,c512,c768 tclass=file permissive=0
01-15 08:32:34.239 25807 25807 W ThreadPoolForeg: type=1400 audit(0.0:80): avc:  denied  { setattr } for  name="enus_denylist_encoded_241007.txt" dev="dm-56" ino=361749 scontext=u:r:isolated_app:s0:c512,c768 tcontext=u:object_r:app_data_file:s0:c162,c256,c512,c768 tclass=file permissive=0
01-15 08:32:34.251 25807 25818 I chromium: [INFO:child_process_service.cc(73)] ChildProcessService: Exiting child process.
01-15 08:32:34.254   796  2326 I ActivityManager: Killing 25807:com.android.chrome:sandboxed_process0:org.chromium.content.app.SandboxedProcessService0:10/u0a162i-8996 (adj 0): isolated not needed
01-15 08:32:34.259 25728 25728 I Zygote  : Process 25807 exited cleanly (0)
01-15 08:32:34.260   796   829 I libprocessgroup: Removed cgroup /sys/fs/cgroup/apps/uid_90004/pid_25807
01-15 08:32:35.908   796  1180 I HalDevMgr: bestIfaceCreationProposal is null, requestIface=STA, existingIface=[name=wlan0 type=STA]
01-15 08:32:36.976 25824 25824 W libbinder.BackendUnifiedServiceManager: Thread Pool max thread count is 0. Cannot cache binder as linkToDeath cannot be implemented. serviceName: package
01-15 08:32:37.183  3185  5446 I artd    : GetBestInfo: odex next to the dex file (/data/app/~~32zfW-euUumZmapXCsiMfw==/com.google.android.gms-BB5zRItgPYm45pDbJHp9zQ==/oat/x86_64/base.odex) is kOatUpToDate with filter 'speed-profile' executable 'false'
01-15 08:32:37.188  3185  5446 I artd    : GetBestInfo: odex next to the dex file (/data/app/~~32zfW-euUumZmapXCsiMfw==/com.google.android.gms-BB5zRItgPYm45pDbJHp9zQ==/oat/x86_64/split_AdsDynamite_installtime.odex) is kOatUpToDate with filter 'speed' executable 'false'
01-15 08:32:37.189  3185  5446 I artd    : GetBestInfo: odex next to the dex file (/data/app/~~32zfW-euUumZmapXCsiMfw==/com.google.android.gms-BB5zRItgPYm45pDbJHp9zQ==/oat/x86_64/split_CronetDynamite_installtime.odex) is kOatUpToDate with filter 'speed' executable 'false'
01-15 08:32:37.191  3185  5446 I artd    : GetBestInfo: odex next to the dex file (/data/app/~~32zfW-euUumZmapXCsiMfw==/com.google.android.gms-BB5zRItgPYm45pDbJHp9zQ==/oat/x86_64/split_DynamiteLoader_installtime.odex) is kOatUpToDate with filter 'speed' executable 'false'
01-15 08:32:37.193  3185  5446 I artd    : GetBestInfo: odex next to the dex file (/data/app/~~32zfW-euUumZmapXCsiMfw==/com.google.android.gms-BB5zRItgPYm45pDbJHp9zQ==/oat/x86_64/split_DynamiteModulesA_installtime.odex) is kOatUpToDate with filter 'speed' executable 'false'
01-15 08:32:37.194  3185  5446 I artd    : GetBestInfo: odex next to the dex file (/data/app/~~32zfW-euUumZmapXCsiMfw==/com.google.android.gms-BB5zRItgPYm45pDbJHp9zQ==/oat/x86_64/split_DynamiteModulesC_installtime.odex) is kOatUpToDate with filter 'speed' executable 'false'
01-15 08:32:37.196  3185  5446 I artd    : GetBestInfo: odex next to the dex file (/data/app/~~32zfW-euUumZmapXCsiMfw==/com.google.android.gms-BB5zRItgPYm45pDbJHp9zQ==/oat/x86_64/split_GoogleCertificates_installtime.odex) is kOatUpToDate with filter 'speed' executable 'false'
01-15 08:32:37.197  3185  5446 I artd    : GetBestInfo: odex next to the dex file (/data/app/~~32zfW-euUumZmapXCsiMfw==/com.google.android.gms-BB5zRItgPYm45pDbJHp9zQ==/oat/x86_64/split_MapsDynamite_installtime.odex) is kOatUpToDate with filter 'speed' executable 'false'
01-15 08:32:37.199  3185  5446 I artd    : GetBestInfo: odex next to the dex file (/data/app/~~32zfW-euUumZmapXCsiMfw==/com.google.android.gms-BB5zRItgPYm45pDbJHp9zQ==/oat/x86_64/split_MeasurementDynamite_installtime.odex) is kOatUpToDate with filter 'speed' executable 'false'
01-15 08:32:37.200  3185  5446 I artd    : GetBestInfo: odex next to the dex file (/data/app/~~32zfW-euUumZmapXCsiMfw==/com.google.android.gms-BB5zRItgPYm45pDbJHp9zQ==/oat/x86_64/split_all_locale_splits.odex) is kOatUpToDate with filter 'speed' executable 'false'
01-15 08:32:37.201  3185  5446 I artd    : GetBestInfo: /data/user_de/0/com.google.android.gms/app_chimera/m/00000008/dl-TfliteDynamiteDynamite.integ_243930802100800.apk has no usable artifacts
01-15 08:32:37.202  3185  5446 I artd    : GetBestInfo: /data/user_de/0/com.google.android.gms/app_chimera/m/00000010/dl-PlayCloudSearch.optional_254932100000.apk has no usable artifacts
01-15 08:32:37.203  3185  5446 I artd    : GetBestInfo: /data/user_de/0/com.google.android.gms/app_chimera/m/00000001/CronetDynamite.apk has no usable artifacts
01-15 08:32:37.204  3185  5446 I artd    : GetBestInfo: /data/user_de/0/com.google.android.gms/app_chimera/m/00000011/dl-VisionOcr.optional_254932100000.apk has no usable artifacts
01-15 08:32:37.204  3185  5446 I artd    : GetBestInfo: /data/user_de/0/com.google.android.gms/app_chimera/m/00000002/DynamiteLoader.apk has no usable artifacts
01-15 08:32:37.206  3185  5446 I artd    : GetBestInfo: /data/user_de/0/com.google.android.gms/app_chimera/m/0000000f/dl-MlkitOcrCommon.optional_254932100800.apk has no usable artifacts
01-15 08:32:37.207  3185  5446 I artd    : GetBestInfo: /data/user_de/0/com.google.android.gms/app_chimera/m/00000005/GoogleCertificates.apk has no usable artifacts
01-15 08:32:37.208  3185  5446 I artd    : GetBestInfo: /data/user_de/0/com.google.android.gms/app_chimera/m/0000000e/dl-MlkitBarcodeUi.optional_254932100800.apk has no usable artifacts
01-15 08:32:37.210  3185  5446 I artd    : GetBestInfo: /data/user_de/0/com.google.android.gms/app_chimera/m/0000000a/dl-VisionOcr.optional_253434100000.apk has no usable artifacts
01-15 08:32:37.211  3185  5446 I artd    : GetBestInfo: /data/user_de/0/com.google.android.gms/app_chimera/m/0000000d/dl-Appsearch.optional_254932100800.apk has no usable artifacts
01-15 08:32:37.213  3185  5446 I artd    : GetBestInfo: /data/user_de/0/com.google.android.gms/app_chimera/m/00000009/dl-MlkitOcrCommon.optional_253434100800.apk has no usable artifacts
01-15 08:32:37.215  3185  5446 I artd    : GetBestInfo: /data/user_de/0/com.google.android.gms/app_chimera/m/0000000b/dl-PlayCloudSearch.optional_253434100000.apk has no usable artifacts
01-15 08:32:37.217  3185  5446 I artd    : GetBestInfo: vdex next to the dex file (/data/user/0/com.google.android.gms/app_dg_cache/D7ECB6ECAAAB0DCD8DECD74AE43F16D2EC2B3A20/oat/x86_64/the.vdex) is kOatUpToDate with filter 'verify' executable 'false'
01-15 08:32:37.217  3185  5446 W artd    : Could not get dex checksums for location /data/app/~~bOQytt44Qr5Gb_ikif2I-Q==/com.android.vending-QpoCtcw5VYD9UTaWrMAz-A==/base.apk, fd=-1
01-15 08:32:38.915   796  1180 I HalDevMgr: bestIfaceCreationProposal is null, requestIface=STA, existingIface=[name=wlan0 type=STA]
01-15 08:32:39.134   796  1186 D InetDiagMessage: Destroyed 0 sockets, proto=IPPROTO_TCP, family=AF_INET, states=14
01-15 08:32:39.134   796  1186 D InetDiagMessage: Destroyed 0 sockets, proto=IPPROTO_TCP, family=AF_INET6, states=14
01-15 08:32:39.134   796  1186 D InetDiagMessage: Destroyed live tcp sockets for uids={10224} in 2ms
01-15 08:32:39.135   796  1186 D InetDiagMessage: Destroyed 0 sockets, proto=IPPROTO_TCP, family=AF_INET, states=14
01-15 08:32:39.135   796  1186 D InetDiagMessage: Destroyed 0 sockets, proto=IPPROTO_TCP, family=AF_INET6, states=14
01-15 08:32:39.135   796  1186 D InetDiagMessage: Destroyed live tcp sockets for uids={20224} in 0ms
01-15 08:32:39.136   796  1186 D InetDiagMessage: Destroyed 0 sockets, proto=IPPROTO_TCP, family=AF_INET, states=14
01-15 08:32:39.136   796  1186 D InetDiagMessage: Destroyed 0 sockets, proto=IPPROTO_TCP, family=AF_INET6, states=14
01-15 08:32:39.136   796  1186 D InetDiagMessage: Destroyed live tcp sockets for uids={10162} in 1ms
01-15 08:32:39.136   796  1186 D InetDiagMessage: Destroyed 0 sockets, proto=IPPROTO_TCP, family=AF_INET, states=14
01-15 08:32:39.136   796  1186 D InetDiagMessage: Destroyed 0 sockets, proto=IPPROTO_TCP, family=AF_INET6, states=14
01-15 08:32:39.136   796  1186 D InetDiagMessage: Destroyed live tcp sockets for uids={20162} in 0ms
01-15 08:32:39.270   579   579 I Zygote  : Process 25728 exited due to signal 9 (Killed)
01-15 08:32:39.270   796   827 I libprocessgroup: Removed cgroup /sys/fs/cgroup/apps/uid_10162/pid_25728
01-15 08:32:40.828  1462  1614 D SatelliteController: iisInCarrierRoamingNbIotNtn: satellite is disabled
01-15 08:32:40.830  1462  1614 D SatelliteController: getCarrierRoamingNtnConnectType: Falling back to global carrier config connect type: 0
01-15 08:32:41.924   796  1180 I HalDevMgr: bestIfaceCreationProposal is null, requestIface=STA, existingIface=[name=wlan0 type=STA]
01-15 08:32:44.146   796   905 D ActivityManager: freezing 3424 com.android.chrome
01-15 08:32:44.149   796   905 D ActivityManager: freezing 2815 com.google.android.adservices.api
01-15 08:32:44.150   796  1186 D InetDiagMessage: Destroyed 0 sockets, proto=IPPROTO_TCP, family=AF_INET, states=14
01-15 08:32:44.150   796  1186 D InetDiagMessage: Destroyed 0 sockets, proto=IPPROTO_TCP, family=AF_INET6, states=14
01-15 08:32:44.151   796  1186 D InetDiagMessage: Destroyed live tcp sockets for uids={10162} in 1ms
01-15 08:32:44.187   796  1186 D InetDiagMessage: Destroyed 0 sockets, proto=IPPROTO_TCP, family=AF_INET, states=14
01-15 08:32:44.187   796  1186 D InetDiagMessage: Destroyed 0 sockets, proto=IPPROTO_TCP, family=AF_INET6, states=14
01-15 08:32:44.187   796  1186 D InetDiagMessage: Destroyed live tcp sockets for uids={10224} in 0ms
01-15 08:32:44.932   796  1180 I HalDevMgr: bestIfaceCreationProposal is null, requestIface=STA, existingIface=[name=wlan0 type=STA]
01-15 08:32:46.986 25827 25827 W libbinder.BackendUnifiedServiceManager: Thread Pool max thread count is 0. Cannot cache binder as linkToDeath cannot be implemented. serviceName: package
01-15 08:32:47.228  3185  5446 I artd    : GetBestInfo: odex next to the dex file (/data/app/~~32zfW-euUumZmapXCsiMfw==/com.google.android.gms-BB5zRItgPYm45pDbJHp9zQ==/oat/x86_64/base.odex) is kOatUpToDate with filter 'speed-profile' executable 'false'
01-15 08:32:47.232  3185  4703 I artd    : GetBestInfo: odex next to the dex file (/data/app/~~32zfW-euUumZmapXCsiMfw==/com.google.android.gms-BB5zRItgPYm45pDbJHp9zQ==/oat/x86_64/split_AdsDynamite_installtime.odex) is kOatUpToDate with filter 'speed' executable 'false'
01-15 08:32:47.235  3185  4703 I artd    : GetBestInfo: odex next to the dex file (/data/app/~~32zfW-euUumZmapXCsiMfw==/com.google.android.gms-BB5zRItgPYm45pDbJHp9zQ==/oat/x86_64/split_CronetDynamite_installtime.odex) is kOatUpToDate with filter 'speed' executable 'false'
01-15 08:32:47.237  3185  4703 I artd    : GetBestInfo: odex next to the dex file (/data/app/~~32zfW-euUumZmapXCsiMfw==/com.google.android.gms-BB5zRItgPYm45pDbJHp9zQ==/oat/x86_64/split_DynamiteLoader_installtime.odex) is kOatUpToDate with filter 'speed' executable 'false'
01-15 08:32:47.239  3185  4703 I artd    : GetBestInfo: odex next to the dex file (/data/app/~~32zfW-euUumZmapXCsiMfw==/com.google.android.gms-BB5zRItgPYm45pDbJHp9zQ==/oat/x86_64/split_DynamiteModulesA_installtime.odex) is kOatUpToDate with filter 'speed' executable 'false'
01-15 08:32:47.241  3185  4703 I artd    : GetBestInfo: odex next to the dex file (/data/app/~~32zfW-euUumZmapXCsiMfw==/com.google.android.gms-BB5zRItgPYm45pDbJHp9zQ==/oat/x86_64/split_DynamiteModulesC_installtime.odex) is kOatUpToDate with filter 'speed' executable 'false'
01-15 08:32:47.243  3185  4703 I artd    : GetBestInfo: odex next to the dex file (/data/app/~~32zfW-euUumZmapXCsiMfw==/com.google.android.gms-BB5zRItgPYm45pDbJHp9zQ==/oat/x86_64/split_GoogleCertificates_installtime.odex) is kOatUpToDate with filter 'speed' executable 'false'
01-15 08:32:47.245  3185  4703 I artd    : GetBestInfo: odex next to the dex file (/data/app/~~32zfW-euUumZmapXCsiMfw==/com.google.android.gms-BB5zRItgPYm45pDbJHp9zQ==/oat/x86_64/split_MapsDynamite_installtime.odex) is kOatUpToDate with filter 'speed' executable 'false'
01-15 08:32:47.246  3185  4703 I artd    : GetBestInfo: odex next to the dex file (/data/app/~~32zfW-euUumZmapXCsiMfw==/com.google.android.gms-BB5zRItgPYm45pDbJHp9zQ==/oat/x86_64/split_MeasurementDynamite_installtime.odex) is kOatUpToDate with filter 'speed' executable 'false'
01-15 08:32:47.248  3185  4703 I artd    : GetBestInfo: odex next to the dex file (/data/app/~~32zfW-euUumZmapXCsiMfw==/com.google.android.gms-BB5zRItgPYm45pDbJHp9zQ==/oat/x86_64/split_all_locale_splits.odex) is kOatUpToDate with filter 'speed' executable 'false'
01-15 08:32:47.249  3185  4703 I artd    : GetBestInfo: /data/user_de/0/com.google.android.gms/app_chimera/m/00000008/dl-TfliteDynamiteDynamite.integ_243930802100800.apk has no usable artifacts
01-15 08:32:47.251  3185  4703 I artd    : GetBestInfo: /data/user_de/0/com.google.android.gms/app_chimera/m/00000010/dl-PlayCloudSearch.optional_254932100000.apk has no usable artifacts
01-15 08:32:47.251  3185  4703 I artd    : GetBestInfo: /data/user_de/0/com.google.android.gms/app_chimera/m/00000001/CronetDynamite.apk has no usable artifacts
01-15 08:32:47.252  3185  4703 I artd    : GetBestInfo: /data/user_de/0/com.google.android.gms/app_chimera/m/00000011/dl-VisionOcr.optional_254932100000.apk has no usable artifacts
01-15 08:32:47.252  3185  4703 I artd    : GetBestInfo: /data/user_de/0/com.google.android.gms/app_chimera/m/00000002/DynamiteLoader.apk has no usable artifacts
01-15 08:32:47.253  3185  4703 I artd    : GetBestInfo: /data/user_de/0/com.google.android.gms/app_chimera/m/0000000f/dl-MlkitOcrCommon.optional_254932100800.apk has no usable artifacts
01-15 08:32:47.254  3185  4703 I artd    : GetBestInfo: /data/user_de/0/com.google.android.gms/app_chimera/m/00000005/GoogleCertificates.apk has no usable artifacts
01-15 08:32:47.255  3185  4703 I artd    : GetBestInfo: /data/user_de/0/com.google.android.gms/app_chimera/m/0000000e/dl-MlkitBarcodeUi.optional_254932100800.apk has no usable artifacts
01-15 08:32:47.256  3185  4703 I artd    : GetBestInfo: /data/user_de/0/com.google.android.gms/app_chimera/m/0000000a/dl-VisionOcr.optional_253434100000.apk has no usable artifacts
01-15 08:32:47.258  3185  5446 I artd    : GetBestInfo: /data/user_de/0/com.google.android.gms/app_chimera/m/0000000d/dl-Appsearch.optional_254932100800.apk has no usable artifacts
01-15 08:32:47.260  3185  5446 I artd    : GetBestInfo: /data/user_de/0/com.google.android.gms/app_chimera/m/00000009/dl-MlkitOcrCommon.optional_253434100800.apk has no usable artifacts
01-15 08:32:47.262  3185  5446 I artd    : GetBestInfo: /data/user_de/0/com.google.android.gms/app_chimera/m/0000000b/dl-PlayCloudSearch.optional_253434100000.apk has no usable artifacts
01-15 08:32:47.264  3185  5446 I artd    : GetBestInfo: vdex next to the dex file (/data/user/0/com.google.android.gms/app_dg_cache/D7ECB6ECAAAB0DCD8DECD74AE43F16D2EC2B3A20/oat/x86_64/the.vdex) is kOatUpToDate with filter 'verify' executable 'false'
01-15 08:32:47.264  3185  5446 W artd    : Could not get dex checksums for location /data/app/~~bOQytt44Qr5Gb_ikif2I-Q==/com.android.vending-QpoCtcw5VYD9UTaWrMAz-A==/base.apk, fd=-1
01-15 08:32:47.942   796  1180 I HalDevMgr: bestIfaceCreationProposal is null, requestIface=STA, existingIface=[name=wlan0 type=STA]
01-15 08:32:50.829  1462  1614 D SatelliteController: iisInCarrierRoamingNbIotNtn: satellite is disabled
01-15 08:32:50.829  1462  1614 D SatelliteController: getCarrierRoamingNtnConnectType: Falling back to global carrier config connect type: 0
01-15 08:32:50.949   796  1180 I HalDevMgr: bestIfaceCreationProposal is null, requestIface=STA, existingIface=[name=wlan0 type=STA]
01-15 08:32:53.956   796  1180 I HalDevMgr: bestIfaceCreationProposal is null, requestIface=STA, existingIface=[name=wlan0 type=STA]
01-15 08:32:56.962   796  1180 I HalDevMgr: bestIfaceCreationProposal is null, requestIface=STA, existingIface=[name=wlan0 type=STA]
01-15 08:32:56.993 25830 25830 W libbinder.BackendUnifiedServiceManager: Thread Pool max thread count is 0. Cannot cache binder as linkToDeath cannot be implemented. serviceName: package
01-15 08:32:57.219  3185  4703 I artd    : GetBestInfo: odex next to the dex file (/data/app/~~32zfW-euUumZmapXCsiMfw==/com.google.android.gms-BB5zRItgPYm45pDbJHp9zQ==/oat/x86_64/base.odex) is kOatUpToDate with filter 'speed-profile' executable 'false'
01-15 08:32:57.222  3185  4703 I artd    : GetBestInfo: odex next to the dex file (/data/app/~~32zfW-euUumZmapXCsiMfw==/com.google.android.gms-BB5zRItgPYm45pDbJHp9zQ==/oat/x86_64/split_AdsDynamite_installtime.odex) is kOatUpToDate with filter 'speed' executable 'false'
01-15 08:32:57.224  3185  4703 I artd    : GetBestInfo: odex next to the dex file (/data/app/~~32zfW-euUumZmapXCsiMfw==/com.google.android.gms-BB5zRItgPYm45pDbJHp9zQ==/oat/x86_64/split_CronetDynamite_installtime.odex) is kOatUpToDate with filter 'speed' executable 'false'
01-15 08:32:57.226  3185  4703 I artd    : GetBestInfo: odex next to the dex file (/data/app/~~32zfW-euUumZmapXCsiMfw==/com.google.android.gms-BB5zRItgPYm45pDbJHp9zQ==/oat/x86_64/split_DynamiteLoader_installtime.odex) is kOatUpToDate with filter 'speed' executable 'false'
01-15 08:32:57.227  3185  4703 I artd    : GetBestInfo: odex next to the dex file (/data/app/~~32zfW-euUumZmapXCsiMfw==/com.google.android.gms-BB5zRItgPYm45pDbJHp9zQ==/oat/x86_64/split_DynamiteModulesA_installtime.odex) is kOatUpToDate with filter 'speed' executable 'false'
01-15 08:32:57.229  3185  4703 I artd    : GetBestInfo: odex next to the dex file (/data/app/~~32zfW-euUumZmapXCsiMfw==/com.google.android.gms-BB5zRItgPYm45pDbJHp9zQ==/oat/x86_64/split_DynamiteModulesC_installtime.odex) is kOatUpToDate with filter 'speed' executable 'false'
01-15 08:32:57.230  3185  4703 I artd    : GetBestInfo: odex next to the dex file (/data/app/~~32zfW-euUumZmapXCsiMfw==/com.google.android.gms-BB5zRItgPYm45pDbJHp9zQ==/oat/x86_64/split_GoogleCertificates_installtime.odex) is kOatUpToDate with filter 'speed' executable 'false'
01-15 08:32:57.232  3185  4703 I artd    : GetBestInfo: odex next to the dex file (/data/app/~~32zfW-euUumZmapXCsiMfw==/com.google.android.gms-BB5zRItgPYm45pDbJHp9zQ==/oat/x86_64/split_MapsDynamite_installtime.odex) is kOatUpToDate with filter 'speed' executable 'false'
01-15 08:32:57.233  3185  4703 I artd    : GetBestInfo: odex next to the dex file (/data/app/~~32zfW-euUumZmapXCsiMfw==/com.google.android.gms-BB5zRItgPYm45pDbJHp9zQ==/oat/x86_64/split_MeasurementDynamite_installtime.odex) is kOatUpToDate with filter 'speed' executable 'false'
01-15 08:32:57.235  3185  4703 I artd    : GetBestInfo: odex next to the dex file (/data/app/~~32zfW-euUumZmapXCsiMfw==/com.google.android.gms-BB5zRItgPYm45pDbJHp9zQ==/oat/x86_64/split_all_locale_splits.odex) is kOatUpToDate with filter 'speed' executable 'false'
01-15 08:32:57.236  3185  4703 I artd    : GetBestInfo: /data/user_de/0/com.google.android.gms/app_chimera/m/00000008/dl-TfliteDynamiteDynamite.integ_243930802100800.apk has no usable artifacts
01-15 08:32:57.237  3185  4703 I artd    : GetBestInfo: /data/user_de/0/com.google.android.gms/app_chimera/m/00000010/dl-PlayCloudSearch.optional_254932100000.apk has no usable artifacts
01-15 08:32:57.237  3185  4703 I artd    : GetBestInfo: /data/user_de/0/com.google.android.gms/app_chimera/m/00000001/CronetDynamite.apk has no usable artifacts
01-15 08:32:57.238  3185  4703 I artd    : GetBestInfo: /data/user_de/0/com.google.android.gms/app_chimera/m/00000011/dl-VisionOcr.optional_254932100000.apk has no usable artifacts
01-15 08:32:57.239  3185  4703 I artd    : GetBestInfo: /data/user_de/0/com.google.android.gms/app_chimera/m/00000002/DynamiteLoader.apk has no usable artifacts
01-15 08:32:57.240  3185  4703 I artd    : GetBestInfo: /data/user_de/0/com.google.android.gms/app_chimera/m/0000000f/dl-MlkitOcrCommon.optional_254932100800.apk has no usable artifacts
01-15 08:32:57.240  3185  4703 I artd    : GetBestInfo: /data/user_de/0/com.google.android.gms/app_chimera/m/00000005/GoogleCertificates.apk has no usable artifacts
01-15 08:32:57.241  3185  4703 I artd    : GetBestInfo: /data/user_de/0/com.google.android.gms/app_chimera/m/0000000e/dl-MlkitBarcodeUi.optional_254932100800.apk has no usable artifacts
01-15 08:32:57.243  3185  4703 I artd    : GetBestInfo: /data/user_de/0/com.google.android.gms/app_chimera/m/0000000a/dl-VisionOcr.optional_253434100000.apk has no usable artifacts
01-15 08:32:57.244  3185  4703 I artd    : GetBestInfo: /data/user_de/0/com.google.android.gms/app_chimera/m/0000000d/dl-Appsearch.optional_254932100800.apk has no usable artifacts
01-15 08:32:57.246  3185  4703 I artd    : GetBestInfo: /data/user_de/0/com.google.android.gms/app_chimera/m/00000009/dl-MlkitOcrCommon.optional_253434100800.apk has no usable artifacts
01-15 08:32:57.248  3185  4703 I artd    : GetBestInfo: /data/user_de/0/com.google.android.gms/app_chimera/m/0000000b/dl-PlayCloudSearch.optional_253434100000.apk has no usable artifacts
01-15 08:32:57.249  3185  4703 I artd    : GetBestInfo: vdex next to the dex file (/data/user/0/com.google.android.gms/app_dg_cache/D7ECB6ECAAAB0DCD8DECD74AE43F16D2EC2B3A20/oat/x86_64/the.vdex) is kOatUpToDate with filter 'verify' executable 'false'
01-15 08:32:57.250  3185  4703 W artd    : Could not get dex checksums for location /data/app/~~bOQytt44Qr5Gb_ikif2I-Q==/com.android.vending-QpoCtcw5VYD9UTaWrMAz-A==/base.apk, fd=-1
01-15 08:32:59.970   796  1180 I HalDevMgr: bestIfaceCreationProposal is null, requestIface=STA, existingIface=[name=wlan0 type=STA]
01-15 08:33:00.829  1462  1614 D SatelliteController: iisInCarrierRoamingNbIotNtn: satellite is disabled
01-15 08:33:00.829  1462  1614 D SatelliteController: getCarrierRoamingNtnConnectType: Falling back to global carrier config connect type: 0
01-15 08:33:02.327  5536  6802 I NetworkScheduler.Stats: (REDACTED) Task %s/%s started execution. cause:%s exec_start_elapsed_seconds: %s
01-15 08:33:02.335   796  2326 D ActivityManager: sync unfroze 5799 com.google.android.gms.unstable for 6
01-15 08:33:02.338   796  1229 D BackgroundInstallControlService: Package event received: 0
01-15 08:33:02.347   796  2833 W ProcessStats: Tracking association SourceState{f9e4f05 com.google.android.gms.persistent/10155 BFgs #13711} whose proc state 4 is better than process ProcessState{5595b5a com.google.android.gms.unstable/10155 pkg=com.google.android.gms} proc state 14 (3 skipped)
01-15 08:33:02.381  5799 24801 W libc    : Access denied finding property "persist.adb.tls_server.enable"
01-15 08:33:02.381  5799 24801 W libc    : Access denied finding property "service.adb.tls.port"
01-15 08:33:02.379  5799  5799 W binder:5799_C: type=1400 audit(0.0:82): avc:  denied  { read } for  name="u:object_r:adbd_prop:s0" dev="tmpfs" ino=59 scontext=u:r:gmscore_app:s0:c512,c768 tcontext=u:object_r:adbd_prop:s0 tclass=file permissive=0 app=com.google.android.gms
01-15 08:33:02.390   796  1973 D FileUtils: Rounded bytes from 4103950336 to 8000000000
01-15 08:33:02.421  5536  5631 W GmsUrlRequestImpl: [https://android.googleapis.com/auth/devicekey] Content-Type header is overwritten.
01-15 08:33:02.658  5536  5631 W GLSUser : [AppCertManager] Exception while requesting key: 
01-15 08:33:02.658  5536  5631 W GLSUser : java.util.concurrent.ExecutionException: cqhn: Parse Proto Exception with response code 400
01-15 08:33:02.658  5536  5631 W GLSUser : 	at gtrf.j(:com.google.android.gms@254932038@25.49.32 (260800-843446962):21)
01-15 08:33:02.658  5536  5631 W GLSUser : 	at gtro.u(:com.google.android.gms@254932038@25.49.32 (260800-843446962):71)
01-15 08:33:02.658  5536  5631 W GLSUser : 	at ajmn.b(:com.google.android.gms@254932038@25.49.32 (260800-843446962):439)
01-15 08:33:02.658  5536  5631 W GLSUser : 	at ajml.b(:com.google.android.gms@254932038@25.49.32 (260800-843446962):29)
01-15 08:33:02.658  5536  5631 W GLSUser : 	at ajmg.a(:com.google.android.gms@254932038@25.49.32 (260800-843446962):1)
01-15 08:33:02.658  5536  5631 W GLSUser : 	at ajmj.a(:com.google.android.gms@254932038@25.49.32 (260800-843446962):58)
01-15 08:33:02.658  5536  5631 W GLSUser : 	at aemu.call(:com.google.android.gms@254932038@25.49.32 (260800-843446962):56)
01-15 08:33:02.658  5536  5631 W GLSUser : 	at java.util.concurrent.FutureTask.run(FutureTask.java:317)
01-15 08:33:02.658  5536  5631 W GLSUser : 	at bdxu.c(:com.google.android.gms@254932038@25.49.32 (260800-843446962):50)
01-15 08:33:02.658  5536  5631 W GLSUser : 	at bdxu.run(:com.google.android.gms@254932038@25.49.32 (260800-843446962):73)
01-15 08:33:02.658  5536  5631 W GLSUser : 	at java.util.concurrent.ThreadPoolExecutor.runWorker(ThreadPoolExecutor.java:1154)
01-15 08:33:02.658  5536  5631 W GLSUser : 	at java.util.concurrent.ThreadPoolExecutor$Worker.run(ThreadPoolExecutor.java:652)
01-15 08:33:02.658  5536  5631 W GLSUser : 	at bedl.run(:com.google.android.gms@254932038@25.49.32 (260800-843446962):8)
01-15 08:33:02.658  5536  5631 W GLSUser : 	at java.lang.Thread.run(Thread.java:1563)
01-15 08:33:02.658  5536  5631 W GLSUser : Caused by: cqhn: Parse Proto Exception with response code 400
01-15 08:33:02.658  5536  5631 W GLSUser : 	at cqis.e(:com.google.android.gms@254932038@25.49.32 (260800-843446962):90)
01-15 08:33:02.658  5536  5631 W GLSUser : 	at cqle.d(:com.google.android.gms@254932038@25.49.32 (260800-843446962):18)
01-15 08:33:02.658  5536  5631 W GLSUser : 	at cqlv.onSucceeded(:com.google.android.gms@254932038@25.49.32 (260800-843446962):9)
01-15 08:33:02.658  5536  5631 W GLSUser : 	at m1.nf.onSucceeded(:com.google.android.gms.dynamite_cronetdynamite@254932038@25.49.32 (260800-0):3)
01-15 08:33:02.658  5536  5631 W GLSUser : 	at m1.ly.run(:com.google.android.gms.dynamite_cronetdynamite@254932038@25.49.32 (260800-0):21)
01-15 08:33:02.658  5536  5631 W GLSUser : 	at m1.ls.run(:com.google.android.gms.dynamite_cronetdynamite@254932038@25.49.32 (260800-0):31)
01-15 08:33:02.658  5536  5631 W GLSUser : 	... 6 more
01-15 08:33:02.658  5536  5631 W GLSUser : Caused by: hobk: Protocol message contained an invalid tag (zero).
01-15 08:33:02.658  5536  5631 W GLSUser : 	at hnyi.k(:com.google.android.gms@254932038@25.49.32 (260800-843446962):43)
01-15 08:33:02.658  5536  5631 W GLSUser : 	at hoci.c(:com.google.android.gms@254932038@25.49.32 (260800-843446962):397)
01-15 08:33:02.658  5536  5631 W GLSUser : 	at hoci.i(:com.google.android.gms@254932038@25.49.32 (260800-843446962):8)
01-15 08:33:02.658  5536  5631 W GLSUser : 	at hoao.y(:com.google.android.gms@254932038@25.49.32 (260800-843446962):23)
01-15 08:33:02.658  5536  5631 W GLSUser : 	at hoaj.g(:com.google.android.gms@254932038@25.49.32 (260800-843446962):3)
01-15 08:33:02.658  5536  5631 W GLSUser : 	at hnye.e(:com.google.android.gms@254932038@25.49.32 (260800-843446962):1)
01-15 08:33:02.658  5536  5631 W GLSUser : 	at hnye.d(:com.google.android.gms@254932038@25.49.32 (260800-843446962):3)
01-15 08:33:02.658  5536  5631 W GLSUser : 	at hnye.p(:com.google.android.gms@254932038@25.49.32 (260800-843446962):1)
01-15 08:33:02.658  5536  5631 W GLSUser : 	at cqis.h(:com.google.android.gms@254932038@25.49.32 (260800-843446962):69)
01-15 08:33:02.658  5536  5631 W GLSUser : 	at cqis.e(:com.google.android.gms@254932038@25.49.32 (260800-843446962):30)
01-15 08:33:02.658  5536  5631 W GLSUser : 	... 11 more
01-15 08:33:02.662  5536 25507 I NetworkScheduler.Stats: (REDACTED) Task %s/%s finished executing. cause:%s result: %s elapsed_millis: %s uptime_millis: %s exec_start_elapsed_seconds: %s
01-15 08:33:02.829   796  2864 W AppOps  : Noting op not finished: uid 10155 pkg com.google.android.gms code 113 startTime of in progress event=1768421612356
01-15 08:33:02.836   796  2860 W AppOps  : Noting op not finished: uid 10155 pkg com.google.android.gms code 79 startTime of in progress event=1768421623707
01-15 08:33:02.843  5536  5648 I ActivityScheduler: nextTriggerTime: 37617530, in 238100ms, detectorType: 39, FULL_TYPE alarmWindowMillis: 80000
01-15 08:33:02.976   796  1180 I HalDevMgr: bestIfaceCreationProposal is null, requestIface=STA, existingIface=[name=wlan0 type=STA]
01-15 08:33:03.831   796  2326 W AppOps  : Noting op not finished: uid 10155 pkg com.google.android.gms code 113 startTime of in progress event=1768421612356
01-15 08:33:05.984   796  1180 I HalDevMgr: bestIfaceCreationProposal is null, requestIface=STA, existingIface=[name=wlan0 type=STA]
01-15 08:33:06.997 25843 25843 W libbinder.BackendUnifiedServiceManager: Thread Pool max thread count is 0. Cannot cache binder as linkToDeath cannot be implemented. serviceName: package
01-15 08:33:07.220  3185  4703 I artd    : GetBestInfo: odex next to the dex file (/data/app/~~32zfW-euUumZmapXCsiMfw==/com.google.android.gms-BB5zRItgPYm45pDbJHp9zQ==/oat/x86_64/base.odex) is kOatUpToDate with filter 'speed-profile' executable 'false'
01-15 08:33:07.223  3185  4703 I artd    : GetBestInfo: odex next to the dex file (/data/app/~~32zfW-euUumZmapXCsiMfw==/com.google.android.gms-BB5zRItgPYm45pDbJHp9zQ==/oat/x86_64/split_AdsDynamite_installtime.odex) is kOatUpToDate with filter 'speed' executable 'false'
01-15 08:33:07.227  3185  4703 I artd    : GetBestInfo: odex next to the dex file (/data/app/~~32zfW-euUumZmapXCsiMfw==/com.google.android.gms-BB5zRItgPYm45pDbJHp9zQ==/oat/x86_64/split_CronetDynamite_installtime.odex) is kOatUpToDate with filter 'speed' executable 'false'
01-15 08:33:07.230  3185  4703 I artd    : GetBestInfo: odex next to the dex file (/data/app/~~32zfW-euUumZmapXCsiMfw==/com.google.android.gms-BB5zRItgPYm45pDbJHp9zQ==/oat/x86_64/split_DynamiteLoader_installtime.odex) is kOatUpToDate with filter 'speed' executable 'false'
01-15 08:33:07.231  3185  4703 I artd    : GetBestInfo: odex next to the dex file (/data/app/~~32zfW-euUumZmapXCsiMfw==/com.google.android.gms-BB5zRItgPYm45pDbJHp9zQ==/oat/x86_64/split_DynamiteModulesA_installtime.odex) is kOatUpToDate with filter 'speed' executable 'false'
01-15 08:33:07.234  3185  4703 I artd    : GetBestInfo: odex next to the dex file (/data/app/~~32zfW-euUumZmapXCsiMfw==/com.google.android.gms-BB5zRItgPYm45pDbJHp9zQ==/oat/x86_64/split_DynamiteModulesC_installtime.odex) is kOatUpToDate with filter 'speed' executable 'false'
01-15 08:33:07.235  3185  4703 I artd    : GetBestInfo: odex next to the dex file (/data/app/~~32zfW-euUumZmapXCsiMfw==/com.google.android.gms-BB5zRItgPYm45pDbJHp9zQ==/oat/x86_64/split_GoogleCertificates_installtime.odex) is kOatUpToDate with filter 'speed' executable 'false'
01-15 08:33:07.237  3185  4703 I artd    : GetBestInfo: odex next to the dex file (/data/app/~~32zfW-euUumZmapXCsiMfw==/com.google.android.gms-BB5zRItgPYm45pDbJHp9zQ==/oat/x86_64/split_MapsDynamite_installtime.odex) is kOatUpToDate with filter 'speed' executable 'false'
01-15 08:33:07.239  3185  4703 I artd    : GetBestInfo: odex next to the dex file (/data/app/~~32zfW-euUumZmapXCsiMfw==/com.google.android.gms-BB5zRItgPYm45pDbJHp9zQ==/oat/x86_64/split_MeasurementDynamite_installtime.odex) is kOatUpToDate with filter 'speed' executable 'false'
01-15 08:33:07.242  3185  4703 I artd    : GetBestInfo: odex next to the dex file (/data/app/~~32zfW-euUumZmapXCsiMfw==/com.google.android.gms-BB5zRItgPYm45pDbJHp9zQ==/oat/x86_64/split_all_locale_splits.odex) is kOatUpToDate with filter 'speed' executable 'false'
01-15 08:33:07.243  3185  4703 I artd    : GetBestInfo: /data/user_de/0/com.google.android.gms/app_chimera/m/00000008/dl-TfliteDynamiteDynamite.integ_243930802100800.apk has no usable artifacts
01-15 08:33:07.245  3185  4703 I artd    : GetBestInfo: /data/user_de/0/com.google.android.gms/app_chimera/m/00000010/dl-PlayCloudSearch.optional_254932100000.apk has no usable artifacts
01-15 08:33:07.246  3185  4703 I artd    : GetBestInfo: /data/user_de/0/com.google.android.gms/app_chimera/m/00000001/CronetDynamite.apk has no usable artifacts
01-15 08:33:07.247  3185  4703 I artd    : GetBestInfo: /data/user_de/0/com.google.android.gms/app_chimera/m/00000011/dl-VisionOcr.optional_254932100000.apk has no usable artifacts
01-15 08:33:07.248  3185  4703 I artd    : GetBestInfo: /data/user_de/0/com.google.android.gms/app_chimera/m/00000002/DynamiteLoader.apk has no usable artifacts
01-15 08:33:07.250  3185  4703 I artd    : GetBestInfo: /data/user_de/0/com.google.android.gms/app_chimera/m/0000000f/dl-MlkitOcrCommon.optional_254932100800.apk has no usable artifacts
01-15 08:33:07.251  3185  4703 I artd    : GetBestInfo: /data/user_de/0/com.google.android.gms/app_chimera/m/00000005/GoogleCertificates.apk has no usable artifacts
01-15 08:33:07.252  3185  4703 I artd    : GetBestInfo: /data/user_de/0/com.google.android.gms/app_chimera/m/0000000e/dl-MlkitBarcodeUi.optional_254932100800.apk has no usable artifacts
01-15 08:33:07.253  3185  4703 I artd    : GetBestInfo: /data/user_de/0/com.google.android.gms/app_chimera/m/0000000a/dl-VisionOcr.optional_253434100000.apk has no usable artifacts
01-15 08:33:07.254  3185  4703 I artd    : GetBestInfo: /data/user_de/0/com.google.android.gms/app_chimera/m/0000000d/dl-Appsearch.optional_254932100800.apk has no usable artifacts
01-15 08:33:07.256  3185  4703 I artd    : GetBestInfo: /data/user_de/0/com.google.android.gms/app_chimera/m/00000009/dl-MlkitOcrCommon.optional_253434100800.apk has no usable artifacts
01-15 08:33:07.258  3185  4703 I artd    : GetBestInfo: /data/user_de/0/com.google.android.gms/app_chimera/m/0000000b/dl-PlayCloudSearch.optional_253434100000.apk has no usable artifacts
01-15 08:33:07.260  3185  4703 I artd    : GetBestInfo: vdex next to the dex file (/data/user/0/com.google.android.gms/app_dg_cache/D7ECB6ECAAAB0DCD8DECD74AE43F16D2EC2B3A20/oat/x86_64/the.vdex) is kOatUpToDate with filter 'verify' executable 'false'
01-15 08:33:07.260  3185  4703 W artd    : Could not get dex checksums for location /data/app/~~bOQytt44Qr5Gb_ikif2I-Q==/com.android.vending-QpoCtcw5VYD9UTaWrMAz-A==/base.apk, fd=-1
01-15 08:33:08.992   796  1180 I HalDevMgr: bestIfaceCreationProposal is null, requestIface=STA, existingIface=[name=wlan0 type=STA]
01-15 08:33:10.829  1462  1614 D SatelliteController: iisInCarrierRoamingNbIotNtn: satellite is disabled
01-15 08:33:10.829  1462  1614 D SatelliteController: getCarrierRoamingNtnConnectType: Falling back to global carrier config connect type: 0
01-15 08:33:11.998   796  1180 I HalDevMgr: bestIfaceCreationProposal is null, requestIface=STA, existingIface=[name=wlan0 type=STA]
01-15 08:33:15.006   796  1180 I HalDevMgr: bestIfaceCreationProposal is null, requestIface=STA, existingIface=[name=wlan0 type=STA]
01-15 08:33:17.003 25846 25846 W libbinder.BackendUnifiedServiceManager: Thread Pool max thread count is 0. Cannot cache binder as linkToDeath cannot be implemented. serviceName: package
01-15 08:33:17.187  3185  4703 I artd    : GetBestInfo: odex next to the dex file (/data/app/~~32zfW-euUumZmapXCsiMfw==/com.google.android.gms-BB5zRItgPYm45pDbJHp9zQ==/oat/x86_64/base.odex) is kOatUpToDate with filter 'speed-profile' executable 'false'
01-15 08:33:17.191  3185  4703 I artd    : GetBestInfo: odex next to the dex file (/data/app/~~32zfW-euUumZmapXCsiMfw==/com.google.android.gms-BB5zRItgPYm45pDbJHp9zQ==/oat/x86_64/split_AdsDynamite_installtime.odex) is kOatUpToDate with filter 'speed' executable 'false'
01-15 08:33:17.193  3185  4703 I artd    : GetBestInfo: odex next to the dex file (/data/app/~~32zfW-euUumZmapXCsiMfw==/com.google.android.gms-BB5zRItgPYm45pDbJHp9zQ==/oat/x86_64/split_CronetDynamite_installtime.odex) is kOatUpToDate with filter 'speed' executable 'false'
01-15 08:33:17.194  3185  4703 I artd    : GetBestInfo: odex next to the dex file (/data/app/~~32zfW-euUumZmapXCsiMfw==/com.google.android.gms-BB5zRItgPYm45pDbJHp9zQ==/oat/x86_64/split_DynamiteLoader_installtime.odex) is kOatUpToDate with filter 'speed' executable 'false'
01-15 08:33:17.196  3185  4703 I artd    : GetBestInfo: odex next to the dex file (/data/app/~~32zfW-euUumZmapXCsiMfw==/com.google.android.gms-BB5zRItgPYm45pDbJHp9zQ==/oat/x86_64/split_DynamiteModulesA_installtime.odex) is kOatUpToDate with filter 'speed' executable 'false'
01-15 08:33:17.198  3185  4703 I artd    : GetBestInfo: odex next to the dex file (/data/app/~~32zfW-euUumZmapXCsiMfw==/com.google.android.gms-BB5zRItgPYm45pDbJHp9zQ==/oat/x86_64/split_DynamiteModulesC_installtime.odex) is kOatUpToDate with filter 'speed' executable 'false'
01-15 08:33:17.200  3185  4703 I artd    : GetBestInfo: odex next to the dex file (/data/app/~~32zfW-euUumZmapXCsiMfw==/com.google.android.gms-BB5zRItgPYm45pDbJHp9zQ==/oat/x86_64/split_GoogleCertificates_installtime.odex) is kOatUpToDate with filter 'speed' executable 'false'
01-15 08:33:17.201  3185  4703 I artd    : GetBestInfo: odex next to the dex file (/data/app/~~32zfW-euUumZmapXCsiMfw==/com.google.android.gms-BB5zRItgPYm45pDbJHp9zQ==/oat/x86_64/split_MapsDynamite_installtime.odex) is kOatUpToDate with filter 'speed' executable 'false'
