01-15 08:54:12.912  1517  1517 D RecentsView: showCurrentTask(onGestureAnimationStart) - groupedTaskInfo: Desk ID= -1, Desk Display ID=-1, Tasks=[id=14 winMode=fullscreen visReq=true vis=true excluded=false baseIntent=com.geek2geeks.level/.MainActivity], Type=FULLSCREEN, Minimized Task IDs=null
01-15 08:54:12.913  1517  1517 D TaskView: onBind com.google.android.apps.nexuslauncher.NexusLauncherActivity@43ddc9d com.android.quickstep.LauncherActivityInterface@5b5656a
01-15 08:54:12.913  1517  1517 D TaskViewModel: bind com.android.quickstep.recents.ui.viewmodel.TaskViewModel@14a8a28 as SINGLE to taskIds: [14]
01-15 08:54:12.915  1517  1517 D OverviewActionsView: updateForGroupedTask() called with: isGroupedTask = [false], canSaveAppPair = [false]
01-15 08:54:12.915  1517  1517 D OverviewActionsView: updateActionButtonsVisibility() called: showSingleTaskActions = [true], showGroupActions = [false]
01-15 08:54:12.915  1517  1517 D OtherActivityInputConsumer: startTouchTrackingForWindowAnimation: isRecentsAnimationRunning=false
01-15 08:54:12.916  1517  1517 D TaskAnimationManager: startRecentsAnimation - running TaskAnimationMnaager count: 0
01-15 08:54:12.916  1278  1330 V ShellRecents: startRecentsTransition
01-15 08:54:12.916  1517  1554 D b/417220811: loadTasksInBackground - isDeviceLocked(0): false
01-15 08:54:12.916  1278  1330 V WindowManagerShell: PipDesktopState: Recents transition state changed: TRANSITION_STATE_REQUESTED
01-15 08:54:12.917  1517  1554 D b/417220811: getTasks - loadTasksInBackground: 57
01-15 08:54:12.917  1278  1330 V ShellDesktopMode: DesktopTasksController: Recents transition state changed: TRANSITION_STATE_REQUESTED
01-15 08:54:12.917  1278  1330 V ShellRecents: RecentsTransitionHandler.startRealRecentsTransition(): displayId=0
01-15 08:54:12.917  1278  1330 V WindowManagerShell:  handleRecentsRequest displayId=0 deskActive=false
01-15 08:54:12.917  1278  1330 V WindowManagerShell: Directly starting a new transition type=START_RECENTS_TRANSITION(FIRST_CUSTOM+21) wct=WindowContainerTransaction { changes= {} hops= [{pendingIntent: options=Bundle[{android.activity.splashScreenStyle=-1, android.activity.sourceInfo=android.app.ActivityOptions$SourceInfo@ff71c26, android.pendingIntent.backgroundActivityAllowed=3, android.activity.launchDisplayId=0, android:activity.animAbortListener=null, android.activity.transientLaunch=true}]}] errorCallbackToken=null taskFragmentOrganizer=null } handler=com.android.wm.shell.recents.RecentsTransitionHandler@1ec5bbf
01-15 08:54:12.918   796  1973 V WindowManager: deferTransitionReady deferReadyDepth=1 stack=com.android.server.wm.WindowOrganizerController.applyTransaction:658 com.android.server.wm.WindowOrganizerController.applyTransaction:636 com.android.server.wm.WindowOrganizerController.lambda$startTransition$3:377 com.android.server.wm.WindowOrganizerController.$r8$lambda$PHnU0rj5Bcvaq0dL-Wi7kOJt8bo:0 com.android.server.wm.WindowOrganizerController$$ExternalSyntheticLambda5.onCollectStarted:0 
01-15 08:54:12.921   796  1973 V WindowManager: continueTransitionReady deferReadyDepth=0 stack=com.android.server.wm.WindowOrganizerController.applyTransaction:799 com.android.server.wm.WindowOrganizerController.applyTransaction:636 com.android.server.wm.WindowOrganizerController.lambda$startTransition$3:377 com.android.server.wm.WindowOrganizerController.$r8$lambda$PHnU0rj5Bcvaq0dL-Wi7kOJt8bo:0 com.android.server.wm.WindowOrganizerController$$ExternalSyntheticLambda5.onCollectStarted:0 
01-15 08:54:12.922   796  1973 V WindowManager: Defer transition id=31 for TaskFragmentTransaction=android.os.Binder@e3df065
01-15 08:54:12.922   796  1973 V WindowManager: deferTransitionReady deferReadyDepth=1 stack=com.android.server.wm.TransitionController.deferTransitionReady:1061 com.android.server.wm.TaskFragmentOrganizerController$TaskFragmentOrganizerState.dispatchTransaction:517 com.android.server.wm.TaskFragmentOrganizerController.dispatchPendingEvents:1259 com.android.server.wm.TaskFragmentOrganizerController.dispatchPendingEvents:1228 com.android.server.wm.RootWindowContainer.performSurfacePlacement:777 
01-15 08:54:12.922  1517  1517 D b/417220811: getTasks - updating mResultsUi: 57
01-15 08:54:12.922  1517  1517 D b/417220811: getTasks - updating mResultsUi: 57
01-15 08:54:12.922  1517  1517 D RecentsView: applyLoadPlan - taskGroups: [type=SINGLE task=[id=14 windowingMode=1 user=0 lastActiveTime=38508749] null], taskListChangeId: 57
01-15 08:54:12.923  1278  1330 V ShellRecents: [53575188] RecentsController.setTransition: id=android.os.BinderProxy@22ec067
01-15 08:54:12.923  1517  1517 D TaskViewModel: unbind com.android.quickstep.recents.ui.viewmodel.TaskViewModel@14a8a28
01-15 08:54:12.923  1517  1517 D TaskView: onBind com.google.android.apps.nexuslauncher.NexusLauncherActivity@43ddc9d com.android.quickstep.LauncherActivityInterface@5b5656a
01-15 08:54:12.924  1517  1517 D TaskViewModel: bind com.android.quickstep.recents.ui.viewmodel.TaskViewModel@14a8a28 as SINGLE to taskIds: [14]
01-15 08:54:12.924  1517  1517 D b/417220811: getTasks - updating mResultsUi: 57
01-15 08:54:12.924  1517  1517 D TasksRepository: getAllTaskData: oldTasks [11, 12], newTasks: [14]
01-15 08:54:12.925   651   756 I libbinder.BpBinder: onLastStrongRef automatically unlinking death recipients for descriptor: '(not cached)'
01-15 08:54:12.925   796  1229 D BackgroundInstallControlService: Package event received: 0
01-15 08:54:12.926   796  1229 D BackgroundInstallControlService: Package event received: 0
01-15 08:54:12.942  1517  1517 D BaseActivity: Launcher flags updated: [state_started] +[state_started]
01-15 08:54:12.943  1517  1517 D LauncherStateManager: StateManager.goToState: fromState: Normal, toState: Background, partial trace:
01-15 08:54:12.943  1517  1517 D LauncherStateManager: 	at com.android.quickstep.BaseActivityInterface$DefaultAnimationFactory.initBackgroundStateUI(go/retraceme f3a19d912c87c27267cfbc05ba0bc7b202ab72a6648bd76225f5f7e128d94583:39)
01-15 08:54:12.943  1517  1517 D LauncherStateManager: 	at com.android.quickstep.LauncherActivityInterface.prepareRecentsUI(go/retraceme f3a19d912c87c27267cfbc05ba0bc7b202ab72a6648bd76225f5f7e128d94583:9)
01-15 08:54:12.943  1517  1517 D LauncherStateManager: 	at com.android.quickstep.AbsSwipeUpHandler.lambda$onLauncherStart$8(go/retraceme f3a19d912c87c27267cfbc05ba0bc7b202ab72a6648bd76225f5f7e128d94583:16)
01-15 08:54:12.943  1517  1517 D LauncherStateManager: StateManager.cancelAnimation: animation ongoing: false, partial trace:
01-15 08:54:12.943  1517  1517 D LauncherStateManager: 	at com.android.launcher3.statemanager.StateManager.goToState(go/retraceme f3a19d912c87c27267cfbc05ba0bc7b202ab72a6648bd76225f5f7e128d94583:29)
01-15 08:54:12.943  1517  1517 D LauncherStateManager: 	at com.android.launcher3.statemanager.StateManager.goToState(go/retraceme f3a19d912c87c27267cfbc05ba0bc7b202ab72a6648bd76225f5f7e128d94583:3)
01-15 08:54:12.943  1517  1517 D LauncherStateManager: 	at com.android.quickstep.BaseActivityInterface$DefaultAnimationFactory.initBackgroundStateUI(go/retraceme f3a19d912c87c27267cfbc05ba0bc7b202ab72a6648bd76225f5f7e128d94583:39)
01-15 08:54:12.943  1517  1517 D BaseActivity: Launcher flags updated: [state_started|state_transition_active] +[state_transition_active]
01-15 08:54:12.943  1517  1517 D LauncherStateManager: StateManager.onStateTransitionStart: state: Background
01-15 08:54:12.944  1517  1517 D AllAppsTransitionController: shouldProtectHeader: false skipScrim: false state: Background stateManager.getState(): Background
01-15 08:54:12.944  1517  1517 D BaseDepthController: mSurface is null and mCurrentBlur is: 0
01-15 08:54:12.944   796  1229 D BackgroundInstallControlService: Package event received: 0
01-15 08:54:12.944  1517  1517 D KeyboardInsetsHandler: setState, toState:Background StateManager(mLastStableState:Normal, mCurrentStableState:Normal, mState:Background, mRestState:Normal, isInTransition:false)
01-15 08:54:12.944  1517  1517 D KeyboardInsetsHandler: removePendingImeController: pendingImeController=null
01-15 08:54:12.944  1517  1517 D ActivityContext: hideKeyboard
01-15 08:54:12.944  1517  1517 D ActivityContext: isImeShown: false
01-15 08:54:12.944  1517  1517 D BaseActivity: Launcher flags updated: [state_started] -[state_transition_active]
01-15 08:54:12.944  1517  1517 D LauncherStateManager: StateManager.onStateTransitionEnd: state: Background
01-15 08:54:12.945  1517  1517 D BaseActivity: Launcher flags updated: [state_started|state_resumed|state_user_active] +[state_resumed|state_user_active]
01-15 08:54:12.946  1517  1517 D b/417220811: invalidateLoadedTasks - previous requestLoadId: 57
01-15 08:54:12.947  1517  1517 D TaskThumbnailView: [TaskThumbnailView@6f8a8ea] taskId: 14 - uiState changed from: Uninitialized to: LiveTile
01-15 08:54:12.947   796  1973 V WindowManager: Continue transition id=31 for TaskFragmentTransaction=android.os.Binder@e3df065
01-15 08:54:12.947   796  1973 V WindowManager: continueTransitionReady deferReadyDepth=0 stack=com.android.server.wm.TransitionController.continueTransitionReady:1071 com.android.server.wm.TaskFragmentOrganizerController$TaskFragmentOrganizerState.onTransactionFinished:546 com.android.server.wm.TaskFragmentOrganizerController.onTransactionHandled:740 android.window.ITaskFragmentOrganizerController$Stub.onTransact:225 android.os.Binder.execTransactInternal:1473 
01-15 08:54:12.956  1517  1517 D NexusLauncherModelDelegate: notifySmartspaceEvent: SmartspaceTargetEvent{mSmartspaceTarget=null, mSmartspaceActionId='null', mEventType=6}
01-15 08:54:12.960  1517  1517 D BaseDepthController: setSurface:
01-15 08:54:12.960  1517  1517 D BaseDepthController: 	mWaitingOnSurfaceValidity: false
01-15 08:54:12.960  1517  1517 D BaseDepthController: 	mBaseSurface: Surface(name=com.google.android.apps.nexuslauncher/com.google.android.apps.nexuslauncher.NexusLauncherActivity#310)/@0x24b6256
01-15 08:54:12.960  1517  1517 V BaseDepthController: Applying blur: 79 to Surface(name=com.google.android.apps.nexuslauncher/com.google.android.apps.nexuslauncher.NexusLauncherActivity#310)/@0x24b6256 applyImmediately: false
01-15 08:54:12.961  1517  1517 D BaseDepthController: shouldBlurWorkspace: false targetState: Background currentStableState: Background mCurrentBlur: 79 mLauncher.getDepthBlurTargets(): [com.android.launcher3.Workspace{4771991 V.ED..... .......D 0,0-1080,2400 #7f0a049d app:id/workspace}, com.android.launcher3.Hotseat{7a640f6 I.ED..... .......D 0,1905-1080,2400 #7f0a01ee app:id/hotseat}]
01-15 08:54:12.975  1278  1507 D WallpaperService: onVisibilityChanged(true): com.android.systemui.wallpapers.ImageWallpaper$CanvasEngine@32b10a8
01-15 08:54:13.026  1517  1517 I NavHandleLongPressHandler: Contextual Search invocation: touch finished with reason: touch action up
01-15 08:54:13.026  1517  1517 D OtherActivityInputConsumer: finishTouchTracking: mPassedWindowMoveSlop=false
01-15 08:54:13.026  1517  1517 D OtherActivityInputConsumer: finishTouchTracking: mInteractionHandler=com.android.quickstep.LauncherSwipeHandlerV2@1e77f56
01-15 08:54:13.026  1517  1517 D OtherActivityInputConsumer: finishTouchTracking: ev=MotionEvent { action=ACTION_UP, actionButton=0, id[0]=0, x[0]=516.9619, y[0]=2359.8633, toolType[0]=TOOL_TYPE_FINGER, buttonState=0, classification=NONE, metaState=0, flags=0x0, edgeFlags=0x0, pointerCount=1, historySize=0, eventTime=38649585, downTime=38649496, deviceId=4, source=0x5002, displayId=0, eventId=441737411 }
01-15 08:54:13.027  1517  1517 D OtherActivityInputConsumer: finishTouchTracking: mActiveCallbacks=com.android.quickstep.RecentsAnimationCallbacks@dc5861d
01-15 08:54:13.027  1517  1517 D OtherActivityInputConsumer: finishTouchTracking: isRecentsAnimationRunning=false
01-15 08:54:13.027  1517  1517 D ContextTracker: Unregistering callback: com.android.launcher3.LauncherInitListener@d484c96, reason=AbsSwipeUpHandler.invalidateHandler
01-15 08:54:13.028  1517  1517 D OverviewActionsView: updateForGroupedTask() called with: isGroupedTask = [false], canSaveAppPair = [false]
01-15 08:54:13.028  1517  1517 D OverviewActionsView: updateActionButtonsVisibility() called: showSingleTaskActions = [true], showGroupActions = [false]
01-15 08:54:13.028  1517  1517 D TasksRepository: updateTaskRequests to: [14], removed: [], added: [14]
01-15 08:54:13.028  1517  1517 I TasksRepository: requestTaskData: 14
01-15 08:54:13.028  1517  1517 D OverviewActionsView: updateForGroupedTask() called with: isGroupedTask = [false], canSaveAppPair = [false]
01-15 08:54:13.028  1517  1517 D OverviewActionsView: updateActionButtonsVisibility() called: showSingleTaskActions = [true], showGroupActions = [false]
01-15 08:54:13.028  1517  1517 D RecentsView: onGestureAnimationEnd - mEnableDrawingLiveTile: false
01-15 08:54:13.030  1517  1517 D LauncherStateManager: StateManager.goToState: fromState: Background, toState: Normal, partial trace:
01-15 08:54:13.030  1517  1517 D LauncherStateManager: 	at com.android.quickstep.BaseContainerInterface.onTransitionCancelled(go/retraceme f3a19d912c87c27267cfbc05ba0bc7b202ab72a6648bd76225f5f7e128d94583:64)
01-15 08:54:13.030  1517  1517 D LauncherStateManager: 	at com.android.quickstep.AbsSwipeUpHandler.resetStateForAnimationCancel(go/retraceme f3a19d912c87c27267cfbc05ba0bc7b202ab72a6648bd76225f5f7e128d94583:22)
01-15 08:54:13.030  1517  1517 D LauncherStateManager: 	at com.android.quickstep.AbsSwipeUpHandler.Z(go/retraceme f3a19d912c87c27267cfbc05ba0bc7b202ab72a6648bd76225f5f7e128d94583:1)
01-15 08:54:13.030  1517  1517 D LauncherStateManager: StateManager.cancelAnimation: animation ongoing: false, partial trace:
01-15 08:54:13.030  1517  1517 D LauncherStateManager: 	at com.android.launcher3.statemanager.StateManager.goToState(go/retraceme f3a19d912c87c27267cfbc05ba0bc7b202ab72a6648bd76225f5f7e128d94583:29)
01-15 08:54:13.030  1517  1517 D LauncherStateManager: 	at com.android.launcher3.statemanager.StateManager.goToState(go/retraceme f3a19d912c87c27267cfbc05ba0bc7b202ab72a6648bd76225f5f7e128d94583:3)
01-15 08:54:13.030  1517  1517 D LauncherStateManager: 	at com.android.quickstep.BaseContainerInterface.onTransitionCancelled(go/retraceme f3a19d912c87c27267cfbc05ba0bc7b202ab72a6648bd76225f5f7e128d94583:64)
01-15 08:54:13.030  1517  1517 D BaseActivity: Launcher flags updated: [state_started|state_resumed|state_deferred_resumed|state_user_active] +[state_deferred_resumed]
01-15 08:54:13.030  1517  1517 D StatsLog: LAUNCHER_ONRESUME
01-15 08:54:13.031  1517  1517 D BaseActivity: Launcher flags updated: [state_started|state_resumed|state_deferred_resumed|state_user_active|state_transition_active] +[state_transition_active]
01-15 08:54:13.031  1517  1517 D LauncherStateManager: StateManager.onStateTransitionStart: state: Normal
01-15 08:54:13.031  1517  1517 D RecentsView: updateTaskStackListenerState: false
01-15 08:54:13.032  1517  1517 D AllAppsTransitionController: shouldProtectHeader: false skipScrim: false state: Normal stateManager.getState(): Normal
01-15 08:54:13.032  1517  1517 V BaseDepthController: Applying blur: 0 to Surface(name=com.google.android.apps.nexuslauncher/com.google.android.apps.nexuslauncher.NexusLauncherActivity#310)/@0x24b6256 applyImmediately: false
01-15 08:54:13.032  1517  1517 D BaseDepthController: shouldBlurWorkspace: false targetState: Normal currentStableState: Background mCurrentBlur: 0 mLauncher.getDepthBlurTargets(): [com.android.launcher3.Workspace{4771991 V.ED..... .......D 0,0-1080,2400 #7f0a049d app:id/workspace}, com.android.launcher3.Hotseat{7a640f6 V.ED..... ......ID 0,1905-1080,2400 #7f0a01ee app:id/hotseat}]
01-15 08:54:13.033  1278  1330 D WindowManagerShell: setLauncherKeepClearAreaHeight: visible=true, height=495
01-15 08:54:13.033  1517  1517 D KeyboardInsetsHandler: setState, toState:Normal StateManager(mLastStableState:Normal, mCurrentStableState:Background, mState:Normal, mRestState:Normal, isInTransition:false)
01-15 08:54:13.033  1517  1517 D KeyboardInsetsHandler: removePendingImeController: pendingImeController=null
01-15 08:54:13.033  1517  1517 D ActivityContext: hideKeyboard
01-15 08:54:13.033  1517  1517 D ActivityContext: isImeShown: false
01-15 08:54:13.033  1517  1517 D BaseActivity: Launcher flags updated: [state_started|state_resumed|state_deferred_resumed|state_user_active] -[state_transition_active]
01-15 08:54:13.034  1278  1308 V WindowManagerShell: onTransitionReady(transaction=3418793970435)
01-15 08:54:13.033  1517  1517 D LauncherStateManager: StateManager.onStateTransitionEnd: state: Normal
01-15 08:54:13.034  1517  1556 D QuickstepModelDelegate: notifyAppTargetEvent action=1 launchLocation=workspace/0/[-1,-1]/[1,1]
01-15 08:54:13.035   796   817 V WindowManager: Sent Transition (#31) createdAt=01-15 08:54:12.918
01-15 08:54:13.035  1278  1330 V WindowManagerShell: onTransitionReady (#31) android.os.BinderProxy@22ec067: {id=31 t=FIRST_CUSTOM+21 f=0x80 trk=0 r=[0@Point(0, 0)] c=[
01-15 08:54:13.035  1278  1330 V WindowManagerShell:         {m=TO_FRONT f=SHOW_WALLPAPER|MOVE_TO_TOP leash=Surface(name=Task=1#44)/@0x7f4f6bd sb=Rect(0, 0 - 1080, 2400) eb=Rect(0, 0 - 1080, 2400) epz=Point(1080, 2400) d=0 taskParent=-1 winMode=1 userId=0},
01-15 08:54:13.035  1278  1330 V WindowManagerShell:         {m=TO_BACK f=NONE leash=Surface(name=Task=14#284)/@0x9a8d4b2 sb=Rect(0, 0 - 1080, 2400) eb=Rect(0, 0 - 1080, 2400) epz=Point(1080, 2400) d=0 taskParent=-1 winMode=1 userId=0},
01-15 08:54:13.035  1278  1330 V WindowManagerShell:         {m=TO_FRONT f=IS_WALLPAPER leash=Surface(name=WallpaperWindowToken{3857e8e}#61)/@0x15cfc03 sb=Rect(0, 0 - 1080, 2400) eb=Rect(0, 0 - 1080, 2400) epz=Point(1080, 2400) d=0}
01-15 08:54:13.035  1278  1330 V WindowManagerShell:     ]}
01-15 08:54:13.035   796   817 V WindowManager:     startWCT=WindowContainerTransaction { changes= {} hops= [{pendingIntent: options=Bundle[{android.activity.splashScreenStyle=-1, android.activity.sourceInfo=android.app.ActivityOptions$SourceInfo@b222de1, android.pendingIntent.backgroundActivityAllowed=3, android.activity.launchDisplayId=0, android:activity.animAbortListener=null, android.activity.transientLaunch=true}]}] errorCallbackToken=null taskFragmentOrganizer=null }
01-15 08:54:13.035   796   817 V WindowManager:     info={id=31 t=FIRST_CUSTOM+21 f=0x80 trk=0 r=[0@Point(0, 0)] c=[
01-15 08:54:13.035   796   817 V WindowManager:         {WCT{RemoteToken{d5b58e7 Task{6839ed9 #1 type=home}}} m=TO_FRONT f=SHOW_WALLPAPER|MOVE_TO_TOP leash=Surface(name=Task=1#44)/@0x178360a sb=Rect(0, 0 - 1080, 2400) eb=Rect(0, 0 - 1080, 2400) epz=Point(1080, 2400) d=0 taskParent=-1 winMode=1 userId=0},
01-15 08:54:13.035   796   817 V WindowManager:         {WCT{RemoteToken{8494ca2 Task{d12739 #14 type=standard A=10227:com.geek2geeks.level}}} m=TO_BACK f=NONE leash=Surface(name=Task=14#284)/@0x845d884 sb=Rect(0, 0 - 1080, 2400) eb=Rect(0, 0 - 1080, 2400) epz=Point(1080, 2400) d=0 taskParent=-1 winMode=1 userId=0},
01-15 08:54:13.035   796   817 V WindowManager:         {m=TO_FRONT f=IS_WALLPAPER leash=Surface(name=WallpaperWindowToken{3857e8e}#61)/@0x6c339ac sb=Rect(0, 0 - 1080, 2400) eb=Rect(0, 0 - 1080, 2400) epz=Point(1080, 2400) d=0}
01-15 08:54:13.035   796   817 V WindowManager:     ]}
01-15 08:54:13.035  1278  1330 V WindowManagerShell: Playing animation for (#31) android.os.BinderProxy@22ec067@0
01-15 08:54:13.035  1278  1330 V WindowManagerShell:  try firstHandler com.android.wm.shell.recents.RecentsTransitionHandler@1ec5bbf
01-15 08:54:13.035  1278  1330 V ShellRecents: [53575188] RecentsController.start
01-15 08:54:13.035  1900  2145 I AiAiEcho: Predicting[0]:  [CONTEXT sampling_count=5 ]
01-15 08:54:13.035  1517  1517 D RecentsView: reset - mEnableDrawingLiveTile: false, mRecentsAnimationController: null
01-15 08:54:13.035  1517  1517 D RecentsView: cleanupRemoteTargets - mRemoteTargetHandles: null
01-15 08:54:13.035  1900  2145 I AiAiEcho: EchoTargets: 
01-15 08:54:13.035  1900  2145 I AiAiEcho: Filtered by AiAi flag check: 
01-15 08:54:13.035  1900  2145 I AiAiEcho: [CONTEXT ratelimit_period="10 SECONDS" ]
01-15 08:54:13.035  1517  1517 D TaskThumbnailView: [TaskThumbnailView@6f8a8ea] taskId: null - uiState changed from: LiveTile to: Uninitialized
01-15 08:54:13.036  1278  1330 V ShellRecents:   hiding home taskId=1
01-15 08:54:13.036  1517  1517 D ActivityAllAppsContainerView: rebindAdapters: force: false
01-15 08:54:13.036  1517  1517 D ActivityAllAppsContainerView: rebindAdapters: Not needed.
01-15 08:54:13.036  1900  2145 I AiAiEcho: #remoteViewsTwiddler: feature disabled.
01-15 08:54:13.036  1517  1517 D ActivityAllAppsContainerView: rebindAdapters: force: false
01-15 08:54:13.036  1517  1517 D ActivityAllAppsContainerView: rebindAdapters: Not needed.
01-15 08:54:13.036  1278  1330 V ShellRecents:   adding pausing leaf taskId=14 at layer=8
01-15 08:54:13.037  1278  1330 V ShellRecents: Applying transaction=3418793970435
01-15 08:54:13.038  1517  8994 D b/417220811: Current thumbnail: null, replacing with null
01-15 08:54:13.038  1278  1330 V ShellRecents: No matching remote found to takeover (#31)
01-15 08:54:13.038  1278  1330 V ShellSplitScreen: getSplitBoundsForTaskId: expected split bounds for taskId=14 but not found
01-15 08:54:13.038  1278  1330 V ShellRecents: [53575188] RecentsController.start: calling onAnimationStart with 2 apps
01-15 08:54:13.039  1900  2145 I AiAiEcho: #postPredictionTargets: Sending updates to UISurface home with targets# 0 (types=[])
01-15 08:54:13.039   796  1229 D BackgroundInstallControlService: Package event received: 0
01-15 08:54:13.039  1278  1330 V WindowManagerShell: PipDesktopState: Recents transition state changed: TRANSITION_STATE_ANIMATING
01-15 08:54:13.039  1278  1330 V ShellDesktopMode: DesktopTasksController: Recents transition state changed: TRANSITION_STATE_ANIMATING
01-15 08:54:13.040  1517  1517 D OverviewActionsView: updateForGroupedTask() called with: isGroupedTask = [false], canSaveAppPair = [false]
01-15 08:54:13.040  1517  1517 D OverviewActionsView: updateActionButtonsVisibility() called: showSingleTaskActions = [true], showGroupActions = [false]
01-15 08:54:13.040  1517  1517 D TasksRepository: updateTaskRequests to: [], removed: [14], added: []
01-15 08:54:13.040  1517  1517 I TasksRepository: removeTasks: [14]
01-15 08:54:13.043  1278  1330 V WindowManagerShell:  animated by firstHandler
01-15 08:54:13.043  1278  1330 D Bubbles : onLocusVisibilityChanged=Overview|ENABLED visible=true taskId=1
01-15 08:54:13.051  1517  1517 D OtherActivityInputConsumer: FinishImmediatelyHandler: queuing callback
01-15 08:54:13.051  1517  1517 D OtherActivityInputConsumer: FinishImmediatelyHandler: running callback
01-15 08:54:13.052  1278  1330 V ShellRecents: [53575188] RecentsController.finishInner: toHome=false userLeave=false willFinishToHome=false state=0 hasPausingTasks=true reason=requested
01-15 08:54:13.052  1278  1330 V ShellRecents:   returning to app
01-15 08:54:13.052  1278  1330 V ShellRecents:   reorder task#14 to top
01-15 08:54:13.052  1278  1330 V ShellRecents: [53575188] RecentsController.finishInner: Queuing TRANSIT_END_RECENTS_TRANSITION
01-15 08:54:13.052  1278  1330 V WindowManagerShell: Directly starting a new transition type=END_RECENTS_TRANSITION(FIRST_CUSTOM+22) wct=WindowContainerTransaction { changes= {} hops= [{reorder: android.os.BinderProxy@6f3e3ff to top}, {restoreTransientOrder: container=android.os.BinderProxy@bebb28d reparent=null mToTop=false mWindowingMode=null mActivityType=null}] errorCallbackToken=null taskFragmentOrganizer=null } handler=com.android.wm.shell.recents.RecentsTransitionHandler$RecentsController$PendingFinishTransitionHandler@6967bac
01-15 08:54:13.053   796  2326 V WindowManager: deferTransitionReady deferReadyDepth=1 stack=com.android.server.wm.WindowOrganizerController.applyTransaction:658 com.android.server.wm.WindowOrganizerController.applyTransaction:636 com.android.server.wm.WindowOrganizerController.lambda$startTransition$3:377 com.android.server.wm.WindowOrganizerController.$r8$lambda$PHnU0rj5Bcvaq0dL-Wi7kOJt8bo:0 com.android.server.wm.WindowOrganizerController$$ExternalSyntheticLambda5.onCollectStarted:0 
01-15 08:54:13.056   796   820 I ActivityManager: updateOomAdj start time is before than pendingPid added, don't delete it
01-15 08:54:13.057  1517  1517 D SsBaseTemplateCard: Passed-in item info is null
01-15 08:54:13.058  1517  1517 D SsBaseTemplateCard: Passed-in item info is null
01-15 08:54:13.058  1517  1517 D SsBaseTemplateCard: Passed-in item info is null
01-15 08:54:13.058  1517  1517 D SsBaseTemplateCard: Passed-in item info is null
01-15 08:54:13.058  1517  1517 I SsBaseTemplateCard: Secondary card pane is null
01-15 08:54:13.058   796  2326 V WindowManager: continueTransitionReady deferReadyDepth=0 stack=com.android.server.wm.WindowOrganizerController.applyTransaction:799 com.android.server.wm.WindowOrganizerController.applyTransaction:636 com.android.server.wm.WindowOrganizerController.lambda$startTransition$3:377 com.android.server.wm.WindowOrganizerController.$r8$lambda$PHnU0rj5Bcvaq0dL-Wi7kOJt8bo:0 com.android.server.wm.WindowOrganizerController$$ExternalSyntheticLambda5.onCollectStarted:0 
01-15 08:54:13.058   796  2326 V WindowManager: Defer transition id=32 for TaskFragmentTransaction=android.os.Binder@48e4706
01-15 08:54:13.058   796  2326 V WindowManager: deferTransitionReady deferReadyDepth=1 stack=com.android.server.wm.TransitionController.deferTransitionReady:1061 com.android.server.wm.TaskFragmentOrganizerController$TaskFragmentOrganizerState.dispatchTransaction:517 com.android.server.wm.TaskFragmentOrganizerController.dispatchPendingEvents:1259 com.android.server.wm.TaskFragmentOrganizerController.dispatchPendingEvents:1228 com.android.server.wm.RootWindowContainer.performSurfacePlacement:777 
01-15 08:54:13.065  1517  1517 D b/417220811: invalidateLoadedTasks - previous requestLoadId: -1
01-15 08:54:13.065   796  2326 V WindowManager: Continue transition id=32 for TaskFragmentTransaction=android.os.Binder@48e4706
01-15 08:54:13.065   796  2326 V WindowManager: continueTransitionReady deferReadyDepth=0 stack=com.android.server.wm.TransitionController.continueTransitionReady:1071 com.android.server.wm.TaskFragmentOrganizerController$TaskFragmentOrganizerState.onTransactionFinished:546 com.android.server.wm.TaskFragmentOrganizerController.onTransactionHandled:740 android.window.ITaskFragmentOrganizerController$Stub.onTransact:225 android.os.Binder.execTransactInternal:1473 
01-15 08:54:13.309   591  8852 D android.hardware.audio@7.1-impl.ranchu: threadLoop: entering standby, frames: 965056
01-15 08:54:13.309   591  8852 D android.hardware.audio@7.1-impl.ranchu: ~TinyalsaSink: joining consumeThread
01-15 08:54:13.318   591 26463 D android.hardware.audio@7.1-impl.ranchu: consumeThread: exiting
01-15 08:54:13.318   591  8852 D android.hardware.audio@7.1-impl.ranchu: ~TinyalsaSink: stopping PCM stream
01-15 08:54:15.598   796  1180 I HalDevMgr: bestIfaceCreationProposal is null, requestIface=STA, existingIface=[name=wlan0 type=STA]
01-15 08:54:16.060   796  3535 E TaskPersister: File error accessing recents directory (directory doesn't exist?).
01-15 08:54:17.513  5536  5536 D BoundBrokerSvc: onRebind: Intent { act=com.google.android.gms.common.telemetry.service.START dat=chimera-action:/... xflg=0x4 cmp=com.google.android.gms/.chimera.PersistentApiService }
01-15 08:54:17.514   796   882 W AppOps  : Noting op not finished: uid 10155 pkg com.google.android.gms code 113 startTime of in progress event=1768421612356
01-15 08:54:17.521   796  2740 W AppOps  : Noting op not finished: uid 10155 pkg com.google.android.gms code 79 startTime of in progress event=1768421623707
01-15 08:54:17.529  5536  5648 I ActivityScheduler: nextTriggerTime: 38892216, in 238100ms, detectorType: 39, FULL_TYPE alarmWindowMillis: 80000
01-15 08:54:18.053   796   820 W BLASTSyncEngine: Sync group 32 timeout
01-15 08:54:18.053   796   820 I BLASTSyncEngine: Unfinished container: Task{d12739 #14 type=standard A=10227:com.geek2geeks.level}
01-15 08:54:18.053   796   820 I BLASTSyncEngine:   Window{cdf7661 u0 InputMethod} NO_SURFACE
01-15 08:54:18.053   796   820 I BLASTSyncEngine:   Window{b6531f6 u0 com.geek2geeks.level/com.geek2geeks.level.MainActivity} DRAW_PENDING
01-15 08:54:18.056   796   817 V WindowManager: Sent Transition (#32) createdAt=01-15 08:54:13.053
01-15 08:54:18.056   796   817 V WindowManager:     startWCT=WindowContainerTransaction { changes= {} hops= [{reorder: RemoteToken{8494ca2 Task{d12739 #14 type=standard A=10227:com.geek2geeks.level}} to top}, {restoreTransientOrder: container=RemoteToken{d5b58e7 Task{6839ed9 #1 type=home}} reparent=null mToTop=false mWindowingMode=null mActivityType=null}] errorCallbackToken=null taskFragmentOrganizer=null }
01-15 08:54:18.056   796   817 V WindowManager:     info={id=32 t=FIRST_CUSTOM+22 f=0x0 trk=0 r=[0@Point(0, 0)] c=[
01-15 08:54:18.056   796   817 V WindowManager:         {WCT{RemoteToken{8494ca2 Task{d12739 #14 type=standard A=10227:com.geek2geeks.level}}} m=CHANGE f=MOVE_TO_TOP leash=Surface(name=Task=14#284)/@0x845d884 sb=Rect(0, 0 - 1080, 2400) eb=Rect(0, 0 - 1080, 2400) epz=Point(1080, 2400) d=0 taskParent=-1 winMode=1 userId=0},
01-15 08:54:18.056   796   817 V WindowManager:         {WCT{RemoteToken{d5b58e7 Task{6839ed9 #1 type=home}}} m=TO_BACK f=SHOW_WALLPAPER leash=Surface(name=Task=1#44)/@0x178360a sb=Rect(0, 0 - 1080, 2400) eb=Rect(0, 0 - 1080, 2400) epz=Point(1080, 2400) d=0 taskParent=-1 winMode=1 userId=0},
01-15 08:54:18.056   796   817 V WindowManager:         {m=TO_BACK f=IS_WALLPAPER leash=Surface(name=WallpaperWindowToken{3857e8e}#61)/@0x6c339ac sb=Rect(0, 0 - 1080, 2400) eb=Rect(0, 0 - 1080, 2400) epz=Point(1080, 2400) d=0}
01-15 08:54:18.056   796   817 V WindowManager:     ]}
01-15 08:54:18.057  1278  1501 V WindowManagerShell: onTransitionReady(transaction=3418793970458)
01-15 08:54:18.057  1278  1330 V WindowManagerShell: onTransitionReady (#32) android.os.BinderProxy@ac94075: {id=32 t=FIRST_CUSTOM+22 f=0x0 trk=0 r=[0@Point(0, 0)] c=[
01-15 08:54:18.057  1278  1330 V WindowManagerShell:         {m=CHANGE f=MOVE_TO_TOP leash=Surface(name=Task=14#284)/@0x8d2480a sb=Rect(0, 0 - 1080, 2400) eb=Rect(0, 0 - 1080, 2400) epz=Point(1080, 2400) d=0 taskParent=-1 winMode=1 userId=0},
01-15 08:54:18.057  1278  1330 V WindowManagerShell:         {m=TO_BACK f=SHOW_WALLPAPER leash=Surface(name=Task=1#44)/@0x537e87b sb=Rect(0, 0 - 1080, 2400) eb=Rect(0, 0 - 1080, 2400) epz=Point(1080, 2400) d=0 taskParent=-1 winMode=1 userId=0},
01-15 08:54:18.057  1278  1330 V WindowManagerShell:         {m=TO_BACK f=IS_WALLPAPER leash=Surface(name=WallpaperWindowToken{3857e8e}#61)/@0xbc5a698 sb=Rect(0, 0 - 1080, 2400) eb=Rect(0, 0 - 1080, 2400) epz=Point(1080, 2400) d=0}
01-15 08:54:18.057  1278  1330 V WindowManagerShell:     ]}
01-15 08:54:18.057  1278  1330 V WindowManagerShell: Transition (#32) android.os.BinderProxy@ac94075@0 ready while (#31) android.os.BinderProxy@22ec067@0 is still animating. Notify the animating transition in case they can be merged
01-15 08:54:18.058  1278  1330 V ShellRecents: [53575188] RecentsController.merge: TRANSIT_END_RECENTS_TRANSITION
01-15 08:54:18.058  1278  1330 V ShellRecents: [53575188] RecentsController.merge: consuming merge
01-15 08:54:18.058  1278  1330 V WindowManagerShell: Transition was merged: (#32) android.os.BinderProxy@ac94075@0 into (#31) android.os.BinderProxy@22ec067@0
01-15 08:54:18.058  1278  1330 V ShellRecents: [53575188] PendingFinishTransitionHandler.onTransitionConsumed: Consumed pending finish transition
01-15 08:54:18.058  1278  1330 V ShellRecents: [53575188] RecentsController.finishInner: Completing finish
01-15 08:54:18.058  1278  1330 V ShellRecents: [53575188] RecentsController.cleanup
01-15 08:54:18.058  1278  1330 V WindowManagerShell: PipDesktopState: Recents transition state changed: TRANSITION_STATE_NOT_RUNNING
01-15 08:54:18.058  1278  1330 V ShellDesktopMode: DesktopTasksController: Recents transition state changed: TRANSITION_STATE_NOT_RUNNING
01-15 08:54:18.058  1278  1330 V WindowManagerShell: Transition animation finished (aborted=false), notifying core (#31) android.os.BinderProxy@22ec067@0
01-15 08:54:18.060   796   817 V WindowManager: Finish Transition (#31): created at 01-15 08:54:12.918 collect-started=0.084ms started=0.121ms ready=29.1ms sent=114.436ms commit=6.992ms finished=5141.819ms
01-15 08:54:18.061  1517  1517 D BaseActivity: Launcher flags updated: [state_started|state_resumed|state_deferred_resumed] -[state_user_active]
01-15 08:54:18.062  1517  1517 D BaseActivity: Launcher flags updated: [state_started] -[state_resumed|state_deferred_resumed]
01-15 08:54:18.062  1517  1517 W SplitSelectStateCtor: Missing session instanceIds
01-15 08:54:18.062  1517  1517 D StatsLog: LAUNCHER_SPLIT_SELECTION_EXIT_INTERRUPTED
01-15 08:54:18.064  1278  1507 D WallpaperService: onVisibilityChanged(false): com.android.systemui.wallpapers.ImageWallpaper$CanvasEngine@32b10a8
01-15 08:54:18.065  1517  1517 D VRI[NexusLauncherActivity]: visibilityChanged oldVisibility=true newVisibility=false
01-15 08:54:18.068   796   817 V WindowManager: Finish Transition (#32): created at 01-15 08:54:13.053 collect-started=0.054ms started=0.082ms ready=12.458ms sent=5002.424ms finished=5014.49ms
01-15 08:54:18.068   796  1229 D BackgroundInstallControlService: Package event received: 0
01-15 08:54:18.069  1278  1330 V WindowManagerShell: Track 0 became idle
01-15 08:54:18.069  1278  1330 V WindowManagerShell: All active transition animations finished
01-15 08:54:18.069  1278  1330 V ShellRecents: [53575188] RecentsController.finishInner: calling finish callback
01-15 08:54:18.069  1278  1330 V WindowManagerShell: Track 0 became idle
01-15 08:54:18.069  1278  1330 V WindowManagerShell: All active transition animations finished
01-15 08:54:18.069  1278  1330 D WindowManagerShell: setLauncherKeepClearAreaHeight: visible=false, height=495
01-15 08:54:18.075  1517  1517 D NexusLauncherModelDelegate: notifySmartspaceEvent: SmartspaceTargetEvent{mSmartspaceTarget=null, mSmartspaceActionId='null', mEventType=7}
01-15 08:54:18.075  1278  1330 D Bubbles : onLocusVisibilityChanged=Overview|ENABLED visible=false taskId=1
01-15 08:54:18.085  1517  1517 D BaseActivity: Launcher flags updated: [] -[state_started]
01-15 08:54:18.085  1517  1517 D BaseDepthController: setSurface:
01-15 08:54:18.085  1517  1517 D BaseDepthController: 	mWaitingOnSurfaceValidity: false
01-15 08:54:18.085  1517  1517 D BaseDepthController: 	mBaseSurface: null
01-15 08:54:18.085  1517  1517 D BaseDepthController: mSurface is null and mCurrentBlur is: 0
01-15 08:54:18.086  1517  1517 D LauncherStateManager: StateManager.goToState: fromState: Normal, toState: Normal, partial trace:
01-15 08:54:18.086  1517  1517 D LauncherStateManager: 	at com.android.launcher3.statemanager.StateManager.moveToRestState(go/retraceme f3a19d912c87c27267cfbc05ba0bc7b202ab72a6648bd76225f5f7e128d94583:6)
01-15 08:54:18.086  1517  1517 D LauncherStateManager: 	at com.android.launcher3.statemanager.StateManager.moveToRestState(go/retraceme f3a19d912c87c27267cfbc05ba0bc7b202ab72a6648bd76225f5f7e128d94583:2)
01-15 08:54:18.086  1517  1517 D LauncherStateManager: 	at com.android.launcher3.statemanager.StatefulActivity.onStop(go/retraceme f3a19d912c87c27267cfbc05ba0bc7b202ab72a6648bd76225f5f7e128d94583:32)
01-15 08:54:18.086  1517  1517 D LauncherStateManager: StateManager.onRepeatStateSetAborted: state: Normal
01-15 08:54:18.086  1517  1517 D ActivityContext: hideKeyboard
01-15 08:54:18.086  1517  1517 D ActivityContext: isImeShown: false
01-15 08:54:18.086  1517  1517 D StatsLog: LAUNCHER_ONSTOP
01-15 08:54:18.086  1517  8882 D GmsPlayProvider: Shutdown the binder channel gracefully.
01-15 08:54:18.087  1517  8882 D GmsPlayProvider: Binder channel is terminated gracefully.
01-15 08:54:18.087  1517  1517 D StatsLog: LAUNCHER_GOOGLE_SEARCH_RESTORE_LIST_SIZE_AFTER_ACTIVITY_RESTART
01-15 08:54:18.094   796  1229 D BackgroundInstallControlService: Package event received: 0
01-15 08:54:18.102  1517  1523 W System  : A resource failed to call release. 
01-15 08:54:18.103  1517  1523 W System  : A resource failed to call release. 
01-15 08:54:18.103  1517  1523 W System  : A resource failed to call release. 
01-15 08:54:18.103  1517  1523 W System  : A resource failed to call release. 
01-15 08:54:18.166  1517  1517 D b/417220811: invalidateLoadedTasks - previous requestLoadId: -1
01-15 08:54:18.244 26468 26468 W libbinder.BackendUnifiedServiceManager: Thread Pool max thread count is 0. Cannot cache binder as linkToDeath cannot be implemented. serviceName: package
01-15 08:54:18.471  3185  4703 I artd    : GetBestInfo: odex next to the dex file (/data/app/~~32zfW-euUumZmapXCsiMfw==/com.google.android.gms-BB5zRItgPYm45pDbJHp9zQ==/oat/x86_64/base.odex) is kOatUpToDate with filter 'speed-profile' executable 'false'
01-15 08:54:18.476  3185  4703 I artd    : GetBestInfo: odex next to the dex file (/data/app/~~32zfW-euUumZmapXCsiMfw==/com.google.android.gms-BB5zRItgPYm45pDbJHp9zQ==/oat/x86_64/split_AdsDynamite_installtime.odex) is kOatUpToDate with filter 'speed' executable 'false'
01-15 08:54:18.478  3185  4703 I artd    : GetBestInfo: odex next to the dex file (/data/app/~~32zfW-euUumZmapXCsiMfw==/com.google.android.gms-BB5zRItgPYm45pDbJHp9zQ==/oat/x86_64/split_CronetDynamite_installtime.odex) is kOatUpToDate with filter 'speed' executable 'false'
01-15 08:54:18.480  3185  4703 I artd    : GetBestInfo: odex next to the dex file (/data/app/~~32zfW-euUumZmapXCsiMfw==/com.google.android.gms-BB5zRItgPYm45pDbJHp9zQ==/oat/x86_64/split_DynamiteLoader_installtime.odex) is kOatUpToDate with filter 'speed' executable 'false'
01-15 08:54:18.482  3185  4703 I artd    : GetBestInfo: odex next to the dex file (/data/app/~~32zfW-euUumZmapXCsiMfw==/com.google.android.gms-BB5zRItgPYm45pDbJHp9zQ==/oat/x86_64/split_DynamiteModulesA_installtime.odex) is kOatUpToDate with filter 'speed' executable 'false'
01-15 08:54:18.486  3185  4703 I artd    : GetBestInfo: odex next to the dex file (/data/app/~~32zfW-euUumZmapXCsiMfw==/com.google.android.gms-BB5zRItgPYm45pDbJHp9zQ==/oat/x86_64/split_DynamiteModulesC_installtime.odex) is kOatUpToDate with filter 'speed' executable 'false'
01-15 08:54:18.487  3185  4703 I artd    : GetBestInfo: odex next to the dex file (/data/app/~~32zfW-euUumZmapXCsiMfw==/com.google.android.gms-BB5zRItgPYm45pDbJHp9zQ==/oat/x86_64/split_GoogleCertificates_installtime.odex) is kOatUpToDate with filter 'speed' executable 'false'
01-15 08:54:18.488  3185  4703 I artd    : GetBestInfo: odex next to the dex file (/data/app/~~32zfW-euUumZmapXCsiMfw==/com.google.android.gms-BB5zRItgPYm45pDbJHp9zQ==/oat/x86_64/split_MapsDynamite_installtime.odex) is kOatUpToDate with filter 'speed' executable 'false'
01-15 08:54:18.491  3185  4703 I artd    : GetBestInfo: odex next to the dex file (/data/app/~~32zfW-euUumZmapXCsiMfw==/com.google.android.gms-BB5zRItgPYm45pDbJHp9zQ==/oat/x86_64/split_MeasurementDynamite_installtime.odex) is kOatUpToDate with filter 'speed' executable 'false'
01-15 08:54:18.494  3185  4703 I artd    : GetBestInfo: odex next to the dex file (/data/app/~~32zfW-euUumZmapXCsiMfw==/com.google.android.gms-BB5zRItgPYm45pDbJHp9zQ==/oat/x86_64/split_all_locale_splits.odex) is kOatUpToDate with filter 'speed' executable 'false'
01-15 08:54:18.495  3185  4703 I artd    : GetBestInfo: /data/user_de/0/com.google.android.gms/app_chimera/m/00000008/dl-TfliteDynamiteDynamite.integ_243930802100800.apk has no usable artifacts
01-15 08:54:18.497  3185  4703 I artd    : GetBestInfo: /data/user_de/0/com.google.android.gms/app_chimera/m/00000010/dl-PlayCloudSearch.optional_254932100000.apk has no usable artifacts
01-15 08:54:18.498  3185  4703 I artd    : GetBestInfo: /data/user_de/0/com.google.android.gms/app_chimera/m/00000001/CronetDynamite.apk has no usable artifacts
01-15 08:54:18.499  3185  4703 I artd    : GetBestInfo: /data/user_de/0/com.google.android.gms/app_chimera/m/00000011/dl-VisionOcr.optional_254932100000.apk has no usable artifacts
01-15 08:54:18.501  3185  4703 I artd    : GetBestInfo: /data/user_de/0/com.google.android.gms/app_chimera/m/00000002/DynamiteLoader.apk has no usable artifacts
01-15 08:54:18.502  3185  4703 I artd    : GetBestInfo: /data/user_de/0/com.google.android.gms/app_chimera/m/0000000f/dl-MlkitOcrCommon.optional_254932100800.apk has no usable artifacts
01-15 08:54:18.503  3185  4703 I artd    : GetBestInfo: /data/user_de/0/com.google.android.gms/app_chimera/m/00000005/GoogleCertificates.apk has no usable artifacts
01-15 08:54:18.504  3185  4703 I artd    : GetBestInfo: /data/user_de/0/com.google.android.gms/app_chimera/m/0000000e/dl-MlkitBarcodeUi.optional_254932100800.apk has no usable artifacts
01-15 08:54:18.506  3185  4703 I artd    : GetBestInfo: /data/user_de/0/com.google.android.gms/app_chimera/m/0000000a/dl-VisionOcr.optional_253434100000.apk has no usable artifacts
01-15 08:54:18.507  3185  4703 I artd    : GetBestInfo: /data/user_de/0/com.google.android.gms/app_chimera/m/0000000d/dl-Appsearch.optional_254932100800.apk has no usable artifacts
01-15 08:54:18.509  3185  4703 I artd    : GetBestInfo: /data/user_de/0/com.google.android.gms/app_chimera/m/00000009/dl-MlkitOcrCommon.optional_253434100800.apk has no usable artifacts
01-15 08:54:18.510  3185  4703 I artd    : GetBestInfo: /data/user_de/0/com.google.android.gms/app_chimera/m/0000000b/dl-PlayCloudSearch.optional_253434100000.apk has no usable artifacts
01-15 08:54:18.513  3185  4703 I artd    : GetBestInfo: vdex next to the dex file (/data/user/0/com.google.android.gms/app_dg_cache/D7ECB6ECAAAB0DCD8DECD74AE43F16D2EC2B3A20/oat/x86_64/the.vdex) is kOatUpToDate with filter 'verify' executable 'false'
01-15 08:54:18.513  3185  4703 W artd    : Could not get dex checksums for location /data/app/~~bOQytt44Qr5Gb_ikif2I-Q==/com.android.vending-QpoCtcw5VYD9UTaWrMAz-A==/base.apk, fd=-1
01-15 08:54:18.515   796  2326 W AppOps  : Noting op not finished: uid 10155 pkg com.google.android.gms code 113 startTime of in progress event=1768421612356
01-15 08:54:18.517   796   807 I system_server: Background concurrent mark compact GC freed 23MB AllocSpace bytes, 9(172KB) LOS objects, 42% free, 32MB/56MB, paused 1.374ms,1.522ms total 154.682ms
01-15 08:54:18.603   796  1180 I HalDevMgr: bestIfaceCreationProposal is null, requestIface=STA, existingIface=[name=wlan0 type=STA]
01-15 08:54:20.903  1462  1614 D SatelliteController: iisInCarrierRoamingNbIotNtn: satellite is disabled
01-15 08:54:20.904  1462  1614 D SatelliteController: getCarrierRoamingNtnConnectType: Falling back to global carrier config connect type: 0
01-15 08:54:21.609   796  1180 I HalDevMgr: bestIfaceCreationProposal is null, requestIface=STA, existingIface=[name=wlan0 type=STA]
01-15 08:54:22.540  5536  5536 D BoundBrokerSvc: onUnbind: Intent { act=com.google.android.gms.common.telemetry.service.START dat=chimera-action:/... xflg=0x4 cmp=com.google.android.gms/.chimera.PersistentApiService }
01-15 08:54:24.617   796  1180 I HalDevMgr: bestIfaceCreationProposal is null, requestIface=STA, existingIface=[name=wlan0 type=STA]
01-15 08:54:27.626   796  1180 I HalDevMgr: bestIfaceCreationProposal is null, requestIface=STA, existingIface=[name=wlan0 type=STA]
01-15 08:54:27.727   796  2326 I ActivityManager: Force stopping com.geek2geeks.level appid=10227 user=0: from pid 26473
01-15 08:54:27.729   796  2326 I ActivityManager: Killing 26307:com.geek2geeks.level/u0a227 (adj 0): stop com.geek2geeks.level due to from pid 26473
01-15 08:54:27.731   796  2326 W ActivityTaskManager: Force removing ActivityRecord{70152960 u0 com.geek2geeks.level/.MainActivity t14 f}}: app died, no saved state
01-15 08:54:27.732   796  1186 D InetDiagMessage: Destroyed 0 sockets, proto=IPPROTO_TCP, family=AF_INET, states=14
01-15 08:54:27.733  1278  1330 V WindowManagerShell: Transition requested (#33): android.os.BinderProxy@a54dad6 TransitionRequestInfo { type = CLOSE, triggerTask = TaskInfo{userId=0 taskId=14 effectiveUid=10227 displayId=0 isRunning=false baseIntent=Intent { flg=0x10000000 cmp=com.geek2geeks.level/.MainActivity } baseActivity=null topActivity=null origActivity=null realActivity=ComponentInfo{com.geek2geeks.level/com.geek2geeks.level.MainActivity} numActivities=0 lastActiveTime=38508749 supportsMultiWindow=true resizeMode=1 isResizeable=true minWidth=-1 minHeight=-1 defaultMinSize=220 token=WCT{android.os.BinderProxy@6f3e3ff} topActivityType=1 pictureInPictureParams=null shouldDockBigOverlays=false launchIntoPipHostTaskId=-1 lastParentTaskIdBeforePip=-1 displayCutoutSafeInsets=Rect(0, 0 - 0, 0) topActivityInfo=null launchCookies=[] positionInParent=Point(0, 0) parentTaskId=-1 isFocused=true isVisible=true isVisibleRequested=true isTopActivityNoDisplay=false isSleeping=false locusId=null displayAreaFeatureId=1 isTopActivityTransparent=false isActivityStackTransparent=true lastNonFullscreenBounds=null capturedLink=null capturedLinkTimestamp=0 requestedVisibleTypes=503 topActivityRequestOpenInBrowserEducationTimestamp=0 appCompatTaskInfo=AppCompatTaskInfo { topActivityInSizeCompat=false isLeafTask= true eligibleForLetterboxEducation= false isLetterboxEducationEnabled= false isLetterboxDoubleTapEnabled= false eligibleForUserAspectRatioButton= false topActivityBoundsLetterboxed= false isFromLetterboxDoubleTap= false topActivityLetterboxVerticalPosition= -1 topActivityLetterboxHorizontalPosition= -1 topActivityLetterboxWidth=-1 topActivityLetterboxHeight=-1 topActivityAppBounds=Rect(0, 0 - 0, 0) isUserFullscreenOverrideEnabled=false isSystemFullscreenOverrideEnabled=false hasMinAspectRatioOverride=false topActivityLetterboxBounds=null cameraCompatTaskInfo=CameraCompatTaskInfo { cameraCompatMode=undefinedundefined} topNonResizableActivityAspectRatio=-1.0} topActivityMainWindowFrame=null isAppBubble=false}, pipChange = null, remoteTransition = null, displayChange = null, requestedLocation = null, userChange = null, windowingLayerChange = null, flags = 0, debugId = 33 }
01-15 08:54:27.733   796  1229 D BackgroundInstallControlService: Package event received: 0
01-15 08:54:27.734   651   661 I libbinder.BpBinder: onLastStrongRef automatically unlinking death recipients for descriptor: '(not cached)'
01-15 08:54:27.735  1278  1330 V ShellDesktopMode: DesktopTasksController: handleRequest request=TransitionRequestInfo { type = CLOSE, triggerTask = TaskInfo{userId=0 taskId=14 effectiveUid=10227 displayId=0 isRunning=false baseIntent=Intent { flg=0x10000000 cmp=com.geek2geeks.level/.MainActivity } baseActivity=null topActivity=null origActivity=null realActivity=ComponentInfo{com.geek2geeks.level/com.geek2geeks.level.MainActivity} numActivities=0 lastActiveTime=38508749 supportsMultiWindow=true resizeMode=1 isResizeable=true minWidth=-1 minHeight=-1 defaultMinSize=220 token=WCT{android.os.BinderProxy@6f3e3ff} topActivityType=1 pictureInPictureParams=null shouldDockBigOverlays=false launchIntoPipHostTaskId=-1 lastParentTaskIdBeforePip=-1 displayCutoutSafeInsets=Rect(0, 0 - 0, 0) topActivityInfo=null launchCookies=[] positionInParent=Point(0, 0) parentTaskId=-1 isFocused=true isVisible=true isVisibleRequested=true isTopActivityNoDisplay=false isSleeping=false locusId=null displayAreaFeatureId=1 isTopActivityTransparent=false isActivityStackTransparent=true lastNonFullscreenBounds=null capturedLink=null capturedLinkTimestamp=0 requestedVisibleTypes=503 topActivityRequestOpenInBrowserEducationTimestamp=0 appCompatTaskInfo=AppCompatTaskInfo { topActivityInSizeCompat=false isLeafTask= true eligibleForLetterboxEducation= false isLetterboxEducationEnabled= false isLetterboxDoubleTapEnabled= false eligibleForUserAspectRatioButton= false topActivityBoundsLetterboxed= false isFromLetterboxDoubleTap= false topActivityLetterboxVerticalPosition= -1 topActivityLetterboxHorizontalPosition= -1 topActivityLetterboxWidth=-1 topActivityLetterboxHeight=-1 topActivityAppBounds=Rect(0, 0 - 0, 0) isUserFullscreenOverrideEnabled=false isSystemFullscreenOverrideEnabled=false hasMinAspectRatioOverride=false topActivityLetterboxBounds=null cameraCompatTaskInfo=CameraCompatTaskInfo { cameraCompatMode=undefinedundefined} topNonResizableActivityAspectRatio=-1.0} topActivityMainWindowFrame=null isAppBubble=false}, pipChange = null, remoteTransition = null, displayChange = null, requestedLocation = null, userChange = null, windowingLayerChange = null, flags = 0, debugId = 33 }
01-15 08:54:27.736  1278  1330 V ShellDesktopMode: DesktopTasksController: skipping handleRequest reason=triggerTask's display doesn't support desktop mode
01-15 08:54:27.736   796  1186 D InetDiagMessage: Destroyed 1 sockets, proto=IPPROTO_TCP, family=AF_INET6, states=14
01-15 08:54:27.736   796  1186 D InetDiagMessage: Destroyed live tcp sockets for uids={10227} in 4ms
01-15 08:54:27.738   796  1186 D InetDiagMessage: Destroyed 0 sockets, proto=IPPROTO_TCP, family=AF_INET, states=14
01-15 08:54:27.739   796  1186 D InetDiagMessage: Destroyed 0 sockets, proto=IPPROTO_TCP, family=AF_INET6, states=14
01-15 08:54:27.740   796  1186 D InetDiagMessage: Destroyed live tcp sockets for uids={20227} in 4ms
01-15 08:54:27.741   796  2326 V WindowManager: Defer transition id=33 for TaskFragmentTransaction=android.os.Binder@a6c1a72
01-15 08:54:27.742   796  2326 V WindowManager: deferTransitionReady deferReadyDepth=1 stack=com.android.server.wm.TransitionController.deferTransitionReady:1061 com.android.server.wm.TaskFragmentOrganizerController$TaskFragmentOrganizerState.dispatchTransaction:517 com.android.server.wm.TaskFragmentOrganizerController.dispatchPendingEvents:1259 com.android.server.wm.TaskFragmentOrganizerController.dispatchPendingEvents:1228 com.android.server.wm.RootWindowContainer.performSurfacePlacement:777 
01-15 08:54:27.742  1517  1517 D ViewRootImpl: Skipping stats log for color mode
