01-14 23:01:19.288   645   645 I WVCdm   : [file_utils.cpp(38):Exists] stat failed: ENOENT
01-14 23:01:19.288   645   645 I WVCdm   : [oemcrypto_adapter_dynamic.cpp(836):Initialize] Level 3 Build Info (v18): {
01-14 23:01:19.288   645   645 I WVCdm   : "soc_vendor": "Widevine",
01-14 23:01:19.288   645   645 I WVCdm   : "soc_model": "Software",
01-14 23:01:19.288   645   645 I WVCdm   : "ta_ver": "N/A",
01-14 23:01:19.288   645   645 I WVCdm   : "uses_opk": false,
01-14 23:01:19.288   645   645 I WVCdm   : "tee_os": "N/A",
01-14 23:01:19.288   645   645 I WVCdm   : "tee_os_ver": "N/A",
01-14 23:01:19.288   645   645 I WVCdm   : "is_debug": false,
01-14 23:01:19.288   645   645 I WVCdm   : "git_commit": "",
01-14 23:01:19.288   645   645 I WVCdm   : "build_timestamp": "Feb 25 2025 00:18:07",
01-14 23:01:19.288   645   645 I WVCdm   : "mode": "HAYSTACK_ONLY",
01-14 23:01:19.288   645   645 I WVCdm   : "rikers": {},
01-14 23:01:19.288   645   645 I WVCdm   : "haystack": {"soc_vendor":"L3_33100","soc_model":"X86 64 bit","ta_ver":"18.1.0+May 14 2024_19:04:42_","uses_opk":false,"tee_os":"none","tee_os_ver":"0.0.0","form_factor":"L3","implementer":"Widevine","fused":false}
01-14 23:01:19.288   645   645 I WVCdm   : }
01-14 23:01:19.288   645  9529 I WVCdm   : [(0):] Level3 Library 33100 May 14 2024 19:04:42
01-14 23:01:19.290   645   645 I WVCdm   : [oemcrypto_adapter_dynamic.cpp(851):Initialize] L3 Initialized. Trying L1.
01-14 23:01:19.290   645   645 W WVCdm   : [oemcrypto_adapter_dynamic.cpp(864):Initialize] Could not load oemcrypto from path liboemcrypto.so.  dlopen failed: library "liboemcrypto.so" not found
01-14 23:01:19.290   645   645 W WVCdm   : [oemcrypto_adapter_dynamic.cpp(868):Initialize] Could not load oemcrypto. Falling back to L3.
01-14 23:01:19.290   645   645 E WVCdm   : [oemcrypto_adapter_dynamic.cpp(1352):ValidateOrInstallL1KeyboxOrCert] L1 not initialized. Falling back to L3
01-14 23:01:19.290   645   645 I WVCdm   : [file_utils.cpp(38):Exists] stat failed: ENOENT
01-14 23:01:19.290   645   645 W WVCdm   : [oemcrypto_adapter_dynamic.cpp(1557):OEMCrypto_InitializeAndCheckKeybox] Keybox error: 25. Falling back to L3.
01-14 23:01:19.290   645   645 I WVCdm   : [oemcrypto_adapter_dynamic.cpp(901):Level1Terminate] L1 Terminate not needed
01-14 23:01:19.290   645   645 D WVCdm   : [crypto_session.cpp(434):CacheVersion] OEMCrypto version (default security level): 18.3
01-14 23:01:19.290   645   645 D WVCdm   : [crypto_session.cpp(443):CacheVersion] OEMCrypto version (L3 security level): 18.3
01-14 23:01:19.290   645   645 E WVCdm   : App requested L1 security on a non-L1 device.
01-14 23:01:19.291  3424  8979 D DrmHalAidl: framework logs size 8; plugin logs size 86
01-14 23:01:19.291  3424  8979 E cr_media: Failed to set security level L1
01-14 23:01:19.291  3424  8979 E cr_media: java.lang.IllegalArgumentException: {}: BAD_VALUE
01-14 23:01:19.291  3424  8979 E cr_media: cdm err: 0, oem err: 0, ctx: 0
01-14 23:01:19.291  3424  8979 E cr_media: ============================== Beginning of DRM Plugin Log ==============================
01-14 23:01:19.291  3424  8979 E cr_media:   01-14 22:11:35.322 I [cdm_engine.cpp(1132):IsSecurityLevelSupported] level = L1
01-14 23:01:19.291  3424  8979 E cr_media:   01-14 22:11:35.323 I [file_utils.cpp(38):Exists] stat failed: ENOENT
01-14 23:01:19.291  3424  8979 E cr_media:   01-14 22:11:35.323 I [oemcrypto_adapter_dynamic.cpp(836):Initialize] Level 3 Build Info (v18): {
01-14 23:01:19.291  3424  8979 E cr_media: "soc_vendor": "Widevine",
01-14 23:01:19.291  3424  8979 E cr_media: "soc_model": "Software",
01-14 23:01:19.291  3424  8979 E cr_media: "ta_ver": "N/A",
01-14 23:01:19.291  3424  8979 E cr_media: "uses_opk": false,
01-14 23:01:19.291  3424  8979 E cr_media: "tee_os": "N/A",
01-14 23:01:19.291  3424  8979 E cr_media: "tee_os_ver": "N/A",
01-14 23:01:19.291  3424  8979 E cr_media: "is_debug": false,
01-14 23:01:19.291  3424  8979 E cr_media: "git_commit": "",
01-14 23:01:19.291  3424  8979 E cr_media: "build_timestamp": "Feb 25 2025 00:18:07",
01-14 23:01:19.291  3424  8979 E cr_media: "mode": "HAYSTACK_ONLY",
01-14 23:01:19.291  3424  8979 E cr_media: "rikers": {},
01-14 23:01:19.291  3424  8979 E cr_media: "haystack": {"soc_vendor":"L3_33100","soc_model":"X86 64 bit","ta_ver":"18.1.0+May 14 2024_19:04:42_","uses_opk":false,"tee_os":"none","tee_os_ver":"0.0.0","form_factor":"L3","implementer":"Widevine","fused":false}
01-14 23:01:19.291  3424  8979 E cr_media: }
01-14 23:01:19.291  3424  8979 E cr_media:   01-14 22:11:35.323 I [(0):] Level3 Library 33100 May 14 2024 19:04:42
01-14 23:01:19.291  3424  8979 E cr_media:   01-14 22:11:35.331 I [file_utils.cpp(38):Exists] stat failed: ENOENT
01-14 23:01:19.291  3424  8979 E cr_media:   01-14 22:11:35.331 I [file_utils.cpp(38):Exists] stat failed: ENOENT
01-14 23:01:19.291  3424  8979 E cr_media:   01-14 22:11:35.338 I [file_utils.cpp(38):Exists] stat failed: ENOENT
01-14 23:01:19.291  3424  8979 E cr_media:   01-14 22:11:35.339 I [oemcrypto_adapter_dynamic.cpp(851):Initialize] L3 Initialized. Trying L1.
01-14 23:01:19.291  3424  8979 E cr_media:   01-14 22:11:35.339 W [oemcrypto_adapter_dynamic.cpp(864):Initialize] Could not load oemcrypto from path liboemcrypto.so.  dlopen failed: library "liboemcrypto.so" not found
01-14 23:01:19.291  3424  8979 E cr_media:   01-14 22:11:35.340 W [oemcrypto_adapter_dynamic.cpp(868):Initialize] Could not load oemcrypto. Falling back to L3.
01-14 23:01:19.291  3424  8979 E cr_media:   01-14 22:11:35.340 E [oemcrypto_adapter_dynamic.cpp(1352):ValidateOrInstallL1KeyboxOrCert] L1 not initialized. Falling back to L3
01-14 23:01:19.291  3424  8979 E cr_media:   01-14 22:11:35.340 I [file_utils.cpp(38):Exists] stat failed: ENOENT
01-14 23:01:19.291  3424  8979 E cr_media:   01-14 22:11:35.340 W [oemcrypto_adapter_dynamic.cpp(1557):OEMCrypto_InitializeAndCheckKeybox] Keybox error: 25. Falling back to L3.
01-14 23:01:19.291  3424  8979 E cr_media:   01-14 22:11:35.340 I [oemcrypto_adapter_dynamic.cpp(901):Level1Terminate] L1 Terminate not needed
01-14 23:01:19.291  3424  8979 E cr_media:   01-14 22:11:35.341 I [file_utils.cpp(38):Exists] stat failed: ENOENT
01-14 23:01:19.291  3424  8979 E cr_media:   01-14 22:11:35.352 I [(0):] L3 Terminate.
01-14 23:01:19.291  3424  8979 E cr_media:   01-14 22:11:35.356 I [(0):] Level3 Library 33100 May 14 2024 19:04:42
01-14 23:01:19.291  3424  8979 E cr_media:   01-14 22:11:35.356 I [oemcrypto_adapter_dynamic.cpp(836):Initialize] Level 3 Build Info (v18): {
01-14 23:01:19.291  3424  8979 E cr_media: "soc_vendor": "Widevine",
01-14 23:01:19.291  3424  8979 E cr_media: "soc_model": "Software",
01-14 23:01:19.291  3424  8979 E cr_media: "ta_ver": "N/A",
01-14 23:01:19.291  3424  8979 E cr_media: "uses_opk": false,
01-14 23:01:19.291  3424  8979 E cr_media: "tee_os": "N/A",
01-14 23:01:19.291  3424  8979 E cr_media: "tee_os_ver": "N/A",
01-14 23:01:19.291  3424  8979 E cr_media: "is_debug": false,
01-14 23:01:19.291  3424  8979 E cr_media: "git_commit": "",
01-14 23:01:19.291  3424  8979 E cr_media: "build_timestamp": "Feb 25 2025 00:18:07",
01-14 23:01:19.291  3424  8979 E cr_media: "mode": "HAYSTACK_ONLY",
01-14 23:01:19.291  3424  8979 E cr_media: "rikers": {},
01-14 23:01:19.291  3424  8979 E cr_media: "haystack": {"soc_vendor":"L3_33100","soc_model":"X86 64 bit","ta_ver":"18.1.0+May 14 2024_19:04:42_","uses_opk":false,"tee_os":"none","tee_os_ver":"0.0.0","form_factor":"L3","implementer":"Widevine","fused":false}
01-14 23:01:19.291  3424  8979 E cr_media: }
01-14 23:01:19.291  3424  8979 E cr_media:   01-14 22:11:35.356 I [file_utils.cpp(38):Exists] stat failed: ENOENT
01-14 23:01:19.291  3424  8979 E cr_media:   01-14 22:11:35.359 W [oemcrypto_adapter_dynamic.cpp(868):Initialize] Could not load oemcrypto. Falling back to L3.
01-14 23:01:19.291  3424  8979 E cr_media:   01-14 22:11:35.359 W [oemcrypto_adapter_dynamic.cpp(864):Initialize] Could not load oemcrypto from path liboemcrypto.so.  dlopen failed: library "liboemcrypto.so" not found
01-14 23:01:19.291  3424  8979 E cr_media:   01-14 22:11:35.359 I [oemcrypto_adapter_dynamic.cpp(851):Initialize] L3 Initialized. Trying L1.
01-14 23:01:19.291  3424  8979 E cr_media:   01-14 22:11:35.360 I [oemcrypto_adapter_dynamic.cpp(901):Level1Terminate] L1 Terminate not needed
01-14 23:01:19.291  3424  8979 E cr_media:   01-14 22:11:35.360 E [oemcrypto_adapter_dynamic.cpp(1352):ValidateOrInstallL1KeyboxOrCert] L1 not initialized. Falling back to L3
01-14 23:01:19.291  3424  8979 E cr_media:   01-14 22:11:35.360 I [file_utils.cpp(38):Exists] stat failed: ENOENT
01-14 23:01:19.291  3424  8979 E cr_media:   01-14 22:11:35.360 W [oemcrypto_adapter_dynamic.cpp(1557):OEMCrypto_InitializeAndCheckKeybox] Keybox error: 25. Falling back to L3.
01-14 23:01:19.291  3424  8979 E cr_media:   01-14 22:11:35.379 I [(0):] L3 Terminate.
01-14 23:01:19.291  3424  8979 E cr_media:   01-14 23:01:03.020 I No hidl drm factories found
01-14 23:01:19.291  3424  8979 E cr_media:   01-14 23:01:03.020 W Failed to find passthrough drm factories
01-14 23:01:19.291  3424  8979 E cr_media:   01-14 23:01:03.078 I [cdm_engine.cpp(1132):IsSecurityLevelSupported] level = L1
01-14 23:01:19.291  3424  8979 E cr_media:   01-14 23:01:03.082 I [file_utils.cpp(38):Exists] stat failed: ENOENT
01-14 23:01:19.292  3424  8979 E cr_media:   01-14 23:01:03.083 I [(0):] Level3 Library 33100 May 14 2024 19:04:42
01-14 23:01:19.292  3424  8979 E cr_media:   01-14 23:01:03.085 I [oemcrypto_adapter_dynamic.cpp(836):Initialize] Level 3 Build Info (v18): {
01-14 23:01:19.292  3424  8979 E cr_media: "soc_vendor": "Widevine",
01-14 23:01:19.292  3424  8979 E cr_media: "soc_model": "Software",
01-14 23:01:19.292  3424  8979 E cr_media: "ta_ver": "N/A",
01-14 23:01:19.292  3424  8979 E cr_media: "uses_opk": false,
01-14 23:01:19.292  3424  8979 E cr_media: "tee_os": "N/A",
01-14 23:01:19.292  3424  8979 E cr_media: "tee_os_ver": "N/A",
01-14 23:01:19.292  3424  8979 E cr_media: "is_debug": false,
01-14 23:01:19.292  3424  8979 E cr_media: "git_commit": "",
01-14 23:01:19.292  3424  8979 E cr_media: "build_timestamp": "Feb 25 2025 00:18:07",
01-14 23:01:19.292  3424  8979 E cr_media: "mode": "HAYSTACK_ONLY",
01-14 23:01:19.292  3424  8979 E cr_media: "rikers": {},
01-14 23:01:19.292  3424  8979 E cr_media: "haystack": {"soc_vendor":"L3_33100","soc_model":"X86 64 bit","ta_ver":"18.1.0+May 14 2024_19:04:42_","uses_opk":false,"tee_os":"none","tee_os_ver":"0.0.0","form_factor":"L3","implementer":"Widevine","fused":false}
01-14 23:01:19.292  3424  8979 E cr_media: }
01-14 23:01:19.292  3424  8979 E cr_media:   01-14 23:01:03.094 I [file_utils.cpp(38):Exists] stat failed: ENOENT
01-14 23:01:19.292  3424  8979 E cr_media:   01-14 23:01:03.094 W [oemcrypto_adapter_dynamic.cpp(1557):OEMCrypto_InitializeAndCheckKeybox] Keybox error: 25. Falling back to L3.
01-14 23:01:19.292  3424  8979 E cr_media:   01-14 23:01:03.094 I [oemcrypto_adapter_dynamic.cpp(901):Level1Terminate] L1 Terminate not needed
01-14 23:01:19.292  3424  8979 E cr_media:   01-14 23:01:03.094 I [oemcrypto_adapter_dynamic.cpp(851):Initialize] L3 Initialized. Trying L1.
01-14 23:01:19.292  3424  8979 E cr_media:   01-14 23:01:03.094 W [oemcrypto_adapter_dynamic.cpp(864):Initialize] Could not load oemcrypto from path liboemcrypto.so.  dlopen failed: library "liboemcrypto.so" not found
01-14 23:01:19.292  3424  8979 E cr_media:   01-14 23:01:03.094 W [oemcrypto_adapter_dynamic.cpp(868):Initialize] Could not load oemcrypto. Falling back to L3.
01-14 23:01:19.292  3424  8979 E cr_media:   01-14 23:01:03.094 E [oemcrypto_adapter_dynamic.cpp(1352):ValidateOrInstallL1KeyboxOrCert] L1 not initialized. Falling back to L3
01-14 23:01:19.292  3424  8979 E cr_media:   01-14 23:01:03.096 I No hidl drm factories found
01-14 23:01:19.292  3424  8979 E cr_media:   01-14 23:01:03.097 W Failed to find passthrough drm factories
01-14 23:01:19.292  3424  8979 E cr_media:   01-14 23:01:03.099 I [cdm_engine.cpp(1132):IsSecurityLevelSupported] level = L1
01-14 23:01:19.292  3424  8979 E cr_media:   01-14 23:01:03.114 I [(0):] L3 Terminate.
01-14 23:01:19.292  3424  8979 E cr_media:   01-14 23:01:03.118 I [file_utils.cpp(38):Exists] stat failed: ENOENT
01-14 23:01:19.292  3424  8979 E cr_media:   01-14 23:01:03.118 I [oemcrypto_adapter_dynamic.cpp(836):Initialize] Level 3 Build Info (v18): {
01-14 23:01:19.292  3424  8979 E cr_media: "soc_vendor": "Widevine",
01-14 23:01:19.292  3424  8979 E cr_media: "soc_model": "Software",
01-14 23:01:19.292  3424  8979 E cr_media: "ta_ver": "N/A",
01-14 23:01:19.292  3424  8979 E cr_media: "uses_opk": false,
01-14 23:01:19.292  3424  8979 E cr_media: "tee_os": "N/A",
01-14 23:01:19.292  3424  8979 E cr_media: "tee_os_ver": "N/A",
01-14 23:01:19.292  3424  8979 E cr_media: "is_debug": false,
01-14 23:01:19.292  3424  8979 E cr_media: "git_commit": "",
01-14 23:01:19.292  3424  8979 E cr_media: "build_timestamp": "Feb 25 2025 00:18:07",
01-14 23:01:19.292  3424  8979 E cr_media: "mode": "HAYSTACK_ONLY",
01-14 23:01:19.292  3424  8979 E cr_media: "rikers": {},
01-14 23:01:19.292  3424  8979 E cr_media: "haystack": {"soc_vendor":"L3_33100","soc_model":"X86 64 bit","ta_ver":"18.1.0+May 14 2024_19:04:42_","uses_opk":false,"tee_os":"none","tee_os_ver":"0.0.0","form_factor":"L3","implementer":"Widevine","fused":false}
01-14 23:01:19.292  3424  8979 E cr_media: }
01-14 23:01:19.292  3424  8979 E cr_media:   01-14 23:01:03.118 I [(0):] Level3 Library 33100 May 14 2024 19:04:42
01-14 23:01:19.292  3424  8979 E cr_media:   01-14 23:01:03.120 I [oemcrypto_adapter_dynamic.cpp(851):Initialize] L3 Initialized. Trying L1.
01-14 23:01:19.292  3424  8979 E cr_media:   01-14 23:01:03.120 W [oemcrypto_adapter_dynamic.cpp(864):Initialize] Could not load oemcrypto from path liboemcrypto.so.  dlopen failed: library "liboemcrypto.so" not found
01-14 23:01:19.292  3424  8979 E cr_media:   01-14 23:01:03.120 W [oemcrypto_adapter_dynamic.cpp(868):Initialize] Could not load oemcrypto. Falling back to L3.
01-14 23:01:19.292  3424  8979 E cr_media:   01-14 23:01:03.120 E [oemcrypto_adapter_dynamic.cpp(1352):ValidateOrInstallL1KeyboxOrCert] L1 not initialized. Falling back to L3
01-14 23:01:19.292  3424  8979 E cr_media:   01-14 23:01:03.120 I [file_utils.cpp(38):Exists] stat failed: ENOENT
01-14 23:01:19.292  3424  8979 E cr_media:   01-14 23:01:03.120 W [oemcrypto_adapter_dynamic.cpp(1557):OEMCrypto_InitializeAndCheckKeybox] Keybox error: 25. Falling back to L3.
01-14 23:01:19.292  3424  8979 E cr_media:   01-14 23:01:03.120 I [oemcrypto_adapter_dynamic.cpp(901):Level1Terminate] L1 Terminate not needed
01-14 23:01:19.292  3424  8979 E cr_media:   01-14 23:01:03.121 I [file_utils.cpp(38):Exists] stat failed: ENOENT
01-14 23:01:19.292  3424  8979 E cr_media:   01-14 23:01:03.121 W [device_files.cpp(2048):RetrieveHashedFile] File does not exist: path = /data/vendor/mediadrm/IDM1013/L3/usgtable.bin, error = FileNotFound_ENoEnt
01-14 23:01:19.292  3424  8979 E cr_media:   01-14 23:01:03.121 W [device_files.cpp(1745):RetrieveUsageTableInfo] Unable to retrieve usage table file
01-14 23:01:19.292  3424  8979 E cr_media:   01-14 23:01:03.121 W [cdm_usage_table.cpp(199):RestoreTable] Could not retrieve usage table
01-14 23:01:19.292  3424  8979 E cr_media:   01-14 23:01:03.124 I [file_utils.cpp(38):Exists] stat failed: ENOENT
01-14 23:01:19.292  3424  8979 E cr_media:   01-14 23:01:03.124 I [file_utils.cpp(38):Exists] stat failed: ENOENT
01-14 23:01:19.292  3424  8979 E cr_media:   01-14 23:01:03.124 I [file_utils.cpp(38):Exists] stat failed: ENOENT
01-14 23:01:19.292  3424  8979 E cr_media:   01-14 23:01:03.133 I [file_utils.cpp(38):Exists] stat failed: ENOENT
01-14 23:01:19.292  3424  8979 E cr_media:   01-14 23:01:03.136 I [file_utils.cpp(38):Exists] stat failed: ENOENT
01-14 23:01:19.292  3424  8979 E cr_media:   01-14 23:01:03.137 I [file_utils.cpp(38):Exists] stat failed: ENOENT
01-14 23:01:19.292  3424  8979 E cr_media:   01-14 23:01:03.137 I [file_utils.cpp(38):Exists] stat failed: ENOENT
01-14 23:01:19.292  3424  8979 E cr_media:   01-14 23:01:03.140 I [cdm_engine.cpp(1158):GetProvisioningRequest] cert_type = Widevine
01-14 23:01:19.292  3424  8979 E cr_media:   01-14 23:01:19.273 I No hidl drm factories found
01-14 23:01:19.292  3424  8979 E cr_media:   01-14 23:01:19.273 W Failed to find passthrough drm factories
01-14 23:01:19.292  3424  8979 E cr_media:   01-14 23:01:19.276 I [oemcrypto_adapter_dynamic.cpp(836):Initialize] Level 3 Build Info (v18): {
01-14 23:01:19.292  3424  8979 E cr_media: "soc_vendor": "Widevine",
01-14 23:01:19.292  3424  8979 E cr_media: "soc_model": "Software",
01-14 23:01:19.292  3424  8979 E cr_media: "ta_ver": "N/A",
01-14 23:01:19.292  3424  8979 E cr_media: "uses_opk": false,
01-14 23:01:19.292  3424  8979 E cr_media: "tee_os": "N/A",
01-14 23:01:19.292  3424  8979 E cr_media: "tee_os_ver": "N/A",
01-14 23:01:19.292  3424  8979 E cr_media: "is_debug": false,
01-14 23:01:19.292  3424  8979 E cr_media: "git_commit": "",
01-14 23:01:19.292  3424  8979 E cr_media: "build_timestamp": "Feb 25 2025 00:18:07",
01-14 23:01:19.292  3424  8979 E cr_media: "mode": "HAYSTACK_ONLY",
01-14 23:01:19.292  3424  8979 E cr_media: "rikers": {},
01-14 23:01:19.292  3424  8979 E cr_media: "haystack": {"soc_vendor":"L3_33100","soc_model":"X86 64 bit","ta_ver":"18.1.0+May 14 2024_19:04:42_","uses_opk":false,"tee_os":"none","tee_os_ver":"0.0.0","form_factor":"L3","implementer":"Widevine","fused":false}
01-14 23:01:19.292  3424  8979 E cr_media: }
01-14 23:01:19.292  3424  8979 E cr_media:   01-14 23:01:19.276 I [(0):] Level3 Library 33100 May 14 2024 19:04:42
01-14 23:01:19.292  3424  8979 E cr_media:   01-14 23:01:19.276 I [(0):] L3 Terminate.
01-14 23:01:19.292  3424  8979 E cr_media:   01-14 23:01:19.276 I [cdm_engine.cpp(1132):IsSecurityLevelSupported] level = L1
01-14 23:01:19.292  3424  8979 E cr_media:   01-14 23:01:19.276 I [file_utils.cpp(38):Exists] stat failed: ENOENT
01-14 23:01:19.292  3424  8979 E cr_media:   01-14 23:01:19.278 W [oemcrypto_adapter_dynamic.cpp(1557):OEMCrypto_InitializeAndCheckKeybox] Keybox error: 25. Falling back to L3.
01-14 23:01:19.292  3424  8979 E cr_media:   01-14 23:01:19.278 I [oemcrypto_adapter_dynamic.cpp(901):Level1Terminate] L1 Terminate not needed
01-14 23:01:19.292  3424  8979 E cr_media:   01-14 23:01:19.278 I [oemcrypto_adapter_dynamic.cpp(851):Initialize] L3 Initialized. Trying L1.
01-14 23:01:19.292  3424  8979 E cr_media:   01-14 23:01:19.278 W [oemcrypto_adapter_dynamic.cpp(864):Initialize] Could not load oemcrypto from path liboemcrypto.so.  dlopen failed: library "liboemcrypto.so" not found
01-14 23:01:19.292  3424  8979 E cr_media:   01-14 23:01:19.278 W [oemcrypto_adapter_dynamic.cpp(868):Initialize] Could not load oemcrypto. Falling back to L3.
01-14 23:01:19.292  3424  8979 E cr_media:   01-14 23:01:19.278 E [oemcrypto_adapter_dynamic.cpp(1352):ValidateOrInstallL1KeyboxOrCert] L1 not initialized. Falling back to L3
01-14 23:01:19.292  3424  8979 E cr_media:   01-14 23:01:19.278 I [file_utils.cpp(38):Exists] stat failed: ENOENT
01-14 23:01:19.292  3424  8979 E cr_media:   01-14 23:01:19.279 W Failed to find passthrough drm factories
01-14 23:01:19.292  3424  8979 E cr_media:   01-14 23:01:19.279 I No hidl drm factories found
01-14 23:01:19.292  3424  8979 E cr_media:   01-14 23:01:19.281 I [cdm_engine.cpp(1132):IsSecurityLevelSupported] level = L1
01-14 23:01:19.292  3424  8979 E cr_media:   01-14 23:01:19.288 I [(0):] L3 Terminate.
01-14 23:01:19.292  3424  8979 E cr_media:   01-14 23:01:19.288 I [file_utils.cpp(38):Exists] stat failed: ENOENT
01-14 23:01:19.292  3424  8979 E cr_media:   01-14 23:01:19.288 I [oemcrypto_adapter_dynamic.cpp(836):Initialize] Level 3 Build Info (v18): {
01-14 23:01:19.292  3424  8979 E cr_media: "soc_vendor": "Widevine",
01-14 23:01:19.292  3424  8979 E cr_media: "soc_model": "Software",
01-14 23:01:19.292  3424  8979 E cr_media: "ta_ver": "N/A",
01-14 23:01:19.292  3424  8979 E cr_media: "uses_opk": false,
01-14 23:01:19.292  3424  8979 E cr_media: "tee_os": "N/A",
01-14 23:01:19.292  3424  8979 E cr_media: "tee_os_ver": "N/A",
01-14 23:01:19.292  3424  8979 E cr_media: "is_debug": false,
01-14 23:01:19.292  3424  8979 E cr_media: "git_commit": "",
01-14 23:01:19.292  3424  8979 E cr_media: "build_timestamp": "Feb 25 2025 00:18:07",
01-14 23:01:19.292  3424  8979 E cr_media: "mode": "HAYSTACK_ONLY",
01-14 23:01:19.292  3424  8979 E cr_media: "rikers": {},
01-14 23:01:19.292  3424  8979 E cr_media: "haystack": {"soc_vendor":"L3_33100","soc_model":"X86 64 bit","ta_ver":"18.1.0+May 14 2024_19:04:42_","uses_opk":false,"tee_os":"none","tee_os_ver":"0.0.0","form_factor":"L3","implementer":"Widevine","fused":false}
01-14 23:01:19.292  3424  8979 E cr_media: }
01-14 23:01:19.292  3424  8979 E cr_media:   01-14 23:01:19.288 I [(0):] Level3 Library 33100 May 14 2024 19:04:42
01-14 23:01:19.292  3424  8979 E cr_media:   01-14 23:01:19.290 I [oemcrypto_adapter_dynamic.cpp(851):Initialize] L3 Initialized. Trying L1.
01-14 23:01:19.292  3424  8979 E cr_media:   01-14 23:01:19.290 W [oemcrypto_adapter_dynamic.cpp(864):Initialize] Could not load oemcrypto from path liboemcrypto.so.  dlopen failed: library "liboemcrypto.so" not found
01-14 23:01:19.292  3424  8979 E cr_media:   01-14 23:01:19.290 W [oemcrypto_adapter_dynamic.cpp(868):Initialize] Could not load oemcrypto. Falling back to L3.
01-14 23:01:19.292  3424  8979 E cr_media:   01-14 23:01:19.290 E [oemcrypto_adapter_dynamic.cpp(1352):ValidateOrInstallL1KeyboxOrCert] L1 not initialized. Falling back to L3
01-14 23:01:19.292  3424  8979 E cr_media:   01-14 23:01:19.290 I [file_utils.cpp(38):Exists] stat failed: ENOENT
01-14 23:01:19.292  3424  8979 E cr_media:   01-14 23:01:19.290 W [oemcrypto_adapter_dynamic.cpp(1557):OEMCrypto_InitializeAndCheckKeybox] Keybox error: 25. Falling back to L3.
01-14 23:01:19.292  3424  8979 E cr_media:   01-14 23:01:19.290 I [oemcrypto_adapter_dynamic.cpp(901):Level1Terminate] L1 Terminate not needed
01-14 23:01:19.292  3424  8979 E cr_media: ============================== End of DRM Plugin Log ==============================
01-14 23:01:19.292  3424  8979 E cr_media: 	at android.media.MediaDrm.setPropertyString(Native Method)
01-14 23:01:19.292  3424  8979 E cr_media: 	at org.chromium.media.MediaDrmBridge.create(chromium-TrichromeChromeGoogle6432.aab-stable-699813538:118)
01-14 23:01:19.292  3424  8979 E cr_media: Security level L1 not supported!
01-14 23:01:19.293   710   710 D statsd_drm: statsd_mediadrm skipping empty entry
01-14 23:01:19.294  3424  8979 W chromium: [WARNING:media_drm_origin_id_manager.cc(338)] Failed to provision origin ID
01-14 23:01:19.297   645   645 I WVCdm   : [(0):] L3 Terminate.
01-14 23:01:19.764   796  1180 I HalDevMgr: bestIfaceCreationProposal is null, requestIface=STA, existingIface=[name=wlan0 type=STA]
01-14 23:01:19.903  1278  1415 I QuickAccessWalletTile: QAW service is unavailable, recreating the wallet client.
01-14 23:01:19.914  1278  1415 D ControlsListingControllerImpl: Subscribing callback, service count: 0
01-14 23:01:19.915  1278  1415 D ControlsListingControllerImpl: Unsubscribing callback
01-14 23:01:20.361  1462  1614 D SatelliteController: iisInCarrierRoamingNbIotNtn: satellite is disabled
01-14 23:01:20.361  1462  1614 D SatelliteController: getCarrierRoamingNtnConnectType: Falling back to global carrier config connect type: 0
01-14 23:01:21.662  9537  9537 W libbinder.BackendUnifiedServiceManager: Thread Pool max thread count is 0. Cannot cache binder as linkToDeath cannot be implemented. serviceName: package
01-14 23:01:21.767  3185  3185 I artd    : GetBestInfo: odex next to the dex file (/data/app/~~32zfW-euUumZmapXCsiMfw==/com.google.android.gms-BB5zRItgPYm45pDbJHp9zQ==/oat/x86_64/base.odex) is kOatUpToDate with filter 'speed-profile' executable 'false'
01-14 23:01:21.769  3185  3185 I artd    : GetBestInfo: odex next to the dex file (/data/app/~~32zfW-euUumZmapXCsiMfw==/com.google.android.gms-BB5zRItgPYm45pDbJHp9zQ==/oat/x86_64/split_AdsDynamite_installtime.odex) is kOatUpToDate with filter 'speed' executable 'false'
01-14 23:01:21.770  3185  3185 I artd    : GetBestInfo: odex next to the dex file (/data/app/~~32zfW-euUumZmapXCsiMfw==/com.google.android.gms-BB5zRItgPYm45pDbJHp9zQ==/oat/x86_64/split_CronetDynamite_installtime.odex) is kOatUpToDate with filter 'speed' executable 'false'
01-14 23:01:21.772  3185  3185 I artd    : GetBestInfo: odex next to the dex file (/data/app/~~32zfW-euUumZmapXCsiMfw==/com.google.android.gms-BB5zRItgPYm45pDbJHp9zQ==/oat/x86_64/split_DynamiteLoader_installtime.odex) is kOatUpToDate with filter 'speed' executable 'false'
01-14 23:01:21.773  3185  3185 I artd    : GetBestInfo: odex next to the dex file (/data/app/~~32zfW-euUumZmapXCsiMfw==/com.google.android.gms-BB5zRItgPYm45pDbJHp9zQ==/oat/x86_64/split_DynamiteModulesA_installtime.odex) is kOatUpToDate with filter 'speed' executable 'false'
01-14 23:01:21.775  3185  3185 I artd    : GetBestInfo: odex next to the dex file (/data/app/~~32zfW-euUumZmapXCsiMfw==/com.google.android.gms-BB5zRItgPYm45pDbJHp9zQ==/oat/x86_64/split_DynamiteModulesC_installtime.odex) is kOatUpToDate with filter 'speed' executable 'false'
01-14 23:01:21.776  3185  3185 I artd    : GetBestInfo: odex next to the dex file (/data/app/~~32zfW-euUumZmapXCsiMfw==/com.google.android.gms-BB5zRItgPYm45pDbJHp9zQ==/oat/x86_64/split_GoogleCertificates_installtime.odex) is kOatUpToDate with filter 'speed' executable 'false'
01-14 23:01:21.778  3185  3185 I artd    : GetBestInfo: odex next to the dex file (/data/app/~~32zfW-euUumZmapXCsiMfw==/com.google.android.gms-BB5zRItgPYm45pDbJHp9zQ==/oat/x86_64/split_MapsDynamite_installtime.odex) is kOatUpToDate with filter 'speed' executable 'false'
01-14 23:01:21.779  3185  3185 I artd    : GetBestInfo: odex next to the dex file (/data/app/~~32zfW-euUumZmapXCsiMfw==/com.google.android.gms-BB5zRItgPYm45pDbJHp9zQ==/oat/x86_64/split_MeasurementDynamite_installtime.odex) is kOatUpToDate with filter 'speed' executable 'false'
01-14 23:01:21.780  3185  3185 I artd    : GetBestInfo: odex next to the dex file (/data/app/~~32zfW-euUumZmapXCsiMfw==/com.google.android.gms-BB5zRItgPYm45pDbJHp9zQ==/oat/x86_64/split_all_locale_splits.odex) is kOatUpToDate with filter 'speed' executable 'false'
01-14 23:01:21.781  3185  3185 I artd    : GetBestInfo: /data/user_de/0/com.google.android.gms/app_chimera/m/00000008/dl-TfliteDynamiteDynamite.integ_243930802100800.apk has no usable artifacts
01-14 23:01:21.782  3185  3185 I artd    : GetBestInfo: /data/user_de/0/com.google.android.gms/app_chimera/m/00000010/dl-PlayCloudSearch.optional_254932100000.apk has no usable artifacts
01-14 23:01:21.783  3185  3185 I artd    : GetBestInfo: /data/user_de/0/com.google.android.gms/app_chimera/m/00000001/CronetDynamite.apk has no usable artifacts
01-14 23:01:21.784  3185  3185 I artd    : GetBestInfo: /data/user_de/0/com.google.android.gms/app_chimera/m/00000011/dl-VisionOcr.optional_254932100000.apk has no usable artifacts
01-14 23:01:21.785  3185  3185 I artd    : GetBestInfo: /data/user_de/0/com.google.android.gms/app_chimera/m/00000002/DynamiteLoader.apk has no usable artifacts
01-14 23:01:21.785  3185  3185 I artd    : GetBestInfo: /data/user_de/0/com.google.android.gms/app_chimera/m/0000000f/dl-MlkitOcrCommon.optional_254932100800.apk has no usable artifacts
01-14 23:01:21.786  3185  3185 I artd    : GetBestInfo: /data/user_de/0/com.google.android.gms/app_chimera/m/00000005/GoogleCertificates.apk has no usable artifacts
01-14 23:01:21.787  3185  3185 I artd    : GetBestInfo: /data/user_de/0/com.google.android.gms/app_chimera/m/0000000e/dl-MlkitBarcodeUi.optional_254932100800.apk has no usable artifacts
01-14 23:01:21.788  3185  3185 I artd    : GetBestInfo: /data/user_de/0/com.google.android.gms/app_chimera/m/0000000a/dl-VisionOcr.optional_253434100000.apk has no usable artifacts
01-14 23:01:21.789  3185  3185 I artd    : GetBestInfo: /data/user_de/0/com.google.android.gms/app_chimera/m/0000000d/dl-Appsearch.optional_254932100800.apk has no usable artifacts
01-14 23:01:21.790  3185  3185 I artd    : GetBestInfo: /data/user_de/0/com.google.android.gms/app_chimera/m/00000009/dl-MlkitOcrCommon.optional_253434100800.apk has no usable artifacts
01-14 23:01:21.792  3185  3185 I artd    : GetBestInfo: /data/user_de/0/com.google.android.gms/app_chimera/m/0000000b/dl-PlayCloudSearch.optional_253434100000.apk has no usable artifacts
01-14 23:01:21.793  3185  3185 I artd    : GetBestInfo: vdex next to the dex file (/data/user/0/com.google.android.gms/app_dg_cache/D7ECB6ECAAAB0DCD8DECD74AE43F16D2EC2B3A20/oat/x86_64/the.vdex) is kOatUpToDate with filter 'verify' executable 'false'
01-14 23:01:21.794  3185  3185 I artd    : GetBestInfo: /data/user_de/0/com.google.android.gms/app_chimera/m/00000007/MeasurementDynamite.apk has no usable artifacts
01-14 23:01:22.771   796  1180 I HalDevMgr: bestIfaceCreationProposal is null, requestIface=STA, existingIface=[name=wlan0 type=STA]
01-14 23:01:23.101   796   905 D ActivityManager: freezing 3424 com.android.chrome
01-14 23:01:23.102   796   905 D ActivityManager: freezing 5561 com.google.android.gms
01-14 23:01:23.103   796   905 D ActivityManager: freezing 5702 com.android.vending
01-14 23:01:23.104   796   905 D ActivityManager: freezing 2815 com.google.android.adservices.api
01-14 23:01:23.105   796  1186 D InetDiagMessage: Destroyed 0 sockets, proto=IPPROTO_TCP, family=AF_INET, states=14
01-14 23:01:23.106   796  1186 D InetDiagMessage: Destroyed 0 sockets, proto=IPPROTO_TCP, family=AF_INET6, states=14
01-14 23:01:23.106   796  1186 D InetDiagMessage: Destroyed live tcp sockets for uids={10162} in 1ms
01-14 23:01:23.221   796  1186 D InetDiagMessage: Destroyed 0 sockets, proto=IPPROTO_TCP, family=AF_INET, states=14
01-14 23:01:23.222   796  1186 D InetDiagMessage: Destroyed 0 sockets, proto=IPPROTO_TCP, family=AF_INET6, states=14
01-14 23:01:23.222   796  1186 D InetDiagMessage: Destroyed live tcp sockets for uids={10153} in 1ms
01-14 23:01:23.239   796   905 D ActivityManager: freezing 1281 com.google.android.permissioncontroller
01-14 23:01:23.240   796  1186 D InetDiagMessage: Destroyed 0 sockets, proto=IPPROTO_TCP, family=AF_INET, states=14
01-14 23:01:23.240   796  1186 D InetDiagMessage: Destroyed 0 sockets, proto=IPPROTO_TCP, family=AF_INET6, states=14
01-14 23:01:23.240   796  1186 D InetDiagMessage: Destroyed live tcp sockets for uids={10224} in 1ms
01-14 23:01:23.240   796  1186 D InetDiagMessage: Destroyed 0 sockets, proto=IPPROTO_TCP, family=AF_INET, states=14
01-14 23:01:23.241   796  1186 D InetDiagMessage: Destroyed 0 sockets, proto=IPPROTO_TCP, family=AF_INET6, states=14
01-14 23:01:23.241   796  1186 D InetDiagMessage: Destroyed live tcp sockets for uids={10201} in 1ms
01-14 23:01:23.274  9470  9470 I libbinder.AidlLazyServiceRegistrar: Process has 0 (of 1 available) client(s) in use after notification android.hardware.drm.IDrmFactory/clearkey has clients: 0
01-14 23:01:23.274  9470  9470 I libbinder.AidlLazyServiceRegistrar: Trying to shut down the service. No clients in use for any service in process.
01-14 23:01:23.276  9470  9470 I libbinder.AidlLazyServiceRegistrar: Unregistered all clients and exiting
01-14 23:01:25.775   796  1180 I HalDevMgr: bestIfaceCreationProposal is null, requestIface=STA, existingIface=[name=wlan0 type=STA]
01-14 23:01:28.782   796  1180 I HalDevMgr: bestIfaceCreationProposal is null, requestIface=STA, existingIface=[name=wlan0 type=STA]
01-14 23:01:30.361  1462  1614 D SatelliteController: iisInCarrierRoamingNbIotNtn: satellite is disabled
01-14 23:01:30.361  1462  1614 D SatelliteController: getCarrierRoamingNtnConnectType: Falling back to global carrier config connect type: 0
01-14 23:01:31.572  1390  1390 W DnsResolver: resNetworkResult:android.system.ErrnoException: resNetworkResult failed: ETIMEDOUT (Connection timed out)
01-14 23:01:31.573  1390  1390 W DnsResolver: resNetworkResult:android.system.ErrnoException: resNetworkResult failed: ETIMEDOUT (Connection timed out)
01-14 23:01:31.573  1390  1390 W DnsResolver: resNetworkResult:android.system.ErrnoException: resNetworkResult failed: ETIMEDOUT (Connection timed out)
01-14 23:01:31.573  1390  9531 D NetworkMonitor/103: PROBE_DNS www.google.com 10015ms FAIL in type ADDRCONFIG android.net.DnsResolver$DnsException: android.system.ErrnoException: resNetworkResult failed: ETIMEDOUT (Connection timed out)
01-14 23:01:31.576  1390  1390 W DnsResolver: resNetworkResult:android.system.ErrnoException: resNetworkResult failed: ETIMEDOUT (Connection timed out)
01-14 23:01:31.576  1390  9532 D NetworkMonitor/103: PROBE_DNS connectivitycheck.gstatic.com 10018ms FAIL in type ADDRCONFIG android.net.DnsResolver$DnsException: android.system.ErrnoException: resNetworkResult failed: ETIMEDOUT (Connection timed out)
01-14 23:01:31.686  9549  9549 W libbinder.BackendUnifiedServiceManager: Thread Pool max thread count is 0. Cannot cache binder as linkToDeath cannot be implemented. serviceName: package
01-14 23:01:31.790  3185  3185 I artd    : GetBestInfo: odex next to the dex file (/data/app/~~32zfW-euUumZmapXCsiMfw==/com.google.android.gms-BB5zRItgPYm45pDbJHp9zQ==/oat/x86_64/base.odex) is kOatUpToDate with filter 'speed-profile' executable 'false'
01-14 23:01:31.791   796  1180 I HalDevMgr: bestIfaceCreationProposal is null, requestIface=STA, existingIface=[name=wlan0 type=STA]
01-14 23:01:31.792  3185  3185 I artd    : GetBestInfo: odex next to the dex file (/data/app/~~32zfW-euUumZmapXCsiMfw==/com.google.android.gms-BB5zRItgPYm45pDbJHp9zQ==/oat/x86_64/split_AdsDynamite_installtime.odex) is kOatUpToDate with filter 'speed' executable 'false'
01-14 23:01:31.794  3185  3185 I artd    : GetBestInfo: odex next to the dex file (/data/app/~~32zfW-euUumZmapXCsiMfw==/com.google.android.gms-BB5zRItgPYm45pDbJHp9zQ==/oat/x86_64/split_CronetDynamite_installtime.odex) is kOatUpToDate with filter 'speed' executable 'false'
01-14 23:01:31.795  3185  3185 I artd    : GetBestInfo: odex next to the dex file (/data/app/~~32zfW-euUumZmapXCsiMfw==/com.google.android.gms-BB5zRItgPYm45pDbJHp9zQ==/oat/x86_64/split_DynamiteLoader_installtime.odex) is kOatUpToDate with filter 'speed' executable 'false'
01-14 23:01:31.796  3185  3185 I artd    : GetBestInfo: odex next to the dex file (/data/app/~~32zfW-euUumZmapXCsiMfw==/com.google.android.gms-BB5zRItgPYm45pDbJHp9zQ==/oat/x86_64/split_DynamiteModulesA_installtime.odex) is kOatUpToDate with filter 'speed' executable 'false'
01-14 23:01:31.798  3185  3185 I artd    : GetBestInfo: odex next to the dex file (/data/app/~~32zfW-euUumZmapXCsiMfw==/com.google.android.gms-BB5zRItgPYm45pDbJHp9zQ==/oat/x86_64/split_DynamiteModulesC_installtime.odex) is kOatUpToDate with filter 'speed' executable 'false'
01-14 23:01:31.799  3185  3185 I artd    : GetBestInfo: odex next to the dex file (/data/app/~~32zfW-euUumZmapXCsiMfw==/com.google.android.gms-BB5zRItgPYm45pDbJHp9zQ==/oat/x86_64/split_GoogleCertificates_installtime.odex) is kOatUpToDate with filter 'speed' executable 'false'
01-14 23:01:31.801  3185  3185 I artd    : GetBestInfo: odex next to the dex file (/data/app/~~32zfW-euUumZmapXCsiMfw==/com.google.android.gms-BB5zRItgPYm45pDbJHp9zQ==/oat/x86_64/split_MapsDynamite_installtime.odex) is kOatUpToDate with filter 'speed' executable 'false'
01-14 23:01:31.802  3185  3185 I artd    : GetBestInfo: odex next to the dex file (/data/app/~~32zfW-euUumZmapXCsiMfw==/com.google.android.gms-BB5zRItgPYm45pDbJHp9zQ==/oat/x86_64/split_MeasurementDynamite_installtime.odex) is kOatUpToDate with filter 'speed' executable 'false'
01-14 23:01:31.804  3185  3185 I artd    : GetBestInfo: odex next to the dex file (/data/app/~~32zfW-euUumZmapXCsiMfw==/com.google.android.gms-BB5zRItgPYm45pDbJHp9zQ==/oat/x86_64/split_all_locale_splits.odex) is kOatUpToDate with filter 'speed' executable 'false'
01-14 23:01:31.805  3185  3185 I artd    : GetBestInfo: /data/user_de/0/com.google.android.gms/app_chimera/m/00000008/dl-TfliteDynamiteDynamite.integ_243930802100800.apk has no usable artifacts
01-14 23:01:31.806  3185  3185 I artd    : GetBestInfo: /data/user_de/0/com.google.android.gms/app_chimera/m/00000010/dl-PlayCloudSearch.optional_254932100000.apk has no usable artifacts
01-14 23:01:31.807  3185  3185 I artd    : GetBestInfo: /data/user_de/0/com.google.android.gms/app_chimera/m/00000001/CronetDynamite.apk has no usable artifacts
01-14 23:01:31.808  3185  3185 I artd    : GetBestInfo: /data/user_de/0/com.google.android.gms/app_chimera/m/00000011/dl-VisionOcr.optional_254932100000.apk has no usable artifacts
01-14 23:01:31.808  3185  3185 I artd    : GetBestInfo: /data/user_de/0/com.google.android.gms/app_chimera/m/00000002/DynamiteLoader.apk has no usable artifacts
01-14 23:01:31.809  3185  3185 I artd    : GetBestInfo: /data/user_de/0/com.google.android.gms/app_chimera/m/0000000f/dl-MlkitOcrCommon.optional_254932100800.apk has no usable artifacts
01-14 23:01:31.810  3185  3185 I artd    : GetBestInfo: /data/user_de/0/com.google.android.gms/app_chimera/m/00000005/GoogleCertificates.apk has no usable artifacts
01-14 23:01:31.811  3185  3185 I artd    : GetBestInfo: /data/user_de/0/com.google.android.gms/app_chimera/m/0000000e/dl-MlkitBarcodeUi.optional_254932100800.apk has no usable artifacts
01-14 23:01:31.812  3185  3185 I artd    : GetBestInfo: /data/user_de/0/com.google.android.gms/app_chimera/m/0000000a/dl-VisionOcr.optional_253434100000.apk has no usable artifacts
01-14 23:01:31.813  3185  3185 I artd    : GetBestInfo: /data/user_de/0/com.google.android.gms/app_chimera/m/0000000d/dl-Appsearch.optional_254932100800.apk has no usable artifacts
01-14 23:01:31.815  3185  3185 I artd    : GetBestInfo: /data/user_de/0/com.google.android.gms/app_chimera/m/00000009/dl-MlkitOcrCommon.optional_253434100800.apk has no usable artifacts
01-14 23:01:31.816  3185  3185 I artd    : GetBestInfo: /data/user_de/0/com.google.android.gms/app_chimera/m/0000000b/dl-PlayCloudSearch.optional_253434100000.apk has no usable artifacts
01-14 23:01:31.817  3185  3185 I artd    : GetBestInfo: vdex next to the dex file (/data/user/0/com.google.android.gms/app_dg_cache/D7ECB6ECAAAB0DCD8DECD74AE43F16D2EC2B3A20/oat/x86_64/the.vdex) is kOatUpToDate with filter 'verify' executable 'false'
01-14 23:01:31.818  3185  3185 I artd    : GetBestInfo: /data/user_de/0/com.google.android.gms/app_chimera/m/00000007/MeasurementDynamite.apk has no usable artifacts
01-14 23:01:34.575  1390  9530 D NetworkMonitor/103: PROBE_FALLBACK http://play.googleapis.com/generate_204 Probe failed with exception java.net.UnknownHostException: Unable to resolve host "play.googleapis.com": No address associated with hostname
01-14 23:01:34.797   796  1180 I HalDevMgr: bestIfaceCreationProposal is null, requestIface=STA, existingIface=[name=wlan0 type=STA]
01-14 23:01:37.804   796  1180 I HalDevMgr: bestIfaceCreationProposal is null, requestIface=STA, existingIface=[name=wlan0 type=STA]
01-14 23:01:38.834   796   905 D ActivityManager: freezing 6005 com.google.android.apps.wellbeing
01-14 23:01:38.836   796  1186 D InetDiagMessage: Destroyed 0 sockets, proto=IPPROTO_TCP, family=AF_INET, states=14
01-14 23:01:38.836   796  1186 D InetDiagMessage: Destroyed 0 sockets, proto=IPPROTO_TCP, family=AF_INET6, states=14
01-14 23:01:38.836   796  1186 D InetDiagMessage: Destroyed live tcp sockets for uids={10159} in 0ms
01-14 23:01:40.361  1462  1614 D SatelliteController: iisInCarrierRoamingNbIotNtn: satellite is disabled
01-14 23:01:40.361  1462  1614 D SatelliteController: getCarrierRoamingNtnConnectType: Falling back to global carrier config connect type: 0
01-14 23:01:40.811   796  1180 I HalDevMgr: bestIfaceCreationProposal is null, requestIface=STA, existingIface=[name=wlan0 type=STA]
01-14 23:01:41.590  1390  9531 D NetworkMonitor/103: PROBE_HTTPS https://www.google.com/generate_204 Probe failed with exception java.net.UnknownHostException: Unable to resolve host "www.google.com": No address associated with hostname
01-14 23:01:41.595  1390  9532 D NetworkMonitor/103: PROBE_HTTP http://connectivitycheck.gstatic.com/generate_204 Probe failed with exception java.net.UnknownHostException: Unable to resolve host "connectivitycheck.gstatic.com": No address associated with hostname
01-14 23:01:41.596  1390  9530 D NetworkMonitor/103: isCaptivePortal: isSuccessful()=false isPortal()=false RedirectUrl=null isPartialConnectivity()=false Time=20039ms
01-14 23:01:41.597   796  1186 D ConnectivityService: [103 CELLULAR] validation failed
01-14 23:01:41.682  9552  9552 W libbinder.BackendUnifiedServiceManager: Thread Pool max thread count is 0. Cannot cache binder as linkToDeath cannot be implemented. serviceName: package
01-14 23:01:41.790  3185  3185 I artd    : GetBestInfo: odex next to the dex file (/data/app/~~32zfW-euUumZmapXCsiMfw==/com.google.android.gms-BB5zRItgPYm45pDbJHp9zQ==/oat/x86_64/base.odex) is kOatUpToDate with filter 'speed-profile' executable 'false'
01-14 23:01:41.793  3185  3185 I artd    : GetBestInfo: odex next to the dex file (/data/app/~~32zfW-euUumZmapXCsiMfw==/com.google.android.gms-BB5zRItgPYm45pDbJHp9zQ==/oat/x86_64/split_AdsDynamite_installtime.odex) is kOatUpToDate with filter 'speed' executable 'false'
01-14 23:01:41.794  3185  5446 I artd    : GetBestInfo: odex next to the dex file (/data/app/~~32zfW-euUumZmapXCsiMfw==/com.google.android.gms-BB5zRItgPYm45pDbJHp9zQ==/oat/x86_64/split_CronetDynamite_installtime.odex) is kOatUpToDate with filter 'speed' executable 'false'
01-14 23:01:41.796  3185  5446 I artd    : GetBestInfo: odex next to the dex file (/data/app/~~32zfW-euUumZmapXCsiMfw==/com.google.android.gms-BB5zRItgPYm45pDbJHp9zQ==/oat/x86_64/split_DynamiteLoader_installtime.odex) is kOatUpToDate with filter 'speed' executable 'false'
01-14 23:01:41.797  3185  5446 I artd    : GetBestInfo: odex next to the dex file (/data/app/~~32zfW-euUumZmapXCsiMfw==/com.google.android.gms-BB5zRItgPYm45pDbJHp9zQ==/oat/x86_64/split_DynamiteModulesA_installtime.odex) is kOatUpToDate with filter 'speed' executable 'false'
01-14 23:01:41.799  3185  5446 I artd    : GetBestInfo: odex next to the dex file (/data/app/~~32zfW-euUumZmapXCsiMfw==/com.google.android.gms-BB5zRItgPYm45pDbJHp9zQ==/oat/x86_64/split_DynamiteModulesC_installtime.odex) is kOatUpToDate with filter 'speed' executable 'false'
01-14 23:01:41.801  3185  5446 I artd    : GetBestInfo: odex next to the dex file (/data/app/~~32zfW-euUumZmapXCsiMfw==/com.google.android.gms-BB5zRItgPYm45pDbJHp9zQ==/oat/x86_64/split_GoogleCertificates_installtime.odex) is kOatUpToDate with filter 'speed' executable 'false'
01-14 23:01:41.802  3185  5446 I artd    : GetBestInfo: odex next to the dex file (/data/app/~~32zfW-euUumZmapXCsiMfw==/com.google.android.gms-BB5zRItgPYm45pDbJHp9zQ==/oat/x86_64/split_MapsDynamite_installtime.odex) is kOatUpToDate with filter 'speed' executable 'false'
01-14 23:01:41.804  3185  5446 I artd    : GetBestInfo: odex next to the dex file (/data/app/~~32zfW-euUumZmapXCsiMfw==/com.google.android.gms-BB5zRItgPYm45pDbJHp9zQ==/oat/x86_64/split_MeasurementDynamite_installtime.odex) is kOatUpToDate with filter 'speed' executable 'false'
01-14 23:01:41.805  3185  5446 I artd    : GetBestInfo: odex next to the dex file (/data/app/~~32zfW-euUumZmapXCsiMfw==/com.google.android.gms-BB5zRItgPYm45pDbJHp9zQ==/oat/x86_64/split_all_locale_splits.odex) is kOatUpToDate with filter 'speed' executable 'false'
01-14 23:01:41.806  3185  5446 I artd    : GetBestInfo: /data/user_de/0/com.google.android.gms/app_chimera/m/00000008/dl-TfliteDynamiteDynamite.integ_243930802100800.apk has no usable artifacts
01-14 23:01:41.808  3185  5446 I artd    : GetBestInfo: /data/user_de/0/com.google.android.gms/app_chimera/m/00000010/dl-PlayCloudSearch.optional_254932100000.apk has no usable artifacts
01-14 23:01:41.808  3185  5446 I artd    : GetBestInfo: /data/user_de/0/com.google.android.gms/app_chimera/m/00000001/CronetDynamite.apk has no usable artifacts
01-14 23:01:41.809  3185  5446 I artd    : GetBestInfo: /data/user_de/0/com.google.android.gms/app_chimera/m/00000011/dl-VisionOcr.optional_254932100000.apk has no usable artifacts
01-14 23:01:41.810  3185  5446 I artd    : GetBestInfo: /data/user_de/0/com.google.android.gms/app_chimera/m/00000002/DynamiteLoader.apk has no usable artifacts
01-14 23:01:41.811  3185  5446 I artd    : GetBestInfo: /data/user_de/0/com.google.android.gms/app_chimera/m/0000000f/dl-MlkitOcrCommon.optional_254932100800.apk has no usable artifacts
01-14 23:01:41.811  3185  5446 I artd    : GetBestInfo: /data/user_de/0/com.google.android.gms/app_chimera/m/00000005/GoogleCertificates.apk has no usable artifacts
01-14 23:01:41.812  3185  5446 I artd    : GetBestInfo: /data/user_de/0/com.google.android.gms/app_chimera/m/0000000e/dl-MlkitBarcodeUi.optional_254932100800.apk has no usable artifacts
01-14 23:01:41.814  3185  5446 I artd    : GetBestInfo: /data/user_de/0/com.google.android.gms/app_chimera/m/0000000a/dl-VisionOcr.optional_253434100000.apk has no usable artifacts
01-14 23:01:41.815  3185  5446 I artd    : GetBestInfo: /data/user_de/0/com.google.android.gms/app_chimera/m/0000000d/dl-Appsearch.optional_254932100800.apk has no usable artifacts
01-14 23:01:41.817  3185  5446 I artd    : GetBestInfo: /data/user_de/0/com.google.android.gms/app_chimera/m/00000009/dl-MlkitOcrCommon.optional_253434100800.apk has no usable artifacts
01-14 23:01:41.818  3185  5446 I artd    : GetBestInfo: /data/user_de/0/com.google.android.gms/app_chimera/m/0000000b/dl-PlayCloudSearch.optional_253434100000.apk has no usable artifacts
01-14 23:01:41.820  3185  5446 I artd    : GetBestInfo: vdex next to the dex file (/data/user/0/com.google.android.gms/app_dg_cache/D7ECB6ECAAAB0DCD8DECD74AE43F16D2EC2B3A20/oat/x86_64/the.vdex) is kOatUpToDate with filter 'verify' executable 'false'
01-14 23:01:41.821  3185  5446 I artd    : GetBestInfo: /data/user_de/0/com.google.android.gms/app_chimera/m/00000007/MeasurementDynamite.apk has no usable artifacts
01-14 23:01:43.818   796  1180 I HalDevMgr: bestIfaceCreationProposal is null, requestIface=STA, existingIface=[name=wlan0 type=STA]
01-14 23:01:46.821   796  1180 I HalDevMgr: bestIfaceCreationProposal is null, requestIface=STA, existingIface=[name=wlan0 type=STA]
01-14 23:01:49.828   796  1180 I HalDevMgr: bestIfaceCreationProposal is null, requestIface=STA, existingIface=[name=wlan0 type=STA]
01-14 23:01:50.361  1462  1614 D SatelliteController: iisInCarrierRoamingNbIotNtn: satellite is disabled
01-14 23:01:50.361  1462  1614 D SatelliteController: getCarrierRoamingNtnConnectType: Falling back to global carrier config connect type: 0
01-14 23:01:50.538   796  1769 D WifiNl80211Manager: Scan result ready event
01-14 23:01:50.538   796  1769 D WifiNative: Scan result ready event
01-14 23:01:50.540  5536  5641 I WifiScanner: onFullResults
01-14 23:01:50.540  5536  9363 I WifiScanner: onFullResults
01-14 23:01:50.542   796  1180 I HalDevMgr: bestIfaceCreationProposal is null, requestIface=STA, existingIface=[name=wlan0 type=STA]
01-14 23:01:51.696  9557  9557 W libbinder.BackendUnifiedServiceManager: Thread Pool max thread count is 0. Cannot cache binder as linkToDeath cannot be implemented. serviceName: package
01-14 23:01:51.787  3185  5446 I artd    : GetBestInfo: odex next to the dex file (/data/app/~~32zfW-euUumZmapXCsiMfw==/com.google.android.gms-BB5zRItgPYm45pDbJHp9zQ==/oat/x86_64/base.odex) is kOatUpToDate with filter 'speed-profile' executable 'false'
01-14 23:01:51.789  3185  5446 I artd    : GetBestInfo: odex next to the dex file (/data/app/~~32zfW-euUumZmapXCsiMfw==/com.google.android.gms-BB5zRItgPYm45pDbJHp9zQ==/oat/x86_64/split_AdsDynamite_installtime.odex) is kOatUpToDate with filter 'speed' executable 'false'
01-14 23:01:51.791  3185  5446 I artd    : GetBestInfo: odex next to the dex file (/data/app/~~32zfW-euUumZmapXCsiMfw==/com.google.android.gms-BB5zRItgPYm45pDbJHp9zQ==/oat/x86_64/split_CronetDynamite_installtime.odex) is kOatUpToDate with filter 'speed' executable 'false'
01-14 23:01:51.792  3185  5446 I artd    : GetBestInfo: odex next to the dex file (/data/app/~~32zfW-euUumZmapXCsiMfw==/com.google.android.gms-BB5zRItgPYm45pDbJHp9zQ==/oat/x86_64/split_DynamiteLoader_installtime.odex) is kOatUpToDate with filter 'speed' executable 'false'
01-14 23:01:51.794  3185  5446 I artd    : GetBestInfo: odex next to the dex file (/data/app/~~32zfW-euUumZmapXCsiMfw==/com.google.android.gms-BB5zRItgPYm45pDbJHp9zQ==/oat/x86_64/split_DynamiteModulesA_installtime.odex) is kOatUpToDate with filter 'speed' executable 'false'
01-14 23:01:51.795  3185  5446 I artd    : GetBestInfo: odex next to the dex file (/data/app/~~32zfW-euUumZmapXCsiMfw==/com.google.android.gms-BB5zRItgPYm45pDbJHp9zQ==/oat/x86_64/split_DynamiteModulesC_installtime.odex) is kOatUpToDate with filter 'speed' executable 'false'
01-14 23:01:51.797  3185  5446 I artd    : GetBestInfo: odex next to the dex file (/data/app/~~32zfW-euUumZmapXCsiMfw==/com.google.android.gms-BB5zRItgPYm45pDbJHp9zQ==/oat/x86_64/split_GoogleCertificates_installtime.odex) is kOatUpToDate with filter 'speed' executable 'false'
01-14 23:01:51.798  3185  5446 I artd    : GetBestInfo: odex next to the dex file (/data/app/~~32zfW-euUumZmapXCsiMfw==/com.google.android.gms-BB5zRItgPYm45pDbJHp9zQ==/oat/x86_64/split_MapsDynamite_installtime.odex) is kOatUpToDate with filter 'speed' executable 'false'
01-14 23:01:51.800  3185  5446 I artd    : GetBestInfo: odex next to the dex file (/data/app/~~32zfW-euUumZmapXCsiMfw==/com.google.android.gms-BB5zRItgPYm45pDbJHp9zQ==/oat/x86_64/split_MeasurementDynamite_installtime.odex) is kOatUpToDate with filter 'speed' executable 'false'
