--------- beginning of main
01-14 23:00:58.720   796  1180 I HalDevMgr: bestIfaceCreationProposal is null, requestIface=STA, existingIface=[name=wlan0 type=STA]
--------- beginning of system
01-14 23:00:59.251   796  1769 W ActivityTaskManager: callingPackage for (uid=2000, pid=9408) has no WPC
01-14 23:00:59.251   796  1769 V WindowManager: DesktopModeLaunchParamsModifier: phase= 0 task=null activity=null display-area-from-current-params=null display-area-from-default-fallback=DefaultTaskDisplayArea@45828422 display-id=0 task-display-area-windowing-mode=1 suggested-display-area=DefaultTaskDisplayArea@45828422 task null, skipping
01-14 23:00:59.251   796  1769 V WindowManager: TaskLaunchParamsModifier:phase=0 task=null activity=null display-area-from-current-params=null display-area-from-default-fallback=DefaultTaskDisplayArea@45828422 display-id=0 task-display-area-windowing-mode=1 suggested-display-area=DefaultTaskDisplayArea@45828422
01-14 23:00:59.251   796  1769 V GrammaticalInflectionUtils: AttributionSource: android.content.AttributionSource@327d0c6f does not have READ_SYSTEM_GRAMMATICAL_GENDER permission.
01-14 23:00:59.252   796  1769 V WindowManager: DesktopModeLaunchParamsModifier: phase= 0 task=null activity=ActivityRecord{263151326 u0 com.geek2geeks.level/.MainActivity display-area-from-current-params=null display-area-from-default-fallback=DefaultTaskDisplayArea@45828422 display-id=0 task-display-area-windowing-mode=1 suggested-display-area=DefaultTaskDisplayArea@45828422 task null, skipping
01-14 23:00:59.252   796  1769 V WindowManager: TaskLaunchParamsModifier:phase=0 task=null activity=ActivityRecord{263151326 u0 com.geek2geeks.level/.MainActivity t-1} display-area-from-current-params=null display-area-from-default-fallback=DefaultTaskDisplayArea@45828422 display-id=0 task-display-area-windowing-mode=1 suggested-display-area=DefaultTaskDisplayArea@45828422
01-14 23:00:59.252   796  1769 V WindowManager: DesktopModeLaunchParamsModifier: phase= 3 task=null activity=ActivityRecord{263151326 u0 com.geek2geeks.level/.MainActivity t-1} display-area-from-current-params=null display-area-from-default-fallback=DefaultTaskDisplayArea@45828422 display-id=0 task-display-area-windowing-mode=1 suggested-display-area=DefaultTaskDisplayArea@45828422 task null, skipping
01-14 23:00:59.252   796  1769 V WindowManager: TaskLaunchParamsModifier:phase=3 task=null activity=ActivityRecord{263151326 u0 com.geek2geeks.level/.MainActivity t-1} display-area-from-current-params=null display-area-from-default-fallback=DefaultTaskDisplayArea@45828422 display-id=0 task-display-area-windowing-mode=1 suggested-display-area=DefaultTaskDisplayArea@45828422 non-freeform-task-display-area display-area=DefaultTaskDisplayArea@45828422 skip-bounds-fullscreen
01-14 23:00:59.254   796  1769 V WindowManager: DesktopModeLaunchParamsModifier: phase= 3 task=Task{a4738bf #12 type=standard A=10227:com.geek2geeks.level} activity=ActivityRecord{263151326 u0 com.geek2geeks.level/.MainActivity t-1} display-from-task=0 display-id=0 task-display-area-windowing-mode=1 suggested-display-area=DefaultTaskDisplayArea@45828422 not entering desktop mode, skipping
01-14 23:00:59.254   796  1769 V WindowManager: TaskLaunchParamsModifier:phase=3 task=Task{a4738bf #12 type=standard A=10227:com.geek2geeks.level} activity=ActivityRecord{263151326 u0 com.geek2geeks.level/.MainActivity t-1} display-from-task=0 display-id=0 task-display-area-windowing-mode=1 suggested-display-area=DefaultTaskDisplayArea@45828422 inherit-from-task=fullscreen non-freeform-task-display-area display-area=DefaultTaskDisplayArea@45828422 skip-bounds-fullscreen
01-14 23:00:59.256   651   756 I libbinder.BpBinder: onLastStrongRef automatically unlinking death recipients for descriptor: '(not cached)'
01-14 23:00:59.259   796  1769 I ActivityTaskManager: START u0 {flg=0x10000000 xflg=0x5 cmp=com.geek2geeks.level/.MainActivity} with LAUNCH_SINGLE_TASK from uid 2000 (com.android.shell) (BAL_ALLOW_PERMISSION) result code=0
01-14 23:00:59.260  1278  1330 V WindowManagerShell: Transition requested (#23): android.os.BinderProxy@49e05ed TransitionRequestInfo { type = OPEN, triggerTask = TaskInfo{userId=0 taskId=12 effectiveUid=10227 displayId=0 isRunning=true baseIntent=Intent { flg=0x10000000 cmp=com.geek2geeks.level/.MainActivity } baseActivity=ComponentInfo{com.geek2geeks.level/com.geek2geeks.level.MainActivity} topActivity=ComponentInfo{com.geek2geeks.level/com.geek2geeks.level.MainActivity} origActivity=null realActivity=ComponentInfo{com.geek2geeks.level/com.geek2geeks.level.MainActivity} numActivities=1 lastActiveTime=3055845 supportsMultiWindow=true resizeMode=1 isResizeable=true minWidth=-1 minHeight=-1 defaultMinSize=220 token=WCT{android.os.BinderProxy@f64ec22} topActivityType=1 pictureInPictureParams=null shouldDockBigOverlays=false launchIntoPipHostTaskId=-1 lastParentTaskIdBeforePip=-1 displayCutoutSafeInsets=Rect(0, 0 - 0, 0) topActivityInfo=ActivityInfo{23716b3 com.geek2geeks.level.MainActivity} launchCookies=[] positionInParent=Point(0, 0) parentTaskId=-1 isFocused=false isVisible=false isVisibleRequested=false isTopActivityNoDisplay=false isSleeping=false locusId=null displayAreaFeatureId=1 isTopActivityTransparent=false isActivityStackTransparent=false lastNonFullscreenBounds=null capturedLink=null capturedLinkTimestamp=0 requestedVisibleTypes=503 topActivityRequestOpenInBrowserEducationTimestamp=0 appCompatTaskInfo=AppCompatTaskInfo { topActivityInSizeCompat=false isLeafTask= true eligibleForLetterboxEducation= false isLetterboxEducationEnabled= true isLetterboxDoubleTapEnabled= false eligibleForUserAspectRatioButton= false topActivityBoundsLetterboxed= false isFromLetterboxDoubleTap= false topActivityLetterboxVerticalPosition= -1 topActivityLetterboxHorizontalPosition= -1 topActivityLetterboxWidth=-1 topActivityLetterboxHeight=-1 topActivityAppBounds=Rect(0, 0 - 1080, 2400) isUserFullscreenOverrideEnabled=false isSystemFullscreenOverrideEnabled=false hasMinAspectRatioOverride=false topActivityLetterboxBounds=null cameraCompatTaskInfo=CameraCompatTaskInfo { cameraCompatMode=undefinedundefined} topNonResizableActivityAspectRatio=-1.0} topActivityMainWindowFrame=null isAppBubble=false}, pipChange = null, remoteTransition = null, displayChange = null, requestedLocation = null, userChange = null, windowingLayerChange = null, flags = 0, debugId = 23 }
01-14 23:00:59.260   695   790 W libbinder.IPCThreadState: Sending oneway calls to frozen process.
01-14 23:00:59.260  1517  1517 D RecentsView: onTaskDisplayChanged: 12, new displayId = 0
01-14 23:00:59.260  1278  1330 D ShellSplitScreen: logExit: no-op, mLoggerSessionId is null
01-14 23:00:59.260  1278  1330 V ShellDesktopMode: DesktopTasksController: handleRequest request=TransitionRequestInfo { type = OPEN, triggerTask = TaskInfo{userId=0 taskId=12 effectiveUid=10227 displayId=0 isRunning=true baseIntent=Intent { flg=0x10000000 cmp=com.geek2geeks.level/.MainActivity } baseActivity=ComponentInfo{com.geek2geeks.level/com.geek2geeks.level.MainActivity} topActivity=ComponentInfo{com.geek2geeks.level/com.geek2geeks.level.MainActivity} origActivity=null realActivity=ComponentInfo{com.geek2geeks.level/com.geek2geeks.level.MainActivity} numActivities=1 lastActiveTime=3055845 supportsMultiWindow=true resizeMode=1 isResizeable=true minWidth=-1 minHeight=-1 defaultMinSize=220 token=WCT{android.os.BinderProxy@f64ec22} topActivityType=1 pictureInPictureParams=null shouldDockBigOverlays=false launchIntoPipHostTaskId=-1 lastParentTaskIdBeforePip=-1 displayCutoutSafeInsets=Rect(0, 0 - 0, 0) topActivityInfo=ActivityInfo{23716b3 com.geek2geeks.level.MainActivity} launchCookies=[] positionInParent=Point(0, 0) parentTaskId=-1 isFocused=false isVisible=false isVisibleRequested=false isTopActivityNoDisplay=false isSleeping=false locusId=null displayAreaFeatureId=1 isTopActivityTransparent=false isActivityStackTransparent=false lastNonFullscreenBounds=null capturedLink=null capturedLinkTimestamp=0 requestedVisibleTypes=503 topActivityRequestOpenInBrowserEducationTimestamp=0 appCompatTaskInfo=AppCompatTaskInfo { topActivityInSizeCompat=false isLeafTask= true eligibleForLetterboxEducation= false isLetterboxEducationEnabled= true isLetterboxDoubleTapEnabled= false eligibleForUserAspectRatioButton= false topActivityBoundsLetterboxed= false isFromLetterboxDoubleTap= false topActivityLetterboxVerticalPosition= -1 topActivityLetterboxHorizontalPosition= -1 topActivityLetterboxWidth=-1 topActivityLetterboxHeight=-1 topActivityAppBounds=Rect(0, 0 - 1080, 2400) isUserFullscreenOverrideEnabled=false isSystemFullscreenOverrideEnabled=false hasMinAspectRatioOverride=false topActivityLetterboxBounds=null cameraCompatTaskInfo=CameraCompatTaskInfo { cameraCompatMode=undefinedundefined} topNonResizableActivityAspectRatio=-1.0} topActivityMainWindowFrame=null isAppBubble=false}, pipChange = null, remoteTransition = null, displayChange = null, requestedLocation = null, userChange = null, windowingLayerChange = null, flags = 0, debugId = 23 }
01-14 23:00:59.260  1278  1330 V ShellDesktopMode: DesktopTasksController: skipping handleRequest reason=triggerTask's display doesn't support desktop mode
01-14 23:00:59.262   796   820 V GrammaticalInflectionUtils: AttributionSource: android.content.AttributionSource@327d0c6f does not have READ_SYSTEM_GRAMMATICAL_GENDER permission.
01-14 23:00:59.266  1278  1330 D ShellDesktopMode: DesktopRepository: Removes freeform task: taskId=10
01-14 23:00:59.266  1278  1330 W ShellDesktopMode: DesktopRepository: No display id found for task: taskId=10
01-14 23:00:59.267  1517  1517 D BaseActivity: Launcher flags updated: [state_started|state_resumed|state_deferred_resumed|state_window_focused] -[state_user_active]
01-14 23:00:59.267  1517  1517 D BaseActivity: Launcher flags updated: [state_started|state_window_focused] -[state_resumed|state_deferred_resumed]
01-14 23:00:59.267  1517  1517 W SplitSelectStateCtor: Missing session instanceIds
01-14 23:00:59.267  1517  1517 D StatsLog: LAUNCHER_SPLIT_SELECTION_EXIT_INTERRUPTED
01-14 23:00:59.268  1278  1330 D WindowManagerShell: setLauncherKeepClearAreaHeight: visible=false, height=495
01-14 23:00:59.269   796  1229 D BackgroundInstallControlService: Package event received: 0
01-14 23:00:59.270   796  1769 V WindowManager: Defer transition id=23 for TaskFragmentTransaction=android.os.Binder@e026bb6
01-14 23:00:59.270   796  1769 V WindowManager: deferTransitionReady deferReadyDepth=1 stack=com.android.server.wm.TransitionController.deferTransitionReady:1061 com.android.server.wm.TaskFragmentOrganizerController$TaskFragmentOrganizerState.dispatchTransaction:517 com.android.server.wm.TaskFragmentOrganizerController.dispatchPendingEvents:1259 com.android.server.wm.TaskFragmentOrganizerController.dispatchPendingEvents:1228 com.android.server.wm.RootWindowContainer.performSurfacePlacement:777 
01-14 23:00:59.270   579   579 D Zygote  : Forked child process 9412
01-14 23:00:59.271  1517  1517 D b/417220811: invalidateLoadedTasks - previous requestLoadId: -1
01-14 23:00:59.271  1517  1517 D b/417220811: invalidateLoadedTasks - previous requestLoadId: -1
01-14 23:00:59.271   796   828 I ActivityManager: Start proc 9412:com.geek2geeks.level/u0a227 for next-top-activity {com.geek2geeks.level/com.geek2geeks.level.MainActivity}
01-14 23:00:59.272   796  1769 V WindowManager: Continue transition id=23 for TaskFragmentTransaction=android.os.Binder@e026bb6
01-14 23:00:59.272   796  1769 V WindowManager: continueTransitionReady deferReadyDepth=0 stack=com.android.server.wm.TransitionController.continueTransitionReady:1071 com.android.server.wm.TaskFragmentOrganizerController$TaskFragmentOrganizerState.onTransactionFinished:546 com.android.server.wm.TaskFragmentOrganizerController.onTransactionHandled:740 android.window.ITaskFragmentOrganizerController$Stub.onTransact:225 android.os.Binder.execTransactInternal:1473 
01-14 23:00:59.277  9412  9412 I Zygote  : Process 9412 created for com.geek2geeks.level
01-14 23:00:59.277  9412  9412 I eek2geeks.level: Late-enabling -Xcheck:jni
01-14 23:00:59.290  9412  9412 I eek2geeks.level: Using CollectorTypeCMC GC.
01-14 23:00:59.290  9412  9412 W eek2geeks.level: Unexpected CPU variant for x86: x86_64.
01-14 23:00:59.290  9412  9412 W eek2geeks.level: Known variants: atom, sandybridge, silvermont, goldmont, goldmont-plus, goldmont-without-sha-xsaves, tremont, kabylake, alderlake, default
01-14 23:00:59.304  1517  1517 D BaseActivity: Launcher flags updated: [state_started] -[state_window_focused]
01-14 23:00:59.330  9412  9412 I berberis: Initialized Berberis ((null)), version 16.0.0
01-14 23:00:59.340  1278  8848 V WindowManagerShell: onTransitionReady(transaction=3418793969605)
01-14 23:00:59.341  1278  1330 V WindowManagerShell: onTransitionReady (#23) android.os.BinderProxy@49e05ed: {id=23 t=OPEN f=0x0 trk=0 r=[0@Point(0, 0)] c=[
01-14 23:00:59.341  1278  1330 V WindowManagerShell:         {m=OPEN f=NONE leash=Surface(name=Task=12#222)/@0x822ad07 sb=Rect(0, 0 - 1080, 2400) eb=Rect(0, 0 - 1080, 2400) epz=Point(1080, 2400) d=0 taskParent=-1 winMode=1 userId=0},
01-14 23:00:59.341  1278  1330 V WindowManagerShell:         {m=TO_BACK f=SHOW_WALLPAPER leash=Surface(name=Task=1#44)/@0x1e5fe34 sb=Rect(0, 0 - 1080, 2400) eb=Rect(0, 0 - 1080, 2400) epz=Point(1080, 2400) d=0 taskParent=-1 winMode=1 userId=0},
01-14 23:00:59.341  1278  1330 V WindowManagerShell:         {m=TO_BACK f=IS_WALLPAPER leash=Surface(name=WallpaperWindowToken{3857e8e}#61)/@0x299445d sb=Rect(0, 0 - 1080, 2400) eb=Rect(0, 0 - 1080, 2400) epz=Point(1080, 2400) d=0}
01-14 23:00:59.341  1278  1330 V WindowManagerShell:     ]}
01-14 23:00:59.341   796   817 V WindowManager: Sent Transition (#23) createdAt=01-14 23:00:59.252 via request=TransitionRequestInfo { type = OPEN, triggerTask = TaskInfo{userId=0 taskId=12 effectiveUid=10227 displayId=0 isRunning=true baseIntent=Intent { flg=0x10000000 cmp=com.geek2geeks.level/.MainActivity } baseActivity=ComponentInfo{com.geek2geeks.level/com.geek2geeks.level.MainActivity} topActivity=ComponentInfo{com.geek2geeks.level/com.geek2geeks.level.MainActivity} origActivity=null realActivity=ComponentInfo{com.geek2geeks.level/com.geek2geeks.level.MainActivity} numActivities=1 lastActiveTime=3055845 supportsMultiWindow=true resizeMode=1 isResizeable=true minWidth=-1 minHeight=-1 defaultMinSize=220 token=WCT{RemoteToken{77cba90 Task{a4738bf #12 type=standard A=10227:com.geek2geeks.level}}} topActivityType=1 pictureInPictureParams=null shouldDockBigOverlays=false launchIntoPipHostTaskId=-1 lastParentTaskIdBeforePip=-1 displayCutoutSafeInsets=Rect(0, 0 - 0, 0) topActivityInfo=ActivityInfo{c537f89 com.geek2geeks.level.MainActivity} launchCookies=[] positionInParent=Point(0, 0) parentTaskId=-1 isFocused=false isVisible=false isVisibleRequested=false isTopActivityNoDisplay=false isSleeping=false locusId=null displayAreaFeatureId=1 isTopActivityTransparent=false isActivityStackTransparent=false lastNonFullscreenBounds=null capturedLink=null capturedLinkTimestamp=0 requestedVisibleTypes=503 topActivityRequestOpenInBrowserEducationTimestamp=0 appCompatTaskInfo=AppCompatTaskInfo { topActivityInSizeCompat=false isLeafTask= true eligibleForLetterboxEducation= false isLetterboxEducationEnabled= true isLetterboxDoubleTapEnabled= false eligibleForUserAspectRatioButton= false topActivityBoundsLetterboxed= false isFromLetterboxDoubleTap= false topActivityLetterboxVerticalPosition= -1 topActivityLetterboxHorizontalPosition= -1 topActivityLetterboxWidth=-1 topActivityLetterboxHeight=-1 topActivityAppBounds=Rect(0, 0 - 1080, 2400) isUserFullscreenOverrideEnabled=false isSystemFullscreenOverrideEnabled=false hasMinAspectRatioOverride=false topActivityLetterboxBounds=null cameraCompatTaskInfo=CameraCompatTaskInfo { cameraCompatMode=undefinedundefined} topNonResizableActivityAspectRatio=-1.0} topActivityMainWindowFrame=null isAppBubble=false}, pipChange = null, remoteTransition = null, displayChange = null, requestedLocation = null, userChange = null, windowingLayerChange = null, flags = 0, debugId = 23 }
01-14 23:00:59.341   796   817 V WindowManager:     startWCT=WindowContainerTransaction { changes= {} hops= [] errorCallbackToken=null taskFragmentOrganizer=null }
01-14 23:00:59.341   796   817 V WindowManager:     info={id=23 t=OPEN f=0x0 trk=0 r=[0@Point(0, 0)] c=[
01-14 23:00:59.341   796   817 V WindowManager:         {WCT{RemoteToken{77cba90 Task{a4738bf #12 type=standard A=10227:com.geek2geeks.level}}} m=OPEN f=NONE leash=Surface(name=Task=12#222)/@0xcd1c024 sb=Rect(0, 0 - 1080, 2400) eb=Rect(0, 0 - 1080, 2400) epz=Point(1080, 2400) d=0 taskParent=-1 winMode=1 userId=0},
01-14 23:00:59.341   796   817 V WindowManager:         {WCT{RemoteToken{d5b58e7 Task{6839ed9 #1 type=home}}} m=TO_BACK f=SHOW_WALLPAPER leash=Surface(name=Task=1#44)/@0x178360a sb=Rect(0, 0 - 1080, 2400) eb=Rect(0, 0 - 1080, 2400) epz=Point(1080, 2400) d=0 taskParent=-1 winMode=1 userId=0},
01-14 23:00:59.341   796   817 V WindowManager:         {m=TO_BACK f=IS_WALLPAPER leash=Surface(name=WallpaperWindowToken{3857e8e}#61)/@0x6c339ac sb=Rect(0, 0 - 1080, 2400) eb=Rect(0, 0 - 1080, 2400) epz=Point(1080, 2400) d=0}
01-14 23:00:59.341   796   817 V WindowManager:     ]}
01-14 23:00:59.341  1278  1330 V WindowManagerShell: Playing animation for (#23) android.os.BinderProxy@49e05ed@0
01-14 23:00:59.342  1278  1330 V ShellRecents: RecentsTransitionHandler.startAnimation: no controller found
01-14 23:00:59.342  1278  1330 V ShellDesktopMode: DesktopMixedTransitionHandler: No pending desktop transition
01-14 23:00:59.342  1278  1330 V WindowManagerShell: Transition doesn't have explicit remote, search filters for match for {id=23 t=OPEN f=0x0 trk=0 r=[0@Point(0, 0)] c=[{m=OPEN f=NONE leash=Surface(name=Task=12#222)/@0x822ad07 sb=Rect(0, 0 - 1080, 2400) eb=Rect(0, 0 - 1080, 2400) epz=Point(1080, 2400) d=0 taskParent=-1 winMode=1 userId=0},{m=TO_BACK f=SHOW_WALLPAPER leash=Surface(name=Task=1#44)/@0x1e5fe34 sb=Rect(0, 0 - 1080, 2400) eb=Rect(0, 0 - 1080, 2400) epz=Point(1080, 2400) d=0 taskParent=-1 winMode=1 userId=0},{m=TO_BACK f=IS_WALLPAPER leash=Surface(name=WallpaperWindowToken{3857e8e}#61)/@0x299445d sb=Rect(0, 0 - 1080, 2400) eb=Rect(0, 0 - 1080, 2400) epz=Point(1080, 2400) d=0}]}
01-14 23:00:59.342  1278  1330 V WindowManagerShell:  Checking filter Pair{{types=[] flags=0x0] notFlags=0x0 checks=[{atype=undefined independent=true modes=[CLOSE,TO_BACK] flags=IN_TASK_WITH_EMBEDDED_ACTIVITY mustBeTask=false order=ANY topActivity=null launchCookie=null taskFragmentToken=android.os.BinderProxy@2b20d62 windowingMode=undefined isCrossDisplayMove=false}]} RemoteTransition { remoteTransition = android.window.IRemoteTransition$Stub$Proxy@1afbef3, appThread = android.app.IApplicationThread$Stub$Proxy@6f487b0, debugName = overlayBackTransition }}
01-14 23:00:59.342  1278  1330 V WindowManagerShell:  Checking filter Pair{{types=[] flags=0x0] notFlags=0x0 checks=[{atype=dream independent=true modes=[OPEN,TO_FRONT] flags=NONE mustBeTask=false order=ANY topActivity=null launchCookie=null windowingMode=undefined isCrossDisplayMove=false},{atype=home independent=true modes=[CLOSE,TO_BACK] flags=NONE mustBeTask=false order=ANY topActivity=null launchCookie=null windowingMode=undefined isCrossDisplayMove=false}]} RemoteTransition { remoteTransition = android.window.IRemoteTransition$Stub$Proxy@9959629, appThread = android.app.IApplicationThread$Stub$Proxy@5279dae, debugName = LauncherToDream }}
01-14 23:00:59.342  1278  1330 V WindowManagerShell:  Checking filter Pair{{types=[] flags=0x0] notFlags=0x100 checks=[{atype=home independent=true modes=[OPEN,TO_FRONT] flags=NONE mustBeTask=false order=TOP topActivity=ComponentInfo{com.google.android.apps.nexuslauncher/com.google.android.apps.nexuslauncher.NexusLauncherActivity} launchCookie=null windowingMode=undefined isCrossDisplayMove=false},{atype=standard independent=true modes=[CLOSE,TO_BACK] flags=NONE mustBeTask=false order=ANY topActivity=null launchCookie=null windowingMode=undefined isCrossDisplayMove=false},{NOT atype=undefined independent=true modes=[] flags=NONE mustBeTask=true order=ANY topActivity=null launchCookie=null customAnim=true windowingMode=undefined isCrossDisplayMove=false}]} RemoteTransition { remoteTransition = android.window.IRemoteTransition$Stub$Proxy@67d574f, appThread = android.app.IApplicationThread$Stub$Proxy@a126edc, debugName = QuickstepLaunchHome }}
01-14 23:00:59.342  1278  1330 V WindowManagerShell:  Checking filter Pair{{types=[OPEN,TO_FRONT] flags=0x0] notFlags=0x0 checks=[{atype=standard independent=true modes=[OPEN,TO_FRONT] flags=NONE mustBeTask=true order=ANY topActivity=null launchCookie=null windowingMode=freeform isCrossDisplayMove=false}]} RemoteTransition { remoteTransition = android.window.IRemoteTransition$Stub$Proxy@cb149ee, appThread = null, debugName = DesktopWindowLimitUnminimize }}
01-14 23:00:59.342  1278  1330 V WindowManagerShell:  Delegate animation for (#23) to null
01-14 23:00:59.342  1278  1330 V WindowManagerShell: start default transition animation, info = {id=23 t=OPEN f=0x0 trk=0 r=[0@Point(0, 0)] c=[{m=OPEN f=NONE leash=Surface(name=Task=12#222)/@0x822ad07 sb=Rect(0, 0 - 1080, 2400) eb=Rect(0, 0 - 1080, 2400) epz=Point(1080, 2400) d=0 taskParent=-1 winMode=1 userId=0},{m=TO_BACK f=SHOW_WALLPAPER leash=Surface(name=Task=1#44)/@0x1e5fe34 sb=Rect(0, 0 - 1080, 2400) eb=Rect(0, 0 - 1080, 2400) epz=Point(1080, 2400) d=0 taskParent=-1 winMode=1 userId=0},{m=TO_BACK f=IS_WALLPAPER leash=Surface(name=WallpaperWindowToken{3857e8e}#61)/@0x299445d sb=Rect(0, 0 - 1080, 2400) eb=Rect(0, 0 - 1080, 2400) epz=Point(1080, 2400) d=0}]}
01-14 23:00:59.342  1278  1330 V WindowManagerShell: loadAnimation: anim=android.view.animation.AnimationSet@baac959 animAttr=0x13 type=OPEN isEntrance=false
01-14 23:00:59.343  1278  1330 V WindowManagerShell: loadAnimation: anim=android.view.animation.AnimationSet@cb5a215 animAttr=0x12 type=OPEN isEntrance=true
01-14 23:00:59.343  1278  1330 V WindowManagerShell:  animated by com.android.wm.shell.transition.DefaultTransitionHandler@21e9925
01-14 23:00:59.344  1278  1330 V ShellTaskOrganizer: Task appeared taskId=12 listener=FullscreenTaskListener
01-14 23:00:59.344  1278  1330 V ShellTaskOrganizer: Fullscreen Task Appeared: #12
01-14 23:00:59.362  1517  1517 D b/417220811: invalidateLoadedTasks - previous requestLoadId: -1
01-14 23:00:59.371  1517  1517 D b/417220811: invalidateLoadedTasks - previous requestLoadId: -1
01-14 23:00:59.401  1563  1578 I adbd    : jdwp connection from 9412
01-14 23:00:59.407  9412  9412 D nativeloader: Load libframework-connectivity-tiramisu-jni.so using APEX ns com_android_tethering for caller /apex/com.android.tethering/javalib/framework-connectivity-t.jar: ok
01-14 23:00:59.422   796  1229 D BackgroundInstallControlService: Package event received: 0
01-14 23:00:59.658  1278  1330 V WindowManagerShell: Transition animation finished (aborted=false), notifying core (#23) android.os.BinderProxy@49e05ed@0
01-14 23:00:59.660   796   817 V WindowManager: Finish Transition (#23): created at 01-14 23:00:59.252 collect-started=0.07ms request-sent=6.44ms started=10.854ms ready=85.778ms sent=87.066ms commit=18.607ms finished=407.497ms
01-14 23:00:59.661  1278  1507 D WallpaperService: onVisibilityChanged(false): com.android.systemui.wallpapers.ImageWallpaper$CanvasEngine@32b10a8
01-14 23:00:59.662  1517  1517 D VRI[NexusLauncherActivity]: visibilityChanged oldVisibility=true newVisibility=false
01-14 23:00:59.662  1278  1330 V WindowManagerShell: Track 0 became idle
01-14 23:00:59.663  1278  1330 V WindowManagerShell: All active transition animations finished
01-14 23:00:59.666  9412  9412 D nativeloader: Configuring clns-9 for other apk /data/app/~~swU7YB39kKjmpcLcBlMrgg==/com.geek2geeks.level-r-BSEeW8RLdQ6ViwTdABHw==/base.apk. target_sdk_version=36, uses_libraries=, library_path=/data/app/~~swU7YB39kKjmpcLcBlMrgg==/com.geek2geeks.level-r-BSEeW8RLdQ6ViwTdABHw==/lib/arm64:/data/app/~~swU7YB39kKjmpcLcBlMrgg==/com.geek2geeks.level-r-BSEeW8RLdQ6ViwTdABHw==/base.apk!/lib/arm64-v8a, permitted_path=/data:/mnt/expand:/data/user/0/com.geek2geeks.level
01-14 23:00:59.674  1517  1517 D NexusLauncherModelDelegate: notifySmartspaceEvent: SmartspaceTargetEvent{mSmartspaceTarget=null, mSmartspaceActionId='null', mEventType=7}
01-14 23:00:59.676  1278  1330 D Bubbles : onLocusVisibilityChanged=Overview|DISABLED visible=false taskId=1
01-14 23:00:59.721  9412  9412 V GraphicsEnvironment: Currently set values for:
01-14 23:00:59.721  9412  9412 V GraphicsEnvironment:   angle_gl_driver_selection_pkgs=[]
01-14 23:00:59.721  9412  9412 V GraphicsEnvironment:   angle_gl_driver_selection_values=[]
01-14 23:00:59.721  9412  9412 V GraphicsEnvironment: com.geek2geeks.level is not listed in per-application setting
01-14 23:00:59.721  9412  9412 V GraphicsEnvironment: ANGLE allowlist from config: com.dreamgames.royalmatch com.dts.freefiremax com.dxx.firenow com.gramgames.mergedragons com.ludo.king com.mojang.minecraftpe com.my.defense com.nintendo.zaka com.os.airforce com.playrix.fishdomdd.gplay io.teslatech.callbreak jp.konami.prospia net.peakgames.toonblast
01-14 23:00:59.721  9412  9412 V GraphicsEnvironment: No special selections for ANGLE, returning default driver choice
01-14 23:00:59.721  9412  9412 V GraphicsEnvironment: Neither updatable production driver nor prerelease driver is supported.
01-14 23:00:59.933  9412  9412 W SoLoader: Initializing SoLoader: 0
01-14 23:00:59.936  9412  9412 W SoLoader: Recording new base apk path: /data/app/~~swU7YB39kKjmpcLcBlMrgg==/com.geek2geeks.level-r-BSEeW8RLdQ6ViwTdABHw==/base.apk
01-14 23:00:59.936  9412  9412 W SoLoader: Previously recorded 0 base apk paths.
01-14 23:00:59.938  9412  9412 I SoLoader: Preparing SO source: DirectorySoSource[root = /vendor/lib64 flags = 2]
01-14 23:00:59.938  9412  9412 I SoLoader: Preparing SO source: DirectorySoSource[root = /system/lib64 flags = 2]
01-14 23:00:59.939  9412  9412 I SoLoader: Preparing SO source: DirectApkSoSource[root = [/data/app/~~swU7YB39kKjmpcLcBlMrgg==/com.geek2geeks.level-r-BSEeW8RLdQ6ViwTdABHw==/base.apk!/lib/x86_64]]
01-14 23:00:59.965  9412  9412 I SoLoader: Preparing SO source: ApplicationSoSource[DirectorySoSource[root = /data/app/~~swU7YB39kKjmpcLcBlMrgg==/com.geek2geeks.level-r-BSEeW8RLdQ6ViwTdABHw==/lib/arm64 flags = 0]]
01-14 23:00:59.966  9412  9412 I SoLoader: init finish: 4 SO sources prepared
01-14 23:00:59.966  9412  9412 W SoLoader: SoLoader initialized: 8
01-14 23:00:59.974  9412  9412 W SoLoader: Running a recovery step for libreactnative.so due to com.facebook.soloader.SoLoaderDSONotFoundError: couldn't find DSO to load: libreactnative.so
01-14 23:00:59.974  9412  9412 W SoLoader: 	existing SO sources: 
01-14 23:00:59.974  9412  9412 W SoLoader: 		SoSource 0: ApplicationSoSource[DirectorySoSource[root = /data/app/~~swU7YB39kKjmpcLcBlMrgg==/com.geek2geeks.level-r-BSEeW8RLdQ6ViwTdABHw==/lib/arm64 flags = 0]]
01-14 23:00:59.974  9412  9412 W SoLoader: 		SoSource 1: DirectApkSoSource[root = [/data/app/~~swU7YB39kKjmpcLcBlMrgg==/com.geek2geeks.level-r-BSEeW8RLdQ6ViwTdABHw==/base.apk!/lib/x86_64]]
01-14 23:00:59.974  9412  9412 W SoLoader: 		SoSource 2: DirectorySoSource[root = /system/lib64 flags = 2]
01-14 23:00:59.974  9412  9412 W SoLoader: 		SoSource 3: DirectorySoSource[root = /vendor/lib64 flags = 2]
01-14 23:00:59.974  9412  9412 W SoLoader: 	Native lib dir: /data/app/~~swU7YB39kKjmpcLcBlMrgg==/com.geek2geeks.level-r-BSEeW8RLdQ6ViwTdABHw==/lib/arm64
01-14 23:00:59.975  9412  9412 W soloader.recovery.CheckBaseApkExists: Base apk exists: /data/app/~~swU7YB39kKjmpcLcBlMrgg==/com.geek2geeks.level-r-BSEeW8RLdQ6ViwTdABHw==/base.apk
01-14 23:00:59.975  9412  9412 W SoLoader: Running a recovery step for libreactnative.so due to com.facebook.soloader.SoLoaderDSONotFoundError: couldn't find DSO to load: libreactnative.so
01-14 23:00:59.975  9412  9412 W SoLoader: 	existing SO sources: 
01-14 23:00:59.975  9412  9412 W SoLoader: 		SoSource 0: ApplicationSoSource[DirectorySoSource[root = /data/app/~~swU7YB39kKjmpcLcBlMrgg==/com.geek2geeks.level-r-BSEeW8RLdQ6ViwTdABHw==/lib/arm64 flags = 0]]
01-14 23:00:59.975  9412  9412 W SoLoader: 		SoSource 1: DirectApkSoSource[root = [/data/app/~~swU7YB39kKjmpcLcBlMrgg==/com.geek2geeks.level-r-BSEeW8RLdQ6ViwTdABHw==/base.apk!/lib/x86_64]]
01-14 23:00:59.975  9412  9412 W SoLoader: 		SoSource 2: DirectorySoSource[root = /system/lib64 flags = 2]
01-14 23:00:59.975  9412  9412 W SoLoader: 		SoSource 3: DirectorySoSource[root = /vendor/lib64 flags = 2]
01-14 23:00:59.975  9412  9412 W SoLoader: 	Native lib dir: /data/app/~~swU7YB39kKjmpcLcBlMrgg==/com.geek2geeks.level-r-BSEeW8RLdQ6ViwTdABHw==/lib/arm64
01-14 23:00:59.975  9412  9412 E SoLoader: Checking /data/app missing libraries.
01-14 23:00:59.975  9412  9412 E SoLoader: Successfully recovered from /data/app disk failure.
01-14 23:00:59.975  9412  9412 W SoLoader: Running a recovery step for libreactnative.so due to com.facebook.soloader.SoLoaderDSONotFoundError: couldn't find DSO to load: libreactnative.so
01-14 23:00:59.975  9412  9412 W SoLoader: 	existing SO sources: 
01-14 23:00:59.975  9412  9412 W SoLoader: 		SoSource 0: ApplicationSoSource[DirectorySoSource[root = /data/app/~~swU7YB39kKjmpcLcBlMrgg==/com.geek2geeks.level-r-BSEeW8RLdQ6ViwTdABHw==/lib/arm64 flags = 0]]
01-14 23:00:59.975  9412  9412 W SoLoader: 		SoSource 1: DirectApkSoSource[root = [/data/app/~~swU7YB39kKjmpcLcBlMrgg==/com.geek2geeks.level-r-BSEeW8RLdQ6ViwTdABHw==/base.apk!/lib/x86_64]]
01-14 23:00:59.975  9412  9412 W SoLoader: 		SoSource 2: DirectorySoSource[root = /system/lib64 flags = 3]
01-14 23:00:59.975  9412  9412 W SoLoader: 		SoSource 3: DirectorySoSource[root = /vendor/lib64 flags = 3]
01-14 23:00:59.975  9412  9412 W SoLoader: 	Native lib dir: /data/app/~~swU7YB39kKjmpcLcBlMrgg==/com.geek2geeks.level-r-BSEeW8RLdQ6ViwTdABHw==/lib/arm64
01-14 23:00:59.975  9412  9412 E SoLoader: Checking /data/data missing libraries.
01-14 23:00:59.975  9412  9412 E SoLoader: No libraries missing from unpacking so paths while recovering /data/data failure
01-14 23:00:59.976  9412  9412 W SoLoader: Running a recovery step for libreactnative.so due to com.facebook.soloader.SoLoaderDSONotFoundError: couldn't find DSO to load: libreactnative.so
01-14 23:00:59.976  9412  9412 W SoLoader: 	existing SO sources: 
01-14 23:00:59.976  9412  9412 W SoLoader: 		SoSource 0: ApplicationSoSource[DirectorySoSource[root = /data/app/~~swU7YB39kKjmpcLcBlMrgg==/com.geek2geeks.level-r-BSEeW8RLdQ6ViwTdABHw==/lib/arm64 flags = 0]]
01-14 23:00:59.976  9412  9412 W SoLoader: 		SoSource 1: DirectApkSoSource[root = [/data/app/~~swU7YB39kKjmpcLcBlMrgg==/com.geek2geeks.level-r-BSEeW8RLdQ6ViwTdABHw==/base.apk!/lib/x86_64]]
01-14 23:00:59.976  9412  9412 W SoLoader: 		SoSource 2: DirectorySoSource[root = /system/lib64 flags = 3]
01-14 23:00:59.976  9412  9412 W SoLoader: 		SoSource 3: DirectorySoSource[root = /vendor/lib64 flags = 3]
01-14 23:00:59.976  9412  9412 W SoLoader: 	Native lib dir: /data/app/~~swU7YB39kKjmpcLcBlMrgg==/com.geek2geeks.level-r-BSEeW8RLdQ6ViwTdABHw==/lib/arm64
01-14 23:00:59.976  9412  9412 W SoLoader: Failed to recover
01-14 23:00:59.976  9412  9412 D AndroidRuntime: Shutting down VM
--------- beginning of crash
01-14 23:00:59.976  9412  9412 E AndroidRuntime: FATAL EXCEPTION: main
01-14 23:00:59.976  9412  9412 E AndroidRuntime: Process: com.geek2geeks.level, PID: 9412
01-14 23:00:59.976  9412  9412 E AndroidRuntime: com.facebook.soloader.SoLoaderDSONotFoundError: couldn't find DSO to load: libreactnative.so
01-14 23:00:59.976  9412  9412 E AndroidRuntime: 	existing SO sources: 
01-14 23:00:59.976  9412  9412 E AndroidRuntime: 		SoSource 0: ApplicationSoSource[DirectorySoSource[root = /data/app/~~swU7YB39kKjmpcLcBlMrgg==/com.geek2geeks.level-r-BSEeW8RLdQ6ViwTdABHw==/lib/arm64 flags = 0]]
01-14 23:00:59.976  9412  9412 E AndroidRuntime: 		SoSource 1: DirectApkSoSource[root = [/data/app/~~swU7YB39kKjmpcLcBlMrgg==/com.geek2geeks.level-r-BSEeW8RLdQ6ViwTdABHw==/base.apk!/lib/x86_64]]
01-14 23:00:59.976  9412  9412 E AndroidRuntime: 		SoSource 2: DirectorySoSource[root = /system/lib64 flags = 3]
01-14 23:00:59.976  9412  9412 E AndroidRuntime: 		SoSource 3: DirectorySoSource[root = /vendor/lib64 flags = 3]
01-14 23:00:59.976  9412  9412 E AndroidRuntime: 	Native lib dir: /data/app/~~swU7YB39kKjmpcLcBlMrgg==/com.geek2geeks.level-r-BSEeW8RLdQ6ViwTdABHw==/lib/arm64
01-14 23:00:59.976  9412  9412 E AndroidRuntime: 
01-14 23:00:59.976  9412  9412 E AndroidRuntime: 	at com.facebook.soloader.SoLoader.doLoadLibraryBySoName(SoLoader.java:1216)
01-14 23:00:59.976  9412  9412 E AndroidRuntime: 	at com.facebook.soloader.SoLoader.loadLibraryBySoNameImpl(SoLoader.java:1078)
01-14 23:00:59.976  9412  9412 E AndroidRuntime: 	at com.facebook.soloader.SoLoader.loadLibraryBySoName(SoLoader.java:943)
01-14 23:00:59.976  9412  9412 E AndroidRuntime: 	at com.facebook.soloader.SoLoader.loadLibraryOnAndroid(SoLoader.java:859)
01-14 23:00:59.976  9412  9412 E AndroidRuntime: 	at com.facebook.soloader.SoLoader.loadLibrary(SoLoader.java:842)
01-14 23:00:59.976  9412  9412 E AndroidRuntime: 	at com.facebook.soloader.SoLoader.loadLibrary(SoLoader.java:812)
01-14 23:00:59.976  9412  9412 E AndroidRuntime: 	at com.facebook.react.internal.featureflags.ReactNativeFeatureFlagsCxxInterop.<clinit>(ReactNativeFeatureFlagsCxxInterop.kt:28)
01-14 23:00:59.976  9412  9412 E AndroidRuntime: 	at com.facebook.react.internal.featureflags.ReactNativeFeatureFlagsCxxAccessor.override(ReactNativeFeatureFlagsCxxAccessor.kt:635)
01-14 23:00:59.976  9412  9412 E AndroidRuntime: 	at com.facebook.react.internal.featureflags.ReactNativeFeatureFlags.override(ReactNativeFeatureFlags.kt:414)
01-14 23:00:59.976  9412  9412 E AndroidRuntime: 	at com.facebook.react.defaults.DefaultNewArchitectureEntryPoint.load(DefaultNewArchitectureEntryPoint.kt:97)
01-14 23:00:59.976  9412  9412 E AndroidRuntime: 	at com.facebook.react.defaults.DefaultNewArchitectureEntryPoint.load(DefaultNewArchitectureEntryPoint.kt:43)
01-14 23:00:59.976  9412  9412 E AndroidRuntime: 	at com.facebook.react.ReactNativeApplicationEntryPoint.loadReactNative(ReactNativeApplicationEntryPoint.java:31)
01-14 23:00:59.976  9412  9412 E AndroidRuntime: 	at com.geek2geeks.level.MainApplication.onCreate(MainApplication.kt:48)
01-14 23:00:59.976  9412  9412 E AndroidRuntime: 	at android.app.Instrumentation.callApplicationOnCreate(Instrumentation.java:1396)
01-14 23:00:59.976  9412  9412 E AndroidRuntime: 	at android.app.ActivityThread.handleBindApplication(ActivityThread.java:8139)
01-14 23:00:59.976  9412  9412 E AndroidRuntime: 	at android.app.ActivityThread.-$$Nest$mhandleBindApplication(Unknown Source:0)
01-14 23:00:59.976  9412  9412 E AndroidRuntime: 	at android.app.ActivityThread$H.handleMessage(ActivityThread.java:2690)
01-14 23:00:59.976  9412  9412 E AndroidRuntime: 	at android.os.Handler.dispatchMessage(Handler.java:132)
01-14 23:00:59.976  9412  9412 E AndroidRuntime: 	at android.os.Looper.dispatchMessage(Looper.java:333)
01-14 23:00:59.976  9412  9412 E AndroidRuntime: 	at android.os.Looper.loopOnce(Looper.java:263)
01-14 23:00:59.976  9412  9412 E AndroidRuntime: 	at android.os.Looper.loop(Looper.java:367)
01-14 23:00:59.976  9412  9412 E AndroidRuntime: 	at android.app.ActivityThread.main(ActivityThread.java:9287)
01-14 23:00:59.976  9412  9412 E AndroidRuntime: 	at java.lang.reflect.Method.invoke(Native Method)
01-14 23:00:59.976  9412  9412 E AndroidRuntime: 	at com.android.internal.os.RuntimeInit$MethodAndArgsCaller.run(RuntimeInit.java:566)
01-14 23:00:59.976  9412  9412 E AndroidRuntime: 	at com.android.internal.os.ZygoteInit.main(ZygoteInit.java:929)
01-14 23:00:59.979   796  9429 I DropBoxManagerService: add tag=data_app_crash isTagEnabled=true flags=0x2
01-14 23:00:59.980   796   818 I ActivityManager: Showing crash dialog for package com.geek2geeks.level u0
01-14 23:00:59.992   796   818 D WindowOnBackDispatcher: setTopOnBackInvokedCallback (unwrapped): android.app.Dialog$$ExternalSyntheticLambda2@3c33c7f
01-14 23:00:59.992   796   818 D CoreBackPreview: Window{92a89a1 u0 Application Error: com.geek2geeks.level}: Setting back callback OnBackInvokedCallbackInfo{mCallback=android.window.WindowOnBackInvokedDispatcher$OnBackInvokedCallbackWrapper@fc9a44c, mPriority=-1, mIsAnimationCallback=false, mOverrideBehavior=0}
01-14 23:00:59.996   796  8899 I GFXSTREAM: [eglDisplay.cpp(297)] Opening libGLESv1_CM_emulation.so
01-14 23:00:59.996   796  8899 I GFXSTREAM: [eglDisplay.cpp(297)] Opening libGLESv2_emulation.so
01-14 23:01:00.022   796  8899 W HWUI    : Failed to choose config with EGL_SWAP_BEHAVIOR_PRESERVED, retrying without...
01-14 23:01:00.022   796  8899 W HWUI    : Failed to initialize 101010-2 format, error = EGL_SUCCESS
01-14 23:01:00.094   796   818 W Looper  : Slow dispatch took 102ms android.ui app=system_server main=false group=TOP_APP h=android.view.Choreographer$FrameHandler c=android.view.Choreographer$FrameDisplayEventReceiver@59e3c77 m=0
01-14 23:01:00.361  1462  1614 D SatelliteController: iisInCarrierRoamingNbIotNtn: satellite is disabled
01-14 23:01:00.361  1462  1614 D SatelliteController: getCarrierRoamingNtnConnectType: Falling back to global carrier config connect type: 0
01-14 23:01:01.631  9434  9434 W libbinder.BackendUnifiedServiceManager: Thread Pool max thread count is 0. Cannot cache binder as linkToDeath cannot be implemented. serviceName: package
01-14 23:01:01.704  3185  3185 I artd    : GetBestInfo: odex next to the dex file (/data/app/~~32zfW-euUumZmapXCsiMfw==/com.google.android.gms-BB5zRItgPYm45pDbJHp9zQ==/oat/x86_64/base.odex) is kOatUpToDate with filter 'speed-profile' executable 'false'
01-14 23:01:01.706  3185  3185 I artd    : GetBestInfo: odex next to the dex file (/data/app/~~32zfW-euUumZmapXCsiMfw==/com.google.android.gms-BB5zRItgPYm45pDbJHp9zQ==/oat/x86_64/split_AdsDynamite_installtime.odex) is kOatUpToDate with filter 'speed' executable 'false'
01-14 23:01:01.708  3185  3185 I artd    : GetBestInfo: odex next to the dex file (/data/app/~~32zfW-euUumZmapXCsiMfw==/com.google.android.gms-BB5zRItgPYm45pDbJHp9zQ==/oat/x86_64/split_CronetDynamite_installtime.odex) is kOatUpToDate with filter 'speed' executable 'false'
01-14 23:01:01.709  3185  3185 I artd    : GetBestInfo: odex next to the dex file (/data/app/~~32zfW-euUumZmapXCsiMfw==/com.google.android.gms-BB5zRItgPYm45pDbJHp9zQ==/oat/x86_64/split_DynamiteLoader_installtime.odex) is kOatUpToDate with filter 'speed' executable 'false'
01-14 23:01:01.711  3185  3185 I artd    : GetBestInfo: odex next to the dex file (/data/app/~~32zfW-euUumZmapXCsiMfw==/com.google.android.gms-BB5zRItgPYm45pDbJHp9zQ==/oat/x86_64/split_DynamiteModulesA_installtime.odex) is kOatUpToDate with filter 'speed' executable 'false'
01-14 23:01:01.712  3185  3185 I artd    : GetBestInfo: odex next to the dex file (/data/app/~~32zfW-euUumZmapXCsiMfw==/com.google.android.gms-BB5zRItgPYm45pDbJHp9zQ==/oat/x86_64/split_DynamiteModulesC_installtime.odex) is kOatUpToDate with filter 'speed' executable 'false'
01-14 23:01:01.714  3185  3185 I artd    : GetBestInfo: odex next to the dex file (/data/app/~~32zfW-euUumZmapXCsiMfw==/com.google.android.gms-BB5zRItgPYm45pDbJHp9zQ==/oat/x86_64/split_GoogleCertificates_installtime.odex) is kOatUpToDate with filter 'speed' executable 'false'
01-14 23:01:01.715  3185  3185 I artd    : GetBestInfo: odex next to the dex file (/data/app/~~32zfW-euUumZmapXCsiMfw==/com.google.android.gms-BB5zRItgPYm45pDbJHp9zQ==/oat/x86_64/split_MapsDynamite_installtime.odex) is kOatUpToDate with filter 'speed' executable 'false'
01-14 23:01:01.716  3185  3185 I artd    : GetBestInfo: odex next to the dex file (/data/app/~~32zfW-euUumZmapXCsiMfw==/com.google.android.gms-BB5zRItgPYm45pDbJHp9zQ==/oat/x86_64/split_MeasurementDynamite_installtime.odex) is kOatUpToDate with filter 'speed' executable 'false'
01-14 23:01:01.717  3185  3185 I artd    : GetBestInfo: odex next to the dex file (/data/app/~~32zfW-euUumZmapXCsiMfw==/com.google.android.gms-BB5zRItgPYm45pDbJHp9zQ==/oat/x86_64/split_all_locale_splits.odex) is kOatUpToDate with filter 'speed' executable 'false'
01-14 23:01:01.719  3185  3185 I artd    : GetBestInfo: /data/user_de/0/com.google.android.gms/app_chimera/m/00000008/dl-TfliteDynamiteDynamite.integ_243930802100800.apk has no usable artifacts
01-14 23:01:01.720  3185  3185 I artd    : GetBestInfo: /data/user_de/0/com.google.android.gms/app_chimera/m/00000010/dl-PlayCloudSearch.optional_254932100000.apk has no usable artifacts
01-14 23:01:01.720  3185  3185 I artd    : GetBestInfo: /data/user_de/0/com.google.android.gms/app_chimera/m/00000001/CronetDynamite.apk has no usable artifacts
01-14 23:01:01.721  3185  3185 I artd    : GetBestInfo: /data/user_de/0/com.google.android.gms/app_chimera/m/00000011/dl-VisionOcr.optional_254932100000.apk has no usable artifacts
01-14 23:01:01.722  3185  3185 I artd    : GetBestInfo: /data/user_de/0/com.google.android.gms/app_chimera/m/00000002/DynamiteLoader.apk has no usable artifacts
01-14 23:01:01.723  3185  3185 I artd    : GetBestInfo: /data/user_de/0/com.google.android.gms/app_chimera/m/0000000f/dl-MlkitOcrCommon.optional_254932100800.apk has no usable artifacts
01-14 23:01:01.723  3185  3185 I artd    : GetBestInfo: /data/user_de/0/com.google.android.gms/app_chimera/m/00000005/GoogleCertificates.apk has no usable artifacts
01-14 23:01:01.724  3185  3185 I artd    : GetBestInfo: /data/user_de/0/com.google.android.gms/app_chimera/m/0000000e/dl-MlkitBarcodeUi.optional_254932100800.apk has no usable artifacts
01-14 23:01:01.726  3185  3185 I artd    : GetBestInfo: /data/user_de/0/com.google.android.gms/app_chimera/m/0000000a/dl-VisionOcr.optional_253434100000.apk has no usable artifacts
01-14 23:01:01.726   796  1180 I HalDevMgr: bestIfaceCreationProposal is null, requestIface=STA, existingIface=[name=wlan0 type=STA]
01-14 23:01:01.727  3185  3185 I artd    : GetBestInfo: /data/user_de/0/com.google.android.gms/app_chimera/m/0000000d/dl-Appsearch.optional_254932100800.apk has no usable artifacts
01-14 23:01:01.729  3185  3185 I artd    : GetBestInfo: /data/user_de/0/com.google.android.gms/app_chimera/m/00000009/dl-MlkitOcrCommon.optional_253434100800.apk has no usable artifacts
01-14 23:01:01.730  3185  3185 I artd    : GetBestInfo: /data/user_de/0/com.google.android.gms/app_chimera/m/0000000b/dl-PlayCloudSearch.optional_253434100000.apk has no usable artifacts
01-14 23:01:01.731  3185  3185 I artd    : GetBestInfo: vdex next to the dex file (/data/user/0/com.google.android.gms/app_dg_cache/D7ECB6ECAAAB0DCD8DECD74AE43F16D2EC2B3A20/oat/x86_64/the.vdex) is kOatUpToDate with filter 'verify' executable 'false'
01-14 23:01:01.732  3185  3185 I artd    : GetBestInfo: /data/user_de/0/com.google.android.gms/app_chimera/m/00000007/MeasurementDynamite.apk has no usable artifacts
01-14 23:01:02.648   796   818 D WindowOnBackDispatcher: setTopOnBackInvokedCallback (unwrapped): null
01-14 23:01:02.648   796   818 D CoreBackPreview: Window{92a89a1 u0 Application Error: com.geek2geeks.level}: Setting back callback null
01-14 23:01:02.649   796  2833 W AS.PlaybackActivityMon: No piid assigned for invalid/internal port id 15
01-14 23:01:02.650   796  1248 W ActivityTaskManager: callingPackage for (uid=1000, pid=796) is ambiguous: [android, com.android.providers.settings, com.android.server.telecom, com.android.location.fused]
01-14 23:01:02.650   796  1248 V WindowManager: DesktopModeLaunchParamsModifier: phase= 0 task=null activity=null display-from-option=0 display-id=0 task-display-area-windowing-mode=1 suggested-display-area=DefaultTaskDisplayArea@45828422 task null, skipping
01-14 23:01:02.650   796  1248 V WindowManager: TaskLaunchParamsModifier:phase=0 task=null activity=null display-from-option=0 display-id=0 task-display-area-windowing-mode=1 suggested-display-area=DefaultTaskDisplayArea@45828422
01-14 23:01:02.651   796  1248 V WindowManager: DesktopModeLaunchParamsModifier: phase= 0 task=null activity=ActivityRecord{38323911 u0 com.android.settings/.applications.InstalledAppDetails display-from-option=0 display-id=0 task-display-area-windowing-mode=1 suggested-display-area=DefaultTaskDisplayArea@45828422 task null, skipping
01-14 23:01:02.651   796  1248 V WindowManager: TaskLaunchParamsModifier:phase=0 task=null activity=ActivityRecord{38323911 u0 com.android.settings/.applications.InstalledAppDetails t-1} display-from-option=0 display-id=0 task-display-area-windowing-mode=1 suggested-display-area=DefaultTaskDisplayArea@45828422
01-14 23:01:02.651   646   750 D AudioFlinger: mixer(0x7d67ce697790) throttle end: throttle time(35)
01-14 23:01:02.651   796  1248 V WindowManager: DesktopModeLaunchParamsModifier: phase= 3 task=Task{1b6085b #11 type=standard A=1000:com.android.settings} activity=ActivityRecord{38323911 u0 com.android.settings/.applications.InstalledAppDetails t-1} display-from-option=0 display-id=0 task-display-area-windowing-mode=1 suggested-display-area=DefaultTaskDisplayArea@45828422 not entering desktop mode, skipping
01-14 23:01:02.651   796  1248 V WindowManager: TaskLaunchParamsModifier:phase=3 task=Task{1b6085b #11 type=standard A=1000:com.android.settings} activity=ActivityRecord{38323911 u0 com.android.settings/.applications.InstalledAppDetails t-1} display-from-option=0 display-id=0 task-display-area-windowing-mode=1 suggested-display-area=DefaultTaskDisplayArea@45828422 inherit-from-task=fullscreen non-freeform-task-display-area display-area=DefaultTaskDisplayArea@45828422 skip-bounds-fullscreen
01-14 23:01:02.652   796  1248 V WindowManager: DesktopModeLaunchParamsModifier: phase= 3 task=Task{1b6085b #11 type=standard A=1000:com.android.settings} activity=ActivityRecord{38323911 u0 com.android.settings/.applications.InstalledAppDetails t-1} display-from-option=0 display-id=0 task-display-area-windowing-mode=1 suggested-display-area=DefaultTaskDisplayArea@45828422 not entering desktop mode, skipping
01-14 23:01:02.652   796  1248 V WindowManager: TaskLaunchParamsModifier:phase=3 task=Task{1b6085b #11 type=standard A=1000:com.android.settings} activity=ActivityRecord{38323911 u0 com.android.settings/.applications.InstalledAppDetails t-1} display-from-option=0 display-id=0 task-display-area-windowing-mode=1 suggested-display-area=DefaultTaskDisplayArea@45828422 inherit-from-task=fullscreen non-freeform-task-display-area display-area=DefaultTaskDisplayArea@45828422 skip-bounds-fullscreen
01-14 23:01:02.655  1278  1330 V WindowManagerShell: Transition requested (#24): android.os.BinderProxy@7390130 TransitionRequestInfo { type = OPEN, triggerTask = TaskInfo{userId=0 taskId=11 effectiveUid=1000 displayId=0 isRunning=true baseIntent=Intent { act=android.settings.APPLICATION_DETAILS_SETTINGS dat=package: flg=0x10000000 cmp=com.android.settings/.applications.InstalledAppDetails } baseActivity=ComponentInfo{com.android.settings/com.android.settings.spa.SpaActivity} topActivity=ComponentInfo{com.android.settings/com.android.settings.spa.SpaActivity} origActivity=ComponentInfo{com.android.settings/com.android.settings.applications.InstalledAppDetails} realActivity=ComponentInfo{com.android.settings/com.android.settings.applications.InstalledAppDetailsTop} numActivities=1 lastActiveTime=3059241 supportsMultiWindow=true resizeMode=1 isResizeable=true minWidth=-1 minHeight=-1 defaultMinSize=220 token=WCT{android.os.BinderProxy@af8ab88} topActivityType=1 pictureInPictureParams=null shouldDockBigOverlays=false launchIntoPipHostTaskId=-1 lastParentTaskIdBeforePip=-1 displayCutoutSafeInsets=Rect(0, 0 - 0, 0) topActivityInfo=ActivityInfo{cc251a9 com.android.settings.spa.SpaActivity} launchCookies=[] positionInParent=Point(0, 0) parentTaskId=-1 isFocused=true isVisible=false isVisibleRequested=true isTopActivityNoDisplay=false isSleeping=false locusId=null displayAreaFeatureId=1 isTopActivityTransparent=false isActivityStackTransparent=false lastNonFullscreenBounds=null capturedLink=null capturedLinkTimestamp=0 requestedVisibleTypes=503 topActivityRequestOpenInBrowserEducationTimestamp=0 appCompatTaskInfo=AppCompatTaskInfo { topActivityInSizeCompat=false isLeafTask= true eligibleForLetterboxEducation= false isLetterboxEducationEnabled= true isLetterboxDoubleTapEnabled= false eligibleForUserAspectRatioButton= false topActivityBoundsLetterboxed= false isFromLetterboxDoubleTap= false topActivityLetterboxVerticalPosition= -1 topActivityLetterboxHorizontalPosition= -1 topActivityLetterboxWidth=-1 topActivityLetterboxHeight=-1 topActivityAppBounds=Rect(0, 0 - 1080, 2400) isUserFullscreenOverrideEnabled=false isSystemFullscreenOverrideEnabled=false hasMinAspectRatioOverride=false topActivityLetterboxBounds=null cameraCompatTaskInfo=CameraCompatTaskInfo { cameraCompatMode=undefinedundefined} topNonResizableActivityAspectRatio=-1.0} topActivityMainWindowFrame=null isAppBubble=false}, pipChange = null, remoteTransition = null, displayChange = null, requestedLocation = null, userChange = null, windowingLayerChange = null, flags = 0, debugId = 24 }
01-14 23:01:02.656  1278  1330 D ShellSplitScreen: logExit: no-op, mLoggerSessionId is null
01-14 23:01:02.656   796  1248 I ActivityTaskManager: START u0 {act=android.settings.APPLICATION_DETAILS_SETTINGS dat=package: flg=0x10000000 xflg=0x4 cmp=com.android.settings/.applications.InstalledAppDetails} with LAUNCH_MULTIPLE from uid 1000 (android) (BAL_ALLOW_NON_APP_VISIBLE_WINDOW) result code=2
