01-15 08:52:15.268   796  1180 I HalDevMgr: bestIfaceCreationProposal is null, requestIface=STA, existingIface=[name=wlan0 type=STA]
01-15 08:52:16.256   796   897 D ActivityManager: sync unfroze 24953 com.android.vending for 6
01-15 08:52:16.259   796   897 D ActivityManager: sync unfroze 24965 com.android.vending:background for 6
01-15 08:52:16.267  5536  6802 I NetworkScheduler.Stats: (REDACTED) Task %s/%s started execution. cause:%s exec_start_elapsed_seconds: %s
01-15 08:52:16.270   796  2326 W ProcessStats: Tracking association SourceState{e2f0c85 com.android.vending:background/10153 ImpBg #13919} whose proc state 6 is better than process ProcessState{3b70ada com.android.vending/10153 pkg=com.android.vending (sub)} proc state 14 (9 skipped)
01-15 08:52:16.273 24953 24953 I Finsky  : [2] SCH: job service start with id 9337.
01-15 08:52:16.281   796  2007 D ActivityManager: sync unfroze 5799 com.google.android.gms.unstable for 6
01-15 08:52:16.283  5799  5799 D ActivityThread: Package [com.geek2geeks.level] reported as REPLACED, but missing application info. Assuming REMOVED.
01-15 08:52:16.284   796  1229 D BackgroundInstallControlService: Package event received: 0
01-15 08:52:16.286  5799  5799 D ActivityThread: Package [com.geek2geeks.level] reported as REPLACED, but missing application info. Assuming REMOVED.
01-15 08:52:16.291 24953 24987 I Finsky  : [54] SCH: Satisfied jobs for 9337 are: 12-1
01-15 08:52:16.299 24953 26406 I Finsky  : [185] SCH: Job 12-1 starting
01-15 08:52:16.301 24953 24953 I Finsky  : [2] WM::SCH: Logging work start for 12-1
01-15 08:52:16.303 24953 24953 I Finsky  : [2] [ContentSync] job started
01-15 08:52:16.334 24953 24957 W android.vending: Missing inline cache for java.lang.Object nww.apply(java.lang.Object)
01-15 08:52:16.334 24953 24957 W android.vending: Missing inline cache for java.lang.Object nww.apply(java.lang.Object)
01-15 08:52:16.335 24953 24957 W android.vending: Missing inline cache for java.lang.Object nww.apply(java.lang.Object)
01-15 08:52:16.335 24953 24957 W android.vending: Missing inline cache for java.lang.Object nww.apply(java.lang.Object)
01-15 08:52:16.335 24953 24957 W android.vending: Missing inline cache for java.lang.Object nww.apply(java.lang.Object)
01-15 08:52:16.335 24953 24957 W android.vending: Missing inline cache for java.lang.Object nww.apply(java.lang.Object)
01-15 08:52:16.335 24953 24957 W android.vending: Missing inline cache for java.lang.Object nww.apply(java.lang.Object)
01-15 08:52:16.335 24953 24957 W android.vending: Missing inline cache for java.lang.Object nww.apply(java.lang.Object)
01-15 08:52:16.357  5799  5813 W libc    : Access denied finding property "persist.adb.tls_server.enable"
01-15 08:52:16.357  5799  5813 W libc    : Access denied finding property "service.adb.tls.port"
01-15 08:52:16.355  5799  5799 W binder:5799_3: type=1400 audit(0.0:92): avc:  denied  { read } for  name="u:object_r:adbd_prop:s0" dev="tmpfs" ino=59 scontext=u:r:gmscore_app:s0:c512,c768 tcontext=u:object_r:adbd_prop:s0 tclass=file permissive=0 app=com.google.android.gms
01-15 08:52:16.366   796  1973 D FileUtils: Rounded bytes from 4103950336 to 8000000000
01-15 08:52:16.382 24953 26410 I Finsky  : [186] App states replicator found 5 unowned apps
01-15 08:52:16.387 24953 25007 I Finsky  : [67] Completed 0 account content syncs with 0 successful.
01-15 08:52:16.387 24953 24953 I Finsky  : [2] [ContentSync] Installation state replication succeeded.
01-15 08:52:16.387 24953 24953 I Finsky  : [2] SCH: jobFinished: 12-1. TimeElapsed: 88ms.
01-15 08:52:16.387 24953 24953 I Finsky  : [2] WM::SCH: Logging work end for 12-1
01-15 08:52:16.427  5536  5671 W GmsUrlRequestImpl: [https://android.googleapis.com/auth/devicekey] Content-Type header is overwritten.
01-15 08:52:16.427 24953 25007 I Finsky  : [67] SCH: Scheduling phonesky job Id: 1-1337, CT: 1768458270875, Constraints: [{ L: 28947432, D: 72147432, C: CHARGING_NONE, I: IDLE_NONE, N: NET_ANY, B: BATTERY_ANY }]
01-15 08:52:16.433 24953 25020 I Finsky  : [80] SCH: Scheduling 1 system job(s)
01-15 08:52:16.433 24953 25020 I Finsky  : [80] SCH: Scheduling system job Id: 9340, L: 27281874, D: 70481874, C: false, I: false, N: 1
01-15 08:52:16.459 24953 26406 I Finsky  : [185] SCH: job service finished with id 9337.
01-15 08:52:16.470 24953 24953 I Finsky  : [2] Memory trim requested to level 40
01-15 08:52:16.471 24953 24953 I Finsky  : [2] Flushing in-memory image cache
01-15 08:52:16.476   796   905 D ActivityManager: freezing 5561 com.google.android.gms
01-15 08:52:16.479 24965 24965 I Finsky:background: [2] Memory trim requested to level 40
01-15 08:52:16.697  5536  5671 W GLSUser : [AppCertManager] Exception while requesting key: 
01-15 08:52:16.697  5536  5671 W GLSUser : java.util.concurrent.ExecutionException: cqhn: Parse Proto Exception with response code 400
01-15 08:52:16.697  5536  5671 W GLSUser : 	at gtrf.j(:com.google.android.gms@254932038@25.49.32 (260800-843446962):21)
01-15 08:52:16.697  5536  5671 W GLSUser : 	at gtro.u(:com.google.android.gms@254932038@25.49.32 (260800-843446962):71)
01-15 08:52:16.697  5536  5671 W GLSUser : 	at ajmn.b(:com.google.android.gms@254932038@25.49.32 (260800-843446962):439)
01-15 08:52:16.697  5536  5671 W GLSUser : 	at ajml.b(:com.google.android.gms@254932038@25.49.32 (260800-843446962):29)
01-15 08:52:16.697  5536  5671 W GLSUser : 	at ajmg.a(:com.google.android.gms@254932038@25.49.32 (260800-843446962):1)
01-15 08:52:16.697  5536  5671 W GLSUser : 	at ajmj.a(:com.google.android.gms@254932038@25.49.32 (260800-843446962):58)
01-15 08:52:16.697  5536  5671 W GLSUser : 	at aemu.call(:com.google.android.gms@254932038@25.49.32 (260800-843446962):56)
01-15 08:52:16.697  5536  5671 W GLSUser : 	at java.util.concurrent.FutureTask.run(FutureTask.java:317)
01-15 08:52:16.697  5536  5671 W GLSUser : 	at bdxu.c(:com.google.android.gms@254932038@25.49.32 (260800-843446962):50)
01-15 08:52:16.697  5536  5671 W GLSUser : 	at bdxu.run(:com.google.android.gms@254932038@25.49.32 (260800-843446962):73)
01-15 08:52:16.697  5536  5671 W GLSUser : 	at java.util.concurrent.ThreadPoolExecutor.runWorker(ThreadPoolExecutor.java:1154)
01-15 08:52:16.697  5536  5671 W GLSUser : 	at java.util.concurrent.ThreadPoolExecutor$Worker.run(ThreadPoolExecutor.java:652)
01-15 08:52:16.697  5536  5671 W GLSUser : 	at bedl.run(:com.google.android.gms@254932038@25.49.32 (260800-843446962):8)
01-15 08:52:16.697  5536  5671 W GLSUser : 	at java.lang.Thread.run(Thread.java:1563)
01-15 08:52:16.697  5536  5671 W GLSUser : Caused by: cqhn: Parse Proto Exception with response code 400
01-15 08:52:16.697  5536  5671 W GLSUser : 	at cqis.e(:com.google.android.gms@254932038@25.49.32 (260800-843446962):90)
01-15 08:52:16.697  5536  5671 W GLSUser : 	at cqle.d(:com.google.android.gms@254932038@25.49.32 (260800-843446962):18)
01-15 08:52:16.697  5536  5671 W GLSUser : 	at cqlv.onSucceeded(:com.google.android.gms@254932038@25.49.32 (260800-843446962):9)
01-15 08:52:16.697  5536  5671 W GLSUser : 	at m1.nf.onSucceeded(:com.google.android.gms.dynamite_cronetdynamite@254932038@25.49.32 (260800-0):3)
01-15 08:52:16.697  5536  5671 W GLSUser : 	at m1.ly.run(:com.google.android.gms.dynamite_cronetdynamite@254932038@25.49.32 (260800-0):21)
01-15 08:52:16.697  5536  5671 W GLSUser : 	at m1.ls.run(:com.google.android.gms.dynamite_cronetdynamite@254932038@25.49.32 (260800-0):31)
01-15 08:52:16.697  5536  5671 W GLSUser : 	at bdxu.c(:com.google.android.gms@254932038@25.49.32 (260800-843446962):50)
01-15 08:52:16.697  5536  5671 W GLSUser : 	at bdxu.run(:com.google.android.gms@254932038@25.49.32 (260800-843446962):92)
01-15 08:52:16.697  5536  5671 W GLSUser : 	... 4 more
01-15 08:52:16.697  5536  5671 W GLSUser : Caused by: hobk: Protocol message contained an invalid tag (zero).
01-15 08:52:16.697  5536  5671 W GLSUser : 	at hnyi.k(:com.google.android.gms@254932038@25.49.32 (260800-843446962):43)
01-15 08:52:16.697  5536  5671 W GLSUser : 	at hoci.c(:com.google.android.gms@254932038@25.49.32 (260800-843446962):397)
01-15 08:52:16.697  5536  5671 W GLSUser : 	at hoci.i(:com.google.android.gms@254932038@25.49.32 (260800-843446962):8)
01-15 08:52:16.697  5536  5671 W GLSUser : 	at hoao.y(:com.google.android.gms@254932038@25.49.32 (260800-843446962):23)
01-15 08:52:16.697  5536  5671 W GLSUser : 	at hoaj.g(:com.google.android.gms@254932038@25.49.32 (260800-843446962):3)
01-15 08:52:16.697  5536  5671 W GLSUser : 	at hnye.e(:com.google.android.gms@254932038@25.49.32 (260800-843446962):1)
01-15 08:52:16.697  5536  5671 W GLSUser : 	at hnye.d(:com.google.android.gms@254932038@25.49.32 (260800-843446962):3)
01-15 08:52:16.697  5536  5671 W GLSUser : 	at hnye.p(:com.google.android.gms@254932038@25.49.32 (260800-843446962):1)
01-15 08:52:16.697  5536  5671 W GLSUser : 	at cqis.h(:com.google.android.gms@254932038@25.49.32 (260800-843446962):69)
01-15 08:52:16.697  5536  5671 W GLSUser : 	at cqis.e(:com.google.android.gms@254932038@25.49.32 (260800-843446962):30)
01-15 08:52:16.697  5536  5671 W GLSUser : 	... 11 more
01-15 08:52:16.701  5536  6802 I NetworkScheduler.Stats: (REDACTED) Task %s/%s finished executing. cause:%s result: %s elapsed_millis: %s uptime_millis: %s exec_start_elapsed_seconds: %s
01-15 08:52:18.149 26418 26418 W libbinder.BackendUnifiedServiceManager: Thread Pool max thread count is 0. Cannot cache binder as linkToDeath cannot be implemented. serviceName: package
01-15 08:52:18.290   796  1180 I HalDevMgr: bestIfaceCreationProposal is null, requestIface=STA, existingIface=[name=wlan0 type=STA]
01-15 08:52:18.380  3185  5446 I artd    : GetBestInfo: odex next to the dex file (/data/app/~~32zfW-euUumZmapXCsiMfw==/com.google.android.gms-BB5zRItgPYm45pDbJHp9zQ==/oat/x86_64/base.odex) is kOatUpToDate with filter 'speed-profile' executable 'false'
01-15 08:52:18.384  3185  5446 I artd    : GetBestInfo: odex next to the dex file (/data/app/~~32zfW-euUumZmapXCsiMfw==/com.google.android.gms-BB5zRItgPYm45pDbJHp9zQ==/oat/x86_64/split_AdsDynamite_installtime.odex) is kOatUpToDate with filter 'speed' executable 'false'
01-15 08:52:18.386  3185  5446 I artd    : GetBestInfo: odex next to the dex file (/data/app/~~32zfW-euUumZmapXCsiMfw==/com.google.android.gms-BB5zRItgPYm45pDbJHp9zQ==/oat/x86_64/split_CronetDynamite_installtime.odex) is kOatUpToDate with filter 'speed' executable 'false'
01-15 08:52:18.387  3185  5446 I artd    : GetBestInfo: odex next to the dex file (/data/app/~~32zfW-euUumZmapXCsiMfw==/com.google.android.gms-BB5zRItgPYm45pDbJHp9zQ==/oat/x86_64/split_DynamiteLoader_installtime.odex) is kOatUpToDate with filter 'speed' executable 'false'
01-15 08:52:18.389  3185  5446 I artd    : GetBestInfo: odex next to the dex file (/data/app/~~32zfW-euUumZmapXCsiMfw==/com.google.android.gms-BB5zRItgPYm45pDbJHp9zQ==/oat/x86_64/split_DynamiteModulesA_installtime.odex) is kOatUpToDate with filter 'speed' executable 'false'
01-15 08:52:18.390  3185  5446 I artd    : GetBestInfo: odex next to the dex file (/data/app/~~32zfW-euUumZmapXCsiMfw==/com.google.android.gms-BB5zRItgPYm45pDbJHp9zQ==/oat/x86_64/split_DynamiteModulesC_installtime.odex) is kOatUpToDate with filter 'speed' executable 'false'
01-15 08:52:18.392  3185  5446 I artd    : GetBestInfo: odex next to the dex file (/data/app/~~32zfW-euUumZmapXCsiMfw==/com.google.android.gms-BB5zRItgPYm45pDbJHp9zQ==/oat/x86_64/split_GoogleCertificates_installtime.odex) is kOatUpToDate with filter 'speed' executable 'false'
01-15 08:52:18.393  3185  5446 I artd    : GetBestInfo: odex next to the dex file (/data/app/~~32zfW-euUumZmapXCsiMfw==/com.google.android.gms-BB5zRItgPYm45pDbJHp9zQ==/oat/x86_64/split_MapsDynamite_installtime.odex) is kOatUpToDate with filter 'speed' executable 'false'
01-15 08:52:18.395  3185  5446 I artd    : GetBestInfo: odex next to the dex file (/data/app/~~32zfW-euUumZmapXCsiMfw==/com.google.android.gms-BB5zRItgPYm45pDbJHp9zQ==/oat/x86_64/split_MeasurementDynamite_installtime.odex) is kOatUpToDate with filter 'speed' executable 'false'
01-15 08:52:18.397  3185  5446 I artd    : GetBestInfo: odex next to the dex file (/data/app/~~32zfW-euUumZmapXCsiMfw==/com.google.android.gms-BB5zRItgPYm45pDbJHp9zQ==/oat/x86_64/split_all_locale_splits.odex) is kOatUpToDate with filter 'speed' executable 'false'
01-15 08:52:18.399  3185  5446 I artd    : GetBestInfo: /data/user_de/0/com.google.android.gms/app_chimera/m/00000008/dl-TfliteDynamiteDynamite.integ_243930802100800.apk has no usable artifacts
01-15 08:52:18.400  3185  5446 I artd    : GetBestInfo: /data/user_de/0/com.google.android.gms/app_chimera/m/00000010/dl-PlayCloudSearch.optional_254932100000.apk has no usable artifacts
01-15 08:52:18.401  3185  5446 I artd    : GetBestInfo: /data/user_de/0/com.google.android.gms/app_chimera/m/00000001/CronetDynamite.apk has no usable artifacts
01-15 08:52:18.402  3185  5446 I artd    : GetBestInfo: /data/user_de/0/com.google.android.gms/app_chimera/m/00000011/dl-VisionOcr.optional_254932100000.apk has no usable artifacts
01-15 08:52:18.402  3185  5446 I artd    : GetBestInfo: /data/user_de/0/com.google.android.gms/app_chimera/m/00000002/DynamiteLoader.apk has no usable artifacts
01-15 08:52:18.403  3185  5446 I artd    : GetBestInfo: /data/user_de/0/com.google.android.gms/app_chimera/m/0000000f/dl-MlkitOcrCommon.optional_254932100800.apk has no usable artifacts
01-15 08:52:18.403  3185  5446 I artd    : GetBestInfo: /data/user_de/0/com.google.android.gms/app_chimera/m/00000005/GoogleCertificates.apk has no usable artifacts
01-15 08:52:18.405  3185  5446 I artd    : GetBestInfo: /data/user_de/0/com.google.android.gms/app_chimera/m/0000000e/dl-MlkitBarcodeUi.optional_254932100800.apk has no usable artifacts
01-15 08:52:18.407  3185  4703 I artd    : GetBestInfo: /data/user_de/0/com.google.android.gms/app_chimera/m/0000000a/dl-VisionOcr.optional_253434100000.apk has no usable artifacts
01-15 08:52:18.408  3185  4703 I artd    : GetBestInfo: /data/user_de/0/com.google.android.gms/app_chimera/m/0000000d/dl-Appsearch.optional_254932100800.apk has no usable artifacts
01-15 08:52:18.410  3185  4703 I artd    : GetBestInfo: /data/user_de/0/com.google.android.gms/app_chimera/m/00000009/dl-MlkitOcrCommon.optional_253434100800.apk has no usable artifacts
01-15 08:52:18.413  3185  4703 I artd    : GetBestInfo: /data/user_de/0/com.google.android.gms/app_chimera/m/0000000b/dl-PlayCloudSearch.optional_253434100000.apk has no usable artifacts
01-15 08:52:18.414  3185  4703 I artd    : GetBestInfo: vdex next to the dex file (/data/user/0/com.google.android.gms/app_dg_cache/D7ECB6ECAAAB0DCD8DECD74AE43F16D2EC2B3A20/oat/x86_64/the.vdex) is kOatUpToDate with filter 'verify' executable 'false'
01-15 08:52:18.414  3185  4703 W artd    : Could not get dex checksums for location /data/app/~~bOQytt44Qr5Gb_ikif2I-Q==/com.android.vending-QpoCtcw5VYD9UTaWrMAz-A==/base.apk, fd=-1
01-15 08:52:20.902  1462  1614 D SatelliteController: iisInCarrierRoamingNbIotNtn: satellite is disabled
01-15 08:52:20.902  1462  1614 D SatelliteController: getCarrierRoamingNtnConnectType: Falling back to global carrier config connect type: 0
01-15 08:52:21.302   796  1180 I HalDevMgr: bestIfaceCreationProposal is null, requestIface=STA, existingIface=[name=wlan0 type=STA]
01-15 08:52:24.310   796  1180 I HalDevMgr: bestIfaceCreationProposal is null, requestIface=STA, existingIface=[name=wlan0 type=STA]
01-15 08:52:26.515   796   905 D ActivityManager: freezing 24953 com.android.vending
01-15 08:52:26.517   796   905 D ActivityManager: freezing 24965 com.android.vending:background
01-15 08:52:26.586   796  1186 D InetDiagMessage: Destroyed 0 sockets, proto=IPPROTO_TCP, family=AF_INET, states=14
01-15 08:52:26.586   796  1186 D InetDiagMessage: Destroyed 0 sockets, proto=IPPROTO_TCP, family=AF_INET6, states=14
01-15 08:52:26.586   796  1186 D InetDiagMessage: Destroyed live tcp sockets for uids={10153} in 0ms
01-15 08:52:27.315   796  1180 I HalDevMgr: bestIfaceCreationProposal is null, requestIface=STA, existingIface=[name=wlan0 type=STA]
01-15 08:52:27.820   796   905 D ActivityManager: freezing 6005 com.google.android.apps.wellbeing
01-15 08:52:27.822   796  1186 D InetDiagMessage: Destroyed 0 sockets, proto=IPPROTO_TCP, family=AF_INET, states=14
01-15 08:52:27.822   796  1186 D InetDiagMessage: Destroyed 0 sockets, proto=IPPROTO_TCP, family=AF_INET6, states=14
01-15 08:52:27.822   796  1186 D InetDiagMessage: Destroyed live tcp sockets for uids={10159} in 1ms
01-15 08:52:28.159 26423 26423 W libbinder.BackendUnifiedServiceManager: Thread Pool max thread count is 0. Cannot cache binder as linkToDeath cannot be implemented. serviceName: package
01-15 08:52:28.324  3185  4703 I artd    : GetBestInfo: odex next to the dex file (/data/app/~~32zfW-euUumZmapXCsiMfw==/com.google.android.gms-BB5zRItgPYm45pDbJHp9zQ==/oat/x86_64/base.odex) is kOatUpToDate with filter 'speed-profile' executable 'false'
01-15 08:52:28.330  3185  4703 I artd    : GetBestInfo: odex next to the dex file (/data/app/~~32zfW-euUumZmapXCsiMfw==/com.google.android.gms-BB5zRItgPYm45pDbJHp9zQ==/oat/x86_64/split_AdsDynamite_installtime.odex) is kOatUpToDate with filter 'speed' executable 'false'
01-15 08:52:28.331  3185  4703 I artd    : GetBestInfo: odex next to the dex file (/data/app/~~32zfW-euUumZmapXCsiMfw==/com.google.android.gms-BB5zRItgPYm45pDbJHp9zQ==/oat/x86_64/split_CronetDynamite_installtime.odex) is kOatUpToDate with filter 'speed' executable 'false'
01-15 08:52:28.332  3185  4703 I artd    : GetBestInfo: odex next to the dex file (/data/app/~~32zfW-euUumZmapXCsiMfw==/com.google.android.gms-BB5zRItgPYm45pDbJHp9zQ==/oat/x86_64/split_DynamiteLoader_installtime.odex) is kOatUpToDate with filter 'speed' executable 'false'
01-15 08:52:28.333  3185  4703 I artd    : GetBestInfo: odex next to the dex file (/data/app/~~32zfW-euUumZmapXCsiMfw==/com.google.android.gms-BB5zRItgPYm45pDbJHp9zQ==/oat/x86_64/split_DynamiteModulesA_installtime.odex) is kOatUpToDate with filter 'speed' executable 'false'
01-15 08:52:28.335  3185  4703 I artd    : GetBestInfo: odex next to the dex file (/data/app/~~32zfW-euUumZmapXCsiMfw==/com.google.android.gms-BB5zRItgPYm45pDbJHp9zQ==/oat/x86_64/split_DynamiteModulesC_installtime.odex) is kOatUpToDate with filter 'speed' executable 'false'
01-15 08:52:28.336  3185  4703 I artd    : GetBestInfo: odex next to the dex file (/data/app/~~32zfW-euUumZmapXCsiMfw==/com.google.android.gms-BB5zRItgPYm45pDbJHp9zQ==/oat/x86_64/split_GoogleCertificates_installtime.odex) is kOatUpToDate with filter 'speed' executable 'false'
01-15 08:52:28.337  3185  4703 I artd    : GetBestInfo: odex next to the dex file (/data/app/~~32zfW-euUumZmapXCsiMfw==/com.google.android.gms-BB5zRItgPYm45pDbJHp9zQ==/oat/x86_64/split_MapsDynamite_installtime.odex) is kOatUpToDate with filter 'speed' executable 'false'
01-15 08:52:28.340  3185  4703 I artd    : GetBestInfo: odex next to the dex file (/data/app/~~32zfW-euUumZmapXCsiMfw==/com.google.android.gms-BB5zRItgPYm45pDbJHp9zQ==/oat/x86_64/split_MeasurementDynamite_installtime.odex) is kOatUpToDate with filter 'speed' executable 'false'
01-15 08:52:28.341  3185  4703 I artd    : GetBestInfo: odex next to the dex file (/data/app/~~32zfW-euUumZmapXCsiMfw==/com.google.android.gms-BB5zRItgPYm45pDbJHp9zQ==/oat/x86_64/split_all_locale_splits.odex) is kOatUpToDate with filter 'speed' executable 'false'
01-15 08:52:28.343  3185  4703 I artd    : GetBestInfo: /data/user_de/0/com.google.android.gms/app_chimera/m/00000008/dl-TfliteDynamiteDynamite.integ_243930802100800.apk has no usable artifacts
01-15 08:52:28.344  3185  4703 I artd    : GetBestInfo: /data/user_de/0/com.google.android.gms/app_chimera/m/00000010/dl-PlayCloudSearch.optional_254932100000.apk has no usable artifacts
01-15 08:52:28.345  3185  4703 I artd    : GetBestInfo: /data/user_de/0/com.google.android.gms/app_chimera/m/00000001/CronetDynamite.apk has no usable artifacts
01-15 08:52:28.346  3185  4703 I artd    : GetBestInfo: /data/user_de/0/com.google.android.gms/app_chimera/m/00000011/dl-VisionOcr.optional_254932100000.apk has no usable artifacts
01-15 08:52:28.346  3185  4703 I artd    : GetBestInfo: /data/user_de/0/com.google.android.gms/app_chimera/m/00000002/DynamiteLoader.apk has no usable artifacts
01-15 08:52:28.347  3185  4703 I artd    : GetBestInfo: /data/user_de/0/com.google.android.gms/app_chimera/m/0000000f/dl-MlkitOcrCommon.optional_254932100800.apk has no usable artifacts
01-15 08:52:28.347  3185  4703 I artd    : GetBestInfo: /data/user_de/0/com.google.android.gms/app_chimera/m/00000005/GoogleCertificates.apk has no usable artifacts
01-15 08:52:28.348  3185  4703 I artd    : GetBestInfo: /data/user_de/0/com.google.android.gms/app_chimera/m/0000000e/dl-MlkitBarcodeUi.optional_254932100800.apk has no usable artifacts
01-15 08:52:28.350  3185  4703 I artd    : GetBestInfo: /data/user_de/0/com.google.android.gms/app_chimera/m/0000000a/dl-VisionOcr.optional_253434100000.apk has no usable artifacts
01-15 08:52:28.351  3185  4703 I artd    : GetBestInfo: /data/user_de/0/com.google.android.gms/app_chimera/m/0000000d/dl-Appsearch.optional_254932100800.apk has no usable artifacts
01-15 08:52:28.353  3185  4703 I artd    : GetBestInfo: /data/user_de/0/com.google.android.gms/app_chimera/m/00000009/dl-MlkitOcrCommon.optional_253434100800.apk has no usable artifacts
01-15 08:52:28.354  3185  4703 I artd    : GetBestInfo: /data/user_de/0/com.google.android.gms/app_chimera/m/0000000b/dl-PlayCloudSearch.optional_253434100000.apk has no usable artifacts
01-15 08:52:28.356  3185  4703 I artd    : GetBestInfo: vdex next to the dex file (/data/user/0/com.google.android.gms/app_dg_cache/D7ECB6ECAAAB0DCD8DECD74AE43F16D2EC2B3A20/oat/x86_64/the.vdex) is kOatUpToDate with filter 'verify' executable 'false'
01-15 08:52:28.356  3185  4703 W artd    : Could not get dex checksums for location /data/app/~~bOQytt44Qr5Gb_ikif2I-Q==/com.android.vending-QpoCtcw5VYD9UTaWrMAz-A==/base.apk, fd=-1
01-15 08:52:30.308   796   905 D ActivityManager: freezing 2040 com.android.keychain
01-15 08:52:30.308   796   905 D ActivityManager: freezing 1531 com.android.settings
01-15 08:52:30.310   796   905 D ActivityManager: freezing 3680 com.android.dynsystem:dynsystem
01-15 08:52:30.311   796   905 D ActivityManager: freezing 3659 com.android.dynsystem
01-15 08:52:30.312   796   905 D ActivityManager: freezing 2428 com.android.localtransport
01-15 08:52:30.321   796  1180 I HalDevMgr: bestIfaceCreationProposal is null, requestIface=STA, existingIface=[name=wlan0 type=STA]
01-15 08:52:30.902  1462  1614 D SatelliteController: iisInCarrierRoamingNbIotNtn: satellite is disabled
01-15 08:52:30.902  1462  1614 D SatelliteController: getCarrierRoamingNtnConnectType: Falling back to global carrier config connect type: 0
01-15 08:52:31.447   796   905 D ActivityManager: freezing 5799 com.google.android.gms.unstable
01-15 08:52:33.328   796  1180 I HalDevMgr: bestIfaceCreationProposal is null, requestIface=STA, existingIface=[name=wlan0 type=STA]
01-15 08:52:36.336   796  1180 I HalDevMgr: bestIfaceCreationProposal is null, requestIface=STA, existingIface=[name=wlan0 type=STA]
01-15 08:52:38.167 26426 26426 W libbinder.BackendUnifiedServiceManager: Thread Pool max thread count is 0. Cannot cache binder as linkToDeath cannot be implemented. serviceName: package
01-15 08:52:38.323  3185  4703 I artd    : GetBestInfo: odex next to the dex file (/data/app/~~32zfW-euUumZmapXCsiMfw==/com.google.android.gms-BB5zRItgPYm45pDbJHp9zQ==/oat/x86_64/base.odex) is kOatUpToDate with filter 'speed-profile' executable 'false'
01-15 08:52:38.327  3185  4703 I artd    : GetBestInfo: odex next to the dex file (/data/app/~~32zfW-euUumZmapXCsiMfw==/com.google.android.gms-BB5zRItgPYm45pDbJHp9zQ==/oat/x86_64/split_AdsDynamite_installtime.odex) is kOatUpToDate with filter 'speed' executable 'false'
01-15 08:52:38.331  3185  4703 I artd    : GetBestInfo: odex next to the dex file (/data/app/~~32zfW-euUumZmapXCsiMfw==/com.google.android.gms-BB5zRItgPYm45pDbJHp9zQ==/oat/x86_64/split_CronetDynamite_installtime.odex) is kOatUpToDate with filter 'speed' executable 'false'
01-15 08:52:38.333  3185  4703 I artd    : GetBestInfo: odex next to the dex file (/data/app/~~32zfW-euUumZmapXCsiMfw==/com.google.android.gms-BB5zRItgPYm45pDbJHp9zQ==/oat/x86_64/split_DynamiteLoader_installtime.odex) is kOatUpToDate with filter 'speed' executable 'false'
01-15 08:52:38.335  3185  4703 I artd    : GetBestInfo: odex next to the dex file (/data/app/~~32zfW-euUumZmapXCsiMfw==/com.google.android.gms-BB5zRItgPYm45pDbJHp9zQ==/oat/x86_64/split_DynamiteModulesA_installtime.odex) is kOatUpToDate with filter 'speed' executable 'false'
01-15 08:52:38.336  3185  4703 I artd    : GetBestInfo: odex next to the dex file (/data/app/~~32zfW-euUumZmapXCsiMfw==/com.google.android.gms-BB5zRItgPYm45pDbJHp9zQ==/oat/x86_64/split_DynamiteModulesC_installtime.odex) is kOatUpToDate with filter 'speed' executable 'false'
01-15 08:52:38.338  3185  4703 I artd    : GetBestInfo: odex next to the dex file (/data/app/~~32zfW-euUumZmapXCsiMfw==/com.google.android.gms-BB5zRItgPYm45pDbJHp9zQ==/oat/x86_64/split_GoogleCertificates_installtime.odex) is kOatUpToDate with filter 'speed' executable 'false'
01-15 08:52:38.339  3185  4703 I artd    : GetBestInfo: odex next to the dex file (/data/app/~~32zfW-euUumZmapXCsiMfw==/com.google.android.gms-BB5zRItgPYm45pDbJHp9zQ==/oat/x86_64/split_MapsDynamite_installtime.odex) is kOatUpToDate with filter 'speed' executable 'false'
01-15 08:52:38.340  3185  4703 I artd    : GetBestInfo: odex next to the dex file (/data/app/~~32zfW-euUumZmapXCsiMfw==/com.google.android.gms-BB5zRItgPYm45pDbJHp9zQ==/oat/x86_64/split_MeasurementDynamite_installtime.odex) is kOatUpToDate with filter 'speed' executable 'false'
01-15 08:52:38.341  3185  4703 I artd    : GetBestInfo: odex next to the dex file (/data/app/~~32zfW-euUumZmapXCsiMfw==/com.google.android.gms-BB5zRItgPYm45pDbJHp9zQ==/oat/x86_64/split_all_locale_splits.odex) is kOatUpToDate with filter 'speed' executable 'false'
01-15 08:52:38.342  3185  4703 I artd    : GetBestInfo: /data/user_de/0/com.google.android.gms/app_chimera/m/00000008/dl-TfliteDynamiteDynamite.integ_243930802100800.apk has no usable artifacts
01-15 08:52:38.343  3185  4703 I artd    : GetBestInfo: /data/user_de/0/com.google.android.gms/app_chimera/m/00000010/dl-PlayCloudSearch.optional_254932100000.apk has no usable artifacts
01-15 08:52:38.344  3185  4703 I artd    : GetBestInfo: /data/user_de/0/com.google.android.gms/app_chimera/m/00000001/CronetDynamite.apk has no usable artifacts
01-15 08:52:38.345  3185  4703 I artd    : GetBestInfo: /data/user_de/0/com.google.android.gms/app_chimera/m/00000011/dl-VisionOcr.optional_254932100000.apk has no usable artifacts
01-15 08:52:38.345  3185  4703 I artd    : GetBestInfo: /data/user_de/0/com.google.android.gms/app_chimera/m/00000002/DynamiteLoader.apk has no usable artifacts
01-15 08:52:38.347  3185  4703 I artd    : GetBestInfo: /data/user_de/0/com.google.android.gms/app_chimera/m/0000000f/dl-MlkitOcrCommon.optional_254932100800.apk has no usable artifacts
01-15 08:52:38.348  3185  4703 I artd    : GetBestInfo: /data/user_de/0/com.google.android.gms/app_chimera/m/00000005/GoogleCertificates.apk has no usable artifacts
01-15 08:52:38.349  3185  4703 I artd    : GetBestInfo: /data/user_de/0/com.google.android.gms/app_chimera/m/0000000e/dl-MlkitBarcodeUi.optional_254932100800.apk has no usable artifacts
01-15 08:52:38.351  3185  4703 I artd    : GetBestInfo: /data/user_de/0/com.google.android.gms/app_chimera/m/0000000a/dl-VisionOcr.optional_253434100000.apk has no usable artifacts
01-15 08:52:38.352  3185  4703 I artd    : GetBestInfo: /data/user_de/0/com.google.android.gms/app_chimera/m/0000000d/dl-Appsearch.optional_254932100800.apk has no usable artifacts
01-15 08:52:38.353  3185  4703 I artd    : GetBestInfo: /data/user_de/0/com.google.android.gms/app_chimera/m/00000009/dl-MlkitOcrCommon.optional_253434100800.apk has no usable artifacts
01-15 08:52:38.355  3185  4703 I artd    : GetBestInfo: /data/user_de/0/com.google.android.gms/app_chimera/m/0000000b/dl-PlayCloudSearch.optional_253434100000.apk has no usable artifacts
01-15 08:52:38.356  3185  4703 I artd    : GetBestInfo: vdex next to the dex file (/data/user/0/com.google.android.gms/app_dg_cache/D7ECB6ECAAAB0DCD8DECD74AE43F16D2EC2B3A20/oat/x86_64/the.vdex) is kOatUpToDate with filter 'verify' executable 'false'
01-15 08:52:38.357  3185  4703 W artd    : Could not get dex checksums for location /data/app/~~bOQytt44Qr5Gb_ikif2I-Q==/com.android.vending-QpoCtcw5VYD9UTaWrMAz-A==/base.apk, fd=-1
01-15 08:52:39.344   796  1180 I HalDevMgr: bestIfaceCreationProposal is null, requestIface=STA, existingIface=[name=wlan0 type=STA]
01-15 08:52:40.902  1462  1614 D SatelliteController: iisInCarrierRoamingNbIotNtn: satellite is disabled
01-15 08:52:40.902  1462  1614 D SatelliteController: getCarrierRoamingNtnConnectType: Falling back to global carrier config connect type: 0
01-15 08:52:42.352   796  1180 I HalDevMgr: bestIfaceCreationProposal is null, requestIface=STA, existingIface=[name=wlan0 type=STA]
01-15 08:52:45.359   796  1180 I HalDevMgr: bestIfaceCreationProposal is null, requestIface=STA, existingIface=[name=wlan0 type=STA]
01-15 08:52:48.168 26429 26429 W libbinder.BackendUnifiedServiceManager: Thread Pool max thread count is 0. Cannot cache binder as linkToDeath cannot be implemented. serviceName: package
01-15 08:52:48.378  3185  4703 I artd    : GetBestInfo: odex next to the dex file (/data/app/~~32zfW-euUumZmapXCsiMfw==/com.google.android.gms-BB5zRItgPYm45pDbJHp9zQ==/oat/x86_64/base.odex) is kOatUpToDate with filter 'speed-profile' executable 'false'
01-15 08:52:48.383  3185  4703 I artd    : GetBestInfo: odex next to the dex file (/data/app/~~32zfW-euUumZmapXCsiMfw==/com.google.android.gms-BB5zRItgPYm45pDbJHp9zQ==/oat/x86_64/split_AdsDynamite_installtime.odex) is kOatUpToDate with filter 'speed' executable 'false'
01-15 08:52:48.384   796  1180 I HalDevMgr: bestIfaceCreationProposal is null, requestIface=STA, existingIface=[name=wlan0 type=STA]
01-15 08:52:48.385  3185  4703 I artd    : GetBestInfo: odex next to the dex file (/data/app/~~32zfW-euUumZmapXCsiMfw==/com.google.android.gms-BB5zRItgPYm45pDbJHp9zQ==/oat/x86_64/split_CronetDynamite_installtime.odex) is kOatUpToDate with filter 'speed' executable 'false'
01-15 08:52:48.387  3185  4703 I artd    : GetBestInfo: odex next to the dex file (/data/app/~~32zfW-euUumZmapXCsiMfw==/com.google.android.gms-BB5zRItgPYm45pDbJHp9zQ==/oat/x86_64/split_DynamiteLoader_installtime.odex) is kOatUpToDate with filter 'speed' executable 'false'
01-15 08:52:48.389  3185  4703 I artd    : GetBestInfo: odex next to the dex file (/data/app/~~32zfW-euUumZmapXCsiMfw==/com.google.android.gms-BB5zRItgPYm45pDbJHp9zQ==/oat/x86_64/split_DynamiteModulesA_installtime.odex) is kOatUpToDate with filter 'speed' executable 'false'
01-15 08:52:48.390  3185  4703 I artd    : GetBestInfo: odex next to the dex file (/data/app/~~32zfW-euUumZmapXCsiMfw==/com.google.android.gms-BB5zRItgPYm45pDbJHp9zQ==/oat/x86_64/split_DynamiteModulesC_installtime.odex) is kOatUpToDate with filter 'speed' executable 'false'
01-15 08:52:48.392  3185  4703 I artd    : GetBestInfo: odex next to the dex file (/data/app/~~32zfW-euUumZmapXCsiMfw==/com.google.android.gms-BB5zRItgPYm45pDbJHp9zQ==/oat/x86_64/split_GoogleCertificates_installtime.odex) is kOatUpToDate with filter 'speed' executable 'false'
01-15 08:52:48.394  3185  4703 I artd    : GetBestInfo: odex next to the dex file (/data/app/~~32zfW-euUumZmapXCsiMfw==/com.google.android.gms-BB5zRItgPYm45pDbJHp9zQ==/oat/x86_64/split_MapsDynamite_installtime.odex) is kOatUpToDate with filter 'speed' executable 'false'
01-15 08:52:48.395  3185  4703 I artd    : GetBestInfo: odex next to the dex file (/data/app/~~32zfW-euUumZmapXCsiMfw==/com.google.android.gms-BB5zRItgPYm45pDbJHp9zQ==/oat/x86_64/split_MeasurementDynamite_installtime.odex) is kOatUpToDate with filter 'speed' executable 'false'
01-15 08:52:48.397  3185  4703 I artd    : GetBestInfo: odex next to the dex file (/data/app/~~32zfW-euUumZmapXCsiMfw==/com.google.android.gms-BB5zRItgPYm45pDbJHp9zQ==/oat/x86_64/split_all_locale_splits.odex) is kOatUpToDate with filter 'speed' executable 'false'
01-15 08:52:48.398  3185  4703 I artd    : GetBestInfo: /data/user_de/0/com.google.android.gms/app_chimera/m/00000008/dl-TfliteDynamiteDynamite.integ_243930802100800.apk has no usable artifacts
01-15 08:52:48.399  3185  4703 I artd    : GetBestInfo: /data/user_de/0/com.google.android.gms/app_chimera/m/00000010/dl-PlayCloudSearch.optional_254932100000.apk has no usable artifacts
01-15 08:52:48.400  3185  4703 I artd    : GetBestInfo: /data/user_de/0/com.google.android.gms/app_chimera/m/00000001/CronetDynamite.apk has no usable artifacts
01-15 08:52:48.401  3185  4703 I artd    : GetBestInfo: /data/user_de/0/com.google.android.gms/app_chimera/m/00000011/dl-VisionOcr.optional_254932100000.apk has no usable artifacts
01-15 08:52:48.402  3185  4703 I artd    : GetBestInfo: /data/user_de/0/com.google.android.gms/app_chimera/m/00000002/DynamiteLoader.apk has no usable artifacts
01-15 08:52:48.403  3185  4703 I artd    : GetBestInfo: /data/user_de/0/com.google.android.gms/app_chimera/m/0000000f/dl-MlkitOcrCommon.optional_254932100800.apk has no usable artifacts
01-15 08:52:48.403  3185  4703 I artd    : GetBestInfo: /data/user_de/0/com.google.android.gms/app_chimera/m/00000005/GoogleCertificates.apk has no usable artifacts
01-15 08:52:48.405  3185  4703 I artd    : GetBestInfo: /data/user_de/0/com.google.android.gms/app_chimera/m/0000000e/dl-MlkitBarcodeUi.optional_254932100800.apk has no usable artifacts
01-15 08:52:48.407  3185  4703 I artd    : GetBestInfo: /data/user_de/0/com.google.android.gms/app_chimera/m/0000000a/dl-VisionOcr.optional_253434100000.apk has no usable artifacts
01-15 08:52:48.408  3185  4703 I artd    : GetBestInfo: /data/user_de/0/com.google.android.gms/app_chimera/m/0000000d/dl-Appsearch.optional_254932100800.apk has no usable artifacts
01-15 08:52:48.410  3185  4703 I artd    : GetBestInfo: /data/user_de/0/com.google.android.gms/app_chimera/m/00000009/dl-MlkitOcrCommon.optional_253434100800.apk has no usable artifacts
01-15 08:52:48.412  3185  4703 I artd    : GetBestInfo: /data/user_de/0/com.google.android.gms/app_chimera/m/0000000b/dl-PlayCloudSearch.optional_253434100000.apk has no usable artifacts
01-15 08:52:48.413  3185  4703 I artd    : GetBestInfo: vdex next to the dex file (/data/user/0/com.google.android.gms/app_dg_cache/D7ECB6ECAAAB0DCD8DECD74AE43F16D2EC2B3A20/oat/x86_64/the.vdex) is kOatUpToDate with filter 'verify' executable 'false'
01-15 08:52:48.414  3185  4703 W artd    : Could not get dex checksums for location /data/app/~~bOQytt44Qr5Gb_ikif2I-Q==/com.android.vending-QpoCtcw5VYD9UTaWrMAz-A==/base.apk, fd=-1
01-15 08:52:50.475   796   837 E BluetoothPowerStatsCollector: Cannot acquire BluetoothActivityEnergyInfo
01-15 08:52:50.475   796   837 E BluetoothPowerStatsCollector: java.util.concurrent.ExecutionException: java.lang.RuntimeException: error: 11
01-15 08:52:50.475   796   837 E BluetoothPowerStatsCollector: 	at java.util.concurrent.CompletableFuture.reportGet(CompletableFuture.java:372)
01-15 08:52:50.475   796   837 E BluetoothPowerStatsCollector: 	at java.util.concurrent.CompletableFuture.get(CompletableFuture.java:2072)
01-15 08:52:50.475   796   837 E BluetoothPowerStatsCollector: 	at com.android.server.power.stats.BluetoothPowerStatsCollector.collectBluetoothActivityInfo(BluetoothPowerStatsCollector.java:191)
01-15 08:52:50.475   796   837 E BluetoothPowerStatsCollector: 	at com.android.server.power.stats.BluetoothPowerStatsCollector.collectStats(BluetoothPowerStatsCollector.java:155)
01-15 08:52:50.475   796   837 E BluetoothPowerStatsCollector: 	at com.android.server.power.stats.PowerStatsCollector.collectAndDeliverStats(PowerStatsCollector.java:196)
01-15 08:52:50.475   796   837 E BluetoothPowerStatsCollector: 	at com.android.server.power.stats.PowerStatsCollector.lambda$schedule$0(PowerStatsCollector.java:166)
01-15 08:52:50.475   796   837 E BluetoothPowerStatsCollector: 	at com.android.server.power.stats.PowerStatsCollector.$r8$lambda$G7G_yFY7rV7oxQbQHnZ5FHX8eBk(PowerStatsCollector.java:0)
01-15 08:52:50.475   796   837 E BluetoothPowerStatsCollector: 	at com.android.server.power.stats.PowerStatsCollector$$ExternalSyntheticLambda1.run(R8$$SyntheticClass:0)
01-15 08:52:50.475   796   837 E BluetoothPowerStatsCollector: 	at android.os.Handler.handleCallback(Handler.java:1070)
01-15 08:52:50.475   796   837 E BluetoothPowerStatsCollector: 	at android.os.Handler.dispatchMessage(Handler.java:125)
01-15 08:52:50.475   796   837 E BluetoothPowerStatsCollector: 	at android.os.Looper.dispatchMessage(Looper.java:333)
01-15 08:52:50.475   796   837 E BluetoothPowerStatsCollector: 	at android.os.Looper.loopOnce(Looper.java:263)
01-15 08:52:50.475   796   837 E BluetoothPowerStatsCollector: 	at android.os.Looper.loop(Looper.java:367)
01-15 08:52:50.475   796   837 E BluetoothPowerStatsCollector: 	at android.os.HandlerThread.run(HandlerThread.java:139)
01-15 08:52:50.475   796   837 E BluetoothPowerStatsCollector: Caused by: java.lang.RuntimeException: error: 11
01-15 08:52:50.475   796   837 E BluetoothPowerStatsCollector: 	at com.android.server.power.stats.BluetoothPowerStatsCollector$1.onBluetoothActivityEnergyInfoError(BluetoothPowerStatsCollector.java:180)
01-15 08:52:50.475   796   837 E BluetoothPowerStatsCollector: 	at android.bluetooth.BluetoothAdapter$OnBluetoothActivityEnergyInfoProxy.lambda$onBluetoothActivityEnergyInfoAvailable$0(BluetoothAdapter.java:1010)
01-15 08:52:50.475   796   837 E BluetoothPowerStatsCollector: 	at android.bluetooth.BluetoothAdapter$OnBluetoothActivityEnergyInfoProxy.$r8$lambda$ks_hN9Vo_x2Jp1k5f-s67WiAd4A(Unknown Source:0)
01-15 08:52:50.475   796   837 E BluetoothPowerStatsCollector: 	at android.bluetooth.BluetoothAdapter$OnBluetoothActivityEnergyInfoProxy$$ExternalSyntheticLambda0.run(D8$$SyntheticClass:0)
01-15 08:52:50.475   796   837 E BluetoothPowerStatsCollector: 	at android.bluetooth.BluetoothUtils.lambda$executeFromBinder$0(BluetoothUtils.java:346)
01-15 08:52:50.475   796   837 E BluetoothPowerStatsCollector: 	at android.bluetooth.BluetoothUtils$$ExternalSyntheticLambda1.run(D8$$SyntheticClass:0)
01-15 08:52:50.475   796   837 E BluetoothPowerStatsCollector: 	at com.android.server.SystemServerInitThreadPool$$ExternalSyntheticLambda0.execute(R8$$SyntheticClass:0)
01-15 08:52:50.475   796   837 E BluetoothPowerStatsCollector: 	at android.bluetooth.BluetoothUtils.executeFromBinder(BluetoothUtils.java:346)
01-15 08:52:50.475   796   837 E BluetoothPowerStatsCollector: 	at android.bluetooth.BluetoothAdapter$OnBluetoothActivityEnergyInfoProxy.onBluetoothActivityEnergyInfoAvailable(BluetoothAdapter.java:1008)
01-15 08:52:50.475   796   837 E BluetoothPowerStatsCollector: 	at android.bluetooth.IBluetoothActivityEnergyInfoListener$Stub.onTransact(IBluetoothActivityEnergyInfoListener.java:98)
01-15 08:52:50.475   796   837 E BluetoothPowerStatsCollector: 	at android.os.Binder.execTransactInternal(Binder.java:1478)
01-15 08:52:50.475   796   837 E BluetoothPowerStatsCollector: 	at android.os.Binder.execTransact(Binder.java:1418)
01-15 08:52:50.739   796  2238 I AppSearchIcing: icing-search-engine.cc:2327: Persisting data to disk with mode 3
01-15 08:52:50.743   796  2238 I AppSearchIcing: icing-search-engine.cc:2340: PersistToDisk completed.
01-15 08:52:50.902  1462  1614 D SatelliteController: iisInCarrierRoamingNbIotNtn: satellite is disabled
01-15 08:52:50.902  1462  1614 D SatelliteController: getCarrierRoamingNtnConnectType: Falling back to global carrier config connect type: 0
01-15 08:52:51.391   796  1180 I HalDevMgr: bestIfaceCreationProposal is null, requestIface=STA, existingIface=[name=wlan0 type=STA]
01-15 08:52:54.399   796  1180 I HalDevMgr: bestIfaceCreationProposal is null, requestIface=STA, existingIface=[name=wlan0 type=STA]
01-15 08:52:57.406   796  1180 I HalDevMgr: bestIfaceCreationProposal is null, requestIface=STA, existingIface=[name=wlan0 type=STA]
01-15 08:52:58.183 26432 26432 W libbinder.BackendUnifiedServiceManager: Thread Pool max thread count is 0. Cannot cache binder as linkToDeath cannot be implemented. serviceName: package
01-15 08:52:58.456  3185  4703 I artd    : GetBestInfo: odex next to the dex file (/data/app/~~32zfW-euUumZmapXCsiMfw==/com.google.android.gms-BB5zRItgPYm45pDbJHp9zQ==/oat/x86_64/base.odex) is kOatUpToDate with filter 'speed-profile' executable 'false'
01-15 08:52:58.461  3185  4703 I artd    : GetBestInfo: odex next to the dex file (/data/app/~~32zfW-euUumZmapXCsiMfw==/com.google.android.gms-BB5zRItgPYm45pDbJHp9zQ==/oat/x86_64/split_AdsDynamite_installtime.odex) is kOatUpToDate with filter 'speed' executable 'false'
01-15 08:52:58.462  3185  4703 I artd    : GetBestInfo: odex next to the dex file (/data/app/~~32zfW-euUumZmapXCsiMfw==/com.google.android.gms-BB5zRItgPYm45pDbJHp9zQ==/oat/x86_64/split_CronetDynamite_installtime.odex) is kOatUpToDate with filter 'speed' executable 'false'
01-15 08:52:58.464  3185  4703 I artd    : GetBestInfo: odex next to the dex file (/data/app/~~32zfW-euUumZmapXCsiMfw==/com.google.android.gms-BB5zRItgPYm45pDbJHp9zQ==/oat/x86_64/split_DynamiteLoader_installtime.odex) is kOatUpToDate with filter 'speed' executable 'false'
01-15 08:52:58.466  3185  4703 I artd    : GetBestInfo: odex next to the dex file (/data/app/~~32zfW-euUumZmapXCsiMfw==/com.google.android.gms-BB5zRItgPYm45pDbJHp9zQ==/oat/x86_64/split_DynamiteModulesA_installtime.odex) is kOatUpToDate with filter 'speed' executable 'false'
01-15 08:52:58.467  3185  4703 I artd    : GetBestInfo: odex next to the dex file (/data/app/~~32zfW-euUumZmapXCsiMfw==/com.google.android.gms-BB5zRItgPYm45pDbJHp9zQ==/oat/x86_64/split_DynamiteModulesC_installtime.odex) is kOatUpToDate with filter 'speed' executable 'false'
01-15 08:52:58.468  3185  4703 I artd    : GetBestInfo: odex next to the dex file (/data/app/~~32zfW-euUumZmapXCsiMfw==/com.google.android.gms-BB5zRItgPYm45pDbJHp9zQ==/oat/x86_64/split_GoogleCertificates_installtime.odex) is kOatUpToDate with filter 'speed' executable 'false'
01-15 08:52:58.470  3185  4703 I artd    : GetBestInfo: odex next to the dex file (/data/app/~~32zfW-euUumZmapXCsiMfw==/com.google.android.gms-BB5zRItgPYm45pDbJHp9zQ==/oat/x86_64/split_MapsDynamite_installtime.odex) is kOatUpToDate with filter 'speed' executable 'false'
01-15 08:52:58.471  3185  4703 I artd    : GetBestInfo: odex next to the dex file (/data/app/~~32zfW-euUumZmapXCsiMfw==/com.google.android.gms-BB5zRItgPYm45pDbJHp9zQ==/oat/x86_64/split_MeasurementDynamite_installtime.odex) is kOatUpToDate with filter 'speed' executable 'false'
01-15 08:52:58.473  3185  4703 I artd    : GetBestInfo: odex next to the dex file (/data/app/~~32zfW-euUumZmapXCsiMfw==/com.google.android.gms-BB5zRItgPYm45pDbJHp9zQ==/oat/x86_64/split_all_locale_splits.odex) is kOatUpToDate with filter 'speed' executable 'false'
01-15 08:52:58.474  3185  4703 I artd    : GetBestInfo: /data/user_de/0/com.google.android.gms/app_chimera/m/00000008/dl-TfliteDynamiteDynamite.integ_243930802100800.apk has no usable artifacts
01-15 08:52:58.476  3185  4703 I artd    : GetBestInfo: /data/user_de/0/com.google.android.gms/app_chimera/m/00000010/dl-PlayCloudSearch.optional_254932100000.apk has no usable artifacts
01-15 08:52:58.476  3185  4703 I artd    : GetBestInfo: /data/user_de/0/com.google.android.gms/app_chimera/m/00000001/CronetDynamite.apk has no usable artifacts
01-15 08:52:58.477  3185  4703 I artd    : GetBestInfo: /data/user_de/0/com.google.android.gms/app_chimera/m/00000011/dl-VisionOcr.optional_254932100000.apk has no usable artifacts
01-15 08:52:58.478  3185  4703 I artd    : GetBestInfo: /data/user_de/0/com.google.android.gms/app_chimera/m/00000002/DynamiteLoader.apk has no usable artifacts
01-15 08:52:58.479  3185  4703 I artd    : GetBestInfo: /data/user_de/0/com.google.android.gms/app_chimera/m/0000000f/dl-MlkitOcrCommon.optional_254932100800.apk has no usable artifacts
01-15 08:52:58.479  3185  4703 I artd    : GetBestInfo: /data/user_de/0/com.google.android.gms/app_chimera/m/00000005/GoogleCertificates.apk has no usable artifacts
01-15 08:52:58.480  3185  4703 I artd    : GetBestInfo: /data/user_de/0/com.google.android.gms/app_chimera/m/0000000e/dl-MlkitBarcodeUi.optional_254932100800.apk has no usable artifacts
01-15 08:52:58.482  3185  4703 I artd    : GetBestInfo: /data/user_de/0/com.google.android.gms/app_chimera/m/0000000a/dl-VisionOcr.optional_253434100000.apk has no usable artifacts
01-15 08:52:58.483  3185  4703 I artd    : GetBestInfo: /data/user_de/0/com.google.android.gms/app_chimera/m/0000000d/dl-Appsearch.optional_254932100800.apk has no usable artifacts
01-15 08:52:58.485  3185  4703 I artd    : GetBestInfo: /data/user_de/0/com.google.android.gms/app_chimera/m/00000009/dl-MlkitOcrCommon.optional_253434100800.apk has no usable artifacts
01-15 08:52:58.486  3185  4703 I artd    : GetBestInfo: /data/user_de/0/com.google.android.gms/app_chimera/m/0000000b/dl-PlayCloudSearch.optional_253434100000.apk has no usable artifacts
01-15 08:52:58.488  3185  4703 I artd    : GetBestInfo: vdex next to the dex file (/data/user/0/com.google.android.gms/app_dg_cache/D7ECB6ECAAAB0DCD8DECD74AE43F16D2EC2B3A20/oat/x86_64/the.vdex) is kOatUpToDate with filter 'verify' executable 'false'
01-15 08:52:58.488  3185  4703 W artd    : Could not get dex checksums for location /data/app/~~bOQytt44Qr5Gb_ikif2I-Q==/com.android.vending-QpoCtcw5VYD9UTaWrMAz-A==/base.apk, fd=-1
01-15 08:52:58.834 26307 26376 E unknown:ReactNative: Unable to download JS bundle
01-15 08:52:58.834 26307 26376 E unknown:ReactNative: com.facebook.react.common.DebugServerException: SyntaxError: C:\app\app\shared\stores\setup.ts: Unexpected token, expected "," (18:25)
01-15 08:52:58.834 26307 26376 E unknown:ReactNative: 
01-15 08:52:58.834 26307 26376 E unknown:ReactNative: [0m [90m 16 |[39m
01-15 08:52:58.834 26307 26376 E unknown:ReactNative:  [90m 17 |[39m     [36mreturn[39m (
01-15 08:52:58.834 26307 26376 E unknown:ReactNative: [31m[1m>[22m[39m[90m 18 |[39m         [33m<[39m[33mRootStoreContext[39m[33m.[39m[33mProvider[39m value[33m=[39m { store } [33m>[39m { children } [33m<[39m[33m/[39m[33mRootStoreContext[39m[33m.[39m[33mProvider[39m[33m>[39m
01-15 08:52:58.834 26307 26376 E unknown:ReactNative:  [90m    |[39m                          [31m[1m^[22m[39m
01-15 08:52:58.834 26307 26376 E unknown:ReactNative:  [90m 19 |[39m   )[33m;[39m
01-15 08:52:58.834 26307 26376 E unknown:ReactNative:  [90m 20 |[39m }[33m;[39m
01-15 08:52:58.834 26307 26376 E unknown:ReactNative:  [90m 21 |[39m[0m
01-15 08:52:58.834 26307 26376 E unknown:ReactNative:   at app\shared\stores\setup.ts:18:25
01-15 08:52:58.834 26307 26376 E unknown:ReactNative: 	at com.facebook.react.common.DebugServerException$Companion.parse(DebugServerException.kt:90)
01-15 08:52:58.834 26307 26376 E unknown:ReactNative: 	at com.facebook.react.devsupport.BundleDownloader.processBundleResult(BundleDownloader.kt:263)
01-15 08:52:58.834 26307 26376 E unknown:ReactNative: 	at com.facebook.react.devsupport.BundleDownloader.access$processBundleResult(BundleDownloader.kt:35)
01-15 08:52:58.834 26307 26376 E unknown:ReactNative: 	at com.facebook.react.devsupport.BundleDownloader$processMultipartResponse$completed$1.onChunkComplete(BundleDownloader.kt:196)
01-15 08:52:58.834 26307 26376 E unknown:ReactNative: 	at com.facebook.react.devsupport.MultipartStreamReader.emitChunk(MultipartStreamReader.kt:141)
01-15 08:52:58.834 26307 26376 E unknown:ReactNative: 	at com.facebook.react.devsupport.MultipartStreamReader.readAllParts(MultipartStreamReader.kt:99)
01-15 08:52:58.834 26307 26376 E unknown:ReactNative: 	at com.facebook.react.devsupport.BundleDownloader.processMultipartResponse(BundleDownloader.kt:178)
01-15 08:52:58.834 26307 26376 E unknown:ReactNative: 	at com.facebook.react.devsupport.BundleDownloader.access$processMultipartResponse(BundleDownloader.kt:35)
01-15 08:52:58.834 26307 26376 E unknown:ReactNative: 	at com.facebook.react.devsupport.BundleDownloader$downloadBundleFromURL$1.onResponse(BundleDownloader.kt:128)
01-15 08:52:58.834 26307 26376 E unknown:ReactNative: 	at okhttp3.internal.connection.RealCall$AsyncCall.run(RealCall.kt:519)
01-15 08:52:58.834 26307 26376 E unknown:ReactNative: 	at java.util.concurrent.ThreadPoolExecutor.runWorker(ThreadPoolExecutor.java:1154)
01-15 08:52:58.834 26307 26376 E unknown:ReactNative: 	at java.util.concurrent.ThreadPoolExecutor$Worker.run(ThreadPoolExecutor.java:652)
01-15 08:52:58.834 26307 26376 E unknown:ReactNative: 	at java.lang.Thread.run(Thread.java:1563)
01-15 08:52:58.835 26307 26375 W unknown:BridgelessReact: ReactHost{0}.handleHostException(message = "SyntaxError: C:\app\app\shared\stores\setup.ts: Unexpected token, expected "," (18:25)
01-15 08:52:58.835 26307 26375 W unknown:BridgelessReact: 
01-15 08:52:58.835 26307 26375 W unknown:BridgelessReact: [0m [90m 16 |[39m
01-15 08:52:58.835 26307 26375 W unknown:BridgelessReact:  [90m 17 |[39m     [36mreturn[39m (
01-15 08:52:58.835 26307 26375 W unknown:BridgelessReact: [31m[1m>[22m[39m[90m 18 |[39m         [33m<[39m[33mRootStoreContext[39m[33m.[39m[33mProvider[39m value[33m=[39m { store } [33m>[39m { children } [33m<[39m[33m/[39m[33mRootStoreContext[39m[33m.[39m[33mProvider[39m[33m>[39m
01-15 08:52:58.835 26307 26375 W unknown:BridgelessReact:  [90m    |[39m                          [31m[1m^[22m[39m
01-15 08:52:58.835 26307 26375 W unknown:BridgelessReact:  [90m 19 |[39m   )[33m;[39m
01-15 08:52:58.835 26307 26375 W unknown:BridgelessReact:  [90m 20 |[39m }[33m;[39m
01-15 08:52:58.835 26307 26375 W unknown:BridgelessReact:  [90m 21 |[39m[0m
