01-15 08:43:27.891  3185  4703 I artd    : GetBestInfo: odex next to the dex file (/data/app/~~32zfW-euUumZmapXCsiMfw==/com.google.android.gms-BB5zRItgPYm45pDbJHp9zQ==/oat/x86_64/split_DynamiteModulesA_installtime.odex) is kOatUpToDate with filter 'speed' executable 'false'
01-15 08:43:27.893  3185  4703 I artd    : GetBestInfo: odex next to the dex file (/data/app/~~32zfW-euUumZmapXCsiMfw==/com.google.android.gms-BB5zRItgPYm45pDbJHp9zQ==/oat/x86_64/split_DynamiteModulesC_installtime.odex) is kOatUpToDate with filter 'speed' executable 'false'
01-15 08:43:27.895  3185  4703 I artd    : GetBestInfo: odex next to the dex file (/data/app/~~32zfW-euUumZmapXCsiMfw==/com.google.android.gms-BB5zRItgPYm45pDbJHp9zQ==/oat/x86_64/split_GoogleCertificates_installtime.odex) is kOatUpToDate with filter 'speed' executable 'false'
01-15 08:43:27.897  3185  4703 I artd    : GetBestInfo: odex next to the dex file (/data/app/~~32zfW-euUumZmapXCsiMfw==/com.google.android.gms-BB5zRItgPYm45pDbJHp9zQ==/oat/x86_64/split_MapsDynamite_installtime.odex) is kOatUpToDate with filter 'speed' executable 'false'
01-15 08:43:27.898  3185  4703 I artd    : GetBestInfo: odex next to the dex file (/data/app/~~32zfW-euUumZmapXCsiMfw==/com.google.android.gms-BB5zRItgPYm45pDbJHp9zQ==/oat/x86_64/split_MeasurementDynamite_installtime.odex) is kOatUpToDate with filter 'speed' executable 'false'
01-15 08:43:27.900  3185  4703 I artd    : GetBestInfo: odex next to the dex file (/data/app/~~32zfW-euUumZmapXCsiMfw==/com.google.android.gms-BB5zRItgPYm45pDbJHp9zQ==/oat/x86_64/split_all_locale_splits.odex) is kOatUpToDate with filter 'speed' executable 'false'
01-15 08:43:27.901  3185  4703 I artd    : GetBestInfo: /data/user_de/0/com.google.android.gms/app_chimera/m/00000008/dl-TfliteDynamiteDynamite.integ_243930802100800.apk has no usable artifacts
01-15 08:43:27.902  3185  4703 I artd    : GetBestInfo: /data/user_de/0/com.google.android.gms/app_chimera/m/00000010/dl-PlayCloudSearch.optional_254932100000.apk has no usable artifacts
01-15 08:43:27.903  3185  4703 I artd    : GetBestInfo: /data/user_de/0/com.google.android.gms/app_chimera/m/00000001/CronetDynamite.apk has no usable artifacts
01-15 08:43:27.904  3185  4703 I artd    : GetBestInfo: /data/user_de/0/com.google.android.gms/app_chimera/m/00000011/dl-VisionOcr.optional_254932100000.apk has no usable artifacts
01-15 08:43:27.904  3185  4703 I artd    : GetBestInfo: /data/user_de/0/com.google.android.gms/app_chimera/m/00000002/DynamiteLoader.apk has no usable artifacts
01-15 08:43:27.905  3185  4703 I artd    : GetBestInfo: /data/user_de/0/com.google.android.gms/app_chimera/m/0000000f/dl-MlkitOcrCommon.optional_254932100800.apk has no usable artifacts
01-15 08:43:27.906  3185  4703 I artd    : GetBestInfo: /data/user_de/0/com.google.android.gms/app_chimera/m/00000005/GoogleCertificates.apk has no usable artifacts
01-15 08:43:27.907  3185  4703 I artd    : GetBestInfo: /data/user_de/0/com.google.android.gms/app_chimera/m/0000000e/dl-MlkitBarcodeUi.optional_254932100800.apk has no usable artifacts
01-15 08:43:27.909  3185  4703 I artd    : GetBestInfo: /data/user_de/0/com.google.android.gms/app_chimera/m/0000000a/dl-VisionOcr.optional_253434100000.apk has no usable artifacts
01-15 08:43:27.910  3185  4703 I artd    : GetBestInfo: /data/user_de/0/com.google.android.gms/app_chimera/m/0000000d/dl-Appsearch.optional_254932100800.apk has no usable artifacts
01-15 08:43:27.912  3185  4703 I artd    : GetBestInfo: /data/user_de/0/com.google.android.gms/app_chimera/m/00000009/dl-MlkitOcrCommon.optional_253434100800.apk has no usable artifacts
01-15 08:43:27.913  3185  4703 I artd    : GetBestInfo: /data/user_de/0/com.google.android.gms/app_chimera/m/0000000b/dl-PlayCloudSearch.optional_253434100000.apk has no usable artifacts
01-15 08:43:27.915  3185  4703 I artd    : GetBestInfo: vdex next to the dex file (/data/user/0/com.google.android.gms/app_dg_cache/D7ECB6ECAAAB0DCD8DECD74AE43F16D2EC2B3A20/oat/x86_64/the.vdex) is kOatUpToDate with filter 'verify' executable 'false'
01-15 08:43:27.915  3185  4703 W artd    : Could not get dex checksums for location /data/app/~~bOQytt44Qr5Gb_ikif2I-Q==/com.android.vending-QpoCtcw5VYD9UTaWrMAz-A==/base.apk, fd=-1
01-15 08:43:28.542   796  1180 I HalDevMgr: bestIfaceCreationProposal is null, requestIface=STA, existingIface=[name=wlan0 type=STA]
01-15 08:43:28.969   796  1178 D NetworkStatsObservers: Registering observer for RequestInfo from pid/uid:796/1000(android) for DataUsageRequest [ requestId=39, networkTemplate=NetworkTemplate: matchRule=MOBILE, matchSubscriberIds=[310260...], matchWifiNetworkKeys=[], metered=YES, defaultNetwork=NO, thresholdInBytes=3496631 ] accessLevel:3
01-15 08:43:28.969   796  1276 D NetworkStatsObservers: Unregistering RequestInfo from pid/uid:796/1000(android) for DataUsageRequest [ requestId=38, networkTemplate=NetworkTemplate: matchRule=MOBILE, matchSubscriberIds=[310260...], matchWifiNetworkKeys=[], metered=YES, defaultNetwork=NO, thresholdInBytes=3496826 ] accessLevel:3
01-15 08:43:28.979  6093  6093 D WM-DelayedWorkTracker: Scheduling work df0e0fab-f251-4be6-86a4-4f79a1271c5a
01-15 08:43:28.979   796   897 D ActivityManager: sync unfroze 6093 com.google.android.apps.messaging for 6
01-15 08:43:28.981  6093  6093 D WM-GreedyScheduler: Starting tracking for df0e0fab-f251-4be6-86a4-4f79a1271c5a
01-15 08:43:28.996   796  1973 W ProcessStats: Tracking association SourceState{427ba0d system/1000 ImpBg #13747} whose proc state 6 is better than process ProcessState{338cc65 com.google.android.apps.messaging/10154 pkg=com.google.android.apps.messaging} proc state 14 (3 skipped)
01-15 08:43:28.998  6093  6093 D WM-SystemJobService: onStartJob for WorkGenerationalId(workSpecId=df0e0fab-f251-4be6-86a4-4f79a1271c5a, generation=0)
01-15 08:43:29.003  6093 26067 W StateMachineV2: Can't send message 9 on a StateMachineV2 instance that has already quit.
01-15 08:43:29.003  6093 26069 W StateMachineV2: Can't send message 9 on a StateMachineV2 instance that has already quit.
01-15 08:43:29.004  6093 26071 W StateMachineV2: Can't send message 9 on a StateMachineV2 instance that has already quit.
01-15 08:43:29.004  6093 26070 W StateMachineV2: Can't send message 9 on a StateMachineV2 instance that has already quit.
01-15 08:43:29.004  6093 26068 W StateMachineV2: Can't send message 9 on a StateMachineV2 instance that has already quit.
01-15 08:43:29.006  6093 26065 D WM-Processor: qcu: processing WorkGenerationalId(workSpecId=df0e0fab-f251-4be6-86a4-4f79a1271c5a, generation=0)
01-15 08:43:29.007  6093 26072 W StateMachineV2: Can't send message 9 on a StateMachineV2 instance that has already quit.
01-15 08:43:29.009  6093 26072 D MddListenableWorkerFactory: createWorker for class: com.google.android.apps.messaging.shared.rcsprovisioning.RcsProvisioningListenableWorker
01-15 08:43:29.012  6093  6093 D WM-WorkerWrapper: Starting work for com.google.android.apps.messaging.shared.rcsprovisioning.RcsProvisioningListenableWorker
01-15 08:43:29.013  6093  6093 I BugleRcsWorker: [seqId=5][workId=73c5e8e1-7c81-4384-a494-7cd2452168c7] RCS provisioning task has started
01-15 08:43:29.014  6093 26065 D WM-GreedyScheduler: Constraints met: Scheduling work ID WorkGenerationalId(workSpecId=df0e0fab-f251-4be6-86a4-4f79a1271c5a, generation=0)
01-15 08:43:29.016  6093 26072 D WM-Processor: Work WorkGenerationalId(workSpecId=df0e0fab-f251-4be6-86a4-4f79a1271c5a, generation=0) is already enqueued for processing
01-15 08:43:29.020  6093 26068 I BugleRcsWorker: [seqId=5][workId=73c5e8e1-7c81-4384-a494-7cd2452168c7] Starting StateMachine, trigger is STATE_MACHINE_RETRY
01-15 08:43:29.020  6093 26068 I BugleRcsEngine: start PEv2, trigger is STATE_MACHINE_RETRY, workerId is 73c5e8e1-7c81-4384-a494-7cd2452168c7 [null] [CONTEXT log_prefix="(PEv2-SM187283048-DefaultCallSmsData-1-c16)" thread_id=152 ]
01-15 08:43:29.021  6093 26068 I BugleRcsEngine: Created new RcsProvisioningProtoDataStorage for sim redacted-pii:sim_id[chars:20,last3:897] [CONTEXT thread_id=152 ]
01-15 08:43:29.023  6093 26068 I BugleRcsEngine: No RCS Configuration was found in Bugle for simID: redacted-pii:sim_id[chars:20,last3:897] [CONTEXT log_prefix="ProvisioningEngineDataRetriever" thread_id=152 ]
01-15 08:43:29.023  6093 26072 I StateMachineV2: State transition requested, from null to 1
01-15 08:43:29.023  6093 26072 I StateMachineV2: Entering dgli@2c68a81
01-15 08:43:29.023  6093 26072 I BugleRcsEngine: Enter EnabledState [null] [CONTEXT log_prefix="(PEv2-SM187283048-DefaultCallSmsData-1-c16)" thread_id=156 ]
01-15 08:43:29.028  6093 26072 W BugleRcsEngine: Unable to send diagnostic log [CONTEXT thread_id=156 ]
01-15 08:43:29.028  6093 26072 I StateMachineV2: Queuing delayed 9 for PT5M
01-15 08:43:29.038  6093 26072 I BugleRcsEngine: Sending ProvisioningEvent to Bugle [Send Provisioning Session ID (18)], redacted-pii:[chars:65] [CONTEXT thread_id=156 ]
01-15 08:43:29.038  6093 26072 I BugleRcsEngine: Broadcasting provisioning intent com.google.android.ims.provisioning.engine.provisioningEventAction to Bugle with extras redacted-pii:[chars:223] from source PROVISIONING_EVENT [CONTEXT log_prefix="EngineBroadcaster" thread_id=156 ]
01-15 08:43:29.045  6093 26065 I BugleRcsProvisioning: RcsProvisioningEventReceiver: Received ProvisioningEvent: Send Provisioning Session ID
01-15 08:43:29.047  6093 26065 I Bugle   : BroadcastReceiverAsyncWorkTracker: Acknowledging broadcast of com.google.android.apps.messaging.shared.receiver.RcsProvisioningEventReceiver@32aea80
01-15 08:43:29.048  6093 26072 I BugleRcsEngine: Start a new provisioning session [a36b0747-b77b-440c-83b2-03381310eddb] [CONTEXT log_prefix="(PEv2-SM187283048-DefaultCallSmsData-1-c16)" thread_id=156 ]
01-15 08:43:29.049  6093 26072 I BugleRcsEngine: No RCS Configuration was found in Bugle for simID: redacted-pii:sim_id[chars:20,last3:897] [CONTEXT log_prefix="ProvisioningEngineDataRetriever" thread_id=156 ]
01-15 08:43:29.063  6093 26072 I BugleRcsEngine: [SR]: Single Registration is disabled. Skipping Single Registration capability check for subId: 1, OS.isAtLeastS:[true], enableSingleRegistrationProvisioning:[false] [CONTEXT thread_id=156 ]
01-15 08:43:29.064  6093 26072 I BugleRcsEngine: No RCS Configuration was found in Bugle for simID: redacted-pii:sim_id[chars:20,last3:897] [CONTEXT log_prefix="ProvisioningEngineDataRetriever" thread_id=156 ]
01-15 08:43:29.065  6093 26072 I BugleRcsProvisioning: RcsAvailability configuration availability and enabled status: simId: redacted-pii:sim_id[chars:20,last3:897], SipConnectionType: DUAL_REG, isConfigurationAvailableAndEnabled: false
01-15 08:43:29.065  6093 26072 I BugleRcsProvisioning: Checking isConfigServerUrlAvailable with simId: redacted-pii:sim_id[chars:20,last3:897], 
01-15 08:43:29.065  6093 26072 I BugleRcsEngine: getConfigServerUrl with simId: redacted-pii:sim_id[chars:20,last3:897] [CONTEXT log_prefix="ProvisioningServerUtil" thread_id=156 ]
01-15 08:43:29.066  6093 26072 I BugleRcsEngine: Using config server URL from cebl [CONTEXT log_prefix="ProvisioningServerUtil" thread_id=156 ]
01-15 08:43:29.068  6093 26072 I BugleRcsProvisioning: RcsAvailability: Subscription Id: 1, simId: redacted-pii:sim_id[chars:20,last3:897], sipConnectionType: DUAL_REG, isRcsAvailable: false
01-15 08:43:29.069  6093 26072 I BugleRcsEngine: No RCS Configuration was found in Bugle for simID: redacted-pii:sim_id[chars:20,last3:897] [CONTEXT log_prefix="ProvisioningEngineDataRetriever" thread_id=156 ]
01-15 08:43:29.069  6093 26072 I BugleRcsProvisioning: updateAvailabilityForRcsProvisioningId. SimId: redacted-pii:sim_id[chars:20,last3:897], currentAvailability: 10, newAvailability: 10, hint: NO_HINT
01-15 08:43:29.070  6093 26065 I BugleRcsProvisioning: RcsProvisioningTrigger: onRcsAvailabilityUpdate : availability is updated to Carrier RCS is not set up, lastAvailabilityLocal is Carrier RCS is not set up, simId hash = 1554235301909623611, simId = redacted-pii:sim_id[chars:20,last3:897], isPev3Enabled = true
01-15 08:43:29.071  6093 26072 I BugleRcsEngine: No RCS Configuration was found in Bugle for simID: redacted-pii:sim_id[chars:20,last3:897] [CONTEXT log_prefix="ProvisioningEngineDataRetriever" thread_id=156 ]
01-15 08:43:29.071  6093 26072 I BugleRcsEngine: transitionViaMessage, srcState=EnabledState, destState = CheckPreconditionsState [a36b0747-b77b-440c-83b2-03381310eddb] [CONTEXT log_prefix="(PEv2-SM187283048-DefaultCallSmsData-1-c16)" thread_id=156 ]
01-15 08:43:29.072  6093 26072 I BugleRcsEngine: Sending ProvisioningEvent to Bugle [Update provisioning status (11)], redacted-pii:[chars:85] [CONTEXT thread_id=156 ]
01-15 08:43:29.073  6093 26072 I BugleRcsEngine: Broadcasting provisioning intent com.google.android.ims.provisioning.engine.provisioningEventAction to Bugle with extras redacted-pii:[chars:243] from source PROVISIONING_EVENT [CONTEXT log_prefix="EngineBroadcaster" thread_id=156 ]
01-15 08:43:29.076  6093 26072 I StateMachineV2: Initialized StateMachineV2 to 1
01-15 08:43:29.077  6093 26068 I StateMachineV2: State transition requested, from 1 to 14
01-15 08:43:29.077  6093 26070 I BugleRcsProvisioning: RcsProvisioningEventReceiver: Received ProvisioningEvent: Update provisioning status
01-15 08:43:29.077  6093 26068 I StateMachineV2: Entering dglb@3501057
01-15 08:43:29.077  6093 26068 I BugleRcsEngine: Enter CheckPreconditionsState [a36b0747-b77b-440c-83b2-03381310eddb] [CONTEXT log_prefix="(PEv2-SM187283048-DefaultCallSmsData-1-c16)" thread_id=152 ]
01-15 08:43:29.078  6093 26070 I Bugle   : BroadcastReceiverAsyncWorkTracker: Acknowledging broadcast of com.google.android.apps.messaging.shared.receiver.RcsProvisioningEventReceiver@51a9962
01-15 08:43:29.081  6093  6143 I .apps.messaging: Waiting for a blocking GC ProfileSaver
01-15 08:43:29.083  6093 26068 I StateMachineV2: Queuing delayed 9 for PT5M
01-15 08:43:29.084  6093 26068 W BugleRcsEngine: Unable to send diagnostic log [CONTEXT thread_id=152 ]
01-15 08:43:29.085  6093 26068 I BugleRcsEngine: No RCS Configuration was found in Bugle for simID: redacted-pii:sim_id[chars:20,last3:897] [CONTEXT log_prefix="ProvisioningEngineDataRetriever" thread_id=152 ]
01-15 08:43:29.085  6093 26068 I BugleRcsEngine: transitionViaMessage, srcState=CheckPreconditionsState, destState = ReadyState [a36b0747-b77b-440c-83b2-03381310eddb] [CONTEXT log_prefix="(PEv2-SM187283048-DefaultCallSmsData-1-c16)" thread_id=152 ]
01-15 08:43:29.089  6093 26072 I StateMachineV2: State transition requested, from 14 to 3
01-15 08:43:29.090  6093 26072 I StateMachineV2: Exiting dglb@3501057
01-15 08:43:29.090  6093 26072 I BugleRcsEngine: Exit CheckPreconditionsState [a36b0747-b77b-440c-83b2-03381310eddb] [CONTEXT log_prefix="(PEv2-SM187283048-DefaultCallSmsData-1-c16)" thread_id=156 ]
01-15 08:43:29.090  6093 26072 I StateMachineV2: Exiting dgli@2c68a81
01-15 08:43:29.091  6093 26072 I BugleRcsEngine: Exit EnabledState [a36b0747-b77b-440c-83b2-03381310eddb] [CONTEXT log_prefix="(PEv2-SM187283048-DefaultCallSmsData-1-c16)" thread_id=156 ]
01-15 08:43:29.091  6093 26072 W BugleRcsEngine: Unable to send diagnostic log [CONTEXT thread_id=156 ]
01-15 08:43:29.092  6093 26072 I StateMachineV2: Entering dglo@38ce9ae
01-15 08:43:29.092  6093 26072 I BugleRcsEngine: Enter InProgressState [a36b0747-b77b-440c-83b2-03381310eddb] [CONTEXT log_prefix="(PEv2-SM187283048-DefaultCallSmsData-1-c16)" thread_id=156 ]
01-15 08:43:29.099  6093 26072 W BugleRcsEngine: Unable to send diagnostic log [CONTEXT thread_id=156 ]
01-15 08:43:29.099  6093 26072 I StateMachineV2: Queuing delayed 9 for PT5M
01-15 08:43:29.099  6093 26072 I StateMachineV2: Entering dglr@8c1f2ba
01-15 08:43:29.100  6093 26072 I BugleRcsEngine: Enter ReadyState [a36b0747-b77b-440c-83b2-03381310eddb] [CONTEXT log_prefix="(PEv2-SM187283048-DefaultCallSmsData-1-c16)" thread_id=156 ]
01-15 08:43:29.107  6093 26072 W BugleRcsEngine: Unable to send diagnostic log [CONTEXT thread_id=156 ]
01-15 08:43:29.107  6093 26072 I StateMachineV2: Queuing delayed 9 for PT5M
01-15 08:43:29.116  6093 26072 I BugleRcsEngine: No RCS Configuration was found in Bugle for simID: redacted-pii:sim_id[chars:20,last3:897] [CONTEXT log_prefix="ProvisioningEngineDataRetriever" thread_id=156 ]
01-15 08:43:29.119  6093 26072 I BugleRcsEngine: transitionViaMessage, srcState=ReadyState, destState = VerifyMsisdnState [a36b0747-b77b-440c-83b2-03381310eddb] [CONTEXT log_prefix="(PEv2-SM187283048-DefaultCallSmsData-1-c16)" thread_id=156 ]
01-15 08:43:29.119  6093 26068 I StateMachineV2: State transition requested, from 3 to 31
01-15 08:43:29.120  6093 26068 I StateMachineV2: Exiting dglr@8c1f2ba
01-15 08:43:29.120  6093 26068 I BugleRcsEngine: Exit ReadyState [a36b0747-b77b-440c-83b2-03381310eddb] [CONTEXT log_prefix="(PEv2-SM187283048-DefaultCallSmsData-1-c16)" thread_id=152 ]
01-15 08:43:29.122  6093 26068 W BugleRcsEngine: Unable to send diagnostic log [CONTEXT thread_id=152 ]
01-15 08:43:29.122  6093 26068 I StateMachineV2: Entering dgmq@1201f12
01-15 08:43:29.122  6093 26068 I BugleRcsEngine: Enter VerifyMsisdnState [a36b0747-b77b-440c-83b2-03381310eddb] [CONTEXT log_prefix="(PEv2-SM187283048-DefaultCallSmsData-1-c16)" thread_id=152 ]
01-15 08:43:29.124  6093  6105 W .apps.messaging: Reducing the number of considered missed Gc histogram windows from 115 to 100
01-15 08:43:29.124  6093  6143 I .apps.messaging: WaitForGcToComplete blocked ProfileSaver on Background for 42.754ms
01-15 08:43:29.124   796  2833 D ActivityManager: sync unfroze 5561 com.google.android.gms for 4
01-15 08:43:29.131  6093 26072 W BugleRcsEngine: Unable to send diagnostic log [CONTEXT thread_id=156 ]
01-15 08:43:29.137  6093 26068 W BugleRcsEngine: Unable to send diagnostic log [CONTEXT thread_id=152 ]
01-15 08:43:29.137  6093 26068 I StateMachineV2: Queuing delayed 9 for PT5M
01-15 08:43:29.142  6093 26068 W BugleRcsEngine: Unable to send diagnostic log [CONTEXT thread_id=152 ]
01-15 08:43:29.144  6093 26068 I BugleRcsEngine: Manually entered MSISDN is: redacted-pii:sim_id[null] [CONTEXT log_prefix="ProvisioningEngineDataRetriever" thread_id=152 ]
01-15 08:43:29.158  6093 26072 W BugleRcsEngine: Unable to send diagnostic log [CONTEXT thread_id=156 ]
01-15 08:43:29.183  5561  5561 D BoundBrokerSvc: onBind: Intent { act=com.google.android.gms.common.BIND_SHARED_PREFS xflg=0x4 pkg=com.google.android.gms }
01-15 08:43:29.183  5561  5561 D BoundBrokerSvc: Loading bound service for intent: Intent { act=com.google.android.gms.common.BIND_SHARED_PREFS xflg=0x4 pkg=com.google.android.gms }
01-15 08:43:29.185  6093 26068 W BugleRcsEngine: Unable to send diagnostic log [CONTEXT thread_id=152 ]
01-15 08:43:29.193  6093 26072 I BugleRcsEngine: putGMSCoreIIDToken redacted-pii:[chars:131] [CONTEXT log_prefix="ProvisioningEngineDataRetriever" thread_id=156 ]
01-15 08:43:29.193  6093 26072 I BugleRcsEngine: GMSCoreIIDToken from C11n Client saved to bugle storage. [a36b0747-b77b-440c-83b2-03381310eddb] [CONTEXT log_prefix="(PEv2-SM187283048-DefaultCallSmsData-1-c16)" thread_id=156 ]
01-15 08:43:29.210  5561 26075 W constellation: [gaia_util] No accounts found on device
01-15 08:43:29.215  5561 26075 I constellation: [event_manager] Starting session 215cca17-f275-4abd-aded-e90547dafb58 from trigger: TRIGGER_API_CALL
01-15 08:43:29.218  5561  5561 D BoundBrokerSvc: onBind: Intent { act=com.google.android.gms.auth.blockstore.service.START dat=chimera-action:/... xflg=0x4 cmp=com.google.android.gms/.chimera.GmsApiService }
01-15 08:43:29.218  5561  5561 D BoundBrokerSvc: Loading bound service for intent: Intent { act=com.google.android.gms.auth.blockstore.service.START dat=chimera-action:/... xflg=0x4 cmp=com.google.android.gms/.chimera.GmsApiService }
01-15 08:43:29.228  5561 26075 E gle.android.gms: hiddenapi: Accessing hidden method Landroid/telephony/TelephonyManager;->isImsRegistered()Z (runtime_flags=0, domain=platform, api=max-target-p) from Lcqol; (domain=app, TargetSdkVersion=36) using reflection: denied
01-15 08:43:29.231  5561  5589 I Backup  : [GmsBackupAccountManager] Backup account not found in gmscore.
01-15 08:43:29.239  5536 26078 W ChimeraUtils: Module com.google.android.gms.backup_base missing resource null(0)
01-15 08:43:29.254  1462  1721 V MmsProvider: inside checkQueryParametersForSubqueries
01-15 08:43:29.254  1462  1721 V MmsProvider: checkQueryParametersForSubqueries checking proj: date
01-15 08:43:29.254  1462  1721 V MmsProvider: checkQueryParametersForSubqueries checking proj: address
01-15 08:43:29.254  1462  1721 V MmsProvider: checkQueryParametersForSubqueries checking sel: sub_id = ? AND date > ?
01-15 08:43:29.254  1462  1721 V MmsProvider: checkQueryParametersForSubqueries checking sort: date DESC
01-15 08:43:29.254  1462  1721 V MmsProvider: inside checkSelection checking sel: sub_id = ? AND date > ?
01-15 08:43:29.269  1462  1721 V MmsProvider: inside checkQueryParametersForSubqueries
01-15 08:43:29.269  1462  1721 V MmsProvider: checkQueryParametersForSubqueries checking proj: date
01-15 08:43:29.269  1462  1721 V MmsProvider: checkQueryParametersForSubqueries checking proj: address
01-15 08:43:29.269  1462  1721 V MmsProvider: checkQueryParametersForSubqueries checking sel: sub_id = ? AND date > ?
01-15 08:43:29.269  1462  1721 V MmsProvider: checkQueryParametersForSubqueries checking sort: date DESC
01-15 08:43:29.269  1462  1721 V MmsProvider: inside checkSelection checking sel: sub_id = ? AND date > ?
01-15 08:43:29.276   796  2833 D ActivityManager: sync unfroze 2125 android.process.acore for 7
01-15 08:43:29.303   796  2833 D ActivityManager: sync unfroze 5799 com.google.android.gms.unstable for 6
01-15 08:43:29.343  5799 24801 W libc    : Access denied finding property "persist.adb.tls_server.enable"
01-15 08:43:29.343  5799 24801 W libc    : Access denied finding property "service.adb.tls.port"
01-15 08:43:29.339  5799  5799 W binder:5799_C: type=1400 audit(0.0:83): avc:  denied  { read } for  name="u:object_r:adbd_prop:s0" dev="tmpfs" ino=59 scontext=u:r:gmscore_app:s0:c512,c768 tcontext=u:object_r:adbd_prop:s0 tclass=file permissive=0 app=com.google.android.gms
01-15 08:43:29.354   796  2833 D FileUtils: Rounded bytes from 4103950336 to 8000000000
01-15 08:43:29.396  5536  9719 W GLSUser : [DeviceKeyStore] Cannot load key: Device key file not found.
01-15 08:43:29.398   796  1229 D BackgroundInstallControlService: Package event received: 0
01-15 08:43:29.420  5799  8084 W libc    : Access denied finding property "persist.adb.tls_server.enable"
01-15 08:43:29.420  5799  8084 W libc    : Access denied finding property "service.adb.tls.port"
01-15 08:43:29.415  5799  5799 W binder:5799_B: type=1400 audit(0.0:84): avc:  denied  { read } for  name="u:object_r:adbd_prop:s0" dev="tmpfs" ino=59 scontext=u:r:gmscore_app:s0:c512,c768 tcontext=u:object_r:adbd_prop:s0 tclass=file permissive=0 app=com.google.android.gms
01-15 08:43:29.428   796  2833 D FileUtils: Rounded bytes from 4103950336 to 8000000000
01-15 08:43:29.458  5536  9719 W GmsUrlRequestImpl: [https://android.googleapis.com/auth/devicekey] Content-Type header is overwritten.
01-15 08:43:29.683  5536  9719 W GLSUser : [AppCertManager] Exception while requesting key: 
01-15 08:43:29.683  5536  9719 W GLSUser : java.util.concurrent.ExecutionException: cqhn: Parse Proto Exception with response code 400
01-15 08:43:29.683  5536  9719 W GLSUser : 	at gtrf.j(:com.google.android.gms@254932038@25.49.32 (260800-843446962):21)
01-15 08:43:29.683  5536  9719 W GLSUser : 	at gtro.u(:com.google.android.gms@254932038@25.49.32 (260800-843446962):71)
01-15 08:43:29.683  5536  9719 W GLSUser : 	at ajmn.b(:com.google.android.gms@254932038@25.49.32 (260800-843446962):439)
01-15 08:43:29.683  5536  9719 W GLSUser : 	at ajml.a(:com.google.android.gms@254932038@25.49.32 (260800-843446962):67)
01-15 08:43:29.683  5536  9719 W GLSUser : 	at ajml.dispatchTransaction(:com.google.android.gms@254932038@25.49.32 (260800-843446962):16)
01-15 08:43:29.683  5536  9719 W GLSUser : 	at busf.a(:com.google.android.gms@254932038@25.49.32 (260800-843446962):72)
01-15 08:43:29.683  5536  9719 W GLSUser : 	at xmt.onTransact(:com.google.android.gms@254932038@25.49.32 (260800-843446962):23)
01-15 08:43:29.683  5536  9719 W GLSUser : 	at android.os.Binder.transact(Binder.java:1325)
01-15 08:43:29.683  5536  9719 W GLSUser : 	at cgnu.onTransact(:com.google.android.gms@254932038@25.49.32 (260800-843446962):10)
01-15 08:43:29.683  5536  9719 W GLSUser : 	at android.os.Binder.transact(Binder.java:1325)
01-15 08:43:29.683  5536  9719 W GLSUser : 	at bust.onTransact(:com.google.android.gms@254932038@25.49.32 (260800-843446962):161)
01-15 08:43:29.683  5536  9719 W GLSUser : 	at android.os.Binder.execTransactInternal(Binder.java:1473)
01-15 08:43:29.683  5536  9719 W GLSUser : 	at android.os.Binder.execTransact(Binder.java:1418)
01-15 08:43:29.683  5536  9719 W GLSUser : Caused by: cqhn: Parse Proto Exception with response code 400
01-15 08:43:29.683  5536  9719 W GLSUser : 	at cqis.e(:com.google.android.gms@254932038@25.49.32 (260800-843446962):90)
01-15 08:43:29.683  5536  9719 W GLSUser : 	at cqle.d(:com.google.android.gms@254932038@25.49.32 (260800-843446962):18)
01-15 08:43:29.683  5536  9719 W GLSUser : 	at cqlv.onSucceeded(:com.google.android.gms@254932038@25.49.32 (260800-843446962):9)
01-15 08:43:29.683  5536  9719 W GLSUser : 	at m1.nf.onSucceeded(:com.google.android.gms.dynamite_cronetdynamite@254932038@25.49.32 (260800-0):3)
01-15 08:43:29.683  5536  9719 W GLSUser : 	at m1.ly.run(:com.google.android.gms.dynamite_cronetdynamite@254932038@25.49.32 (260800-0):21)
01-15 08:43:29.683  5536  9719 W GLSUser : 	at m1.ls.run(:com.google.android.gms.dynamite_cronetdynamite@254932038@25.49.32 (260800-0):31)
01-15 08:43:29.683  5536  9719 W GLSUser : 	at bdxu.c(:com.google.android.gms@254932038@25.49.32 (260800-843446962):50)
01-15 08:43:29.683  5536  9719 W GLSUser : 	at bdxu.run(:com.google.android.gms@254932038@25.49.32 (260800-843446962):73)
01-15 08:43:29.683  5536  9719 W GLSUser : 	at java.util.concurrent.ThreadPoolExecutor.runWorker(ThreadPoolExecutor.java:1154)
01-15 08:43:29.683  5536  9719 W GLSUser : 	at java.util.concurrent.ThreadPoolExecutor$Worker.run(ThreadPoolExecutor.java:652)
01-15 08:43:29.683  5536  9719 W GLSUser : 	at bedl.run(:com.google.android.gms@254932038@25.49.32 (260800-843446962):8)
01-15 08:43:29.683  5536  9719 W GLSUser : 	at java.lang.Thread.run(Thread.java:1563)
01-15 08:43:29.683  5536  9719 W GLSUser : Caused by: hobk: Protocol message contained an invalid tag (zero).
01-15 08:43:29.683  5536  9719 W GLSUser : 	at hnyi.k(:com.google.android.gms@254932038@25.49.32 (260800-843446962):43)
01-15 08:43:29.683  5536  9719 W GLSUser : 	at hoci.c(:com.google.android.gms@254932038@25.49.32 (260800-843446962):397)
01-15 08:43:29.683  5536  9719 W GLSUser : 	at hoci.i(:com.google.android.gms@254932038@25.49.32 (260800-843446962):8)
01-15 08:43:29.683  5536  9719 W GLSUser : 	at hoao.y(:com.google.android.gms@254932038@25.49.32 (260800-843446962):23)
01-15 08:43:29.683  5536  9719 W GLSUser : 	at hoaj.g(:com.google.android.gms@254932038@25.49.32 (260800-843446962):3)
01-15 08:43:29.683  5536  9719 W GLSUser : 	at hnye.e(:com.google.android.gms@254932038@25.49.32 (260800-843446962):1)
01-15 08:43:29.683  5536  9719 W GLSUser : 	at hnye.d(:com.google.android.gms@254932038@25.49.32 (260800-843446962):3)
01-15 08:43:29.683  5536  9719 W GLSUser : 	at hnye.p(:com.google.android.gms@254932038@25.49.32 (260800-843446962):1)
01-15 08:43:29.683  5536  9719 W GLSUser : 	at cqis.h(:com.google.android.gms@254932038@25.49.32 (260800-843446962):69)
01-15 08:43:29.683  5536  9719 W GLSUser : 	at cqis.e(:com.google.android.gms@254932038@25.49.32 (260800-843446962):30)
01-15 08:43:29.683  5536  9719 W GLSUser : 	... 11 more
01-15 08:43:29.684  5536  9719 W GLSUser : [DeviceKeyStore] Cannot load key: Device key file not found.
01-15 08:43:29.775  5561 25071 W Conscrypt: Could not set socket write timeout: java.net.SocketException: Socket closed
01-15 08:43:29.775  5561 25071 W Conscrypt: 	at com.google.android.gms.org.conscrypt.Platform.setSocketWriteTimeout(:com.google.android.gms@254932038@25.49.32 (260800-843446962):204)
01-15 08:43:29.775  5561 25071 W Conscrypt: 	at com.google.android.gms.org.conscrypt.ConscryptFileDescriptorSocket.setSoWriteTimeout(:com.google.android.gms@254932038@25.49.32 (260800-843446962):4)
01-15 08:43:29.861  5561 25071 W Conscrypt: Could not set socket write timeout: java.net.SocketException: Socket closed
01-15 08:43:29.861  5561 25071 W Conscrypt: 	at com.google.android.gms.org.conscrypt.Platform.setSocketWriteTimeout(:com.google.android.gms@254932038@25.49.32 (260800-843446962):204)
01-15 08:43:29.862  5561 25071 W Conscrypt: 	at com.google.android.gms.org.conscrypt.ConscryptFileDescriptorSocket.setSoWriteTimeout(:com.google.android.gms@254932038@25.49.32 (260800-843446962):4)
01-15 08:43:30.010  5561 26075 E constellation: [rpc_manager] Sync: failed with status: ijgk{code=RESOURCE_EXHAUSTED, description=Resource has been exhausted (e.g. check quota)., cause=null}
01-15 08:43:30.010  5561 26075 E constellation: Exception: 
01-15 08:43:30.010  5561 26075 E constellation: ijgl: RESOURCE_EXHAUSTED: Resource has been exhausted (e.g. check quota).
01-15 08:43:30.010  5561 26075 E constellation: 	at bdri.s(:com.google.android.gms@254932038@25.49.32 (260800-843446962):31)
01-15 08:43:30.010  5561 26075 E constellation: 	at bdri.f(:com.google.android.gms@254932038@25.49.32 (260800-843446962):90)
01-15 08:43:30.010  5561 26075 E constellation: 	at bekc.b(:com.google.android.gms@254932038@25.49.32 (260800-843446962):44)
01-15 08:43:30.010  5561 26075 E constellation: 	at bejy.D(:com.google.android.gms@254932038@25.49.32 (260800-843446962):27)
01-15 08:43:30.010  5561 26075 E constellation: 	at bejy.i(:com.google.android.gms@254932038@25.49.32 (260800-843446962):111)
01-15 08:43:30.010  5561 26075 E constellation: 	at beir.n(:com.google.android.gms@254932038@25.49.32 (260800-843446962):32)
01-15 08:43:30.010  5561 26075 E constellation: 	at com.google.android.gms.constellation.EventManager.g(:com.google.android.gms@254932038@25.49.32 (260800-843446962):341)
01-15 08:43:30.010  5561 26075 E constellation: 	at com.google.android.gms.constellation.EventManager.onHandleIntent(:com.google.android.gms@254932038@25.49.32 (260800-843446962):384)
01-15 08:43:30.010  5561 26075 E constellation: 	at com.google.android.chimera.IntentOperation.onHandleIntent(:com.google.android.gms@254932038@25.49.32 (260800-843446962):1)
01-15 08:43:30.010  5561 26075 E constellation: 	at ayhj.onHandleIntent(:com.google.android.gms@254932038@25.49.32 (260800-843446962):84)
01-15 08:43:30.010  5561 26075 E constellation: 	at ync.run(:com.google.android.gms@254932038@25.49.32 (260800-843446962):64)
01-15 08:43:30.010  5561 26075 E constellation: 	at ynb.run(:com.google.android.gms@254932038@25.49.32 (260800-843446962):132)
01-15 08:43:30.010  5561 26075 E constellation: 	at gleb.run(:com.google.android.gms@254932038@25.49.32 (260800-843446962):19)
01-15 08:43:30.010  5561 26075 E constellation: 	at java.util.concurrent.ThreadPoolExecutor.runWorker(ThreadPoolExecutor.java:1154)
01-15 08:43:30.010  5561 26075 E constellation: 	at java.util.concurrent.ThreadPoolExecutor$Worker.run(ThreadPoolExecutor.java:652)
01-15 08:43:30.010  5561 26075 E constellation: 	at java.lang.Thread.run(Thread.java:1563)
01-15 08:43:30.011  5561 26075 E constellation: [verification_manager] Verification failed: 
01-15 08:43:30.011  5561 26075 E constellation: bfcq: sync
01-15 08:43:30.011  5561 26075 E constellation: 	at bejy.B(:com.google.android.gms@254932038@25.49.32 (260800-843446962):49)
01-15 08:43:30.011  5561 26075 E constellation: 	at bejy.i(:com.google.android.gms@254932038@25.49.32 (260800-843446962):441)
01-15 08:43:30.011  5561 26075 E constellation: 	at beir.n(:com.google.android.gms@254932038@25.49.32 (260800-843446962):32)
01-15 08:43:30.011  5561 26075 E constellation: 	at com.google.android.gms.constellation.EventManager.g(:com.google.android.gms@254932038@25.49.32 (260800-843446962):341)
01-15 08:43:30.011  5561 26075 E constellation: 	at com.google.android.gms.constellation.EventManager.onHandleIntent(:com.google.android.gms@254932038@25.49.32 (260800-843446962):384)
01-15 08:43:30.011  5561 26075 E constellation: 	at com.google.android.chimera.IntentOperation.onHandleIntent(:com.google.android.gms@254932038@25.49.32 (260800-843446962):1)
01-15 08:43:30.011  5561 26075 E constellation: 	at ayhj.onHandleIntent(:com.google.android.gms@254932038@25.49.32 (260800-843446962):84)
01-15 08:43:30.011  5561 26075 E constellation: 	at ync.run(:com.google.android.gms@254932038@25.49.32 (260800-843446962):64)
01-15 08:43:30.011  5561 26075 E constellation: 	at ynb.run(:com.google.android.gms@254932038@25.49.32 (260800-843446962):132)
01-15 08:43:30.011  5561 26075 E constellation: 	at gleb.run(:com.google.android.gms@254932038@25.49.32 (260800-843446962):19)
01-15 08:43:30.011  5561 26075 E constellation: 	at java.util.concurrent.ThreadPoolExecutor.runWorker(ThreadPoolExecutor.java:1154)
01-15 08:43:30.011  5561 26075 E constellation: 	at java.util.concurrent.ThreadPoolExecutor$Worker.run(ThreadPoolExecutor.java:652)
01-15 08:43:30.011  5561 26075 E constellation: 	at java.lang.Thread.run(Thread.java:1563)
01-15 08:43:30.011  5561 26075 E constellation: [event_manager] Failed to sync verifications: 
01-15 08:43:30.011  5561 26075 E constellation: bfcq: sync
01-15 08:43:30.011  5561 26075 E constellation: 	at bejy.B(:com.google.android.gms@254932038@25.49.32 (260800-843446962):49)
01-15 08:43:30.011  5561 26075 E constellation: 	at bejy.i(:com.google.android.gms@254932038@25.49.32 (260800-843446962):441)
01-15 08:43:30.011  5561 26075 E constellation: 	at beir.n(:com.google.android.gms@254932038@25.49.32 (260800-843446962):32)
01-15 08:43:30.011  5561 26075 E constellation: 	at com.google.android.gms.constellation.EventManager.g(:com.google.android.gms@254932038@25.49.32 (260800-843446962):341)
01-15 08:43:30.011  5561 26075 E constellation: 	at com.google.android.gms.constellation.EventManager.onHandleIntent(:com.google.android.gms@254932038@25.49.32 (260800-843446962):384)
01-15 08:43:30.011  5561 26075 E constellation: 	at com.google.android.chimera.IntentOperation.onHandleIntent(:com.google.android.gms@254932038@25.49.32 (260800-843446962):1)
01-15 08:43:30.011  5561 26075 E constellation: 	at ayhj.onHandleIntent(:com.google.android.gms@254932038@25.49.32 (260800-843446962):84)
01-15 08:43:30.011  5561 26075 E constellation: 	at ync.run(:com.google.android.gms@254932038@25.49.32 (260800-843446962):64)
01-15 08:43:30.011  5561 26075 E constellation: 	at ynb.run(:com.google.android.gms@254932038@25.49.32 (260800-843446962):132)
01-15 08:43:30.011  5561 26075 E constellation: 	at gleb.run(:com.google.android.gms@254932038@25.49.32 (260800-843446962):19)
01-15 08:43:30.011  5561 26075 E constellation: 	at java.util.concurrent.ThreadPoolExecutor.runWorker(ThreadPoolExecutor.java:1154)
01-15 08:43:30.011  5561 26075 E constellation: 	at java.util.concurrent.ThreadPoolExecutor$Worker.run(ThreadPoolExecutor.java:652)
01-15 08:43:30.011  5561 26075 E constellation: 	at java.lang.Thread.run(Thread.java:1563)
01-15 08:43:30.013  6093 26072 W BugleRcsEngine: UPI - verifyPhoneNumber API returned an exception: 5008: sync [a36b0747-b77b-440c-83b2-03381310eddb] [CONTEXT log_prefix="(PEv2-SM187283048-DefaultCallSmsData-1-c16)" thread_id=156 ]
01-15 08:43:30.017  6093 26072 W BugleRcsEngine: Unable to send diagnostic log [CONTEXT thread_id=156 ]
01-15 08:43:30.019  6093 26072 I BugleRcsEngine: UPI - non-retryable verifyPhoneNumber failure, falling back to non-UPI is removed [a36b0747-b77b-440c-83b2-03381310eddb] [CONTEXT log_prefix="(PEv2-SM187283048-DefaultCallSmsData-1-c16)" thread_id=156 ]
01-15 08:43:30.021  6093 26072 I BugleRcsEngine: transitionViaMessage, srcState=VerifyMsisdnState, destState = RetryState [a36b0747-b77b-440c-83b2-03381310eddb] [CONTEXT log_prefix="(PEv2-SM187283048-DefaultCallSmsData-1-c16)" thread_id=156 ]
01-15 08:43:30.022  6093 26070 I StateMachineV2: State transition requested, from 31 to 5
01-15 08:43:30.022  6093 26070 I StateMachineV2: Exiting dgmq@1201f12
01-15 08:43:30.023  6093 26070 I BugleRcsEngine: Exit VerifyMsisdnState [a36b0747-b77b-440c-83b2-03381310eddb] [CONTEXT log_prefix="(PEv2-SM187283048-DefaultCallSmsData-1-c16)" thread_id=154 ]
01-15 08:43:30.023  6093 26070 W BugleRcsEngine: Unable to send diagnostic log [CONTEXT thread_id=154 ]
01-15 08:43:30.024  6093 26070 I StateMachineV2: Exiting dglo@38ce9ae
01-15 08:43:30.024  6093 26070 I BugleRcsEngine: Exit InProgressState [a36b0747-b77b-440c-83b2-03381310eddb] [CONTEXT log_prefix="(PEv2-SM187283048-DefaultCallSmsData-1-c16)" thread_id=154 ]
01-15 08:43:30.026  6093 26070 W BugleRcsEngine: Unable to send diagnostic log [CONTEXT thread_id=154 ]
01-15 08:43:30.027  6093 26070 I StateMachineV2: Entering dgmg@a6cc691
01-15 08:43:30.027  6093 26070 I BugleRcsEngine: Enter RetryState [a36b0747-b77b-440c-83b2-03381310eddb] [CONTEXT log_prefix="(PEv2-SM187283048-DefaultCallSmsData-1-c16)" thread_id=154 ]
01-15 08:43:30.034  6093 26070 W BugleRcsEngine: Unable to send diagnostic log [CONTEXT thread_id=154 ]
01-15 08:43:30.035  6093 26070 I StateMachineV2: Queuing delayed 9 for PT5M
01-15 08:43:30.036  6093 26070 I BugleRcsEngine: nextRetry = 0 [a36b0747-b77b-440c-83b2-03381310eddb] [CONTEXT log_prefix="(PEv2-SM187283048-DefaultCallSmsData-1-c16)" thread_id=154 ]
01-15 08:43:30.037  6093 26070 I BugleRcsEngine: scheduleRetry, currentRetry = 0, retryMillis = 3840000 [a36b0747-b77b-440c-83b2-03381310eddb] [CONTEXT log_prefix="(PEv2-SM187283048-DefaultCallSmsData-1-c16)" thread_id=154 ]
01-15 08:43:30.059  6093 26072 W BugleRcsEngine: Unable to send diagnostic log [CONTEXT thread_id=156 ]
01-15 08:43:30.070  6093 26070 I BugleRcsEngine: [SR]: Single Registration is disabled. Skipping Single Registration capability check for subId: 1, OS.isAtLeastS:[true], enableSingleRegistrationProvisioning:[false] [CONTEXT thread_id=154 ]
01-15 08:43:30.070  6093 26070 I BugleRcsEngine: No RCS Configuration was found in Bugle for simID: redacted-pii:sim_id[chars:20,last3:897] [CONTEXT log_prefix="ProvisioningEngineDataRetriever" thread_id=154 ]
01-15 08:43:30.070  6093 26070 I BugleRcsProvisioning: RcsAvailability configuration availability and enabled status: simId: redacted-pii:sim_id[chars:20,last3:897], SipConnectionType: DUAL_REG, isConfigurationAvailableAndEnabled: false
01-15 08:43:30.071  6093 26070 I BugleRcsProvisioning: Checking isConfigServerUrlAvailable with simId: redacted-pii:sim_id[chars:20,last3:897], 
01-15 08:43:30.071  6093 26070 I BugleRcsEngine: getConfigServerUrl with simId: redacted-pii:sim_id[chars:20,last3:897] [CONTEXT log_prefix="ProvisioningServerUtil" thread_id=154 ]
01-15 08:43:30.072  6093 26070 I BugleRcsEngine: Using config server URL from cebl [CONTEXT log_prefix="ProvisioningServerUtil" thread_id=154 ]
01-15 08:43:30.077  6093 26070 I BugleRcsProvisioning: RcsAvailability: Subscription Id: 1, simId: redacted-pii:sim_id[chars:20,last3:897], sipConnectionType: DUAL_REG, isRcsAvailable: false
01-15 08:43:30.078  6093 26070 I BugleRcsEngine: No RCS Configuration was found in Bugle for simID: redacted-pii:sim_id[chars:20,last3:897] [CONTEXT log_prefix="ProvisioningEngineDataRetriever" thread_id=154 ]
01-15 08:43:30.078  6093 26070 I BugleRcsProvisioning: updateAvailabilityForRcsProvisioningId. SimId: redacted-pii:sim_id[chars:20,last3:897], currentAvailability: 10, newAvailability: 10, hint: NO_HINT
01-15 08:43:30.079  6093 26072 I BugleRcsProvisioning: RcsProvisioningTrigger: onRcsAvailabilityUpdate : availability is updated to Carrier RCS is not set up, lastAvailabilityLocal is Carrier RCS is not set up, simId hash = 1554235301909623611, simId = redacted-pii:sim_id[chars:20,last3:897], isPev3Enabled = true
01-15 08:43:30.080  6093 26068 W BugleRcsEngine: Unable to send diagnostic log [CONTEXT thread_id=152 ]
01-15 08:43:30.080  6093 26068 W BugleRcsEngine: Unable to send diagnostic log [CONTEXT thread_id=152 ]
01-15 08:43:30.086  6093 26070 I BugleRcsWorker: [seqId=5][workId=73c5e8e1-7c81-4384-a494-7cd2452168c7] Received a provisioning state changed event from the provisioning engine RETRY
01-15 08:43:30.087  6093 26070 I BugleRcsWorker: [seqId=5][workId=73c5e8e1-7c81-4384-a494-7cd2452168c7] Provisioning Engine entered RetryState, provisioning task will be rescheduled with exponential backoff
01-15 08:43:30.088  6093 26070 I BugleRcsWorker: [seqId=5][workId=73c5e8e1-7c81-4384-a494-7cd2452168c7] finish provisioning task with result Success {mOutputData=Data {}}
01-15 08:43:30.088  6093 26070 I BugleRcsWorker: [seqId=5][workId=73c5e8e1-7c81-4384-a494-7cd2452168c7] RCS provisioning task has finished with result Success {mOutputData=Data {}}
01-15 08:43:30.092  6093  8742 I Bugle   : Scheduling custom retry
01-15 08:43:30.093  6093 26068 I BugleRcsEngine: [SR]: Single Registration is disabled. Skipping Single Registration capability check for subId: 1, OS.isAtLeastS:[true], enableSingleRegistrationProvisioning:[false] [CONTEXT thread_id=152 ]
01-15 08:43:30.095  6093 26065 I WM-WorkerWrapper: Worker result SUCCESS for Work [ id=df0e0fab-f251-4be6-86a4-4f79a1271c5a, tags={ com.google.android.apps.messaging.shared.rcsprovisioning.RcsProvisioningListenableWorker,provisioning } ]
01-15 08:43:30.096  6093 26068 I BugleRcsEngine: No RCS Configuration was found in Bugle for simID: redacted-pii:sim_id[chars:20,last3:897] [CONTEXT log_prefix="ProvisioningEngineDataRetriever" thread_id=152 ]
01-15 08:43:30.097  6093  6093 D WM-Processor: qcu df0e0fab-f251-4be6-86a4-4f79a1271c5a executed; reschedule = false
01-15 08:43:30.097  6093  6093 D WM-GreedyScheduler: Stopping tracking for WorkGenerationalId(workSpecId=df0e0fab-f251-4be6-86a4-4f79a1271c5a, generation=0)
01-15 08:43:30.097  6093  6093 D WM-SystemJobService: df0e0fab-f251-4be6-86a4-4f79a1271c5a executed on JobScheduler
01-15 08:43:30.098  6093 26068 I BugleRcsEngine: Scheduled provisioning task with 1920 seconds delay, APPEND policy, trigger is STATE_MACHINE_RETRY, workerId is aeb164c4-d6b5-47ad-8b40-a6336dfacbd0, simId is redacted-pii:sim_id[chars:20,last3:897] [CONTEXT log_prefix="provisioning" thread_id=152 ]
01-15 08:43:30.100  6093 26072 I BugleRcsEngine: [SR]: Single Registration is disabled. Skipping Single Registration capability check for subId: 1, OS.isAtLeastS:[true], enableSingleRegistrationProvisioning:[false] [CONTEXT thread_id=156 ]
01-15 08:43:30.102  6093 26072 I BugleRcsEngine: No RCS Configuration was found in Bugle for simID: redacted-pii:sim_id[chars:20,last3:897] [CONTEXT log_prefix="ProvisioningEngineDataRetriever" thread_id=156 ]
01-15 08:43:30.102  6093 26072 I BugleRcsProvisioning: RcsAvailability configuration availability and enabled status: simId: redacted-pii:sim_id[chars:20,last3:897], SipConnectionType: DUAL_REG, isConfigurationAvailableAndEnabled: false
01-15 08:43:30.102  6093 26072 I BugleRcsProvisioning: Checking isConfigServerUrlAvailable with simId: redacted-pii:sim_id[chars:20,last3:897], 
01-15 08:43:30.102  6093 26072 I BugleRcsEngine: getConfigServerUrl with simId: redacted-pii:sim_id[chars:20,last3:897] [CONTEXT log_prefix="ProvisioningServerUtil" thread_id=156 ]
01-15 08:43:30.103  6093 26072 I BugleRcsEngine: Using config server URL from cebl [CONTEXT log_prefix="ProvisioningServerUtil" thread_id=156 ]
01-15 08:43:30.103  6093 26070 D WM-GreedyScheduler: Cancelling work ID df0e0fab-f251-4be6-86a4-4f79a1271c5a
01-15 08:43:30.105  6093 26070 D WM-GreedyScheduler: Ignoring {WorkSpec: d675cb4d-3a97-4983-9a1b-96405062d899}. Requires device idle.
01-15 08:43:30.105  6093 26070 D WM-GreedyScheduler: Ignoring {WorkSpec: 434fd798-b8ec-410a-b445-85129b815d0e}. Requires device idle.
01-15 08:43:30.105  6093 26070 D WM-GreedyScheduler: Ignoring {WorkSpec: e578a471-307d-4e44-a1bf-69ed0ea87853}. Requires device idle.
01-15 08:43:30.106  6093 26070 D WM-GreedyScheduler: Starting tracking for c6b93933-13a7-4149-bc80-4985d3ea52da,3d4c1f37-a1a1-44a6-8946-2c4307659ce3
01-15 08:43:30.107  6093 26072 I BugleRcsProvisioning: RcsAvailability: Subscription Id: 1, simId: redacted-pii:sim_id[chars:20,last3:897], sipConnectionType: DUAL_REG, isRcsAvailable: false
01-15 08:43:30.107  6093 26072 I BugleRcsEngine: No RCS Configuration was found in Bugle for simID: redacted-pii:sim_id[chars:20,last3:897] [CONTEXT log_prefix="ProvisioningEngineDataRetriever" thread_id=156 ]
01-15 08:43:30.108  6093 26072 I BugleRcsProvisioning: updateAvailabilityForRcsProvisioningId. SimId: redacted-pii:sim_id[chars:20,last3:897], currentAvailability: 10, newAvailability: 10, hint: NO_HINT
01-15 08:43:30.108  6093 26070 I BugleRcsProvisioning: RcsProvisioningTrigger: onRcsAvailabilityUpdate : availability is updated to Carrier RCS is not set up, lastAvailabilityLocal is Carrier RCS is not set up, simId hash = 1554235301909623611, simId = redacted-pii:sim_id[chars:20,last3:897], isPev3Enabled = true
01-15 08:43:30.110  6093 26068 D WM-SystemJobScheduler: Scheduling work ID 6bc1a8be-4938-4bc3-b1a2-a896342f466eJob ID 1052
01-15 08:43:30.112  6093 26068 D WM-GreedyScheduler: Ignoring {WorkSpec: d675cb4d-3a97-4983-9a1b-96405062d899}. Requires device idle.
01-15 08:43:30.112  6093 26068 D WM-GreedyScheduler: Ignoring {WorkSpec: 434fd798-b8ec-410a-b445-85129b815d0e}. Requires device idle.
01-15 08:43:30.113  6093 26068 D WM-GreedyScheduler: Ignoring {WorkSpec: e578a471-307d-4e44-a1bf-69ed0ea87853}. Requires device idle.
01-15 08:43:30.114  6093 26068 D WM-GreedyScheduler: Starting tracking for c6b93933-13a7-4149-bc80-4985d3ea52da,3d4c1f37-a1a1-44a6-8946-2c4307659ce3
01-15 08:43:30.123  6093  6519 I ForwardSyncCache: reclaimMemory: Clearing caches
01-15 08:43:30.124  6093  6519 W Bugle   : TextClassifierLibManagerImpl: Reclaiming memory at level: 40
01-15 08:43:30.248  5536  5536 D BoundBrokerSvc: onRebind: Intent { act=com.google.android.gms.libs.gmscorelogger.service.START dat=chimera-action:/... xflg=0x4 cmp=com.google.android.gms/.chimera.PersistentDirectBootAwareApiService }
01-15 08:43:30.837  1462  1614 D SatelliteController: iisInCarrierRoamingNbIotNtn: satellite is disabled
01-15 08:43:30.837  1462  1614 D SatelliteController: getCarrierRoamingNtnConnectType: Falling back to global carrier config connect type: 0
01-15 08:43:31.550   796  1180 I HalDevMgr: bestIfaceCreationProposal is null, requestIface=STA, existingIface=[name=wlan0 type=STA]
01-15 08:43:34.556   796  1180 I HalDevMgr: bestIfaceCreationProposal is null, requestIface=STA, existingIface=[name=wlan0 type=STA]
01-15 08:43:37.563   796  1180 I HalDevMgr: bestIfaceCreationProposal is null, requestIface=STA, existingIface=[name=wlan0 type=STA]
01-15 08:43:37.652 26091 26091 W libbinder.BackendUnifiedServiceManager: Thread Pool max thread count is 0. Cannot cache binder as linkToDeath cannot be implemented. serviceName: package
01-15 08:43:37.823  3185  4703 I artd    : GetBestInfo: odex next to the dex file (/data/app/~~32zfW-euUumZmapXCsiMfw==/com.google.android.gms-BB5zRItgPYm45pDbJHp9zQ==/oat/x86_64/base.odex) is kOatUpToDate with filter 'speed-profile' executable 'false'
01-15 08:43:37.826  3185  4703 I artd    : GetBestInfo: odex next to the dex file (/data/app/~~32zfW-euUumZmapXCsiMfw==/com.google.android.gms-BB5zRItgPYm45pDbJHp9zQ==/oat/x86_64/split_AdsDynamite_installtime.odex) is kOatUpToDate with filter 'speed' executable 'false'
01-15 08:43:37.829  3185  4703 I artd    : GetBestInfo: odex next to the dex file (/data/app/~~32zfW-euUumZmapXCsiMfw==/com.google.android.gms-BB5zRItgPYm45pDbJHp9zQ==/oat/x86_64/split_CronetDynamite_installtime.odex) is kOatUpToDate with filter 'speed' executable 'false'
01-15 08:43:37.831  3185  4703 I artd    : GetBestInfo: odex next to the dex file (/data/app/~~32zfW-euUumZmapXCsiMfw==/com.google.android.gms-BB5zRItgPYm45pDbJHp9zQ==/oat/x86_64/split_DynamiteLoader_installtime.odex) is kOatUpToDate with filter 'speed' executable 'false'
01-15 08:43:37.832  3185  4703 I artd    : GetBestInfo: odex next to the dex file (/data/app/~~32zfW-euUumZmapXCsiMfw==/com.google.android.gms-BB5zRItgPYm45pDbJHp9zQ==/oat/x86_64/split_DynamiteModulesA_installtime.odex) is kOatUpToDate with filter 'speed' executable 'false'
01-15 08:43:37.834  3185  4703 I artd    : GetBestInfo: odex next to the dex file (/data/app/~~32zfW-euUumZmapXCsiMfw==/com.google.android.gms-BB5zRItgPYm45pDbJHp9zQ==/oat/x86_64/split_DynamiteModulesC_installtime.odex) is kOatUpToDate with filter 'speed' executable 'false'
01-15 08:43:37.836  3185  4703 I artd    : GetBestInfo: odex next to the dex file (/data/app/~~32zfW-euUumZmapXCsiMfw==/com.google.android.gms-BB5zRItgPYm45pDbJHp9zQ==/oat/x86_64/split_GoogleCertificates_installtime.odex) is kOatUpToDate with filter 'speed' executable 'false'
01-15 08:43:37.837  3185  4703 I artd    : GetBestInfo: odex next to the dex file (/data/app/~~32zfW-euUumZmapXCsiMfw==/com.google.android.gms-BB5zRItgPYm45pDbJHp9zQ==/oat/x86_64/split_MapsDynamite_installtime.odex) is kOatUpToDate with filter 'speed' executable 'false'
01-15 08:43:37.839  3185  4703 I artd    : GetBestInfo: odex next to the dex file (/data/app/~~32zfW-euUumZmapXCsiMfw==/com.google.android.gms-BB5zRItgPYm45pDbJHp9zQ==/oat/x86_64/split_MeasurementDynamite_installtime.odex) is kOatUpToDate with filter 'speed' executable 'false'
01-15 08:43:37.840  3185  4703 I artd    : GetBestInfo: odex next to the dex file (/data/app/~~32zfW-euUumZmapXCsiMfw==/com.google.android.gms-BB5zRItgPYm45pDbJHp9zQ==/oat/x86_64/split_all_locale_splits.odex) is kOatUpToDate with filter 'speed' executable 'false'
01-15 08:43:37.841  3185  4703 I artd    : GetBestInfo: /data/user_de/0/com.google.android.gms/app_chimera/m/00000008/dl-TfliteDynamiteDynamite.integ_243930802100800.apk has no usable artifacts
