01-15 08:54:27.742  1517  1517 D BaseActivity: Launcher flags updated: [state_started] +[state_started]
01-15 08:54:27.743  1517  1517 D BaseActivity: Launcher flags updated: [state_started|state_resumed|state_user_active] +[state_resumed|state_user_active]
01-15 08:54:27.744  1517  1517 D BaseActivity: Launcher flags updated: [state_started|state_resumed|state_deferred_resumed|state_user_active] +[state_deferred_resumed]
01-15 08:54:27.744  1517  1517 D StatsLog: LAUNCHER_ONRESUME
01-15 08:54:27.744   796  2326 I AppsFilter: interaction: PackageSetting{b9e902a com.android.microdroid.empty_payload/10206} -> PackageSetting{6422ec3 com.geek2geeks.level/10227} BLOCKED
01-15 08:54:27.745   796  2326 V WindowManager: Continue transition id=33 for TaskFragmentTransaction=android.os.Binder@a6c1a72
01-15 08:54:27.745   796  1229 D BackgroundInstallControlService: Package event received: 0
01-15 08:54:27.746   796  1229 D BackgroundInstallControlService: Package event received: 0
01-15 08:54:27.746   796  2326 V WindowManager: continueTransitionReady deferReadyDepth=0 stack=com.android.server.wm.TransitionController.continueTransitionReady:1071 com.android.server.wm.TaskFragmentOrganizerController$TaskFragmentOrganizerState.onTransactionFinished:546 com.android.server.wm.TaskFragmentOrganizerController.onTransactionHandled:740 android.window.ITaskFragmentOrganizerController$Stub.onTransact:225 android.os.Binder.execTransactInternal:1473 
01-15 08:54:27.748  1278  1330 D WindowManagerShell: setLauncherKeepClearAreaHeight: visible=true, height=495
01-15 08:54:27.756  1462  1462 D CarrierSvcBindHelper: onHandleForceStop: [com.geek2geeks.level]
01-15 08:54:27.757   796   916 W InputDispatcher: channel 'b6531f6 com.geek2geeks.level/com.geek2geeks.level.MainActivity' ~ Consumer closed input channel or an error occurred.  events=0x9
01-15 08:54:27.757   796   916 E InputDispatcher: channel 'b6531f6 com.geek2geeks.level/com.geek2geeks.level.MainActivity' ~ Channel is unrecoverably broken and will be disposed!
01-15 08:54:27.759  1563  1563 I adbd    : Remote process closed the socket (on MSG_PEEK)
01-15 08:54:27.759   796  2011 I ImeTracker: com.geek2geeks.level:7e7094b3: onRequestHide at ORIGIN_SERVER reason HIDE_REMOVE_CLIENT fromUser false
01-15 08:54:27.759   796  2011 I ImeTracker: com.geek2geeks.level:7e7094b3: onCancelled at PHASE_SERVER_SHOULD_HIDE
01-15 08:54:27.759  1900  2145 I AiAiEcho: Predicting[0]:  [CONTEXT sampling_count=5 ]
01-15 08:54:27.759  1900  2145 I AiAiEcho: EchoTargets: 
01-15 08:54:27.759  1900  2145 I AiAiEcho: Filtered by AiAi flag check: 
01-15 08:54:27.759  1900  2145 I AiAiEcho: [CONTEXT ratelimit_period="10 SECONDS" ]
01-15 08:54:27.760  1900  2145 I AiAiEcho: #remoteViewsTwiddler: feature disabled.
01-15 08:54:27.760   796   916 I WindowManager: WINDOW DIED Window{b6531f6 u0 com.geek2geeks.level/com.geek2geeks.level.MainActivity}
01-15 08:54:27.760  1462  1462 D CarrierSvcBindHelper: No carrier app for: 0
01-15 08:54:27.761   796  2682 V ActivityManager: Got obituary of 26307:com.geek2geeks.level
01-15 08:54:27.761   796   820 W ActivityManager: setHasOverlayUi called on unknown pid: 26307
01-15 08:54:27.763  1900  2145 I AiAiEcho: #postPredictionTargets: Sending updates to UISurface home with targets# 0 (types=[])
01-15 08:54:27.766   579   579 I Zygote  : Process 26307 exited due to signal 9 (Killed)
01-15 08:54:27.767   796   829 I libprocessgroup: Removed cgroup /sys/fs/cgroup/apps/uid_10227/pid_26307
01-15 08:54:27.771  1517  1556 D QuickstepModelDelegate: notifyAppTargetEvent action=1 launchLocation=workspace/0/[-1,-1]/[1,1]
01-15 08:54:27.773  1517  1517 D NexusLauncherModelDelegate: notifySmartspaceEvent: SmartspaceTargetEvent{mSmartspaceTarget=null, mSmartspaceActionId='null', mEventType=6}
01-15 08:54:27.792  1278  1507 D WallpaperService: onVisibilityChanged(true): com.android.systemui.wallpapers.ImageWallpaper$CanvasEngine@32b10a8
01-15 08:54:27.794  1517  1517 D BaseDepthController: setSurface:
01-15 08:54:27.794  1517  1517 D BaseDepthController: 	mWaitingOnSurfaceValidity: false
01-15 08:54:27.794  1517  1517 D BaseDepthController: 	mBaseSurface: Surface(name=com.google.android.apps.nexuslauncher/com.google.android.apps.nexuslauncher.NexusLauncherActivity#316)/@0x24b6256
01-15 08:54:27.794  1517  1517 V BaseDepthController: Applying blur: 0 to Surface(name=com.google.android.apps.nexuslauncher/com.google.android.apps.nexuslauncher.NexusLauncherActivity#316)/@0x24b6256 applyImmediately: false
01-15 08:54:27.794  1517  1517 D BaseDepthController: shouldBlurWorkspace: false targetState: Normal currentStableState: Normal mCurrentBlur: 0 mLauncher.getDepthBlurTargets(): [com.android.launcher3.Workspace{4771991 V.ED..... .......D 0,0-1080,2400 #7f0a049d app:id/workspace}, com.android.launcher3.Hotseat{7a640f6 V.ED..... .......D 0,1905-1080,2400 #7f0a01ee app:id/hotseat}]
01-15 08:54:27.803   796   882 W ActivityTaskManager: callingPackage for (uid=2000, pid=26478) has no WPC
01-15 08:54:27.806   796   882 V WindowManager: DesktopModeLaunchParamsModifier: phase= 0 task=null activity=null display-area-from-current-params=null display-area-from-default-fallback=DefaultTaskDisplayArea@45828422 display-id=0 task-display-area-windowing-mode=1 suggested-display-area=DefaultTaskDisplayArea@45828422 task null, skipping
01-15 08:54:27.806   796   882 V WindowManager: TaskLaunchParamsModifier:phase=0 task=null activity=null display-area-from-current-params=null display-area-from-default-fallback=DefaultTaskDisplayArea@45828422 display-id=0 task-display-area-windowing-mode=1 suggested-display-area=DefaultTaskDisplayArea@45828422
01-15 08:54:27.807   796   882 V GrammaticalInflectionUtils: AttributionSource: android.content.AttributionSource@327d0c6f does not have READ_SYSTEM_GRAMMATICAL_GENDER permission.
01-15 08:54:27.807   796   882 W TransitionChain: Combining startAct into #33(CLOSE|R|0x0) from appDied
01-15 08:54:27.807   796   882 V WindowManager: DesktopModeLaunchParamsModifier: phase= 0 task=null activity=ActivityRecord{156677220 u0 com.geek2geeks.level/.MainActivity display-area-from-current-params=null display-area-from-default-fallback=DefaultTaskDisplayArea@45828422 display-id=0 task-display-area-windowing-mode=1 suggested-display-area=DefaultTaskDisplayArea@45828422 task null, skipping
01-15 08:54:27.807   796   882 V WindowManager: TaskLaunchParamsModifier:phase=0 task=null activity=ActivityRecord{156677220 u0 com.geek2geeks.level/.MainActivity t-1} display-area-from-current-params=null display-area-from-default-fallback=DefaultTaskDisplayArea@45828422 display-id=0 task-display-area-windowing-mode=1 suggested-display-area=DefaultTaskDisplayArea@45828422
01-15 08:54:27.808   796   882 V WindowManager: DesktopModeLaunchParamsModifier: phase= 3 task=null activity=ActivityRecord{156677220 u0 com.geek2geeks.level/.MainActivity t-1} display-area-from-current-params=null display-area-from-default-fallback=DefaultTaskDisplayArea@45828422 display-id=0 task-display-area-windowing-mode=1 suggested-display-area=DefaultTaskDisplayArea@45828422 task null, skipping
01-15 08:54:27.808   796   882 V WindowManager: TaskLaunchParamsModifier:phase=3 task=null activity=ActivityRecord{156677220 u0 com.geek2geeks.level/.MainActivity t-1} display-area-from-current-params=null display-area-from-default-fallback=DefaultTaskDisplayArea@45828422 display-id=0 task-display-area-windowing-mode=1 suggested-display-area=DefaultTaskDisplayArea@45828422 non-freeform-task-display-area display-area=DefaultTaskDisplayArea@45828422 skip-bounds-fullscreen
01-15 08:54:27.810   796   882 V WindowManager: DesktopModeLaunchParamsModifier: phase= 3 task=Task{e3976cd #15 type=standard A=10227:com.geek2geeks.level} activity=ActivityRecord{156677220 u0 com.geek2geeks.level/.MainActivity t-1} display-from-task=0 display-id=0 task-display-area-windowing-mode=1 suggested-display-area=DefaultTaskDisplayArea@45828422 not entering desktop mode, skipping
01-15 08:54:27.810   796   882 V WindowManager: TaskLaunchParamsModifier:phase=3 task=Task{e3976cd #15 type=standard A=10227:com.geek2geeks.level} activity=ActivityRecord{156677220 u0 com.geek2geeks.level/.MainActivity t-1} display-from-task=0 display-id=0 task-display-area-windowing-mode=1 suggested-display-area=DefaultTaskDisplayArea@45828422 inherit-from-task=fullscreen non-freeform-task-display-area display-area=DefaultTaskDisplayArea@45828422 skip-bounds-fullscreen
01-15 08:54:27.815   796   882 I ActivityTaskManager: Add Task{d12739 #14 type=standard A=10227:com.geek2geeks.level} to hidden list because adding Task{e3976cd #15 type=standard A=10227:com.geek2geeks.level}
01-15 08:54:27.816   796   882 I ActivityTaskManager: START u0 {flg=0x10000000 xflg=0x5 cmp=com.geek2geeks.level/.MainActivity} with LAUNCH_SINGLE_TASK from uid 2000 (com.android.shell) (BAL_ALLOW_PERMISSION) result code=0
01-15 08:54:27.819   796   820 V GrammaticalInflectionUtils: AttributionSource: android.content.AttributionSource@327d0c6f does not have READ_SYSTEM_GRAMMATICAL_GENDER permission.
01-15 08:54:27.823  1278  1330 D ShellDesktopMode: DesktopRepository: Removes freeform task: taskId=14
01-15 08:54:27.823  1278  1330 W ShellDesktopMode: DesktopRepository: No display id found for task: taskId=14
01-15 08:54:27.831   579   579 D Zygote  : Forked child process 26483
01-15 08:54:27.832   796   828 I ActivityManager: Start proc 26483:com.geek2geeks.level/u0a227 for next-top-activity {com.geek2geeks.level/com.geek2geeks.level.MainActivity}
01-15 08:54:27.834   695   790 W libbinder.IPCThreadState: Sending oneway calls to frozen process.
01-15 08:54:27.834   695   790 W libbinder.IPCThreadState: Sending oneway calls to frozen process.
01-15 08:54:27.854 26483 26483 I Zygote  : Process 26483 created for com.geek2geeks.level
01-15 08:54:27.855 26483 26483 I eek2geeks.level: Late-enabling -Xcheck:jni
01-15 08:54:27.866  1517  1517 D b/417220811: invalidateLoadedTasks - previous requestLoadId: -1
01-15 08:54:27.868  1517  1517 D BaseActivity: Launcher flags updated: [state_started|state_resumed|state_deferred_resumed] -[state_user_active]
01-15 08:54:27.868  1517  1517 D BaseActivity: Launcher flags updated: [state_started] -[state_resumed|state_deferred_resumed]
01-15 08:54:27.868  1517  1517 W SplitSelectStateCtor: Missing session instanceIds
01-15 08:54:27.869  1517  1517 D StatsLog: LAUNCHER_SPLIT_SELECTION_EXIT_INTERRUPTED
01-15 08:54:27.871   796  1248 I AppsFilter: interaction: PackageSetting{b9e902a com.android.microdroid.empty_payload/10206} -> PackageSetting{2fbb285 com.geek2geeks.level/10227} BLOCKED
01-15 08:54:27.875   796  1248 V WindowManager: Defer transition id=33 for TaskFragmentTransaction=android.os.Binder@bc9f201
01-15 08:54:27.875   796  1248 V WindowManager: deferTransitionReady deferReadyDepth=1 stack=com.android.server.wm.TransitionController.deferTransitionReady:1061 com.android.server.wm.TaskFragmentOrganizerController$TaskFragmentOrganizerState.dispatchTransaction:517 com.android.server.wm.TaskFragmentOrganizerController.dispatchPendingEvents:1259 com.android.server.wm.TaskFragmentOrganizerController.dispatchPendingEvents:1228 com.android.server.wm.RootWindowContainer.performSurfacePlacement:777 
01-15 08:54:27.876  1517  1517 D b/417220811: invalidateLoadedTasks - previous requestLoadId: -1
01-15 08:54:27.877  1517  1517 D b/417220811: invalidateLoadedTasks - previous requestLoadId: -1
01-15 08:54:27.877  1517  1517 D RecentsView: onTaskDisplayChanged: 15, new displayId = 0
01-15 08:54:27.882  1517  1517 D SsBaseTemplateCard: Passed-in item info is null
01-15 08:54:27.882  1517  1517 D SsBaseTemplateCard: Passed-in item info is null
01-15 08:54:27.882  1517  1517 D SsBaseTemplateCard: Passed-in item info is null
01-15 08:54:27.882  1517  1517 D SsBaseTemplateCard: Passed-in item info is null
01-15 08:54:27.882  1517  1517 I SsBaseTemplateCard: Secondary card pane is null
01-15 08:54:27.883 26483 26483 I eek2geeks.level: Using CollectorTypeCMC GC.
01-15 08:54:27.883 26483 26483 W eek2geeks.level: Unexpected CPU variant for x86: x86_64.
01-15 08:54:27.883 26483 26483 W eek2geeks.level: Known variants: atom, sandybridge, silvermont, goldmont, goldmont-plus, goldmont-without-sha-xsaves, tremont, kabylake, alderlake, default
01-15 08:54:27.884   796  1229 D BackgroundInstallControlService: Package event received: 0
01-15 08:54:27.886  1278  1330 D WindowManagerShell: setLauncherKeepClearAreaHeight: visible=false, height=495
01-15 08:54:27.887   796  1248 V WindowManager: Continue transition id=33 for TaskFragmentTransaction=android.os.Binder@bc9f201
01-15 08:54:27.888   796  1248 V WindowManager: continueTransitionReady deferReadyDepth=0 stack=com.android.server.wm.TransitionController.continueTransitionReady:1071 com.android.server.wm.TaskFragmentOrganizerController$TaskFragmentOrganizerState.onTransactionFinished:546 com.android.server.wm.TaskFragmentOrganizerController.onTransactionHandled:740 android.window.ITaskFragmentOrganizerController$Stub.onTransact:225 android.os.Binder.execTransactInternal:1473 
01-15 08:54:27.938 26483 26483 I berberis: Initialized Berberis ((null)), version 16.0.0
01-15 08:54:27.978  1517  1517 D b/417220811: invalidateLoadedTasks - previous requestLoadId: -1
01-15 08:54:28.014  1563  1578 I adbd    : jdwp connection from 26483
01-15 08:54:28.023 26483 26483 D nativeloader: Load libframework-connectivity-tiramisu-jni.so using APEX ns com_android_tethering for caller /apex/com.android.tethering/javalib/framework-connectivity-t.jar: ok
01-15 08:54:28.040   796  1229 D BackgroundInstallControlService: Package event received: 0
01-15 08:54:28.259 26497 26497 W libbinder.BackendUnifiedServiceManager: Thread Pool max thread count is 0. Cannot cache binder as linkToDeath cannot be implemented. serviceName: package
01-15 08:54:28.307 26483 26483 D nativeloader: Configuring clns-9 for other apk /data/app/~~ZPNdclV6eeCb8bpRAhF3Vg==/com.geek2geeks.level-_n4l15wsL2YMOibDJo0e_g==/base.apk. target_sdk_version=36, uses_libraries=, library_path=/data/app/~~ZPNdclV6eeCb8bpRAhF3Vg==/com.geek2geeks.level-_n4l15wsL2YMOibDJo0e_g==/lib/arm64:/data/app/~~ZPNdclV6eeCb8bpRAhF3Vg==/com.geek2geeks.level-_n4l15wsL2YMOibDJo0e_g==/base.apk!/lib/arm64-v8a, permitted_path=/data:/mnt/expand:/data/user/0/com.geek2geeks.level
01-15 08:54:28.457 26483 26483 V GraphicsEnvironment: Currently set values for:
01-15 08:54:28.457 26483 26483 V GraphicsEnvironment:   angle_gl_driver_selection_pkgs=[]
01-15 08:54:28.457 26483 26483 V GraphicsEnvironment:   angle_gl_driver_selection_values=[]
01-15 08:54:28.457 26483 26483 V GraphicsEnvironment: com.geek2geeks.level is not listed in per-application setting
01-15 08:54:28.458 26483 26483 V GraphicsEnvironment: ANGLE allowlist from config: com.dreamgames.royalmatch com.dts.freefiremax com.dxx.firenow com.gramgames.mergedragons com.ludo.king com.mojang.minecraftpe com.my.defense com.nintendo.zaka com.os.airforce com.playrix.fishdomdd.gplay io.teslatech.callbreak jp.konami.prospia net.peakgames.toonblast
01-15 08:54:28.459 26483 26483 V GraphicsEnvironment: No special selections for ANGLE, returning default driver choice
01-15 08:54:28.459 26483 26483 V GraphicsEnvironment: Neither updatable production driver nor prerelease driver is supported.
01-15 08:54:28.474  3185  4703 I artd    : GetBestInfo: odex next to the dex file (/data/app/~~32zfW-euUumZmapXCsiMfw==/com.google.android.gms-BB5zRItgPYm45pDbJHp9zQ==/oat/x86_64/base.odex) is kOatUpToDate with filter 'speed-profile' executable 'false'
01-15 08:54:28.478  3185  4703 I artd    : GetBestInfo: odex next to the dex file (/data/app/~~32zfW-euUumZmapXCsiMfw==/com.google.android.gms-BB5zRItgPYm45pDbJHp9zQ==/oat/x86_64/split_AdsDynamite_installtime.odex) is kOatUpToDate with filter 'speed' executable 'false'
01-15 08:54:28.479  3185  4703 I artd    : GetBestInfo: odex next to the dex file (/data/app/~~32zfW-euUumZmapXCsiMfw==/com.google.android.gms-BB5zRItgPYm45pDbJHp9zQ==/oat/x86_64/split_CronetDynamite_installtime.odex) is kOatUpToDate with filter 'speed' executable 'false'
01-15 08:54:28.481  3185  4703 I artd    : GetBestInfo: odex next to the dex file (/data/app/~~32zfW-euUumZmapXCsiMfw==/com.google.android.gms-BB5zRItgPYm45pDbJHp9zQ==/oat/x86_64/split_DynamiteLoader_installtime.odex) is kOatUpToDate with filter 'speed' executable 'false'
01-15 08:54:28.483  3185  4703 I artd    : GetBestInfo: odex next to the dex file (/data/app/~~32zfW-euUumZmapXCsiMfw==/com.google.android.gms-BB5zRItgPYm45pDbJHp9zQ==/oat/x86_64/split_DynamiteModulesA_installtime.odex) is kOatUpToDate with filter 'speed' executable 'false'
01-15 08:54:28.485  3185  4703 I artd    : GetBestInfo: odex next to the dex file (/data/app/~~32zfW-euUumZmapXCsiMfw==/com.google.android.gms-BB5zRItgPYm45pDbJHp9zQ==/oat/x86_64/split_DynamiteModulesC_installtime.odex) is kOatUpToDate with filter 'speed' executable 'false'
01-15 08:54:28.487  3185  4703 I artd    : GetBestInfo: odex next to the dex file (/data/app/~~32zfW-euUumZmapXCsiMfw==/com.google.android.gms-BB5zRItgPYm45pDbJHp9zQ==/oat/x86_64/split_GoogleCertificates_installtime.odex) is kOatUpToDate with filter 'speed' executable 'false'
01-15 08:54:28.489  3185  4703 I artd    : GetBestInfo: odex next to the dex file (/data/app/~~32zfW-euUumZmapXCsiMfw==/com.google.android.gms-BB5zRItgPYm45pDbJHp9zQ==/oat/x86_64/split_MapsDynamite_installtime.odex) is kOatUpToDate with filter 'speed' executable 'false'
01-15 08:54:28.490  3185  4703 I artd    : GetBestInfo: odex next to the dex file (/data/app/~~32zfW-euUumZmapXCsiMfw==/com.google.android.gms-BB5zRItgPYm45pDbJHp9zQ==/oat/x86_64/split_MeasurementDynamite_installtime.odex) is kOatUpToDate with filter 'speed' executable 'false'
01-15 08:54:28.492  3185  4703 I artd    : GetBestInfo: odex next to the dex file (/data/app/~~32zfW-euUumZmapXCsiMfw==/com.google.android.gms-BB5zRItgPYm45pDbJHp9zQ==/oat/x86_64/split_all_locale_splits.odex) is kOatUpToDate with filter 'speed' executable 'false'
01-15 08:54:28.493  3185  4703 I artd    : GetBestInfo: /data/user_de/0/com.google.android.gms/app_chimera/m/00000008/dl-TfliteDynamiteDynamite.integ_243930802100800.apk has no usable artifacts
01-15 08:54:28.495  3185  4703 I artd    : GetBestInfo: /data/user_de/0/com.google.android.gms/app_chimera/m/00000010/dl-PlayCloudSearch.optional_254932100000.apk has no usable artifacts
01-15 08:54:28.496  3185  4703 I artd    : GetBestInfo: /data/user_de/0/com.google.android.gms/app_chimera/m/00000001/CronetDynamite.apk has no usable artifacts
01-15 08:54:28.497  3185  4703 I artd    : GetBestInfo: /data/user_de/0/com.google.android.gms/app_chimera/m/00000011/dl-VisionOcr.optional_254932100000.apk has no usable artifacts
01-15 08:54:28.498  3185  4703 I artd    : GetBestInfo: /data/user_de/0/com.google.android.gms/app_chimera/m/00000002/DynamiteLoader.apk has no usable artifacts
01-15 08:54:28.499  3185  4703 I artd    : GetBestInfo: /data/user_de/0/com.google.android.gms/app_chimera/m/0000000f/dl-MlkitOcrCommon.optional_254932100800.apk has no usable artifacts
01-15 08:54:28.500  3185  4703 I artd    : GetBestInfo: /data/user_de/0/com.google.android.gms/app_chimera/m/00000005/GoogleCertificates.apk has no usable artifacts
01-15 08:54:28.501  3185  4703 I artd    : GetBestInfo: /data/user_de/0/com.google.android.gms/app_chimera/m/0000000e/dl-MlkitBarcodeUi.optional_254932100800.apk has no usable artifacts
01-15 08:54:28.503  3185  4703 I artd    : GetBestInfo: /data/user_de/0/com.google.android.gms/app_chimera/m/0000000a/dl-VisionOcr.optional_253434100000.apk has no usable artifacts
01-15 08:54:28.504  3185  4703 I artd    : GetBestInfo: /data/user_de/0/com.google.android.gms/app_chimera/m/0000000d/dl-Appsearch.optional_254932100800.apk has no usable artifacts
01-15 08:54:28.506  3185  4703 I artd    : GetBestInfo: /data/user_de/0/com.google.android.gms/app_chimera/m/00000009/dl-MlkitOcrCommon.optional_253434100800.apk has no usable artifacts
01-15 08:54:28.508  3185  4703 I artd    : GetBestInfo: /data/user_de/0/com.google.android.gms/app_chimera/m/0000000b/dl-PlayCloudSearch.optional_253434100000.apk has no usable artifacts
01-15 08:54:28.509  3185  4703 I artd    : GetBestInfo: vdex next to the dex file (/data/user/0/com.google.android.gms/app_dg_cache/D7ECB6ECAAAB0DCD8DECD74AE43F16D2EC2B3A20/oat/x86_64/the.vdex) is kOatUpToDate with filter 'verify' executable 'false'
01-15 08:54:28.510  3185  4703 W artd    : Could not get dex checksums for location /data/app/~~bOQytt44Qr5Gb_ikif2I-Q==/com.android.vending-QpoCtcw5VYD9UTaWrMAz-A==/base.apk, fd=-1
01-15 08:54:28.741 26483 26483 W SoLoader: Initializing SoLoader: 0
01-15 08:54:28.744 26483 26483 W SoLoader: Recording new base apk path: /data/app/~~ZPNdclV6eeCb8bpRAhF3Vg==/com.geek2geeks.level-_n4l15wsL2YMOibDJo0e_g==/base.apk
01-15 08:54:28.744 26483 26483 W SoLoader: Previously recorded 0 base apk paths.
01-15 08:54:28.748 26483 26483 I SoLoader: Preparing SO source: DirectorySoSource[root = /vendor/lib64 flags = 2]
01-15 08:54:28.748 26483 26483 I SoLoader: Preparing SO source: DirectorySoSource[root = /system/lib64 flags = 2]
01-15 08:54:28.748 26483 26483 I SoLoader: Preparing SO source: ApplicationSoSource[DirectorySoSource[root = /data/app/~~ZPNdclV6eeCb8bpRAhF3Vg==/com.geek2geeks.level-_n4l15wsL2YMOibDJo0e_g==/lib/arm64 flags = 0]]
01-15 08:54:28.748 26483 26483 I SoLoader: Preparing SO source: BackupSoSource[root = /data/data/com.geek2geeks.level/lib-main flags = 1 apks = [/data/app/~~ZPNdclV6eeCb8bpRAhF3Vg==/com.geek2geeks.level-_n4l15wsL2YMOibDJo0e_g==/base.apk]]
01-15 08:54:28.748 26483 26483 I SoLoader: init finish: 4 SO sources prepared
01-15 08:54:28.749 26483 26483 W SoLoader: SoLoader initialized: 0
01-15 08:54:28.875 26483 26483 D nativeloader: Load /data/app/~~ZPNdclV6eeCb8bpRAhF3Vg==/com.geek2geeks.level-_n4l15wsL2YMOibDJo0e_g==/lib/arm64/libreactnative.so using class loader ns clns-9 (caller=/data/app/~~ZPNdclV6eeCb8bpRAhF3Vg==/com.geek2geeks.level-_n4l15wsL2YMOibDJo0e_g==/base.apk!classes20.dex): ok
01-15 08:54:28.878 26483 26483 D jni_lib_merge: Entering merged library JNI_OnLoad.
01-15 08:54:28.879 26483 26483 D jni_lib_merge: Preparing 12 pre-merged libs (including stub)
01-15 08:54:28.879 26483 26483 D jni_lib_merge: Preparing to register libfabricjni_so.  onload_func: 0x7ae59128ece0
01-15 08:54:28.879 26483 26483 D jni_lib_merge: Preparing to register libreact_devsupportjni_so.  onload_func: 0x7ae591488fc8
01-15 08:54:28.879 26483 26483 D jni_lib_merge: Preparing to register libreact_featureflagsjni_so.  onload_func: 0x7ae591497518
01-15 08:54:28.879 26483 26483 D jni_lib_merge: Preparing to register libreact_newarchdefaults_so.  onload_func: 0x7ae5914ff6a8
01-15 08:54:28.879 26483 26483 D jni_lib_merge: Preparing to register libreactnativeblob_so.  onload_func: 0x7ae5916efcb4
01-15 08:54:28.879 26483 26483 D jni_lib_merge: Preparing to register libreactnativejni_so.  onload_func: 0x7ae59173d6bc
01-15 08:54:28.879 26483 26483 D jni_lib_merge: Preparing to register libreactnativejni_common_so.  onload_func: 0x7ae59174e044
01-15 08:54:28.879 26483 26483 D jni_lib_merge: Preparing to register librninstance_so.  onload_func: 0x7ae591795764
01-15 08:54:28.879 26483 26483 D jni_lib_merge: Preparing to register libturbomodulejsijni_so.  onload_func: 0x7ae5918adf68
01-15 08:54:28.879 26483 26483 D jni_lib_merge: Preparing to register libuimanagerjni_so.  onload_func: 0x7ae5918c6fb8
01-15 08:54:28.880 26483 26483 D jni_lib_merge: Preparing to register libyoga_so.  onload_func: 0x7ae5918d6a3c
01-15 08:54:28.880 26483 26483 D jni_lib_merge: About to register 11 actual methods.
01-15 08:54:28.887 26483 26483 D nativeloader: Load /data/app/~~ZPNdclV6eeCb8bpRAhF3Vg==/com.geek2geeks.level-_n4l15wsL2YMOibDJo0e_g==/lib/arm64/libappmodules.so using class loader ns clns-9 (caller=/data/app/~~ZPNdclV6eeCb8bpRAhF3Vg==/com.geek2geeks.level-_n4l15wsL2YMOibDJo0e_g==/base.apk!classes20.dex): ok
01-15 08:54:28.897   796  1229 D BackgroundInstallControlService: Package event received: 0
01-15 08:54:28.898   796  1229 D BackgroundInstallControlService: Package event received: 0
01-15 08:54:28.899   796   817 V WindowManager: Sent Transition (#33) createdAt=01-15 08:54:27.731 via request=TransitionRequestInfo { type = CLOSE, triggerTask = TaskInfo{userId=0 taskId=14 effectiveUid=10227 displayId=0 isRunning=false baseIntent=Intent { flg=0x10000000 cmp=com.geek2geeks.level/.MainActivity } baseActivity=null topActivity=null origActivity=null realActivity=ComponentInfo{com.geek2geeks.level/com.geek2geeks.level.MainActivity} numActivities=0 lastActiveTime=38508749 supportsMultiWindow=true resizeMode=1 isResizeable=true minWidth=-1 minHeight=-1 defaultMinSize=220 token=WCT{RemoteToken{8494ca2 Task{d12739 #14 type=standard A=10227:com.geek2geeks.level}}} topActivityType=1 pictureInPictureParams=null shouldDockBigOverlays=false launchIntoPipHostTaskId=-1 lastParentTaskIdBeforePip=-1 displayCutoutSafeInsets=Rect(0, 0 - 0, 0) topActivityInfo=null launchCookies=[] positionInParent=Point(0, 0) parentTaskId=-1 isFocused=true isVisible=true isVisibleRequested=true isTopActivityNoDisplay=false isSleeping=false locusId=null displayAreaFeatureId=1 isTopActivityTransparent=false isActivityStackTransparent=true lastNonFullscreenBounds=null capturedLink=null capturedLinkTimestamp=0 requestedVisibleTypes=503 topActivityRequestOpenInBrowserEducationTimestamp=0 appCompatTaskInfo=AppCompatTaskInfo { topActivityInSizeCompat=false isLeafTask= true eligibleForLetterboxEducation= false isLetterboxEducationEnabled= false isLetterboxDoubleTapEnabled= false eligibleForUserAspectRatioButton= false topActivityBoundsLetterboxed= false isFromLetterboxDoubleTap= false topActivityLetterboxVerticalPosition= -1 topActivityLetterboxHorizontalPosition= -1 topActivityLetterboxWidth=-1 topActivityLetterboxHeight=-1 topActivityAppBounds=Rect(0, 0 - 0, 0) isUserFullscreenOverrideEnabled=false isSystemFullscreenOverrideEnabled=false hasMinAspectRatioOverride=false topActivityLetterboxBounds=null cameraCompatTaskInfo=CameraCompatTaskInfo { cameraCompatMode=undefinedundefined} topNonResizableActivityAspectRatio=-1.0} topActivityMainWindowFrame=null isAppBubble=false}, pipChange = null, remoteTransition = null, displayChange = null, requestedLocation = null, userChange = null, windowingLayerChange = null, flags = 0, debugId = 33 }
01-15 08:54:28.899   796   817 V WindowManager:     startWCT=WindowContainerTransaction { changes= {} hops= [] errorCallbackToken=null taskFragmentOrganizer=null }
01-15 08:54:28.899   796   817 V WindowManager:     info={id=33 t=CLOSE f=0x0 trk=0 r=[0@Point(0, 0)] c=[
01-15 08:54:28.899   796   817 V WindowManager:         {WCT{RemoteToken{b8c7c8 Task{e3976cd #15 type=standard A=10227:com.geek2geeks.level}}} m=OPEN f=MOVE_TO_TOP leash=Surface(name=Task=15#319)/@0xd7a59ba sb=Rect(0, 0 - 1080, 2400) eb=Rect(0, 0 - 1080, 2400) epz=Point(1080, 2400) d=0 taskParent=-1 winMode=1 userId=0},
01-15 08:54:28.899   796   817 V WindowManager:         {WCT{RemoteToken{8494ca2 Task{d12739 #14 type=standard A=10227:com.geek2geeks.level}}} m=CLOSE f=NONE leash=Surface(name=Task=14#284)/@0x845d884 sb=Rect(0, 0 - 1080, 2400) eb=Rect(0, 0 - 1080, 2400) epz=Point(1080, 2400) d=0 taskParent=-1 winMode=1 userId=0}
01-15 08:54:28.899   796   817 V WindowManager:     ]}
01-15 08:54:28.899  1278  1308 V WindowManagerShell: onTransitionReady(transaction=3418793970533)
01-15 08:54:28.899  1278  1330 V WindowManagerShell: onTransitionReady (#33) android.os.BinderProxy@a54dad6: {id=33 t=CLOSE f=0x0 trk=0 r=[0@Point(0, 0)] c=[
01-15 08:54:28.899  1278  1330 V WindowManagerShell:         {m=OPEN f=MOVE_TO_TOP leash=Surface(name=Task=15#319)/@0x4447e47 sb=Rect(0, 0 - 1080, 2400) eb=Rect(0, 0 - 1080, 2400) epz=Point(1080, 2400) d=0 taskParent=-1 winMode=1 userId=0},
01-15 08:54:28.899  1278  1330 V WindowManagerShell:         {m=CLOSE f=NONE leash=Surface(name=Task=14#284)/@0x18d9674 sb=Rect(0, 0 - 1080, 2400) eb=Rect(0, 0 - 1080, 2400) epz=Point(1080, 2400) d=0 taskParent=-1 winMode=1 userId=0}
01-15 08:54:28.899  1278  1330 V WindowManagerShell:     ]}
01-15 08:54:28.900  1278  1330 V WindowManagerShell: Playing animation for (#33) android.os.BinderProxy@a54dad6@0
01-15 08:54:28.900  1278  1330 V ShellRecents: RecentsTransitionHandler.startAnimation: no controller found
01-15 08:54:28.900  1278  1330 V ShellDesktopMode: DesktopMixedTransitionHandler: No pending desktop transition
01-15 08:54:28.900  1278  1330 V WindowManagerShell: Transition doesn't have explicit remote, search filters for match for {id=33 t=CLOSE f=0x0 trk=0 r=[0@Point(0, 0)] c=[{m=OPEN f=MOVE_TO_TOP leash=Surface(name=Task=15#319)/@0x4447e47 sb=Rect(0, 0 - 1080, 2400) eb=Rect(0, 0 - 1080, 2400) epz=Point(1080, 2400) d=0 taskParent=-1 winMode=1 userId=0},{m=CLOSE f=NONE leash=Surface(name=Task=14#284)/@0x18d9674 sb=Rect(0, 0 - 1080, 2400) eb=Rect(0, 0 - 1080, 2400) epz=Point(1080, 2400) d=0 taskParent=-1 winMode=1 userId=0}]}
01-15 08:54:28.901  1278  1330 V WindowManagerShell:  Checking filter Pair{{types=[] flags=0x0] notFlags=0x0 checks=[{atype=undefined independent=true modes=[CLOSE,TO_BACK] flags=IN_TASK_WITH_EMBEDDED_ACTIVITY mustBeTask=false order=ANY topActivity=null launchCookie=null taskFragmentToken=android.os.BinderProxy@2b20d62 windowingMode=undefined isCrossDisplayMove=false}]} RemoteTransition { remoteTransition = android.window.IRemoteTransition$Stub$Proxy@1afbef3, appThread = android.app.IApplicationThread$Stub$Proxy@6f487b0, debugName = overlayBackTransition }}
01-15 08:54:28.901  1278  1330 V WindowManagerShell:  Checking filter Pair{{types=[] flags=0x0] notFlags=0x0 checks=[{atype=dream independent=true modes=[OPEN,TO_FRONT] flags=NONE mustBeTask=false order=ANY topActivity=null launchCookie=null windowingMode=undefined isCrossDisplayMove=false},{atype=home independent=true modes=[CLOSE,TO_BACK] flags=NONE mustBeTask=false order=ANY topActivity=null launchCookie=null windowingMode=undefined isCrossDisplayMove=false}]} RemoteTransition { remoteTransition = android.window.IRemoteTransition$Stub$Proxy@9959629, appThread = android.app.IApplicationThread$Stub$Proxy@5279dae, debugName = LauncherToDream }}
01-15 08:54:28.901  1278  1330 V WindowManagerShell:  Checking filter Pair{{types=[] flags=0x0] notFlags=0x100 checks=[{atype=home independent=true modes=[OPEN,TO_FRONT] flags=NONE mustBeTask=false order=TOP topActivity=ComponentInfo{com.google.android.apps.nexuslauncher/com.google.android.apps.nexuslauncher.NexusLauncherActivity} launchCookie=null windowingMode=undefined isCrossDisplayMove=false},{atype=standard independent=true modes=[CLOSE,TO_BACK] flags=NONE mustBeTask=false order=ANY topActivity=null launchCookie=null windowingMode=undefined isCrossDisplayMove=false},{NOT atype=undefined independent=true modes=[] flags=NONE mustBeTask=true order=ANY topActivity=null launchCookie=null customAnim=true windowingMode=undefined isCrossDisplayMove=false}]} RemoteTransition { remoteTransition = android.window.IRemoteTransition$Stub$Proxy@67d574f, appThread = android.app.IApplicationThread$Stub$Proxy@a126edc, debugName = QuickstepLaunchHome }}
01-15 08:54:28.901  1278  1330 V WindowManagerShell:  Checking filter Pair{{types=[OPEN,TO_FRONT] flags=0x0] notFlags=0x0 checks=[{atype=standard independent=true modes=[OPEN,TO_FRONT] flags=NONE mustBeTask=true order=ANY topActivity=null launchCookie=null windowingMode=freeform isCrossDisplayMove=false}]} RemoteTransition { remoteTransition = android.window.IRemoteTransition$Stub$Proxy@cb149ee, appThread = null, debugName = DesktopWindowLimitUnminimize }}
01-15 08:54:28.901  1278  1330 V WindowManagerShell:  Delegate animation for (#33) to null
01-15 08:54:28.901  1278  1330 V WindowManagerShell: start default transition animation, info = {id=33 t=CLOSE f=0x0 trk=0 r=[0@Point(0, 0)] c=[{m=OPEN f=MOVE_TO_TOP leash=Surface(name=Task=15#319)/@0x4447e47 sb=Rect(0, 0 - 1080, 2400) eb=Rect(0, 0 - 1080, 2400) epz=Point(1080, 2400) d=0 taskParent=-1 winMode=1 userId=0},{m=CLOSE f=NONE leash=Surface(name=Task=14#284)/@0x18d9674 sb=Rect(0, 0 - 1080, 2400) eb=Rect(0, 0 - 1080, 2400) epz=Point(1080, 2400) d=0 taskParent=-1 winMode=1 userId=0}]}
01-15 08:54:28.901 26483 26502 I DisplayManager: Choreographer implicitly registered for the refresh rate.
01-15 08:54:28.902  1278  1330 V WindowManagerShell: loadAnimation: anim=android.view.animation.AnimationSet@d27a5e0 animAttr=0xb type=CLOSE isEntrance=false
01-15 08:54:28.905  1278  1330 V WindowManagerShell: loadAnimation: anim=android.view.animation.AnimationSet@8a41d55 animAttr=0xa type=CLOSE isEntrance=true
01-15 08:54:28.907  1278  1330 V WindowManagerShell:  animated by com.android.wm.shell.transition.DefaultTransitionHandler@21e9925
01-15 08:54:28.908  1278  1330 V ShellTaskOrganizer: Task appeared taskId=15 listener=FullscreenTaskListener
01-15 08:54:28.908  1278  1330 V ShellTaskOrganizer: Fullscreen Task Appeared: #15
01-15 08:54:28.909  1517  1517 D b/417220811: invalidateLoadedTasks - previous requestLoadId: -1
01-15 08:54:28.950 26483 26502 I GFXSTREAM: [eglDisplay.cpp(297)] Opening libGLESv1_CM_emulation.so
01-15 08:54:28.951 26483 26502 I GFXSTREAM: [eglDisplay.cpp(297)] Opening libGLESv2_emulation.so
01-15 08:54:28.993 26483 26502 W HWUI    : Failed to choose config with EGL_SWAP_BEHAVIOR_PRESERVED, retrying without...
01-15 08:54:28.993 26483 26502 W HWUI    : Failed to initialize 101010-2 format, error = EGL_SUCCESS
01-15 08:54:29.018 26483 26483 D DesktopExperienceFlags: Toggle override initialized to: false
01-15 08:54:29.039 26483 26483 D AppCompatDelegate: Checking for metadata for AppLocalesMetadataHolderService : Service not found
01-15 08:54:29.049 26483 26483 E ashmem  : Pinning is deprecated since Android Q. Please use trim or other methods.
01-15 08:54:29.074 26483 26483 D CompatChangeReporter: Compat change id reported: 377864165; UID 10227; state: ENABLED
01-15 08:54:29.074 26483 26483 D DesktopModeFlags: Toggle override initialized to: OVERRIDE_UNSET
01-15 08:54:29.091 26483 26483 I eek2geeks.level: hiddenapi: Accessing hidden method Landroid/view/ViewGroup;->makeOptionalFitsSystemWindows()V (runtime_flags=0, domain=platform, api=unsupported) from Landroidx/appcompat/widget/ViewUtils; (domain=app, TargetSdkVersion=36) using reflection: allowed
01-15 08:54:29.197 26483 26483 D nativeloader: Load /data/app/~~ZPNdclV6eeCb8bpRAhF3Vg==/com.geek2geeks.level-_n4l15wsL2YMOibDJo0e_g==/lib/arm64/libfbjni.so using class loader ns clns-9 (caller=/data/app/~~ZPNdclV6eeCb8bpRAhF3Vg==/com.geek2geeks.level-_n4l15wsL2YMOibDJo0e_g==/base.apk!classes20.dex): ok
01-15 08:54:29.370 26483 26483 W unknown:BridgelessReact: ReactHost{0}.startSurface(surfaceId = 0): Schedule
01-15 08:54:29.370 26483 26483 W unknown:BridgelessReact: ReactHost{0}.attachSurface(surfaceId = 0)
01-15 08:54:29.372 26483 26509 W unknown:BridgelessReact: ReactHost{0}.getOrCreateReactInstanceTask()
01-15 08:54:29.373 26483 26509 W unknown:BridgelessReact: ReactHost{0}.getOrCreateReactInstanceTask(): Start
01-15 08:54:29.373 26483 26509 W unknown:BridgelessReact: ReactHost{0}.getJSBundleLoader()
01-15 08:54:29.373 26483 26509 W unknown:BridgelessReact: ReactHost{0}.isMetroRunning()
01-15 08:54:29.415 26483 26483 W unknown:BridgelessReact: ReactHost{0}.onHostResume(activity)
01-15 08:54:29.416 26483 26483 W unknown:ReactNative: Packager connection already open, nooping.
01-15 08:54:29.436 26483 26483 W HWUI    : Unknown dataspace 0
01-15 08:54:29.440  1278  1330 V WindowManagerShell: Transition animation finished (aborted=false), notifying core (#33) android.os.BinderProxy@a54dad6@0
01-15 08:54:29.444   796   817 V WindowManager: Finish Transition (#33): created at 01-15 08:54:27.731 collect-started=0.076ms request-sent=0.273ms started=11.136ms ready=1162.581ms sent=1166.673ms commit=24.907ms finished=1711.982ms
01-15 08:54:29.446  1278  1507 D WallpaperService: onVisibilityChanged(false): com.android.systemui.wallpapers.ImageWallpaper$CanvasEngine@32b10a8
01-15 08:54:29.448  1278  1330 V WindowManagerShell: Track 0 became idle
01-15 08:54:29.448  1517  1517 D RecentsView: onTaskRemoved: 14, not handling task stack changes
01-15 08:54:29.448  1278  1330 V WindowManagerShell: All active transition animations finished
01-15 08:54:29.448  1517  1517 D RecentsView: onTaskRemoved: 14, not handling task stack changes
01-15 08:54:29.460 26483 26483 D WindowOnBackDispatcher: setTopOnBackInvokedCallback (unwrapped): android.app.Activity$$ExternalSyntheticLambda0@b3ad400
01-15 08:54:29.461 26483 26483 D WindowOnBackDispatcher: setTopOnBackInvokedCallback (unwrapped): androidx.activity.OnBackPressedDispatcher$Api34Impl$createOnBackAnimationCallback$1@ca47439
01-15 08:54:29.462  1278  1330 V ShellTaskOrganizer: Task vanished taskId=14
01-15 08:54:29.462  1278  1330 V ShellTaskOrganizer: Fullscreen Task Vanished: #14
01-15 08:54:29.463  1278  1330 V ShellDesktopMode: Task Vanished: #14 closed=true
01-15 08:54:29.463  1278  1330 D ShellDesktopMode: AppToWebRepository: Task 14 is vanishing. Removing task data from repository
01-15 08:54:29.464  1517  1517 D b/417220811: invalidateLoadedTasks - previous requestLoadId: -1
01-15 08:54:29.464   796  2274 D CoreBackPreview: Window{9b7ae36 u0 com.geek2geeks.level/com.geek2geeks.level.MainActivity}: Setting back callback OnBackInvokedCallbackInfo{mCallback=android.window.IOnBackInvokedCallback$Stub$Proxy@fed4c09, mPriority=-1, mIsAnimationCallback=false, mOverrideBehavior=0}
01-15 08:54:29.465   796  2274 D CoreBackPreview: Window{9b7ae36 u0 com.geek2geeks.level/com.geek2geeks.level.MainActivity}: Setting back callback OnBackInvokedCallbackInfo{mCallback=android.window.IOnBackInvokedCallback$Stub$Proxy@d2a4e0e, mPriority=0, mIsAnimationCallback=true, mOverrideBehavior=0}
01-15 08:54:29.465 26483 26483 D VRI[MainActivity]: WindowInsets changed: 1080x2400 statusBars:[0,63,0,0] navigationBars:[0,0,0,63] mandatorySystemGestures:[0,63,0,84] 
01-15 08:54:29.465  1278  1330 V AppCompat: SingleSurfaceLetterboxController: []
01-15 08:54:29.465  1278  1330 V AppCompat: MultiSurfaceLetterboxController: []
01-15 08:54:29.466  1278  1330 V AppCompat: LetterboxInputController: []
01-15 08:54:29.466  1278  1330 V AppCompat: RoundedCornersLetterboxController: {}
01-15 08:54:29.701 26483 26511 W unknown:BridgelessReact: ReactHost{0}.isMetroRunning(): Async result = true
01-15 08:54:29.701 26483 26509 W unknown:BridgelessReact: ReactHost{0}.loadJSBundleFromMetro()
01-15 08:54:29.732 26483 26483 D WindowOnBackDispatcher: setTopOnBackInvokedCallback (unwrapped): android.widget.PopupWindow$PopupDecorView$$ExternalSyntheticLambda1@4c597d7
01-15 08:54:29.733   796  2274 D CoreBackPreview: Window{ed3ca28 u0 PopupWindow:d8f86fb}: Setting back callback OnBackInvokedCallbackInfo{mCallback=android.window.IOnBackInvokedCallback$Stub$Proxy@da610e6, mPriority=0, mIsAnimationCallback=false, mOverrideBehavior=0}
01-15 08:54:29.734 26483 26483 I HWUI    : Using FreeType backend (prop=Auto)
01-15 08:54:29.854 26483 26489 I eek2geeks.level: Compiler allocated 5087KB to compile void android.view.ViewRootImpl.performTraversals()
01-15 08:54:29.934  5536 25401 I FontLog : (REDACTED) Received query %s, URI %s
01-15 08:54:29.934  5536 25401 I FontLog : (REDACTED) Query [%s] resolved to %s
01-15 08:54:29.936  5536 25401 I FontLog : (REDACTED) Fetch %s end status %s
01-15 08:54:29.948  5536 25401 I FontLog : (REDACTED) Pulling font file for id = %d, cache size = %d
01-15 08:54:29.954  5536 25401 I FontLog : (REDACTED) Pulling font file for id = %d, cache size = %d
01-15 08:54:30.631   796  1180 I HalDevMgr: bestIfaceCreationProposal is null, requestIface=STA, existingIface=[name=wlan0 type=STA]
01-15 08:54:30.904  1462  1614 D SatelliteController: iisInCarrierRoamingNbIotNtn: satellite is disabled
01-15 08:54:30.906  1462  1614 D SatelliteController: getCarrierRoamingNtnConnectType: Falling back to global carrier config connect type: 0
01-15 08:54:31.802   796   820 W ActivityTaskManager: Activity transferring splash screen timeout for ActivityRecord{156677220 u0 com.geek2geeks.level/.MainActivity t15} state 2
01-15 08:54:31.826   796  3535 E TaskPersister: File error accessing recents directory (directory doesn't exist?).
01-15 08:54:32.175   695   790 W libbinder.IPCThreadState: Sending oneway calls to frozen process.
01-15 08:54:32.175   695   790 W libbinder.IPCThreadState: Sending oneway calls to frozen process.
01-15 08:54:32.267  1278  1294 W System  : A resource failed to call release. 
01-15 08:54:32.267  1278  1294 W System  : A resource failed to call release. 
01-15 08:54:32.267  1278  1294 W System  : A resource failed to call release. 
01-15 08:54:32.268  1278  1294 W System  : A resource failed to call release. 
01-15 08:54:32.268  1278  1294 W System  : A resource failed to call release. 
01-15 08:54:32.268  1278  1294 W System  : A resource failed to call release. 
01-15 08:54:32.268  1278  1294 W System  : A resource failed to call release. 
01-15 08:54:32.268  1278  1294 W System  : A resource failed to call release. 
01-15 08:54:32.268  1278  1294 W System  : A resource failed to call release. 
01-15 08:54:32.268  1278  1294 W System  : A resource failed to call release. 
01-15 08:54:33.639   796  1180 I HalDevMgr: bestIfaceCreationProposal is null, requestIface=STA, existingIface=[name=wlan0 type=STA]
01-15 08:54:34.025 26483 26525 D ProfileInstaller: Installing profile for com.geek2geeks.level
01-15 08:54:36.645   796  1180 I HalDevMgr: bestIfaceCreationProposal is null, requestIface=STA, existingIface=[name=wlan0 type=STA]
01-15 08:54:37.817   796   820 W ActivityTaskManager: Launch timeout has expired, giving up wake lock!
01-15 08:54:38.264 26527 26527 W libbinder.BackendUnifiedServiceManager: Thread Pool max thread count is 0. Cannot cache binder as linkToDeath cannot be implemented. serviceName: package
01-15 08:54:38.484 26483 26490 W eek2geeks.level: userfaultfd: MOVE ioctl seems unsupported: Connection timed out
01-15 08:54:38.495  3185  4703 I artd    : GetBestInfo: odex next to the dex file (/data/app/~~32zfW-euUumZmapXCsiMfw==/com.google.android.gms-BB5zRItgPYm45pDbJHp9zQ==/oat/x86_64/base.odex) is kOatUpToDate with filter 'speed-profile' executable 'false'
01-15 08:54:38.500 26483 26490 I eek2geeks.level: Background concurrent mark compact GC freed 3764KB AllocSpace bytes, 1(20KB) LOS objects, 49% free, 3811KB/7622KB, paused 11.693ms,7.204ms total 94.023ms
01-15 08:54:38.500  3185  4703 I artd    : GetBestInfo: odex next to the dex file (/data/app/~~32zfW-euUumZmapXCsiMfw==/com.google.android.gms-BB5zRItgPYm45pDbJHp9zQ==/oat/x86_64/split_AdsDynamite_installtime.odex) is kOatUpToDate with filter 'speed' executable 'false'
01-15 08:54:38.503  3185  4703 I artd    : GetBestInfo: odex next to the dex file (/data/app/~~32zfW-euUumZmapXCsiMfw==/com.google.android.gms-BB5zRItgPYm45pDbJHp9zQ==/oat/x86_64/split_CronetDynamite_installtime.odex) is kOatUpToDate with filter 'speed' executable 'false'
01-15 08:54:38.504  3185  4703 I artd    : GetBestInfo: odex next to the dex file (/data/app/~~32zfW-euUumZmapXCsiMfw==/com.google.android.gms-BB5zRItgPYm45pDbJHp9zQ==/oat/x86_64/split_DynamiteLoader_installtime.odex) is kOatUpToDate with filter 'speed' executable 'false'
01-15 08:54:38.507  3185  4703 I artd    : GetBestInfo: odex next to the dex file (/data/app/~~32zfW-euUumZmapXCsiMfw==/com.google.android.gms-BB5zRItgPYm45pDbJHp9zQ==/oat/x86_64/split_DynamiteModulesA_installtime.odex) is kOatUpToDate with filter 'speed' executable 'false'
01-15 08:54:38.510  3185  4703 I artd    : GetBestInfo: odex next to the dex file (/data/app/~~32zfW-euUumZmapXCsiMfw==/com.google.android.gms-BB5zRItgPYm45pDbJHp9zQ==/oat/x86_64/split_DynamiteModulesC_installtime.odex) is kOatUpToDate with filter 'speed' executable 'false'
01-15 08:54:38.511  3185  4703 I artd    : GetBestInfo: odex next to the dex file (/data/app/~~32zfW-euUumZmapXCsiMfw==/com.google.android.gms-BB5zRItgPYm45pDbJHp9zQ==/oat/x86_64/split_GoogleCertificates_installtime.odex) is kOatUpToDate with filter 'speed' executable 'false'
01-15 08:54:38.513  3185  4703 I artd    : GetBestInfo: odex next to the dex file (/data/app/~~32zfW-euUumZmapXCsiMfw==/com.google.android.gms-BB5zRItgPYm45pDbJHp9zQ==/oat/x86_64/split_MapsDynamite_installtime.odex) is kOatUpToDate with filter 'speed' executable 'false'
01-15 08:54:38.515  3185  4703 I artd    : GetBestInfo: odex next to the dex file (/data/app/~~32zfW-euUumZmapXCsiMfw==/com.google.android.gms-BB5zRItgPYm45pDbJHp9zQ==/oat/x86_64/split_MeasurementDynamite_installtime.odex) is kOatUpToDate with filter 'speed' executable 'false'
01-15 08:54:38.517  3185  4703 I artd    : GetBestInfo: odex next to the dex file (/data/app/~~32zfW-euUumZmapXCsiMfw==/com.google.android.gms-BB5zRItgPYm45pDbJHp9zQ==/oat/x86_64/split_all_locale_splits.odex) is kOatUpToDate with filter 'speed' executable 'false'
01-15 08:54:38.518  3185  4703 I artd    : GetBestInfo: /data/user_de/0/com.google.android.gms/app_chimera/m/00000008/dl-TfliteDynamiteDynamite.integ_243930802100800.apk has no usable artifacts
01-15 08:54:38.519  3185  4703 I artd    : GetBestInfo: /data/user_de/0/com.google.android.gms/app_chimera/m/00000010/dl-PlayCloudSearch.optional_254932100000.apk has no usable artifacts
01-15 08:54:38.520  3185  4703 I artd    : GetBestInfo: /data/user_de/0/com.google.android.gms/app_chimera/m/00000001/CronetDynamite.apk has no usable artifacts
01-15 08:54:38.521  3185  4703 I artd    : GetBestInfo: /data/user_de/0/com.google.android.gms/app_chimera/m/00000011/dl-VisionOcr.optional_254932100000.apk has no usable artifacts
01-15 08:54:38.522  3185  4703 I artd    : GetBestInfo: /data/user_de/0/com.google.android.gms/app_chimera/m/00000002/DynamiteLoader.apk has no usable artifacts
01-15 08:54:38.524  3185  4703 I artd    : GetBestInfo: /data/user_de/0/com.google.android.gms/app_chimera/m/0000000f/dl-MlkitOcrCommon.optional_254932100800.apk has no usable artifacts
01-15 08:54:38.525  3185  4703 I artd    : GetBestInfo: /data/user_de/0/com.google.android.gms/app_chimera/m/00000005/GoogleCertificates.apk has no usable artifacts
01-15 08:54:38.526  3185  4703 I artd    : GetBestInfo: /data/user_de/0/com.google.android.gms/app_chimera/m/0000000e/dl-MlkitBarcodeUi.optional_254932100800.apk has no usable artifacts
01-15 08:54:38.528  3185  4703 I artd    : GetBestInfo: /data/user_de/0/com.google.android.gms/app_chimera/m/0000000a/dl-VisionOcr.optional_253434100000.apk has no usable artifacts
01-15 08:54:38.529  3185  4703 I artd    : GetBestInfo: /data/user_de/0/com.google.android.gms/app_chimera/m/0000000d/dl-Appsearch.optional_254932100800.apk has no usable artifacts
01-15 08:54:38.532  3185  4703 I artd    : GetBestInfo: /data/user_de/0/com.google.android.gms/app_chimera/m/00000009/dl-MlkitOcrCommon.optional_253434100800.apk has no usable artifacts
01-15 08:54:38.534  3185  4703 I artd    : GetBestInfo: /data/user_de/0/com.google.android.gms/app_chimera/m/0000000b/dl-PlayCloudSearch.optional_253434100000.apk has no usable artifacts
01-15 08:54:38.536  3185  4703 I artd    : GetBestInfo: vdex next to the dex file (/data/user/0/com.google.android.gms/app_dg_cache/D7ECB6ECAAAB0DCD8DECD74AE43F16D2EC2B3A20/oat/x86_64/the.vdex) is kOatUpToDate with filter 'verify' executable 'false'
01-15 08:54:38.537  3185  4703 W artd    : Could not get dex checksums for location /data/app/~~bOQytt44Qr5Gb_ikif2I-Q==/com.android.vending-QpoCtcw5VYD9UTaWrMAz-A==/base.apk, fd=-1
