01-15 09:03:57.012  2190  2200 I artd    : GetBestInfo: /data/user_de/0/com.google.android.gms/app_chimera/m/0000000b/dl-PlayCloudSearch.optional_253434100000.apk has no usable artifacts
01-15 09:03:57.013  2190  2200 I artd    : GetBestInfo: vdex next to the dex file (/data/user/0/com.google.android.gms/app_dg_cache/D7ECB6ECAAAB0DCD8DECD74AE43F16D2EC2B3A20/oat/x86_64/the.vdex) is kOatUpToDate with filter 'verify' executable 'false'
01-15 09:03:57.014  2190  2200 W artd    : Could not get dex checksums for location /data/app/~~bOQytt44Qr5Gb_ikif2I-Q==/com.android.vending-QpoCtcw5VYD9UTaWrMAz-A==/base.apk, fd=-1
01-15 09:03:57.485   798   957 I HalDevMgr: bestIfaceCreationProposal is null, requestIface=STA, existingIface=[name=wlan0 type=STA]
01-15 09:04:00.009  1182  1299 D SatelliteController: iisInCarrierRoamingNbIotNtn: satellite is disabled
01-15 09:04:00.010  1182  1299 D SatelliteController: getCarrierRoamingNtnConnectType: Falling back to global carrier config connect type: 0
01-15 09:04:00.492   798   957 I HalDevMgr: bestIfaceCreationProposal is null, requestIface=STA, existingIface=[name=wlan0 type=STA]
01-15 09:04:01.886   798  1244 W ActivityTaskManager: callingPackage for (uid=2000, pid=4467) has no WPC
01-15 09:04:01.889   798  1244 V WindowManager: DesktopModeLaunchParamsModifier: phase= 0 task=null activity=null display-area-from-current-params=null display-area-from-default-fallback=DefaultTaskDisplayArea@241753104 display-id=0 task-display-area-windowing-mode=1 suggested-display-area=DefaultTaskDisplayArea@241753104 task null, skipping
01-15 09:04:01.889   798  1244 V WindowManager: TaskLaunchParamsModifier:phase=0 task=null activity=null display-area-from-current-params=null display-area-from-default-fallback=DefaultTaskDisplayArea@241753104 display-id=0 task-display-area-windowing-mode=1 suggested-display-area=DefaultTaskDisplayArea@241753104
01-15 09:04:01.893   798  1244 V GrammaticalInflectionUtils: AttributionSource: android.content.AttributionSource@55dafd6d does not have READ_SYSTEM_GRAMMATICAL_GENDER permission.
01-15 09:04:01.898   798  1244 V WindowManager: DesktopModeLaunchParamsModifier: phase= 0 task=null activity=ActivityRecord{174350128 u0 com.geek2geeks.level/.MainActivity display-area-from-current-params=null display-area-for-record=DefaultTaskDisplayArea@241753104 display-id=0 task-display-area-windowing-mode=1 suggested-display-area=DefaultTaskDisplayArea@241753104 task null, skipping
01-15 09:04:01.898   798  1244 V WindowManager: TaskLaunchParamsModifier:phase=0 task=null activity=ActivityRecord{174350128 u0 com.geek2geeks.level/.MainActivity t-1} display-area-from-current-params=null display-area-for-record=DefaultTaskDisplayArea@241753104 display-id=0 task-display-area-windowing-mode=1 suggested-display-area=DefaultTaskDisplayArea@241753104
01-15 09:04:01.898   798  1244 V WindowManager: DesktopModeLaunchParamsModifier: phase= 3 task=Task{e88d9e0 #17 type=standard A=10227:com.geek2geeks.level} activity=ActivityRecord{174350128 u0 com.geek2geeks.level/.MainActivity t-1} display-from-task=0 display-id=0 task-display-area-windowing-mode=1 suggested-display-area=DefaultTaskDisplayArea@241753104 not entering desktop mode, skipping
01-15 09:04:01.898   798  1244 V WindowManager: TaskLaunchParamsModifier:phase=3 task=Task{e88d9e0 #17 type=standard A=10227:com.geek2geeks.level} activity=ActivityRecord{174350128 u0 com.geek2geeks.level/.MainActivity t-1} display-from-task=0 display-id=0 task-display-area-windowing-mode=1 suggested-display-area=DefaultTaskDisplayArea@241753104 inherit-from-task=fullscreen non-freeform-task-display-area display-area=DefaultTaskDisplayArea@241753104 skip-bounds-fullscreen
01-15 09:04:01.900   798  1244 V WindowManager: DesktopModeLaunchParamsModifier: phase= 3 task=Task{e88d9e0 #17 type=standard A=10227:com.geek2geeks.level} activity=ActivityRecord{174350128 u0 com.geek2geeks.level/.MainActivity t-1} display-from-task=0 display-id=0 task-display-area-windowing-mode=1 suggested-display-area=DefaultTaskDisplayArea@241753104 not entering desktop mode, skipping
01-15 09:04:01.900   798  1244 V WindowManager: TaskLaunchParamsModifier:phase=3 task=Task{e88d9e0 #17 type=standard A=10227:com.geek2geeks.level} activity=ActivityRecord{174350128 u0 com.geek2geeks.level/.MainActivity t-1} display-from-task=0 display-id=0 task-display-area-windowing-mode=1 suggested-display-area=DefaultTaskDisplayArea@241753104 inherit-from-task=fullscreen non-freeform-task-display-area display-area=DefaultTaskDisplayArea@241753104 skip-bounds-fullscreen
01-15 09:04:01.905   650   661 I libbinder.BpBinder: onLastStrongRef automatically unlinking death recipients for descriptor: '(not cached)'
01-15 09:04:01.907  1053  1266 D KeyguardService: setOccluded(false)
01-15 09:04:01.907  1053  1266 D KeyguardViewMediator: setOccluded(false)
01-15 09:04:01.907  1053  1053 D KeyguardViewMediator: handleSetOccluded(false)
01-15 09:04:01.908   798  1244 I ActivityTaskManager: START u0 {act=android.intent.action.VIEW dat=level-fitness://expo-development-client/... flg=0x10000000 xflg=0x4 cmp=com.geek2geeks.level/.MainActivity} with LAUNCH_SINGLE_TASK from uid 2000 (com.android.shell) (BAL_ALLOW_PERMISSION) result code=3
01-15 09:04:01.909  1053  1053 D KeyguardViewMediator: KeyguardViewMediator queue processing message: SET_OCCLUDED
01-15 09:04:01.909   798   831 D OomAdjuster: Not killing cached processes
01-15 09:04:01.912  1053  1110 D WindowManagerShell: onActivityRestartAttempt: topActivity=ComponentInfo{com.geek2geeks.level/com.geek2geeks.level.MainActivity}, wasVisible=true, displayId=0, pipDisplayLayoutState#displayId=0
01-15 09:04:01.922  2377  2377 W unknown:BridgelessReact: ReactHost{0}.onHostPause(activity)
01-15 09:04:01.928  2377  2377 D WindowOnBackDispatcher: setTopOnBackInvokedCallback (unwrapped): null
01-15 09:04:01.929   798  1244 D CoreBackPreview: Window{e7f75ad u0 com.geek2geeks.level/com.geek2geeks.level.MainActivity}: Setting back callback null
01-15 09:04:01.957  2377  2377 W unknown:BridgelessReact: ReactHost{0}.raiseSoftException(onNewIntent(intent = "Intent { act=android.intent.action.VIEW dat=level-fitness://expo-development-client/... flg=0x10000000 xflg=0x4 cmp=com.geek2geeks.level/.MainActivity }")): Tried to access onNewIntent while context is not ready
01-15 09:04:01.958  2377  2377 E unknown:ReactHost: Unhandled SoftException
01-15 09:04:01.958  2377  2377 E unknown:ReactHost: com.facebook.react.bridge.ReactNoCrashSoftException: raiseSoftException(onNewIntent(intent = "Intent { act=android.intent.action.VIEW dat=level-fitness://expo-development-client/... flg=0x10000000 xflg=0x4 cmp=com.geek2geeks.level/.MainActivity }")): Tried to access onNewIntent while context is not ready
01-15 09:04:01.958  2377  2377 E unknown:ReactHost: 	at com.facebook.react.runtime.ReactHostImpl.raiseSoftException(ReactHostImpl.kt:787)
01-15 09:04:01.958  2377  2377 E unknown:ReactHost: 	at com.facebook.react.runtime.ReactHostImpl.raiseSoftException$default(ReactHostImpl.kt:779)
01-15 09:04:01.958  2377  2377 E unknown:ReactHost: 	at com.facebook.react.runtime.ReactHostImpl.onNewIntent(ReactHostImpl.kt:614)
01-15 09:04:01.958  2377  2377 E unknown:ReactHost: 	at com.facebook.react.ReactDelegate.onNewIntent(ReactDelegate.kt:184)
01-15 09:04:01.958  2377  2377 E unknown:ReactHost: 	at com.facebook.react.ReactActivityDelegate.onNewIntent(ReactActivityDelegate.java:232)
01-15 09:04:01.958  2377  2377 E unknown:ReactHost: 	at expo.modules.ReactActivityDelegateWrapper.onNewIntent(ReactActivityDelegateWrapper.kt:346)
01-15 09:04:01.958  2377  2377 E unknown:ReactHost: 	at com.facebook.react.ReactActivity.onNewIntent(ReactActivity.java:131)
01-15 09:04:01.958  2377  2377 E unknown:ReactHost: 	at android.app.Activity.onNewIntent(Activity.java:2526)
01-15 09:04:01.958  2377  2377 E unknown:ReactHost: 	at android.app.Activity.performNewIntent(Activity.java:9333)
01-15 09:04:01.958  2377  2377 E unknown:ReactHost: 	at android.app.Instrumentation.callActivityOnNewIntent(Instrumentation.java:1661)
01-15 09:04:01.958  2377  2377 E unknown:ReactHost: 	at android.app.Instrumentation.internalCallActivityOnNewIntent(Instrumentation.java:1682)
01-15 09:04:01.958  2377  2377 E unknown:ReactHost: 	at android.app.Instrumentation.callActivityOnNewIntent(Instrumentation.java:1670)
01-15 09:04:01.958  2377  2377 E unknown:ReactHost: 	at android.app.ActivityThread.deliverNewIntents(ActivityThread.java:4744)
01-15 09:04:01.958  2377  2377 E unknown:ReactHost: 	at android.app.ActivityThread.handleNewIntent(ActivityThread.java:4754)
01-15 09:04:01.958  2377  2377 E unknown:ReactHost: 	at android.app.servertransaction.NewIntentItem.execute(NewIntentItem.java:69)
01-15 09:04:01.958  2377  2377 E unknown:ReactHost: 	at android.app.servertransaction.ActivityTransactionItem.execute(ActivityTransactionItem.java:63)
01-15 09:04:01.958  2377  2377 E unknown:ReactHost: 	at android.app.servertransaction.TransactionExecutor.executeNonLifecycleItem(TransactionExecutor.java:133)
01-15 09:04:01.958  2377  2377 E unknown:ReactHost: 	at android.app.servertransaction.TransactionExecutor.executeTransactionItems(TransactionExecutor.java:103)
01-15 09:04:01.958  2377  2377 E unknown:ReactHost: 	at android.app.servertransaction.TransactionExecutor.execute(TransactionExecutor.java:80)
01-15 09:04:01.958  2377  2377 E unknown:ReactHost: 	at android.app.ActivityThread$H.handleMessage(ActivityThread.java:2961)
01-15 09:04:01.958  2377  2377 E unknown:ReactHost: 	at android.os.Handler.dispatchMessage(Handler.java:132)
01-15 09:04:01.958  2377  2377 E unknown:ReactHost: 	at android.os.Looper.dispatchMessage(Looper.java:333)
01-15 09:04:01.958  2377  2377 E unknown:ReactHost: 	at android.os.Looper.loopOnce(Looper.java:263)
01-15 09:04:01.958  2377  2377 E unknown:ReactHost: 	at android.os.Looper.loop(Looper.java:367)
01-15 09:04:01.958  2377  2377 E unknown:ReactHost: 	at android.app.ActivityThread.main(ActivityThread.java:9287)
01-15 09:04:01.958  2377  2377 E unknown:ReactHost: 	at java.lang.reflect.Method.invoke(Native Method)
01-15 09:04:01.958  2377  2377 E unknown:ReactHost: 	at com.android.internal.os.RuntimeInit$MethodAndArgsCaller.run(RuntimeInit.java:566)
01-15 09:04:01.958  2377  2377 E unknown:ReactHost: 	at com.android.internal.os.ZygoteInit.main(ZygoteInit.java:929)
01-15 09:04:01.959  2377  2377 W unknown:BridgelessReact: ReactHost{0}.onHostResume(activity)
01-15 09:04:01.982   798   824 V WindowManager: Unknown focus tokens, dropping reportFocusChanged
01-15 09:04:02.165   798   825 I ImeTracker: system_server:ac1a80f1: onRequestHide at ORIGIN_SERVER reason IME_REQUESTED_CHANGED_LISTENER fromUser false
01-15 09:04:02.168   798   824 I ImeTracker: system_server:ac1a80f1: onCancelled at PHASE_SERVER_SHOULD_HIDE
01-15 09:04:03.500   798   957 I HalDevMgr: bestIfaceCreationProposal is null, requestIface=STA, existingIface=[name=wlan0 type=STA]
01-15 09:04:06.506   798   957 I HalDevMgr: bestIfaceCreationProposal is null, requestIface=STA, existingIface=[name=wlan0 type=STA]
01-15 09:04:06.903  4471  4471 W libbinder.BackendUnifiedServiceManager: Thread Pool max thread count is 0. Cannot cache binder as linkToDeath cannot be implemented. serviceName: package
01-15 09:04:06.994  2190  2200 I artd    : GetBestInfo: odex next to the dex file (/data/app/~~32zfW-euUumZmapXCsiMfw==/com.google.android.gms-BB5zRItgPYm45pDbJHp9zQ==/oat/x86_64/base.odex) is kOatUpToDate with filter 'speed-profile' executable 'false'
01-15 09:04:06.996  2190  2200 I artd    : GetBestInfo: odex next to the dex file (/data/app/~~32zfW-euUumZmapXCsiMfw==/com.google.android.gms-BB5zRItgPYm45pDbJHp9zQ==/oat/x86_64/split_AdsDynamite_installtime.odex) is kOatUpToDate with filter 'speed' executable 'false'
01-15 09:04:06.998  2190  2200 I artd    : GetBestInfo: odex next to the dex file (/data/app/~~32zfW-euUumZmapXCsiMfw==/com.google.android.gms-BB5zRItgPYm45pDbJHp9zQ==/oat/x86_64/split_CronetDynamite_installtime.odex) is kOatUpToDate with filter 'speed' executable 'false'
01-15 09:04:06.999  2190  2200 I artd    : GetBestInfo: odex next to the dex file (/data/app/~~32zfW-euUumZmapXCsiMfw==/com.google.android.gms-BB5zRItgPYm45pDbJHp9zQ==/oat/x86_64/split_DynamiteLoader_installtime.odex) is kOatUpToDate with filter 'speed' executable 'false'
01-15 09:04:07.000  2190  2200 I artd    : GetBestInfo: odex next to the dex file (/data/app/~~32zfW-euUumZmapXCsiMfw==/com.google.android.gms-BB5zRItgPYm45pDbJHp9zQ==/oat/x86_64/split_DynamiteModulesA_installtime.odex) is kOatUpToDate with filter 'speed' executable 'false'
01-15 09:04:07.002  2190  2200 I artd    : GetBestInfo: odex next to the dex file (/data/app/~~32zfW-euUumZmapXCsiMfw==/com.google.android.gms-BB5zRItgPYm45pDbJHp9zQ==/oat/x86_64/split_DynamiteModulesC_installtime.odex) is kOatUpToDate with filter 'speed' executable 'false'
01-15 09:04:07.004  2190  2200 I artd    : GetBestInfo: odex next to the dex file (/data/app/~~32zfW-euUumZmapXCsiMfw==/com.google.android.gms-BB5zRItgPYm45pDbJHp9zQ==/oat/x86_64/split_GoogleCertificates_installtime.odex) is kOatUpToDate with filter 'speed' executable 'false'
01-15 09:04:07.005  2190  2200 I artd    : GetBestInfo: odex next to the dex file (/data/app/~~32zfW-euUumZmapXCsiMfw==/com.google.android.gms-BB5zRItgPYm45pDbJHp9zQ==/oat/x86_64/split_MapsDynamite_installtime.odex) is kOatUpToDate with filter 'speed' executable 'false'
01-15 09:04:07.006  2190  2200 I artd    : GetBestInfo: odex next to the dex file (/data/app/~~32zfW-euUumZmapXCsiMfw==/com.google.android.gms-BB5zRItgPYm45pDbJHp9zQ==/oat/x86_64/split_MeasurementDynamite_installtime.odex) is kOatUpToDate with filter 'speed' executable 'false'
01-15 09:04:07.008  2190  2200 I artd    : GetBestInfo: odex next to the dex file (/data/app/~~32zfW-euUumZmapXCsiMfw==/com.google.android.gms-BB5zRItgPYm45pDbJHp9zQ==/oat/x86_64/split_all_locale_splits.odex) is kOatUpToDate with filter 'speed' executable 'false'
01-15 09:04:07.009  2190  2200 I artd    : GetBestInfo: /data/user_de/0/com.google.android.gms/app_chimera/m/00000008/dl-TfliteDynamiteDynamite.integ_243930802100800.apk has no usable artifacts
01-15 09:04:07.010  2190  2200 I artd    : GetBestInfo: /data/user_de/0/com.google.android.gms/app_chimera/m/00000010/dl-PlayCloudSearch.optional_254932100000.apk has no usable artifacts
01-15 09:04:07.010  2190  2200 I artd    : GetBestInfo: /data/user_de/0/com.google.android.gms/app_chimera/m/00000001/CronetDynamite.apk has no usable artifacts
01-15 09:04:07.011  2190  2200 I artd    : GetBestInfo: /data/user_de/0/com.google.android.gms/app_chimera/m/00000011/dl-VisionOcr.optional_254932100000.apk has no usable artifacts
01-15 09:04:07.012  2190  2200 I artd    : GetBestInfo: /data/user_de/0/com.google.android.gms/app_chimera/m/00000002/DynamiteLoader.apk has no usable artifacts
01-15 09:04:07.013  2190  2200 I artd    : GetBestInfo: /data/user_de/0/com.google.android.gms/app_chimera/m/0000000f/dl-MlkitOcrCommon.optional_254932100800.apk has no usable artifacts
01-15 09:04:07.013  2190  2200 I artd    : GetBestInfo: /data/user_de/0/com.google.android.gms/app_chimera/m/00000005/GoogleCertificates.apk has no usable artifacts
01-15 09:04:07.015  2190  2200 I artd    : GetBestInfo: /data/user_de/0/com.google.android.gms/app_chimera/m/0000000e/dl-MlkitBarcodeUi.optional_254932100800.apk has no usable artifacts
01-15 09:04:07.016  2190  2200 I artd    : GetBestInfo: /data/user_de/0/com.google.android.gms/app_chimera/m/0000000a/dl-VisionOcr.optional_253434100000.apk has no usable artifacts
01-15 09:04:07.017  2190  2200 I artd    : GetBestInfo: /data/user_de/0/com.google.android.gms/app_chimera/m/0000000d/dl-Appsearch.optional_254932100800.apk has no usable artifacts
01-15 09:04:07.019  2190  2200 I artd    : GetBestInfo: /data/user_de/0/com.google.android.gms/app_chimera/m/00000009/dl-MlkitOcrCommon.optional_253434100800.apk has no usable artifacts
01-15 09:04:07.020  2190  2200 I artd    : GetBestInfo: /data/user_de/0/com.google.android.gms/app_chimera/m/0000000b/dl-PlayCloudSearch.optional_253434100000.apk has no usable artifacts
01-15 09:04:07.021  2190  2200 I artd    : GetBestInfo: vdex next to the dex file (/data/user/0/com.google.android.gms/app_dg_cache/D7ECB6ECAAAB0DCD8DECD74AE43F16D2EC2B3A20/oat/x86_64/the.vdex) is kOatUpToDate with filter 'verify' executable 'false'
01-15 09:04:07.022  2190  2200 W artd    : Could not get dex checksums for location /data/app/~~bOQytt44Qr5Gb_ikif2I-Q==/com.android.vending-QpoCtcw5VYD9UTaWrMAz-A==/base.apk, fd=-1
01-15 09:04:09.513   798   957 I HalDevMgr: bestIfaceCreationProposal is null, requestIface=STA, existingIface=[name=wlan0 type=STA]
01-15 09:04:10.009  1182  1299 D SatelliteController: iisInCarrierRoamingNbIotNtn: satellite is disabled
01-15 09:04:10.010  1182  1299 D SatelliteController: getCarrierRoamingNtnConnectType: Falling back to global carrier config connect type: 0
01-15 09:04:11.913   798   906 D ActivityManager: freezing 3580 com.google.android.apps.photos
01-15 09:04:11.915   798   963 D InetDiagMessage: Destroyed 0 sockets, proto=IPPROTO_TCP, family=AF_INET, states=14
01-15 09:04:11.916   798   963 D InetDiagMessage: Destroyed 0 sockets, proto=IPPROTO_TCP, family=AF_INET6, states=14
01-15 09:04:11.916   798   963 D InetDiagMessage: Destroyed live tcp sockets for uids={10170} in 2ms
01-15 09:04:12.521   798   957 I HalDevMgr: bestIfaceCreationProposal is null, requestIface=STA, existingIface=[name=wlan0 type=STA]
01-15 09:04:15.528   798   957 I HalDevMgr: bestIfaceCreationProposal is null, requestIface=STA, existingIface=[name=wlan0 type=STA]
01-15 09:04:16.895  4474  4474 W libbinder.BackendUnifiedServiceManager: Thread Pool max thread count is 0. Cannot cache binder as linkToDeath cannot be implemented. serviceName: package
01-15 09:04:16.983  2190  2200 I artd    : GetBestInfo: odex next to the dex file (/data/app/~~32zfW-euUumZmapXCsiMfw==/com.google.android.gms-BB5zRItgPYm45pDbJHp9zQ==/oat/x86_64/base.odex) is kOatUpToDate with filter 'speed-profile' executable 'false'
01-15 09:04:16.984  2190  2200 I artd    : GetBestInfo: odex next to the dex file (/data/app/~~32zfW-euUumZmapXCsiMfw==/com.google.android.gms-BB5zRItgPYm45pDbJHp9zQ==/oat/x86_64/split_AdsDynamite_installtime.odex) is kOatUpToDate with filter 'speed' executable 'false'
01-15 09:04:16.986  2190  2200 I artd    : GetBestInfo: odex next to the dex file (/data/app/~~32zfW-euUumZmapXCsiMfw==/com.google.android.gms-BB5zRItgPYm45pDbJHp9zQ==/oat/x86_64/split_CronetDynamite_installtime.odex) is kOatUpToDate with filter 'speed' executable 'false'
01-15 09:04:16.987  2190  2200 I artd    : GetBestInfo: odex next to the dex file (/data/app/~~32zfW-euUumZmapXCsiMfw==/com.google.android.gms-BB5zRItgPYm45pDbJHp9zQ==/oat/x86_64/split_DynamiteLoader_installtime.odex) is kOatUpToDate with filter 'speed' executable 'false'
01-15 09:04:16.988  2190  2200 I artd    : GetBestInfo: odex next to the dex file (/data/app/~~32zfW-euUumZmapXCsiMfw==/com.google.android.gms-BB5zRItgPYm45pDbJHp9zQ==/oat/x86_64/split_DynamiteModulesA_installtime.odex) is kOatUpToDate with filter 'speed' executable 'false'
01-15 09:04:16.990  2190  2200 I artd    : GetBestInfo: odex next to the dex file (/data/app/~~32zfW-euUumZmapXCsiMfw==/com.google.android.gms-BB5zRItgPYm45pDbJHp9zQ==/oat/x86_64/split_DynamiteModulesC_installtime.odex) is kOatUpToDate with filter 'speed' executable 'false'
01-15 09:04:16.991  2190  2200 I artd    : GetBestInfo: odex next to the dex file (/data/app/~~32zfW-euUumZmapXCsiMfw==/com.google.android.gms-BB5zRItgPYm45pDbJHp9zQ==/oat/x86_64/split_GoogleCertificates_installtime.odex) is kOatUpToDate with filter 'speed' executable 'false'
01-15 09:04:16.992  2190  2200 I artd    : GetBestInfo: odex next to the dex file (/data/app/~~32zfW-euUumZmapXCsiMfw==/com.google.android.gms-BB5zRItgPYm45pDbJHp9zQ==/oat/x86_64/split_MapsDynamite_installtime.odex) is kOatUpToDate with filter 'speed' executable 'false'
01-15 09:04:16.994  2190  2200 I artd    : GetBestInfo: odex next to the dex file (/data/app/~~32zfW-euUumZmapXCsiMfw==/com.google.android.gms-BB5zRItgPYm45pDbJHp9zQ==/oat/x86_64/split_MeasurementDynamite_installtime.odex) is kOatUpToDate with filter 'speed' executable 'false'
01-15 09:04:16.995  2190  2200 I artd    : GetBestInfo: odex next to the dex file (/data/app/~~32zfW-euUumZmapXCsiMfw==/com.google.android.gms-BB5zRItgPYm45pDbJHp9zQ==/oat/x86_64/split_all_locale_splits.odex) is kOatUpToDate with filter 'speed' executable 'false'
01-15 09:04:16.996  2190  2200 I artd    : GetBestInfo: /data/user_de/0/com.google.android.gms/app_chimera/m/00000008/dl-TfliteDynamiteDynamite.integ_243930802100800.apk has no usable artifacts
01-15 09:04:16.997  2190  2200 I artd    : GetBestInfo: /data/user_de/0/com.google.android.gms/app_chimera/m/00000010/dl-PlayCloudSearch.optional_254932100000.apk has no usable artifacts
01-15 09:04:16.998  2190  2200 I artd    : GetBestInfo: /data/user_de/0/com.google.android.gms/app_chimera/m/00000001/CronetDynamite.apk has no usable artifacts
01-15 09:04:16.999  2190  2200 I artd    : GetBestInfo: /data/user_de/0/com.google.android.gms/app_chimera/m/00000011/dl-VisionOcr.optional_254932100000.apk has no usable artifacts
01-15 09:04:17.000  2190  2200 I artd    : GetBestInfo: /data/user_de/0/com.google.android.gms/app_chimera/m/00000002/DynamiteLoader.apk has no usable artifacts
01-15 09:04:17.001  2190  2200 I artd    : GetBestInfo: /data/user_de/0/com.google.android.gms/app_chimera/m/0000000f/dl-MlkitOcrCommon.optional_254932100800.apk has no usable artifacts
01-15 09:04:17.001  2190  2200 I artd    : GetBestInfo: /data/user_de/0/com.google.android.gms/app_chimera/m/00000005/GoogleCertificates.apk has no usable artifacts
01-15 09:04:17.003  2190  2200 I artd    : GetBestInfo: /data/user_de/0/com.google.android.gms/app_chimera/m/0000000e/dl-MlkitBarcodeUi.optional_254932100800.apk has no usable artifacts
01-15 09:04:17.004  2190  2200 I artd    : GetBestInfo: /data/user_de/0/com.google.android.gms/app_chimera/m/0000000a/dl-VisionOcr.optional_253434100000.apk has no usable artifacts
01-15 09:04:17.005  2190  2200 I artd    : GetBestInfo: /data/user_de/0/com.google.android.gms/app_chimera/m/0000000d/dl-Appsearch.optional_254932100800.apk has no usable artifacts
01-15 09:04:17.007  2190  2200 I artd    : GetBestInfo: /data/user_de/0/com.google.android.gms/app_chimera/m/00000009/dl-MlkitOcrCommon.optional_253434100800.apk has no usable artifacts
01-15 09:04:17.008  2190  2200 I artd    : GetBestInfo: /data/user_de/0/com.google.android.gms/app_chimera/m/0000000b/dl-PlayCloudSearch.optional_253434100000.apk has no usable artifacts
01-15 09:04:17.009  2190  2200 I artd    : GetBestInfo: vdex next to the dex file (/data/user/0/com.google.android.gms/app_dg_cache/D7ECB6ECAAAB0DCD8DECD74AE43F16D2EC2B3A20/oat/x86_64/the.vdex) is kOatUpToDate with filter 'verify' executable 'false'
01-15 09:04:17.010  2190  2200 W artd    : Could not get dex checksums for location /data/app/~~bOQytt44Qr5Gb_ikif2I-Q==/com.android.vending-QpoCtcw5VYD9UTaWrMAz-A==/base.apk, fd=-1
01-15 09:04:18.534   798   957 I HalDevMgr: bestIfaceCreationProposal is null, requestIface=STA, existingIface=[name=wlan0 type=STA]
01-15 09:04:20.009  1182  1299 D SatelliteController: iisInCarrierRoamingNbIotNtn: satellite is disabled
01-15 09:04:20.010  1182  1299 D SatelliteController: getCarrierRoamingNtnConnectType: Falling back to global carrier config connect type: 0
01-15 09:04:21.542   798   957 I HalDevMgr: bestIfaceCreationProposal is null, requestIface=STA, existingIface=[name=wlan0 type=STA]
01-15 09:04:24.550   798   957 I HalDevMgr: bestIfaceCreationProposal is null, requestIface=STA, existingIface=[name=wlan0 type=STA]
01-15 09:04:26.912  4477  4477 W libbinder.BackendUnifiedServiceManager: Thread Pool max thread count is 0. Cannot cache binder as linkToDeath cannot be implemented. serviceName: package
01-15 09:04:27.001  2190  2200 I artd    : GetBestInfo: odex next to the dex file (/data/app/~~32zfW-euUumZmapXCsiMfw==/com.google.android.gms-BB5zRItgPYm45pDbJHp9zQ==/oat/x86_64/base.odex) is kOatUpToDate with filter 'speed-profile' executable 'false'
01-15 09:04:27.003  2190  2200 I artd    : GetBestInfo: odex next to the dex file (/data/app/~~32zfW-euUumZmapXCsiMfw==/com.google.android.gms-BB5zRItgPYm45pDbJHp9zQ==/oat/x86_64/split_AdsDynamite_installtime.odex) is kOatUpToDate with filter 'speed' executable 'false'
01-15 09:04:27.004  2190  2200 I artd    : GetBestInfo: odex next to the dex file (/data/app/~~32zfW-euUumZmapXCsiMfw==/com.google.android.gms-BB5zRItgPYm45pDbJHp9zQ==/oat/x86_64/split_CronetDynamite_installtime.odex) is kOatUpToDate with filter 'speed' executable 'false'
01-15 09:04:27.006  2190  2200 I artd    : GetBestInfo: odex next to the dex file (/data/app/~~32zfW-euUumZmapXCsiMfw==/com.google.android.gms-BB5zRItgPYm45pDbJHp9zQ==/oat/x86_64/split_DynamiteLoader_installtime.odex) is kOatUpToDate with filter 'speed' executable 'false'
01-15 09:04:27.008  2190  2200 I artd    : GetBestInfo: odex next to the dex file (/data/app/~~32zfW-euUumZmapXCsiMfw==/com.google.android.gms-BB5zRItgPYm45pDbJHp9zQ==/oat/x86_64/split_DynamiteModulesA_installtime.odex) is kOatUpToDate with filter 'speed' executable 'false'
01-15 09:04:27.009  2190  2200 I artd    : GetBestInfo: odex next to the dex file (/data/app/~~32zfW-euUumZmapXCsiMfw==/com.google.android.gms-BB5zRItgPYm45pDbJHp9zQ==/oat/x86_64/split_DynamiteModulesC_installtime.odex) is kOatUpToDate with filter 'speed' executable 'false'
01-15 09:04:27.011  2190  2200 I artd    : GetBestInfo: odex next to the dex file (/data/app/~~32zfW-euUumZmapXCsiMfw==/com.google.android.gms-BB5zRItgPYm45pDbJHp9zQ==/oat/x86_64/split_GoogleCertificates_installtime.odex) is kOatUpToDate with filter 'speed' executable 'false'
01-15 09:04:27.013  2190  2200 I artd    : GetBestInfo: odex next to the dex file (/data/app/~~32zfW-euUumZmapXCsiMfw==/com.google.android.gms-BB5zRItgPYm45pDbJHp9zQ==/oat/x86_64/split_MapsDynamite_installtime.odex) is kOatUpToDate with filter 'speed' executable 'false'
01-15 09:04:27.015  2190  2200 I artd    : GetBestInfo: odex next to the dex file (/data/app/~~32zfW-euUumZmapXCsiMfw==/com.google.android.gms-BB5zRItgPYm45pDbJHp9zQ==/oat/x86_64/split_MeasurementDynamite_installtime.odex) is kOatUpToDate with filter 'speed' executable 'false'
01-15 09:04:27.016  2190  2200 I artd    : GetBestInfo: odex next to the dex file (/data/app/~~32zfW-euUumZmapXCsiMfw==/com.google.android.gms-BB5zRItgPYm45pDbJHp9zQ==/oat/x86_64/split_all_locale_splits.odex) is kOatUpToDate with filter 'speed' executable 'false'
01-15 09:04:27.017  2190  2200 I artd    : GetBestInfo: /data/user_de/0/com.google.android.gms/app_chimera/m/00000008/dl-TfliteDynamiteDynamite.integ_243930802100800.apk has no usable artifacts
01-15 09:04:27.018  2190  2200 I artd    : GetBestInfo: /data/user_de/0/com.google.android.gms/app_chimera/m/00000010/dl-PlayCloudSearch.optional_254932100000.apk has no usable artifacts
01-15 09:04:27.019  2190  2200 I artd    : GetBestInfo: /data/user_de/0/com.google.android.gms/app_chimera/m/00000001/CronetDynamite.apk has no usable artifacts
01-15 09:04:27.020  2190  2200 I artd    : GetBestInfo: /data/user_de/0/com.google.android.gms/app_chimera/m/00000011/dl-VisionOcr.optional_254932100000.apk has no usable artifacts
01-15 09:04:27.020  2190  2200 I artd    : GetBestInfo: /data/user_de/0/com.google.android.gms/app_chimera/m/00000002/DynamiteLoader.apk has no usable artifacts
01-15 09:04:27.022  2190  2200 I artd    : GetBestInfo: /data/user_de/0/com.google.android.gms/app_chimera/m/0000000f/dl-MlkitOcrCommon.optional_254932100800.apk has no usable artifacts
01-15 09:04:27.022  2190  2200 I artd    : GetBestInfo: /data/user_de/0/com.google.android.gms/app_chimera/m/00000005/GoogleCertificates.apk has no usable artifacts
01-15 09:04:27.023  2190  2200 I artd    : GetBestInfo: /data/user_de/0/com.google.android.gms/app_chimera/m/0000000e/dl-MlkitBarcodeUi.optional_254932100800.apk has no usable artifacts
01-15 09:04:27.025  2190  2200 I artd    : GetBestInfo: /data/user_de/0/com.google.android.gms/app_chimera/m/0000000a/dl-VisionOcr.optional_253434100000.apk has no usable artifacts
01-15 09:04:27.026  2190  2200 I artd    : GetBestInfo: /data/user_de/0/com.google.android.gms/app_chimera/m/0000000d/dl-Appsearch.optional_254932100800.apk has no usable artifacts
01-15 09:04:27.028  2190  2200 I artd    : GetBestInfo: /data/user_de/0/com.google.android.gms/app_chimera/m/00000009/dl-MlkitOcrCommon.optional_253434100800.apk has no usable artifacts
01-15 09:04:27.029  2190  2200 I artd    : GetBestInfo: /data/user_de/0/com.google.android.gms/app_chimera/m/0000000b/dl-PlayCloudSearch.optional_253434100000.apk has no usable artifacts
01-15 09:04:27.031  2190  2200 I artd    : GetBestInfo: vdex next to the dex file (/data/user/0/com.google.android.gms/app_dg_cache/D7ECB6ECAAAB0DCD8DECD74AE43F16D2EC2B3A20/oat/x86_64/the.vdex) is kOatUpToDate with filter 'verify' executable 'false'
01-15 09:04:27.031  2190  2200 W artd    : Could not get dex checksums for location /data/app/~~bOQytt44Qr5Gb_ikif2I-Q==/com.android.vending-QpoCtcw5VYD9UTaWrMAz-A==/base.apk, fd=-1
01-15 09:04:27.557   798   957 I HalDevMgr: bestIfaceCreationProposal is null, requestIface=STA, existingIface=[name=wlan0 type=STA]
01-15 09:04:30.010  1182  1299 D SatelliteController: iisInCarrierRoamingNbIotNtn: satellite is disabled
01-15 09:04:30.010  1182  1299 D SatelliteController: getCarrierRoamingNtnConnectType: Falling back to global carrier config connect type: 0
01-15 09:04:30.566   798   957 I HalDevMgr: bestIfaceCreationProposal is null, requestIface=STA, existingIface=[name=wlan0 type=STA]
01-15 09:04:33.575   798   957 I HalDevMgr: bestIfaceCreationProposal is null, requestIface=STA, existingIface=[name=wlan0 type=STA]
01-15 09:04:36.583   798   957 I HalDevMgr: bestIfaceCreationProposal is null, requestIface=STA, existingIface=[name=wlan0 type=STA]
01-15 09:04:36.927  4480  4480 W libbinder.BackendUnifiedServiceManager: Thread Pool max thread count is 0. Cannot cache binder as linkToDeath cannot be implemented. serviceName: package
01-15 09:04:37.010  2190  2200 I artd    : GetBestInfo: odex next to the dex file (/data/app/~~32zfW-euUumZmapXCsiMfw==/com.google.android.gms-BB5zRItgPYm45pDbJHp9zQ==/oat/x86_64/base.odex) is kOatUpToDate with filter 'speed-profile' executable 'false'
01-15 09:04:37.012  2190  2199 I artd    : GetBestInfo: odex next to the dex file (/data/app/~~32zfW-euUumZmapXCsiMfw==/com.google.android.gms-BB5zRItgPYm45pDbJHp9zQ==/oat/x86_64/split_AdsDynamite_installtime.odex) is kOatUpToDate with filter 'speed' executable 'false'
01-15 09:04:37.014  2190  2199 I artd    : GetBestInfo: odex next to the dex file (/data/app/~~32zfW-euUumZmapXCsiMfw==/com.google.android.gms-BB5zRItgPYm45pDbJHp9zQ==/oat/x86_64/split_CronetDynamite_installtime.odex) is kOatUpToDate with filter 'speed' executable 'false'
01-15 09:04:37.016  2190  2199 I artd    : GetBestInfo: odex next to the dex file (/data/app/~~32zfW-euUumZmapXCsiMfw==/com.google.android.gms-BB5zRItgPYm45pDbJHp9zQ==/oat/x86_64/split_DynamiteLoader_installtime.odex) is kOatUpToDate with filter 'speed' executable 'false'
01-15 09:04:37.017  2190  2199 I artd    : GetBestInfo: odex next to the dex file (/data/app/~~32zfW-euUumZmapXCsiMfw==/com.google.android.gms-BB5zRItgPYm45pDbJHp9zQ==/oat/x86_64/split_DynamiteModulesA_installtime.odex) is kOatUpToDate with filter 'speed' executable 'false'
01-15 09:04:37.018  2190  2199 I artd    : GetBestInfo: odex next to the dex file (/data/app/~~32zfW-euUumZmapXCsiMfw==/com.google.android.gms-BB5zRItgPYm45pDbJHp9zQ==/oat/x86_64/split_DynamiteModulesC_installtime.odex) is kOatUpToDate with filter 'speed' executable 'false'
01-15 09:04:37.019  2190  2199 I artd    : GetBestInfo: odex next to the dex file (/data/app/~~32zfW-euUumZmapXCsiMfw==/com.google.android.gms-BB5zRItgPYm45pDbJHp9zQ==/oat/x86_64/split_GoogleCertificates_installtime.odex) is kOatUpToDate with filter 'speed' executable 'false'
01-15 09:04:37.021  2190  2199 I artd    : GetBestInfo: odex next to the dex file (/data/app/~~32zfW-euUumZmapXCsiMfw==/com.google.android.gms-BB5zRItgPYm45pDbJHp9zQ==/oat/x86_64/split_MapsDynamite_installtime.odex) is kOatUpToDate with filter 'speed' executable 'false'
01-15 09:04:37.022  2190  2199 I artd    : GetBestInfo: odex next to the dex file (/data/app/~~32zfW-euUumZmapXCsiMfw==/com.google.android.gms-BB5zRItgPYm45pDbJHp9zQ==/oat/x86_64/split_MeasurementDynamite_installtime.odex) is kOatUpToDate with filter 'speed' executable 'false'
01-15 09:04:37.023  2190  2199 I artd    : GetBestInfo: odex next to the dex file (/data/app/~~32zfW-euUumZmapXCsiMfw==/com.google.android.gms-BB5zRItgPYm45pDbJHp9zQ==/oat/x86_64/split_all_locale_splits.odex) is kOatUpToDate with filter 'speed' executable 'false'
01-15 09:04:37.024  2190  2199 I artd    : GetBestInfo: /data/user_de/0/com.google.android.gms/app_chimera/m/00000008/dl-TfliteDynamiteDynamite.integ_243930802100800.apk has no usable artifacts
01-15 09:04:37.025  2190  2199 I artd    : GetBestInfo: /data/user_de/0/com.google.android.gms/app_chimera/m/00000010/dl-PlayCloudSearch.optional_254932100000.apk has no usable artifacts
01-15 09:04:37.026  2190  2199 I artd    : GetBestInfo: /data/user_de/0/com.google.android.gms/app_chimera/m/00000001/CronetDynamite.apk has no usable artifacts
01-15 09:04:37.027  2190  2199 I artd    : GetBestInfo: /data/user_de/0/com.google.android.gms/app_chimera/m/00000011/dl-VisionOcr.optional_254932100000.apk has no usable artifacts
01-15 09:04:37.027  2190  2199 I artd    : GetBestInfo: /data/user_de/0/com.google.android.gms/app_chimera/m/00000002/DynamiteLoader.apk has no usable artifacts
01-15 09:04:37.028  2190  2199 I artd    : GetBestInfo: /data/user_de/0/com.google.android.gms/app_chimera/m/0000000f/dl-MlkitOcrCommon.optional_254932100800.apk has no usable artifacts
01-15 09:04:37.029  2190  2199 I artd    : GetBestInfo: /data/user_de/0/com.google.android.gms/app_chimera/m/00000005/GoogleCertificates.apk has no usable artifacts
01-15 09:04:37.030  2190  2199 I artd    : GetBestInfo: /data/user_de/0/com.google.android.gms/app_chimera/m/0000000e/dl-MlkitBarcodeUi.optional_254932100800.apk has no usable artifacts
01-15 09:04:37.031  2190  2199 I artd    : GetBestInfo: /data/user_de/0/com.google.android.gms/app_chimera/m/0000000a/dl-VisionOcr.optional_253434100000.apk has no usable artifacts
01-15 09:04:37.033  2190  2199 I artd    : GetBestInfo: /data/user_de/0/com.google.android.gms/app_chimera/m/0000000d/dl-Appsearch.optional_254932100800.apk has no usable artifacts
01-15 09:04:37.034  2190  2199 I artd    : GetBestInfo: /data/user_de/0/com.google.android.gms/app_chimera/m/00000009/dl-MlkitOcrCommon.optional_253434100800.apk has no usable artifacts
01-15 09:04:37.036  2190  2199 I artd    : GetBestInfo: /data/user_de/0/com.google.android.gms/app_chimera/m/0000000b/dl-PlayCloudSearch.optional_253434100000.apk has no usable artifacts
01-15 09:04:37.037  2190  2199 I artd    : GetBestInfo: vdex next to the dex file (/data/user/0/com.google.android.gms/app_dg_cache/D7ECB6ECAAAB0DCD8DECD74AE43F16D2EC2B3A20/oat/x86_64/the.vdex) is kOatUpToDate with filter 'verify' executable 'false'
01-15 09:04:37.037  2190  2199 W artd    : Could not get dex checksums for location /data/app/~~bOQytt44Qr5Gb_ikif2I-Q==/com.android.vending-QpoCtcw5VYD9UTaWrMAz-A==/base.apk, fd=-1
01-15 09:04:39.141  4485  4485 W libbinder.BackendUnifiedServiceManager: Thread Pool max thread count is 0. Cannot cache binder as linkToDeath cannot be implemented. serviceName: SurfaceFlingerAIDL
01-15 09:04:39.141  4485  4485 W libbinder.BpBinder: Linking to death on android.gui.ISurfaceComposer but there are no threads (yet?) listening to incoming transactions. See ProcessState::startThreadPool and ProcessState::setThreadPoolMaxThreadCount. Generally you should setup the binder threadpool before other initialization steps.
01-15 09:04:39.142  4485  4485 W libbinder.ProcessState: Extra binder thread started, but 0 threads requested. Do not use *startThreadPool when zero threads are requested.
01-15 09:04:39.589   798   957 I HalDevMgr: bestIfaceCreationProposal is null, requestIface=STA, existingIface=[name=wlan0 type=STA]
01-15 09:04:40.010  1182  1299 D SatelliteController: iisInCarrierRoamingNbIotNtn: satellite is disabled
01-15 09:04:40.010  1182  1299 D SatelliteController: getCarrierRoamingNtnConnectType: Falling back to global carrier config connect type: 0
01-15 09:04:42.597   798   957 I HalDevMgr: bestIfaceCreationProposal is null, requestIface=STA, existingIface=[name=wlan0 type=STA]
01-15 09:04:45.605   798   957 I HalDevMgr: bestIfaceCreationProposal is null, requestIface=STA, existingIface=[name=wlan0 type=STA]
01-15 09:04:46.942  4487  4487 W libbinder.BackendUnifiedServiceManager: Thread Pool max thread count is 0. Cannot cache binder as linkToDeath cannot be implemented. serviceName: package
01-15 09:04:47.042  2190  2199 I artd    : GetBestInfo: odex next to the dex file (/data/app/~~32zfW-euUumZmapXCsiMfw==/com.google.android.gms-BB5zRItgPYm45pDbJHp9zQ==/oat/x86_64/base.odex) is kOatUpToDate with filter 'speed-profile' executable 'false'
01-15 09:04:47.045  2190  2199 I artd    : GetBestInfo: odex next to the dex file (/data/app/~~32zfW-euUumZmapXCsiMfw==/com.google.android.gms-BB5zRItgPYm45pDbJHp9zQ==/oat/x86_64/split_AdsDynamite_installtime.odex) is kOatUpToDate with filter 'speed' executable 'false'
01-15 09:04:47.046  2190  2199 I artd    : GetBestInfo: odex next to the dex file (/data/app/~~32zfW-euUumZmapXCsiMfw==/com.google.android.gms-BB5zRItgPYm45pDbJHp9zQ==/oat/x86_64/split_CronetDynamite_installtime.odex) is kOatUpToDate with filter 'speed' executable 'false'
01-15 09:04:47.048  2190  2199 I artd    : GetBestInfo: odex next to the dex file (/data/app/~~32zfW-euUumZmapXCsiMfw==/com.google.android.gms-BB5zRItgPYm45pDbJHp9zQ==/oat/x86_64/split_DynamiteLoader_installtime.odex) is kOatUpToDate with filter 'speed' executable 'false'
01-15 09:04:47.049  2190  2199 I artd    : GetBestInfo: odex next to the dex file (/data/app/~~32zfW-euUumZmapXCsiMfw==/com.google.android.gms-BB5zRItgPYm45pDbJHp9zQ==/oat/x86_64/split_DynamiteModulesA_installtime.odex) is kOatUpToDate with filter 'speed' executable 'false'
01-15 09:04:47.051  2190  2199 I artd    : GetBestInfo: odex next to the dex file (/data/app/~~32zfW-euUumZmapXCsiMfw==/com.google.android.gms-BB5zRItgPYm45pDbJHp9zQ==/oat/x86_64/split_DynamiteModulesC_installtime.odex) is kOatUpToDate with filter 'speed' executable 'false'
01-15 09:04:47.052  2190  2199 I artd    : GetBestInfo: odex next to the dex file (/data/app/~~32zfW-euUumZmapXCsiMfw==/com.google.android.gms-BB5zRItgPYm45pDbJHp9zQ==/oat/x86_64/split_GoogleCertificates_installtime.odex) is kOatUpToDate with filter 'speed' executable 'false'
01-15 09:04:47.053  2190  2199 I artd    : GetBestInfo: odex next to the dex file (/data/app/~~32zfW-euUumZmapXCsiMfw==/com.google.android.gms-BB5zRItgPYm45pDbJHp9zQ==/oat/x86_64/split_MapsDynamite_installtime.odex) is kOatUpToDate with filter 'speed' executable 'false'
01-15 09:04:47.055  2190  2199 I artd    : GetBestInfo: odex next to the dex file (/data/app/~~32zfW-euUumZmapXCsiMfw==/com.google.android.gms-BB5zRItgPYm45pDbJHp9zQ==/oat/x86_64/split_MeasurementDynamite_installtime.odex) is kOatUpToDate with filter 'speed' executable 'false'
01-15 09:04:47.056  2190  2199 I artd    : GetBestInfo: odex next to the dex file (/data/app/~~32zfW-euUumZmapXCsiMfw==/com.google.android.gms-BB5zRItgPYm45pDbJHp9zQ==/oat/x86_64/split_all_locale_splits.odex) is kOatUpToDate with filter 'speed' executable 'false'
01-15 09:04:47.057  2190  2199 I artd    : GetBestInfo: /data/user_de/0/com.google.android.gms/app_chimera/m/00000008/dl-TfliteDynamiteDynamite.integ_243930802100800.apk has no usable artifacts
01-15 09:04:47.058  2190  2199 I artd    : GetBestInfo: /data/user_de/0/com.google.android.gms/app_chimera/m/00000010/dl-PlayCloudSearch.optional_254932100000.apk has no usable artifacts
01-15 09:04:47.059  2190  2199 I artd    : GetBestInfo: /data/user_de/0/com.google.android.gms/app_chimera/m/00000001/CronetDynamite.apk has no usable artifacts
01-15 09:04:47.060  2190  2199 I artd    : GetBestInfo: /data/user_de/0/com.google.android.gms/app_chimera/m/00000011/dl-VisionOcr.optional_254932100000.apk has no usable artifacts
01-15 09:04:47.061  2190  2199 I artd    : GetBestInfo: /data/user_de/0/com.google.android.gms/app_chimera/m/00000002/DynamiteLoader.apk has no usable artifacts
01-15 09:04:47.062  2190  2199 I artd    : GetBestInfo: /data/user_de/0/com.google.android.gms/app_chimera/m/0000000f/dl-MlkitOcrCommon.optional_254932100800.apk has no usable artifacts
01-15 09:04:47.062  2190  2199 I artd    : GetBestInfo: /data/user_de/0/com.google.android.gms/app_chimera/m/00000005/GoogleCertificates.apk has no usable artifacts
01-15 09:04:47.064  2190  2199 I artd    : GetBestInfo: /data/user_de/0/com.google.android.gms/app_chimera/m/0000000e/dl-MlkitBarcodeUi.optional_254932100800.apk has no usable artifacts
01-15 09:04:47.065  2190  2199 I artd    : GetBestInfo: /data/user_de/0/com.google.android.gms/app_chimera/m/0000000a/dl-VisionOcr.optional_253434100000.apk has no usable artifacts
01-15 09:04:47.066  2190  2199 I artd    : GetBestInfo: /data/user_de/0/com.google.android.gms/app_chimera/m/0000000d/dl-Appsearch.optional_254932100800.apk has no usable artifacts
01-15 09:04:47.068  2190  2199 I artd    : GetBestInfo: /data/user_de/0/com.google.android.gms/app_chimera/m/00000009/dl-MlkitOcrCommon.optional_253434100800.apk has no usable artifacts
01-15 09:04:47.069  2190  2199 I artd    : GetBestInfo: /data/user_de/0/com.google.android.gms/app_chimera/m/0000000b/dl-PlayCloudSearch.optional_253434100000.apk has no usable artifacts
01-15 09:04:47.071  2190  2199 I artd    : GetBestInfo: vdex next to the dex file (/data/user/0/com.google.android.gms/app_dg_cache/D7ECB6ECAAAB0DCD8DECD74AE43F16D2EC2B3A20/oat/x86_64/the.vdex) is kOatUpToDate with filter 'verify' executable 'false'
01-15 09:04:47.071  2190  2199 W artd    : Could not get dex checksums for location /data/app/~~bOQytt44Qr5Gb_ikif2I-Q==/com.android.vending-QpoCtcw5VYD9UTaWrMAz-A==/base.apk, fd=-1
01-15 09:04:48.613   798   957 I HalDevMgr: bestIfaceCreationProposal is null, requestIface=STA, existingIface=[name=wlan0 type=STA]
01-15 09:04:50.010  1182  1299 D SatelliteController: iisInCarrierRoamingNbIotNtn: satellite is disabled
01-15 09:04:50.010  1182  1299 D SatelliteController: getCarrierRoamingNtnConnectType: Falling back to global carrier config connect type: 0
01-15 09:04:51.621   798   957 I HalDevMgr: bestIfaceCreationProposal is null, requestIface=STA, existingIface=[name=wlan0 type=STA]
01-15 09:04:54.095   798   798 I ResourceTimer: GetResourceValue count=4222 pvalues=14000,49000,86000,380000
01-15 09:04:54.095   798   798 I ResourceTimer: RetrieveAttributes count=4888 pvalues=16000,57000,84000,540000
01-15 09:04:54.627   798   957 I HalDevMgr: bestIfaceCreationProposal is null, requestIface=STA, existingIface=[name=wlan0 type=STA]
01-15 09:04:56.952  4490  4490 W libbinder.BackendUnifiedServiceManager: Thread Pool max thread count is 0. Cannot cache binder as linkToDeath cannot be implemented. serviceName: package
01-15 09:04:57.048  2190  2199 I artd    : GetBestInfo: odex next to the dex file (/data/app/~~32zfW-euUumZmapXCsiMfw==/com.google.android.gms-BB5zRItgPYm45pDbJHp9zQ==/oat/x86_64/base.odex) is kOatUpToDate with filter 'speed-profile' executable 'false'
01-15 09:04:57.049  2190  2199 I artd    : GetBestInfo: odex next to the dex file (/data/app/~~32zfW-euUumZmapXCsiMfw==/com.google.android.gms-BB5zRItgPYm45pDbJHp9zQ==/oat/x86_64/split_AdsDynamite_installtime.odex) is kOatUpToDate with filter 'speed' executable 'false'
01-15 09:04:57.050  2190  2199 I artd    : GetBestInfo: odex next to the dex file (/data/app/~~32zfW-euUumZmapXCsiMfw==/com.google.android.gms-BB5zRItgPYm45pDbJHp9zQ==/oat/x86_64/split_CronetDynamite_installtime.odex) is kOatUpToDate with filter 'speed' executable 'false'
01-15 09:04:57.051  2190  2200 I artd    : GetBestInfo: odex next to the dex file (/data/app/~~32zfW-euUumZmapXCsiMfw==/com.google.android.gms-BB5zRItgPYm45pDbJHp9zQ==/oat/x86_64/split_DynamiteLoader_installtime.odex) is kOatUpToDate with filter 'speed' executable 'false'
01-15 09:04:57.053  2190  2200 I artd    : GetBestInfo: odex next to the dex file (/data/app/~~32zfW-euUumZmapXCsiMfw==/com.google.android.gms-BB5zRItgPYm45pDbJHp9zQ==/oat/x86_64/split_DynamiteModulesA_installtime.odex) is kOatUpToDate with filter 'speed' executable 'false'
01-15 09:04:57.054  2190  2200 I artd    : GetBestInfo: odex next to the dex file (/data/app/~~32zfW-euUumZmapXCsiMfw==/com.google.android.gms-BB5zRItgPYm45pDbJHp9zQ==/oat/x86_64/split_DynamiteModulesC_installtime.odex) is kOatUpToDate with filter 'speed' executable 'false'
01-15 09:04:57.055  2190  2200 I artd    : GetBestInfo: odex next to the dex file (/data/app/~~32zfW-euUumZmapXCsiMfw==/com.google.android.gms-BB5zRItgPYm45pDbJHp9zQ==/oat/x86_64/split_GoogleCertificates_installtime.odex) is kOatUpToDate with filter 'speed' executable 'false'
01-15 09:04:57.057  2190  2200 I artd    : GetBestInfo: odex next to the dex file (/data/app/~~32zfW-euUumZmapXCsiMfw==/com.google.android.gms-BB5zRItgPYm45pDbJHp9zQ==/oat/x86_64/split_MapsDynamite_installtime.odex) is kOatUpToDate with filter 'speed' executable 'false'
01-15 09:04:57.059  2190  2200 I artd    : GetBestInfo: odex next to the dex file (/data/app/~~32zfW-euUumZmapXCsiMfw==/com.google.android.gms-BB5zRItgPYm45pDbJHp9zQ==/oat/x86_64/split_MeasurementDynamite_installtime.odex) is kOatUpToDate with filter 'speed' executable 'false'
01-15 09:04:57.060  2190  2200 I artd    : GetBestInfo: odex next to the dex file (/data/app/~~32zfW-euUumZmapXCsiMfw==/com.google.android.gms-BB5zRItgPYm45pDbJHp9zQ==/oat/x86_64/split_all_locale_splits.odex) is kOatUpToDate with filter 'speed' executable 'false'
01-15 09:04:57.061  2190  2200 I artd    : GetBestInfo: /data/user_de/0/com.google.android.gms/app_chimera/m/00000008/dl-TfliteDynamiteDynamite.integ_243930802100800.apk has no usable artifacts
01-15 09:04:57.062  2190  2200 I artd    : GetBestInfo: /data/user_de/0/com.google.android.gms/app_chimera/m/00000010/dl-PlayCloudSearch.optional_254932100000.apk has no usable artifacts
01-15 09:04:57.063  2190  2200 I artd    : GetBestInfo: /data/user_de/0/com.google.android.gms/app_chimera/m/00000001/CronetDynamite.apk has no usable artifacts
01-15 09:04:57.064  2190  2200 I artd    : GetBestInfo: /data/user_de/0/com.google.android.gms/app_chimera/m/00000011/dl-VisionOcr.optional_254932100000.apk has no usable artifacts
01-15 09:04:57.064  2190  2200 I artd    : GetBestInfo: /data/user_de/0/com.google.android.gms/app_chimera/m/00000002/DynamiteLoader.apk has no usable artifacts
01-15 09:04:57.066  2190  2200 I artd    : GetBestInfo: /data/user_de/0/com.google.android.gms/app_chimera/m/0000000f/dl-MlkitOcrCommon.optional_254932100800.apk has no usable artifacts
01-15 09:04:57.066  2190  2200 I artd    : GetBestInfo: /data/user_de/0/com.google.android.gms/app_chimera/m/00000005/GoogleCertificates.apk has no usable artifacts
01-15 09:04:57.068  2190  2200 I artd    : GetBestInfo: /data/user_de/0/com.google.android.gms/app_chimera/m/0000000e/dl-MlkitBarcodeUi.optional_254932100800.apk has no usable artifacts
01-15 09:04:57.069  2190  2200 I artd    : GetBestInfo: /data/user_de/0/com.google.android.gms/app_chimera/m/0000000a/dl-VisionOcr.optional_253434100000.apk has no usable artifacts
01-15 09:04:57.070  2190  2200 I artd    : GetBestInfo: /data/user_de/0/com.google.android.gms/app_chimera/m/0000000d/dl-Appsearch.optional_254932100800.apk has no usable artifacts
01-15 09:04:57.072  2190  2200 I artd    : GetBestInfo: /data/user_de/0/com.google.android.gms/app_chimera/m/00000009/dl-MlkitOcrCommon.optional_253434100800.apk has no usable artifacts
01-15 09:04:57.073  2190  2200 I artd    : GetBestInfo: /data/user_de/0/com.google.android.gms/app_chimera/m/0000000b/dl-PlayCloudSearch.optional_253434100000.apk has no usable artifacts
01-15 09:04:57.075  2190  2200 I artd    : GetBestInfo: vdex next to the dex file (/data/user/0/com.google.android.gms/app_dg_cache/D7ECB6ECAAAB0DCD8DECD74AE43F16D2EC2B3A20/oat/x86_64/the.vdex) is kOatUpToDate with filter 'verify' executable 'false'
01-15 09:04:57.075  2190  2200 W artd    : Could not get dex checksums for location /data/app/~~bOQytt44Qr5Gb_ikif2I-Q==/com.android.vending-QpoCtcw5VYD9UTaWrMAz-A==/base.apk, fd=-1
01-15 09:04:57.634   798   957 I HalDevMgr: bestIfaceCreationProposal is null, requestIface=STA, existingIface=[name=wlan0 type=STA]
01-15 09:05:00.010  1182  1299 D SatelliteController: iisInCarrierRoamingNbIotNtn: satellite is disabled
01-15 09:05:00.010  1182  1299 D SatelliteController: getCarrierRoamingNtnConnectType: Falling back to global carrier config connect type: 0
01-15 09:05:00.641   798   957 I HalDevMgr: bestIfaceCreationProposal is null, requestIface=STA, existingIface=[name=wlan0 type=STA]
01-15 09:05:01.148   798   823 D AppOpHistoryDbHelper: getRecentlyUsedPackageNames sql: SELECT DISTINCT package_name FROM app_op_accesses WHERE access_time + (CASE WHEN access_duration = -1 THEN 0 ELSE access_duration END) >= ?  AND access_time <= ?  AND (op_flags & ? ) != 0 AND op_code IN  ( 0, 1, 25, 26, 27, 120, 136, 149, 150, 152 )
01-15 09:05:01.148   798   823 D AppOpHistoryQueryHelper: No binding for In operator
01-15 09:05:01.150   798   823 D AppOpHistoryDbHelper: Read 2 packages from app_op_history_short_interval.db
