01-15 09:00:34.464  2505  2968 E BugleRcs: 	at crrr.a(PG:54)
01-15 09:00:34.464  2505  2968 E BugleRcs: 	at kol.a(PG:19)
01-15 09:00:34.464  2505  2968 E BugleRcs: 	at crrs.a(PG:14)
01-15 09:00:34.464  2505  2968 E BugleRcs: 	at eiht.a(PG:13)
01-15 09:00:34.464  2505  2968 E BugleRcs: 	at eota.a(PG:3)
01-15 09:00:34.464  2505  2968 E BugleRcs: 	at eory.run(PG:19)
01-15 09:00:34.464  2505  2968 E BugleRcs: 	at eotc.run(PG:5)
01-15 09:00:34.464  2505  2968 E BugleRcs: 	at dqkn.run(PG:7)
01-15 09:00:34.464  2505  2968 E BugleRcs: 	at java.util.concurrent.ThreadPoolExecutor.runWorker(ThreadPoolExecutor.java:1154)
01-15 09:00:34.464  2505  2968 E BugleRcs: 	at java.util.concurrent.ThreadPoolExecutor$Worker.run(ThreadPoolExecutor.java:652)
01-15 09:00:34.464  2505  2968 E BugleRcs: 	at dqju.run(PG:6)
01-15 09:00:34.464  2505  2968 E BugleRcs: 	at java.lang.Thread.run(Thread.java:1563)
01-15 09:00:34.464  2505  2968 E BugleRcs: 	at dqlo.run(PG:61)
01-15 09:00:34.872  2377  2795 E unknown:ReactNative: Exception in native call
01-15 09:00:34.872  2377  2795 E unknown:ReactNative: java.lang.RuntimeException: Unable to load script.
01-15 09:00:34.872  2377  2795 E unknown:ReactNative: 
01-15 09:00:34.872  2377  2795 E unknown:ReactNative: Make sure you're running Metro or that your bundle 'index.android.bundle' is packaged correctly for release.
01-15 09:00:34.872  2377  2795 E unknown:ReactNative: 
01-15 09:00:34.872  2377  2795 E unknown:ReactNative: The device must either be USB connected (with bundler set to "localhost:8081") or be on the same Wi-Fi network as your computer (with bundler set to your computer IP) to connect to Metro.
01-15 09:00:34.872  2377  2795 E unknown:ReactNative: 
01-15 09:00:34.872  2377  2795 E unknown:ReactNative: If you're using USB on a physical device, make sure you also run this command:
01-15 09:00:34.872  2377  2795 E unknown:ReactNative:   adb reverse tcp:8081 tcp:8081
01-15 09:00:34.872  2377  2795 E unknown:ReactNative: 	at com.facebook.react.runtime.ReactInstance.loadJSBundleFromAssets(Native Method)
01-15 09:00:34.872  2377  2795 E unknown:ReactNative: 	at com.facebook.react.runtime.ReactInstance.access$loadJSBundleFromAssets(ReactInstance.kt:85)
01-15 09:00:34.872  2377  2795 E unknown:ReactNative: 	at com.facebook.react.runtime.ReactInstance$loadJSBundle$1.loadScriptFromAssets(ReactInstance.kt:314)
01-15 09:00:34.872  2377  2795 E unknown:ReactNative: 	at com.facebook.react.bridge.JSBundleLoader$Companion$createAssetLoader$1.loadScript(JSBundleLoader.kt:33)
01-15 09:00:34.872  2377  2795 E unknown:ReactNative: 	at com.facebook.react.runtime.ReactInstance.loadJSBundle(ReactInstance.kt:293)
01-15 09:00:34.872  2377  2795 E unknown:ReactNative: 	at com.facebook.react.runtime.ReactHostImpl.getOrCreateReactInstanceTask$lambda$41$lambda$38(ReactHostImpl.kt:939)
01-15 09:00:34.872  2377  2795 E unknown:ReactNative: 	at com.facebook.react.runtime.ReactHostImpl.$r8$lambda$LQY77bFECGrnkUqd7Ku55sJ721A(Unknown Source:0)
01-15 09:00:34.872  2377  2795 E unknown:ReactNative: 	at com.facebook.react.runtime.ReactHostImpl$$ExternalSyntheticLambda22.then(D8$$SyntheticClass:0)
01-15 09:00:34.872  2377  2795 E unknown:ReactNative: 	at com.facebook.react.runtime.internal.bolts.Task$Companion.completeImmediately$lambda$3(Task.kt:356)
01-15 09:00:34.872  2377  2795 E unknown:ReactNative: 	at com.facebook.react.runtime.internal.bolts.Task$Companion.$r8$lambda$b7MTC0ufkn_2TjF4BGcNqGR9qK0(Unknown Source:0)
01-15 09:00:34.872  2377  2795 E unknown:ReactNative: 	at com.facebook.react.runtime.internal.bolts.Task$Companion$$ExternalSyntheticLambda3.run(D8$$SyntheticClass:0)
01-15 09:00:34.872  2377  2795 E unknown:ReactNative: 	at com.facebook.react.runtime.internal.bolts.Executors$ImmediateExecutor.execute(Executors.kt:41)
01-15 09:00:34.872  2377  2795 E unknown:ReactNative: 	at com.facebook.react.runtime.internal.bolts.Task$Companion.completeImmediately(Task.kt:354)
01-15 09:00:34.872  2377  2795 E unknown:ReactNative: 	at com.facebook.react.runtime.internal.bolts.Task$Companion.access$completeImmediately(Task.kt:250)
01-15 09:00:34.872  2377  2795 E unknown:ReactNative: 	at com.facebook.react.runtime.internal.bolts.Task.continueWith(Task.kt:132)
01-15 09:00:34.872  2377  2795 E unknown:ReactNative: 	at com.facebook.react.runtime.internal.bolts.Task.continueWith$default(Task.kt:117)
01-15 09:00:34.872  2377  2795 E unknown:ReactNative: 	at com.facebook.react.runtime.internal.bolts.Task.onSuccess$lambda$12(Task.kt:174)
01-15 09:00:34.872  2377  2795 E unknown:ReactNative: 	at com.facebook.react.runtime.internal.bolts.Task.$r8$lambda$l0wwo5AvbHxlwfI1R7CH_codxoo(Unknown Source:0)
01-15 09:00:34.872  2377  2795 E unknown:ReactNative: 	at com.facebook.react.runtime.internal.bolts.Task$$ExternalSyntheticLambda2.then(D8$$SyntheticClass:0)
01-15 09:00:34.872  2377  2795 E unknown:ReactNative: 	at com.facebook.react.runtime.internal.bolts.Task$Companion.completeAfterTask$lambda$5(Task.kt:390)
01-15 09:00:34.872  2377  2795 E unknown:ReactNative: 	at com.facebook.react.runtime.internal.bolts.Task$Companion.$r8$lambda$IPpysnehFwANEiW061YzapkMdoE(Unknown Source:0)
01-15 09:00:34.872  2377  2795 E unknown:ReactNative: 	at com.facebook.react.runtime.internal.bolts.Task$Companion$$ExternalSyntheticLambda4.run(D8$$SyntheticClass:0)
01-15 09:00:34.872  2377  2795 E unknown:ReactNative: 	at java.util.concurrent.ThreadPoolExecutor.runWorker(ThreadPoolExecutor.java:1154)
01-15 09:00:34.872  2377  2795 E unknown:ReactNative: 	at java.util.concurrent.ThreadPoolExecutor$Worker.run(ThreadPoolExecutor.java:652)
01-15 09:00:34.872  2377  2795 E unknown:ReactNative: 	at java.lang.Thread.run(Thread.java:1563)
01-15 09:00:34.876  2377  2795 E unknown:ReactHost: Unhandled SoftException
01-15 09:00:34.876  2377  2795 E unknown:ReactHost: com.facebook.react.bridge.ReactNoCrashSoftException: raiseSoftException(getOrCreateDestroyTask()): handleHostException(message = "Unable to load script.
01-15 09:00:34.876  2377  2795 E unknown:ReactHost: 
01-15 09:00:34.876  2377  2795 E unknown:ReactHost: Make sure you're running Metro or that your bundle 'index.android.bundle' is packaged correctly for release.
01-15 09:00:34.876  2377  2795 E unknown:ReactHost: 
01-15 09:00:34.876  2377  2795 E unknown:ReactHost: The device must either be USB connected (with bundler set to "localhost:8081") or be on the same Wi-Fi network as your computer (with bundler set to your computer IP) to connect to Metro.
01-15 09:00:34.876  2377  2795 E unknown:ReactHost: 
01-15 09:00:34.876  2377  2795 E unknown:ReactHost: If you're using USB on a physical device, make sure you also run this command:
01-15 09:00:34.876  2377  2795 E unknown:ReactHost:   adb reverse tcp:8081 tcp:8081")
01-15 09:00:34.876  2377  2795 E unknown:ReactHost: 	at com.facebook.react.runtime.ReactHostImpl.raiseSoftException(ReactHostImpl.kt:787)
01-15 09:00:34.876  2377  2795 E unknown:ReactHost: 	at com.facebook.react.runtime.ReactHostImpl.getOrCreateDestroyTask(ReactHostImpl.kt:1311)
01-15 09:00:34.876  2377  2795 E unknown:ReactHost: 	at com.facebook.react.runtime.ReactHostImpl.destroy$lambda$10(ReactHostImpl.kt:473)
01-15 09:00:34.876  2377  2795 E unknown:ReactHost: 	at com.facebook.react.runtime.ReactHostImpl.$r8$lambda$vrU67S1pce6ypI1MpEJ0yfM09iA(Unknown Source:0)
01-15 09:00:34.876  2377  2795 E unknown:ReactHost: 	at com.facebook.react.runtime.ReactHostImpl$$ExternalSyntheticLambda35.call(D8$$SyntheticClass:0)
01-15 09:00:34.876  2377  2795 E unknown:ReactHost: 	at com.facebook.react.runtime.internal.bolts.Task$Companion.call$lambda$2(Task.kt:315)
01-15 09:00:34.876  2377  2795 E unknown:ReactHost: 	at com.facebook.react.runtime.internal.bolts.Task$Companion.$r8$lambda$MFqd_-X5KhHmu0hvNE2Bec_4mJM(Unknown Source:0)
01-15 09:00:34.876  2377  2795 E unknown:ReactHost: 	at com.facebook.react.runtime.internal.bolts.Task$Companion$$ExternalSyntheticLambda1.run(D8$$SyntheticClass:0)
01-15 09:00:34.876  2377  2795 E unknown:ReactHost: 	at java.util.concurrent.ThreadPoolExecutor.runWorker(ThreadPoolExecutor.java:1154)
01-15 09:00:34.876  2377  2795 E unknown:ReactHost: 	at java.util.concurrent.ThreadPoolExecutor$Worker.run(ThreadPoolExecutor.java:652)
01-15 09:00:34.876  2377  2795 E unknown:ReactHost: 	at java.lang.Thread.run(Thread.java:1563)
01-15 09:00:34.876  2377  2795 E unknown:ReactHost: Caused by: java.lang.RuntimeException: Unable to load script.
01-15 09:00:34.876  2377  2795 E unknown:ReactHost: 
01-15 09:00:34.876  2377  2795 E unknown:ReactHost: Make sure you're running Metro or that your bundle 'index.android.bundle' is packaged correctly for release.
01-15 09:00:34.876  2377  2795 E unknown:ReactHost: 
01-15 09:00:34.876  2377  2795 E unknown:ReactHost: The device must either be USB connected (with bundler set to "localhost:8081") or be on the same Wi-Fi network as your computer (with bundler set to your computer IP) to connect to Metro.
01-15 09:00:34.876  2377  2795 E unknown:ReactHost: 
01-15 09:00:34.876  2377  2795 E unknown:ReactHost: If you're using USB on a physical device, make sure you also run this command:
01-15 09:00:34.876  2377  2795 E unknown:ReactHost:   adb reverse tcp:8081 tcp:8081
01-15 09:00:34.876  2377  2795 E unknown:ReactHost: 	at com.facebook.react.runtime.ReactInstance.loadJSBundleFromAssets(Native Method)
01-15 09:00:34.876  2377  2795 E unknown:ReactHost: 	at com.facebook.react.runtime.ReactInstance.access$loadJSBundleFromAssets(ReactInstance.kt:85)
01-15 09:00:34.876  2377  2795 E unknown:ReactHost: 	at com.facebook.react.runtime.ReactInstance$loadJSBundle$1.loadScriptFromAssets(ReactInstance.kt:314)
01-15 09:00:34.876  2377  2795 E unknown:ReactHost: 	at com.facebook.react.bridge.JSBundleLoader$Companion$createAssetLoader$1.loadScript(JSBundleLoader.kt:33)
01-15 09:00:34.876  2377  2795 E unknown:ReactHost: 	at com.facebook.react.runtime.ReactInstance.loadJSBundle(ReactInstance.kt:293)
01-15 09:00:34.876  2377  2795 E unknown:ReactHost: 	at com.facebook.react.runtime.ReactHostImpl.getOrCreateReactInstanceTask$lambda$41$lambda$38(ReactHostImpl.kt:939)
01-15 09:00:34.876  2377  2795 E unknown:ReactHost: 	at com.facebook.react.runtime.ReactHostImpl.$r8$lambda$LQY77bFECGrnkUqd7Ku55sJ721A(Unknown Source:0)
01-15 09:00:34.876  2377  2795 E unknown:ReactHost: 	at com.facebook.react.runtime.ReactHostImpl$$ExternalSyntheticLambda22.then(D8$$SyntheticClass:0)
01-15 09:00:34.876  2377  2795 E unknown:ReactHost: 	at com.facebook.react.runtime.internal.bolts.Task$Companion.completeImmediately$lambda$3(Task.kt:356)
01-15 09:00:34.876  2377  2795 E unknown:ReactHost: 	at com.facebook.react.runtime.internal.bolts.Task$Companion.$r8$lambda$b7MTC0ufkn_2TjF4BGcNqGR9qK0(Unknown Source:0)
01-15 09:00:34.876  2377  2795 E unknown:ReactHost: 	at com.facebook.react.runtime.internal.bolts.Task$Companion$$ExternalSyntheticLambda3.run(D8$$SyntheticClass:0)
01-15 09:00:34.876  2377  2795 E unknown:ReactHost: 	at com.facebook.react.runtime.internal.bolts.Executors$ImmediateExecutor.execute(Executors.kt:41)
01-15 09:00:34.876  2377  2795 E unknown:ReactHost: 	at com.facebook.react.runtime.internal.bolts.Task$Companion.completeImmediately(Task.kt:354)
01-15 09:00:34.876  2377  2795 E unknown:ReactHost: 	at com.facebook.react.runtime.internal.bolts.Task$Companion.access$completeImmediately(Task.kt:250)
01-15 09:00:34.876  2377  2795 E unknown:ReactHost: 	at com.facebook.react.runtime.internal.bolts.Task.continueWith(Task.kt:132)
01-15 09:00:34.876  2377  2795 E unknown:ReactHost: 	at com.facebook.react.runtime.internal.bolts.Task.continueWith$default(Task.kt:117)
01-15 09:00:34.876  2377  2795 E unknown:ReactHost: 	at com.facebook.react.runtime.internal.bolts.Task.onSuccess$lambda$12(Task.kt:174)
01-15 09:00:34.876  2377  2795 E unknown:ReactHost: 	at com.facebook.react.runtime.internal.bolts.Task.$r8$lambda$l0wwo5AvbHxlwfI1R7CH_codxoo(Unknown Source:0)
01-15 09:00:34.876  2377  2795 E unknown:ReactHost: 	at com.facebook.react.runtime.internal.bolts.Task$$ExternalSyntheticLambda2.then(D8$$SyntheticClass:0)
01-15 09:00:34.876  2377  2795 E unknown:ReactHost: 	at com.facebook.react.runtime.internal.bolts.Task$Companion.completeAfterTask$lambda$5(Task.kt:390)
01-15 09:00:34.876  2377  2795 E unknown:ReactHost: 	at com.facebook.react.runtime.internal.bolts.Task$Companion.$r8$lambda$IPpysnehFwANEiW061YzapkMdoE(Unknown Source:0)
01-15 09:00:34.876  2377  2795 E unknown:ReactHost: 	at com.facebook.react.runtime.internal.bolts.Task$Companion$$ExternalSyntheticLambda4.run(D8$$SyntheticClass:0)
01-15 09:00:34.876  2377  2795 E unknown:ReactHost: 	... 3 more
01-15 09:00:35.039  3294  3316 E ashmem  : Pinning is deprecated since Android Q. Please use trim or other methods.
01-15 09:00:35.063  1198  2915 E OneSearchSuggestProvider: Unable to get suggestions from AGA for zero state
01-15 09:00:35.063  1198  2915 E OneSearchSuggestProvider: io.grpc.StatusRuntimeException: UNAVAILABLE: Channel shutdown invoked
01-15 09:00:35.063  1198  2915 E OneSearchSuggestProvider: 	at v8.g.a(go/retraceme f3a19d912c87c27267cfbc05ba0bc7b202ab72a6648bd76225f5f7e128d94583:37)
01-15 09:00:35.063  1198  2915 E OneSearchSuggestProvider: 	at t8.n.b(go/retraceme f3a19d912c87c27267cfbc05ba0bc7b202ab72a6648bd76225f5f7e128d94583:28)
01-15 09:00:35.063  1198  2915 E OneSearchSuggestProvider: 	at t8.n.a(go/retraceme f3a19d912c87c27267cfbc05ba0bc7b202ab72a6648bd76225f5f7e128d94583:14)
01-15 09:00:35.063  1198  2915 E OneSearchSuggestProvider: 	at t8.z.run(go/retraceme f3a19d912c87c27267cfbc05ba0bc7b202ab72a6648bd76225f5f7e128d94583:7)
01-15 09:00:35.063  1198  2915 E OneSearchSuggestProvider: 	at t8.j5.run(go/retraceme f3a19d912c87c27267cfbc05ba0bc7b202ab72a6648bd76225f5f7e128d94583:19)
01-15 09:00:35.063  1198  2915 E OneSearchSuggestProvider: 	at java.util.concurrent.ThreadPoolExecutor.runWorker(ThreadPoolExecutor.java:1154)
01-15 09:00:35.063  1198  2915 E OneSearchSuggestProvider: 	at java.util.concurrent.ThreadPoolExecutor$Worker.run(ThreadPoolExecutor.java:652)
01-15 09:00:35.063  1198  2915 E OneSearchSuggestProvider: 	at java.lang.Thread.run(Thread.java:1563)
01-15 09:00:35.076  2377  2377 E unknown:ReactHost: Unhandled SoftException
01-15 09:00:35.076  2377  2377 E unknown:ReactHost: com.facebook.react.bridge.ReactNoCrashSoftException: raiseSoftException(getOrCreateDestroyTask()): Destroy: ReactInstance task faulted. Stage: 1: Starting destroy. Fault reason: Unable to load script.
01-15 09:00:35.076  2377  2377 E unknown:ReactHost: 
01-15 09:00:35.076  2377  2377 E unknown:ReactHost: Make sure you're running Metro or that your bundle 'index.android.bundle' is packaged correctly for release.
01-15 09:00:35.076  2377  2377 E unknown:ReactHost: 
01-15 09:00:35.076  2377  2377 E unknown:ReactHost: The device must either be USB connected (with bundler set to "localhost:8081") or be on the same Wi-Fi network as your computer (with bundler set to your computer IP) to connect to Metro.
01-15 09:00:35.076  2377  2377 E unknown:ReactHost: 
01-15 09:00:35.076  2377  2377 E unknown:ReactHost: If you're using USB on a physical device, make sure you also run this command:
01-15 09:00:35.076  2377  2377 E unknown:ReactHost:   adb reverse tcp:8081 tcp:8081. Destroy reason: handleHostException(message = "Unable to load script.
01-15 09:00:35.076  2377  2377 E unknown:ReactHost: 
01-15 09:00:35.076  2377  2377 E unknown:ReactHost: Make sure you're running Metro or that your bundle 'index.android.bundle' is packaged correctly for release.
01-15 09:00:35.076  2377  2377 E unknown:ReactHost: 
01-15 09:00:35.076  2377  2377 E unknown:ReactHost: The device must either be USB connected (with bundler set to "localhost:8081") or be on the same Wi-Fi network as your computer (with bundler set to your computer IP) to connect to Metro.
01-15 09:00:35.076  2377  2377 E unknown:ReactHost: 
01-15 09:00:35.076  2377  2377 E unknown:ReactHost: If you're using USB on a physical device, make sure you also run this command:
01-15 09:00:35.076  2377  2377 E unknown:ReactHost:   adb reverse tcp:8081 tcp:8081")
01-15 09:00:35.076  2377  2377 E unknown:ReactHost: 	at com.facebook.react.runtime.ReactHostImpl.raiseSoftException(ReactHostImpl.kt:787)
01-15 09:00:35.076  2377  2377 E unknown:ReactHost: 	at com.facebook.react.runtime.ReactHostImpl.raiseSoftException$default(ReactHostImpl.kt:779)
01-15 09:00:35.076  2377  2377 E unknown:ReactHost: 	at com.facebook.react.runtime.ReactHostImpl.createReactInstanceUnwrapper$lambda$46(ReactHostImpl.kt:1129)
01-15 09:00:35.076  2377  2377 E unknown:ReactHost: 	at com.facebook.react.runtime.ReactHostImpl.$r8$lambda$TjbS0TZW9o8rbR9te9jnWsd5w3w(Unknown Source:0)
01-15 09:00:35.076  2377  2377 E unknown:ReactHost: 	at com.facebook.react.runtime.ReactHostImpl$$ExternalSyntheticLambda36.invoke(D8$$SyntheticClass:0)
01-15 09:00:35.076  2377  2377 E unknown:ReactHost: 	at com.facebook.react.runtime.ReactHostImpl.getOrCreateDestroyTask$lambda$57(ReactHostImpl.kt:1326)
01-15 09:00:35.076  2377  2377 E unknown:ReactHost: 	at com.facebook.react.runtime.ReactHostImpl.$r8$lambda$h_JBtd6eAd3fmOqdV80aRC4HfmY(Unknown Source:0)
01-15 09:00:35.076  2377  2377 E unknown:ReactHost: 	at com.facebook.react.runtime.ReactHostImpl$$ExternalSyntheticLambda25.then(D8$$SyntheticClass:0)
01-15 09:00:35.076  2377  2377 E unknown:ReactHost: 	at com.facebook.react.runtime.internal.bolts.Task$Companion.completeAfterTask$lambda$5(Task.kt:390)
01-15 09:00:35.076  2377  2377 E unknown:ReactHost: 	at com.facebook.react.runtime.internal.bolts.Task$Companion.$r8$lambda$IPpysnehFwANEiW061YzapkMdoE(Unknown Source:0)
01-15 09:00:35.076  2377  2377 E unknown:ReactHost: 	at com.facebook.react.runtime.internal.bolts.Task$Companion$$ExternalSyntheticLambda4.run(D8$$SyntheticClass:0)
01-15 09:00:35.076  2377  2377 E unknown:ReactHost: 	at android.os.Handler.handleCallback(Handler.java:1070)
01-15 09:00:35.076  2377  2377 E unknown:ReactHost: 	at android.os.Handler.dispatchMessage(Handler.java:125)
01-15 09:00:35.076  2377  2377 E unknown:ReactHost: 	at android.os.Looper.dispatchMessage(Looper.java:333)
01-15 09:00:35.076  2377  2377 E unknown:ReactHost: 	at android.os.Looper.loopOnce(Looper.java:263)
01-15 09:00:35.076  2377  2377 E unknown:ReactHost: 	at android.os.Looper.loop(Looper.java:367)
01-15 09:00:35.076  2377  2377 E unknown:ReactHost: 	at android.app.ActivityThread.main(ActivityThread.java:9287)
01-15 09:00:35.076  2377  2377 E unknown:ReactHost: 	at java.lang.reflect.Method.invoke(Native Method)
01-15 09:00:35.076  2377  2377 E unknown:ReactHost: 	at com.android.internal.os.RuntimeInit$MethodAndArgsCaller.run(RuntimeInit.java:566)
01-15 09:00:35.076  2377  2377 E unknown:ReactHost: 	at com.android.internal.os.ZygoteInit.main(ZygoteInit.java:929)
01-15 09:00:35.085  2377  2377 E unknown:ReactNative: Tried to remove non-existent frame callback
01-15 09:00:35.101  2377  2795 E unknown:FabricUIManager: Unhandled SoftException
01-15 09:00:35.101  2377  2795 E unknown:FabricUIManager: java.lang.IllegalStateException: Trying to stop surface that hasn't started yet
01-15 09:00:35.101  2377  2795 E unknown:FabricUIManager: 	at com.facebook.react.fabric.FabricUIManager.stopSurface(FabricUIManager.java:395)
01-15 09:00:35.101  2377  2795 E unknown:FabricUIManager: 	at com.facebook.react.runtime.ReactInstance.stopSurface(ReactInstance.kt:397)
01-15 09:00:35.101  2377  2795 E unknown:FabricUIManager: 	at com.facebook.react.runtime.ReactHostImpl.stopAttachedSurfaces(ReactHostImpl.kt:1098)
01-15 09:00:35.101  2377  2795 E unknown:FabricUIManager: 	at com.facebook.react.runtime.ReactHostImpl.getOrCreateDestroyTask$lambda$59(ReactHostImpl.kt:1363)
01-15 09:00:35.101  2377  2795 E unknown:FabricUIManager: 	at com.facebook.react.runtime.ReactHostImpl.$r8$lambda$MEC88LePtSrM-qRlOlAmlPb1RWo(Unknown Source:0)
01-15 09:00:35.101  2377  2795 E unknown:FabricUIManager: 	at com.facebook.react.runtime.ReactHostImpl$$ExternalSyntheticLambda26.then(D8$$SyntheticClass:0)
01-15 09:00:35.101  2377  2795 E unknown:FabricUIManager: 	at com.facebook.react.runtime.internal.bolts.Task$Companion.completeAfterTask$lambda$5(Task.kt:390)
01-15 09:00:35.101  2377  2795 E unknown:FabricUIManager: 	at com.facebook.react.runtime.internal.bolts.Task$Companion.$r8$lambda$IPpysnehFwANEiW061YzapkMdoE(Unknown Source:0)
01-15 09:00:35.101  2377  2795 E unknown:FabricUIManager: 	at com.facebook.react.runtime.internal.bolts.Task$Companion$$ExternalSyntheticLambda4.run(D8$$SyntheticClass:0)
01-15 09:00:35.101  2377  2795 E unknown:FabricUIManager: 	at java.util.concurrent.ThreadPoolExecutor.runWorker(ThreadPoolExecutor.java:1154)
01-15 09:00:35.101  2377  2795 E unknown:FabricUIManager: 	at java.util.concurrent.ThreadPoolExecutor$Worker.run(ThreadPoolExecutor.java:652)
01-15 09:00:35.101  2377  2795 E unknown:FabricUIManager: 	at java.lang.Thread.run(Thread.java:1563)
01-15 09:00:35.466  3121  3121 E SmsApplication: com.google.android.apps.messaging lost android:read_cell_broadcasts:  (fixing)
01-15 09:00:35.584  2377  2795 E unknown:ReactNative: Tried to remove non-existent frame callback
01-15 09:00:35.658   282   287 E lowmemorykiller: process_mrelease 2933 failed: No such process
01-15 09:00:35.659  3121  3121 E SmsApplication: com.google.android.apps.messaging lost android:read_cell_broadcasts:  (fixing)
01-15 09:00:36.280  2568  2568 E ashmem  : Pinning is deprecated since Android Q. Please use trim or other methods.
01-15 09:00:36.436  1351  1430 E .gms.persistent: hiddenapi: Accessing hidden method Landroid/net/ConnectivityManager;->isNetworkSupported(I)Z (runtime_flags=0, domain=platform, api=max-target-p) from Lbebv; (domain=app, TargetSdkVersion=36) using reflection: denied
01-15 09:00:36.472  3346  3398 E ashmem  : Pinning is deprecated since Android Q. Please use trim or other methods.
01-15 09:00:36.474   645   645 E WVCdm   : [oemcrypto_adapter_dynamic.cpp(1352):ValidateOrInstallL1KeyboxOrCert] L1 not initialized. Falling back to L3
01-15 09:00:36.496   645   645 E WVCdm   : [oemcrypto_adapter_dynamic.cpp(1352):ValidateOrInstallL1KeyboxOrCert] L1 not initialized. Falling back to L3
01-15 09:00:36.501  2603  2721 E tflite  : third_party/tensorflow/lite/core/subgraph.cc:1082 tensor.data.raw != nullptr was not true.
01-15 09:00:36.565  3396  3396 E ashmem  : Pinning is deprecated since Android Q. Please use trim or other methods.
01-15 09:00:36.569  2603  2721 E native  : E0000 00:00:1768460436.569202    2721 re2.cc:250] Error parsing '^|[^\p{Letter}\\]': invalid character class range: \p{Letter}
01-15 09:00:36.569  2603  2721 E native  : E0000 00:00:1768460436.569361    2721 replacement_rule.cc:40] Invalid context regexp: invalid character class range: \p{Letter}
01-15 09:00:36.569  2603  2721 E native  : E0000 00:00:1768460436.569387    2721 replacement_rule.cc:151] Error creating replacement rule.
01-15 09:00:36.569  2603  2721 E native  : E0000 00:00:1768460436.569623    2721 regexp_rewriter.cc:34] Error creating rule MessageLite at 0x72c1aa42f450.
01-15 09:00:36.630  1639  2467 E SharedPreferencesImpl: Couldn't create directory for SharedPreferences file /data/user/0/com.google.android.gsf/shared_prefs/CheckinService.xml
01-15 09:00:36.631  1639  2769 E GoogleSettingsUtils: Cannot write token, exception in Context lookup [CONTEXT service_id=130 ]
01-15 09:00:36.631  1639  2769 E GoogleSettingsUtils: java.io.FileNotFoundException: /data/user/0/com.google.android.gsf/files/security_token: open failed: ENOENT (No such file or directory)
01-15 09:00:36.631  1639  2769 E GoogleSettingsUtils: 	at libcore.io.IoBridge.open(IoBridge.java:574)
01-15 09:00:36.631  1639  2769 E GoogleSettingsUtils: 	at java.io.FileOutputStream.<init>(FileOutputStream.java:259)
01-15 09:00:36.631  1639  2769 E GoogleSettingsUtils: 	at android.app.ContextImpl.openFileOutput(ContextImpl.java:823)
01-15 09:00:36.631  1639  2769 E GoogleSettingsUtils: 	at axta.a(:com.google.android.gms@254932038@25.49.32 (260800-843446962):1738)
01-15 09:00:36.631  1639  2769 E GoogleSettingsUtils: 	at axuk.a(:com.google.android.gms@254932038@25.49.32 (260800-843446962):824)
01-15 09:00:36.631  1639  2769 E GoogleSettingsUtils: 	at com.google.android.gms.checkin.CheckinIntentOperation.onHandleIntent(:com.google.android.gms@254932038@25.49.32 (260800-843446962):30)
01-15 09:00:36.631  1639  2769 E GoogleSettingsUtils: 	at com.google.android.chimera.IntentOperation.onHandleIntent(:com.google.android.gms@254932038@25.49.32 (260800-843446962):1)
01-15 09:00:36.631  1639  2769 E GoogleSettingsUtils: 	at ayhj.onHandleIntent(:com.google.android.gms@254932038@25.49.32 (260800-843446962):84)
01-15 09:00:36.631  1639  2769 E GoogleSettingsUtils: 	at ync.run(:com.google.android.gms@254932038@25.49.32 (260800-843446962):64)
01-15 09:00:36.631  1639  2769 E GoogleSettingsUtils: 	at ynb.run(:com.google.android.gms@254932038@25.49.32 (260800-843446962):132)
01-15 09:00:36.631  1639  2769 E GoogleSettingsUtils: 	at gleb.run(:com.google.android.gms@254932038@25.49.32 (260800-843446962):19)
01-15 09:00:36.631  1639  2769 E GoogleSettingsUtils: 	at java.util.concurrent.ThreadPoolExecutor.runWorker(ThreadPoolExecutor.java:1154)
01-15 09:00:36.631  1639  2769 E GoogleSettingsUtils: 	at java.util.concurrent.ThreadPoolExecutor$Worker.run(ThreadPoolExecutor.java:652)
01-15 09:00:36.631  1639  2769 E GoogleSettingsUtils: 	at java.lang.Thread.run(Thread.java:1563)
01-15 09:00:36.631  1639  2769 E GoogleSettingsUtils: Caused by: android.system.ErrnoException: open failed: ENOENT (No such file or directory)
01-15 09:00:36.631  1639  2769 E GoogleSettingsUtils: 	at libcore.io.Linux.open(Native Method)
01-15 09:00:36.631  1639  2769 E GoogleSettingsUtils: 	at libcore.io.ForwardingOs.open(ForwardingOs.java:574)
01-15 09:00:36.631  1639  2769 E GoogleSettingsUtils: 	at libcore.io.BlockGuardOs.open(BlockGuardOs.java:274)
01-15 09:00:36.631  1639  2769 E GoogleSettingsUtils: 	at libcore.io.ForwardingOs.open(ForwardingOs.java:574)
01-15 09:00:36.631  1639  2769 E GoogleSettingsUtils: 	at android.app.AndroidForwardingOs.open(AndroidForwardingOs.java:120)
01-15 09:00:36.631  1639  2769 E GoogleSettingsUtils: 	at libcore.io.IoBridge.open(IoBridge.java:560)
01-15 09:00:36.631  1639  2769 E GoogleSettingsUtils: 	... 13 more
01-15 09:00:36.711  2603  2836 E GoogleApiManager: Failed to get service from broker. 
01-15 09:00:36.711  2603  2836 E GoogleApiManager: java.lang.SecurityException: Unknown calling package name 'com.google.android.gms'.
01-15 09:00:36.711  2603  2836 E GoogleApiManager: 	at android.os.Parcel.createExceptionOrNull(Parcel.java:3373)
01-15 09:00:36.711  2603  2836 E GoogleApiManager: 	at android.os.Parcel.createException(Parcel.java:3357)
01-15 09:00:36.711  2603  2836 E GoogleApiManager: 	at android.os.Parcel.readException(Parcel.java:3340)
01-15 09:00:36.711  2603  2836 E GoogleApiManager: 	at android.os.Parcel.readException(Parcel.java:3282)
01-15 09:00:36.711  2603  2836 E GoogleApiManager: 	at bded.a(:com.google.android.gms@254932038@25.49.32 (260800-843446962):36)
01-15 09:00:36.711  2603  2836 E GoogleApiManager: 	at bdce.z(:com.google.android.gms@254932038@25.49.32 (260800-843446962):143)
01-15 09:00:36.711  2603  2836 E GoogleApiManager: 	at bcih.run(:com.google.android.gms@254932038@25.49.32 (260800-843446962):42)
01-15 09:00:36.711  2603  2836 E GoogleApiManager: 	at android.os.Handler.handleCallback(Handler.java:1070)
01-15 09:00:36.711  2603  2836 E GoogleApiManager: 	at android.os.Handler.dispatchMessage(Handler.java:125)
01-15 09:00:36.711  2603  2836 E GoogleApiManager: 	at cqni.mv(:com.google.android.gms@254932038@25.49.32 (260800-843446962):1)
01-15 09:00:36.711  2603  2836 E GoogleApiManager: 	at cqni.dispatchMessage(:com.google.android.gms@254932038@25.49.32 (260800-843446962):5)
01-15 09:00:36.711  2603  2836 E GoogleApiManager: 	at android.os.Looper.dispatchMessage(Looper.java:333)
01-15 09:00:36.711  2603  2836 E GoogleApiManager: 	at android.os.Looper.loopOnce(Looper.java:263)
01-15 09:00:36.711  2603  2836 E GoogleApiManager: 	at android.os.Looper.loop(Looper.java:367)
01-15 09:00:36.711  2603  2836 E GoogleApiManager: 	at android.os.HandlerThread.run(HandlerThread.java:139)
01-15 09:00:36.956   282   286 E lowmemorykiller: process_mrelease 2770 failed: No such process
01-15 09:00:36.965  1630  1959 E NotificationCenter: NotificationCenter.registerListenerInternal():378 Listener lpm@55a4813 is already registered for notification class lpc
01-15 09:00:36.981   798  1966 E AppOps  : Bad call made by uid 1000. Package "com.google.android.googlequicksearchbox" does not belong to uid 1000.
01-15 09:00:37.135   798   921 E ReportEncoder: No watchlist hash
01-15 09:00:37.270  3428  3428 E ConfigUpdater: ignoring update request
01-15 09:00:37.287  3428  3428 E ConfigUpdater: ignoring update request
01-15 09:00:37.379  3428  3428 E ConfigUpdater: ignoring update request
01-15 09:00:37.431  3428  3428 E ConfigUpdater: ignoring update request
01-15 09:00:37.582  3428  3428 E ConfigUpdater: ignoring update request
01-15 09:00:37.662  3428  3428 E ConfigUpdater: ignoring update request
01-15 09:00:37.688  3428  3428 E ConfigUpdater: ignoring update request
01-15 09:00:37.703  3428  3428 E ConfigUpdater: ignoring update request
01-15 09:00:37.716  3428  3428 E ConfigUpdater: ignoring update request
01-15 09:00:37.721  3428  3428 E ConfigUpdater: ignoring update request
01-15 09:00:37.725  3428  3428 E ConfigUpdater: ignoring update request
01-15 09:00:38.244  1630  1972 E HandwritingSuperpacksUtil: HandwritingSuperpacksUtil.getPackMappingPackName():42 No pack mapping pack found in []
01-15 09:00:38.392  1717  1906 E SP.Service.AiAi: captions_i18n_v0_mandatory is opened by other clients. It will stay open until all clients close it.
01-15 09:00:38.393  1717  1906 E SP.Service.AiAi: captions_i18n_v0_en-US is opened by other clients. It will stay open until all clients close it.
01-15 09:00:38.446   798   911 E ActivityManager: Sending non-protected broadcast android.intent.action.UPDATE_CT_LOGS from system uid 1000 pkg android
01-15 09:00:38.446   798   911 E ActivityManager: java.lang.Throwable
01-15 09:00:38.446   798   911 E ActivityManager: 	at com.android.server.am.BroadcastController.checkBroadcastFromSystem(BroadcastController.java:2163)
01-15 09:00:38.446   798   911 E ActivityManager: 	at com.android.server.am.BroadcastController.broadcastIntentLockedTraced(BroadcastController.java:1663)
01-15 09:00:38.446   798   911 E ActivityManager: 	at com.android.server.am.BroadcastController.broadcastIntentLocked(BroadcastController.java:811)
01-15 09:00:38.446   798   911 E ActivityManager: 	at com.android.server.am.BroadcastController.broadcastIntentInPackage(BroadcastController.java:778)
01-15 09:00:38.446   798   911 E ActivityManager: 	at com.android.server.am.ActivityManagerService$LocalService.broadcastIntentInPackage(ActivityManagerService.java:17402)
01-15 09:00:38.446   798   911 E ActivityManager: 	at com.android.server.am.PendingIntentRecord.sendInner(PendingIntentRecord.java:675)
01-15 09:00:38.446   798   911 E ActivityManager: 	at com.android.server.am.PendingIntentRecord.sendWithResult(PendingIntentRecord.java:381)
01-15 09:00:38.446   798   911 E ActivityManager: 	at com.android.server.am.ActivityManagerService.sendIntentSender(ActivityManagerService.java:5723)
01-15 09:00:38.446   798   911 E ActivityManager: 	at android.app.PendingIntent.sendAndReturnResult(PendingIntent.java:1120)
01-15 09:00:38.446   798   911 E ActivityManager: 	at android.app.PendingIntent.send(PendingIntent.java:1086)
01-15 09:00:38.446   798   911 E ActivityManager: 	at com.android.server.alarm.AlarmManagerService$DeliveryTracker.deliverLocked(AlarmManagerService.java:5357)
01-15 09:00:38.446   798   911 E ActivityManager: 	at com.android.server.alarm.AlarmManagerService.deliverAlarmsLocked(AlarmManagerService.java:4319)
01-15 09:00:38.446   798   911 E ActivityManager: 	at com.android.server.alarm.AlarmManagerService$AlarmThread.run(AlarmManagerService.java:4597)
01-15 09:00:38.519  3518  3518 E ashmem  : Pinning is deprecated since Android Q. Please use trim or other methods.
01-15 09:00:38.824  3566  3566 E ashmem  : Pinning is deprecated since Android Q. Please use trim or other methods.
01-15 09:00:38.975  1639  1680 E Pay     : NfcAdapter is null while obtaining CardEmulation instance. [CONTEXT service_id=198 ]
01-15 09:00:38.975  1639  1680 E Pay     : CardEmulation is null while checking aid registration. [CONTEXT service_id=198 ]
01-15 09:00:39.260   798   894 E JobScheduler.JobStatus: App com.google.android.apps.photos became active but still in NEVER bucket
01-15 09:00:39.276  3580  3611 E ashmem  : Pinning is deprecated since Android Q. Please use trim or other methods.
01-15 09:00:39.304   798  1243 E JobScheduler.JobStatus: App com.google.android.apps.photos became active but still in NEVER bucket
01-15 09:00:39.349   798  2088 E JobScheduler.JobStatus: App com.google.android.apps.photos became active but still in NEVER bucket
01-15 09:00:39.353   798  2088 E JobScheduler.JobStatus: App com.google.android.apps.photos became active but still in NEVER bucket
01-15 09:00:39.356   798  2088 E JobScheduler.JobStatus: App com.google.android.apps.photos became active but still in NEVER bucket
01-15 09:00:39.360   798  2088 E JobScheduler.JobStatus: App com.google.android.apps.photos became active but still in NEVER bucket
01-15 09:00:39.369   798  1244 E JobScheduler.JobStatus: App com.google.android.apps.photos became active but still in NEVER bucket
01-15 09:00:39.390   798  1863 E JobScheduler.JobStatus: App com.google.android.apps.photos became active but still in NEVER bucket
01-15 09:00:39.415   798  1244 E JobScheduler.JobStatus: App com.google.android.apps.photos became active but still in NEVER bucket
01-15 09:00:39.462   798  1742 E JobScheduler.JobStatus: App com.google.android.apps.photos became active but still in NEVER bucket
01-15 09:00:39.466   798  1742 E JobScheduler.JobStatus: App com.google.android.apps.photos became active but still in NEVER bucket
01-15 09:00:39.476   798   869 E JobScheduler.JobStatus: App com.google.android.apps.photos became active but still in NEVER bucket
01-15 09:00:39.492   798   869 E JobScheduler.JobStatus: App com.google.android.apps.photos became active but still in NEVER bucket
01-15 09:00:39.634   282   287 E lowmemorykiller: process_mrelease 3121 failed: No such process
01-15 09:00:39.644   282   286 E lowmemorykiller: process_mrelease 3294 failed: No such process
01-15 09:00:39.661  3608  3654 E ashmem  : Pinning is deprecated since Android Q. Please use trim or other methods.
01-15 09:00:39.799   282   287 E lowmemorykiller: process_mrelease 2568 failed: No such process
01-15 09:00:40.403  3739  3762 E ashmem  : Pinning is deprecated since Android Q. Please use trim or other methods.
01-15 09:00:40.448  2505  2687 E BugleRcs: RcsEngineLifecycleManagerV2: RcsServiceConnectionException was raised while waiting to connect to RcsEngineLifecycleServiceV2
01-15 09:00:40.448  2505  2687 E BugleRcs: crsk: RcsServiceConnectionException:com.google.android.rcs.client.lifecycle.RcsEngineLifecycleServiceV2:UNKNOWN
01-15 09:00:40.448  2505  2687 E BugleRcs: 	at crrr.a(PG:54)
01-15 09:00:40.448  2505  2687 E BugleRcs: 	at kol.a(PG:19)
01-15 09:00:40.448  2505  2687 E BugleRcs: 	at crrs.a(PG:14)
01-15 09:00:40.448  2505  2687 E BugleRcs: 	at eiht.a(PG:13)
01-15 09:00:40.448  2505  2687 E BugleRcs: 	at eota.a(PG:3)
01-15 09:00:40.448  2505  2687 E BugleRcs: 	at eory.run(PG:19)
01-15 09:00:40.448  2505  2687 E BugleRcs: 	at eotc.run(PG:5)
01-15 09:00:40.448  2505  2687 E BugleRcs: 	at dqkn.run(PG:7)
01-15 09:00:40.448  2505  2687 E BugleRcs: 	at java.util.concurrent.ThreadPoolExecutor.runWorker(ThreadPoolExecutor.java:1154)
01-15 09:00:40.448  2505  2687 E BugleRcs: 	at java.util.concurrent.ThreadPoolExecutor$Worker.run(ThreadPoolExecutor.java:652)
01-15 09:00:40.448  2505  2687 E BugleRcs: 	at dqju.run(PG:6)
01-15 09:00:40.448  2505  2687 E BugleRcs: 	at java.lang.Thread.run(Thread.java:1563)
01-15 09:00:40.448  2505  2687 E BugleRcs: 	at dqlo.run(PG:61)
01-15 09:00:40.448  2505  2968 E BugleRcs: RcsEngineLifecycleManagerV2: RcsServiceConnectionException was raised while waiting to connect to RcsEngineLifecycleServiceV2
01-15 09:00:40.448  2505  2968 E BugleRcs: crsk: RcsServiceConnectionException:com.google.android.rcs.client.lifecycle.RcsEngineLifecycleServiceV2:UNKNOWN
01-15 09:00:40.448  2505  2968 E BugleRcs: 	at crrr.a(PG:54)
01-15 09:00:40.448  2505  2968 E BugleRcs: 	at kol.a(PG:19)
01-15 09:00:40.448  2505  2968 E BugleRcs: 	at crrs.a(PG:14)
01-15 09:00:40.448  2505  2968 E BugleRcs: 	at eiht.a(PG:13)
01-15 09:00:40.448  2505  2968 E BugleRcs: 	at eota.a(PG:3)
01-15 09:00:40.448  2505  2968 E BugleRcs: 	at eory.run(PG:19)
01-15 09:00:40.448  2505  2968 E BugleRcs: 	at eotc.run(PG:5)
01-15 09:00:40.448  2505  2968 E BugleRcs: 	at dqkn.run(PG:7)
01-15 09:00:40.448  2505  2968 E BugleRcs: 	at java.util.concurrent.ThreadPoolExecutor.runWorker(ThreadPoolExecutor.java:1154)
01-15 09:00:40.448  2505  2968 E BugleRcs: 	at java.util.concurrent.ThreadPoolExecutor$Worker.run(ThreadPoolExecutor.java:652)
01-15 09:00:40.448  2505  2968 E BugleRcs: 	at dqju.run(PG:6)
01-15 09:00:40.448  2505  2968 E BugleRcs: 	at java.lang.Thread.run(Thread.java:1563)
01-15 09:00:40.448  2505  2968 E BugleRcs: 	at dqlo.run(PG:61)
01-15 09:00:40.457  3675  3778 E ashmem  : Pinning is deprecated since Android Q. Please use trim or other methods.
01-15 09:00:40.794  1182  1299 E SatelliteAppTracker: packageName: com.google.android.ext.services, value: null
01-15 09:00:40.843  1182  1182 E SmsApplication: com.google.android.apps.messaging lost android:read_cell_broadcasts:  (fixing)
01-15 09:00:40.859  1182  1299 E SatelliteAppTracker: packageName: com.google.android.gms, value: com.google.android.gms
01-15 09:00:40.877  3760  3810 E ashmem  : Pinning is deprecated since Android Q. Please use trim or other methods.
01-15 09:00:40.936  1182  1396 E SmsApplication: com.google.android.apps.messaging lost android:read_cell_broadcasts:  (fixing)
01-15 09:00:40.937   798  2552 E RoleControllerServiceImpl: Default/fallback role holder package doesn't qualify for the role, package: com.google.android.gms.supervision, role: android.app.role.SYSTEM_SUPERVISION, user: 0
01-15 09:00:40.971  1182  1182 E SmsApplication: com.google.android.apps.messaging lost android:read_cell_broadcasts:  (fixing)
01-15 09:00:41.033   798  2552 E RoleControllerServiceImpl: Default/fallback role holder package doesn't qualify for the role, package: com.google.android.gms, role: android.app.role.SYSTEM_DEPENDENCY_INSTALLER, user: 0
01-15 09:00:41.074  1182  1396 E SmsApplication: com.google.android.apps.messaging lost android:read_cell_broadcasts:  (fixing)
01-15 09:00:41.156   798  2552 E RoleControllerServiceImpl: Default/fallback role holder package doesn't qualify for the role, package: com.google.android.gms, role: android.app.role.WALLET, user: 0
01-15 09:00:41.164  1053  1235 E ServiceManager: error in isDeclared
01-15 09:00:41.164  1053  1235 E ServiceManager: java.lang.SecurityException: SELinux denied for service.
01-15 09:00:41.164  1053  1235 E ServiceManager: 	at android.os.Parcel.createExceptionOrNull(Parcel.java:3373)
01-15 09:00:41.164  1053  1235 E ServiceManager: 	at android.os.Parcel.createException(Parcel.java:3357)
01-15 09:00:41.164  1053  1235 E ServiceManager: 	at android.os.Parcel.readException(Parcel.java:3340)
01-15 09:00:41.164  1053  1235 E ServiceManager: 	at android.os.Parcel.readException(Parcel.java:3282)
01-15 09:00:41.164  1053  1235 E ServiceManager: 	at android.os.IServiceManager$Stub$Proxy.isDeclared(IServiceManager.java:689)
01-15 09:00:41.164  1053  1235 E ServiceManager: 	at android.os.ServiceManagerProxy.isDeclared(ServiceManagerNative.java:104)
01-15 09:00:41.164  1053  1235 E ServiceManager: 	at android.os.ServiceManager.isDeclared(ServiceManager.java:297)
01-15 09:00:41.164  1053  1235 E ServiceManager: 	at android.os.ServiceManager.waitForDeclaredService(ServiceManager.java:353)
01-15 09:00:41.164  1053  1235 E ServiceManager: 	at com.google.android.systemui.googlebattery.GoogleBatteryManager.initHalInterface(go/retraceme d7434036f30927423ce8aca1e3c453e1261a0e8c346035197b57fdd4a4917e53:16)
01-15 09:00:41.164  1053  1235 E ServiceManager: 	at com.google.android.systemui.power.batteryhealth.HealthManager$initHalInterface$2.invokeSuspend(go/retraceme d7434036f30927423ce8aca1e3c453e1261a0e8c346035197b57fdd4a4917e53:21)
01-15 09:00:41.164  1053  1235 E ServiceManager: 	at com.google.android.systemui.power.batteryhealth.HealthManager$initHalInterface$2.invoke(go/retraceme d7434036f30927423ce8aca1e3c453e1261a0e8c346035197b57fdd4a4917e53:13)
01-15 09:00:41.164  1053  1235 E ServiceManager: 	at com.google.android.systemui.power.batteryhealth.HealthManager$runOnBackground$2.invokeSuspend(go/retraceme d7434036f30927423ce8aca1e3c453e1261a0e8c346035197b57fdd4a4917e53:36)
01-15 09:00:41.164  1053  1235 E ServiceManager: 	at kotlin.coroutines.jvm.internal.BaseContinuationImpl.resumeWith(go/retraceme d7434036f30927423ce8aca1e3c453e1261a0e8c346035197b57fdd4a4917e53:8)
01-15 09:00:41.164  1053  1235 E ServiceManager: 	at kotlinx.coroutines.DispatchedTask.run(go/retraceme d7434036f30927423ce8aca1e3c453e1261a0e8c346035197b57fdd4a4917e53:110)
01-15 09:00:41.164  1053  1235 E ServiceManager: 	at java.util.concurrent.Executors$RunnableAdapter.call(Executors.java:520)
01-15 09:00:41.164  1053  1235 E ServiceManager: 	at java.util.concurrent.FutureTask.run(FutureTask.java:317)
01-15 09:00:41.164  1053  1235 E ServiceManager: 	at java.util.concurrent.ScheduledThreadPoolExecutor$ScheduledFutureTask.run(ScheduledThreadPoolExecutor.java:348)
01-15 09:00:41.164  1053  1235 E ServiceManager: 	at java.util.concurrent.ThreadPoolExecutor.runWorker(ThreadPoolExecutor.java:1154)
01-15 09:00:41.164  1053  1235 E ServiceManager: 	at java.util.concurrent.ThreadPoolExecutor$Worker.run(ThreadPoolExecutor.java:652)
01-15 09:00:41.164  1053  1235 E ServiceManager: 	at java.lang.Thread.run(Thread.java:1563)
01-15 09:00:41.492  3853  3853 E FeatureFlagsImplExport: android.os.flagging.AconfigStorageReadException: ERROR_PACKAGE_NOT_FOUND: package android.xr cannot be found on the device
01-15 09:00:41.569  1351  1359 E UsageReportingOptionsSt: INTERNAL_ERROR: setOptInOption should not be called while user is locked. [CONTEXT service_id=41 ]
01-15 09:00:41.744   282   287 E lowmemorykiller: process_mrelease 3396 failed: No such process
01-15 09:00:41.780  3894  3894 E ashmem  : Pinning is deprecated since Android Q. Please use trim or other methods.
01-15 09:00:41.859   282   286 E lowmemorykiller: process_mrelease 2603 failed: No such process
01-15 09:00:42.236   798  1336 E JobScheduler.JobStatus: App com.google.android.apps.photos became active but still in NEVER bucket
01-15 09:00:42.270  3894  3903 E ScreenResolutionController: No support
01-15 09:00:42.270  3894  3904 E ScreenResolutionController: No support
01-15 09:00:42.374  3894  3903 E SystemServiceRegistry: No service published for: ethernet
01-15 09:00:42.374  3894  3903 E SystemServiceRegistry: android.os.ServiceManager$ServiceNotFoundException: No service published for: ethernet
01-15 09:00:42.374  3894  3903 E SystemServiceRegistry: 	at android.os.ServiceManager.getServiceOrThrow(ServiceManager.java:203)
01-15 09:00:42.374  3894  3903 E SystemServiceRegistry: 	at android.app.SystemServiceRegistry$156.createService(SystemServiceRegistry.java:2418)
01-15 09:00:42.374  3894  3903 E SystemServiceRegistry: 	at android.app.SystemServiceRegistry$CachedServiceFetcher.getService(SystemServiceRegistry.java:2531)
01-15 09:00:42.374  3894  3903 E SystemServiceRegistry: 	at android.app.SystemServiceRegistry.getSystemService(SystemServiceRegistry.java:2063)
01-15 09:00:42.374  3894  3903 E SystemServiceRegistry: 	at android.app.ContextImpl.getSystemService(ContextImpl.java:2434)
01-15 09:00:42.374  3894  3903 E SystemServiceRegistry: 	at android.content.ContextWrapper.getSystemService(ContextWrapper.java:991)
01-15 09:00:42.374  3894  3903 E SystemServiceRegistry: 	at android.content.Context.getSystemService(Context.java:4901)
01-15 09:00:42.374  3894  3903 E SystemServiceRegistry: 	at com.android.settings.network.tether.TetherSettings$2.getNonIndexableKeys(TetherSettings.java:689)
01-15 09:00:42.374  3894  3903 E SystemServiceRegistry: 	at com.android.settings.search.SettingsSearchIndexablesProvider.getNonIndexableKeysFromProvider(SettingsSearchIndexablesProvider.java:291)
01-15 09:00:42.374  3894  3903 E SystemServiceRegistry: 	at com.android.settings.search.SettingsSearchIndexablesProvider.queryNonIndexableKeys(SettingsSearchIndexablesProvider.java:164)
01-15 09:00:42.374  3894  3903 E SystemServiceRegistry: 	at com.android.settings.search.SettingsSearchIndexablesProvider.queryNonIndexableKeys(SettingsSearchIndexablesProvider.java:87)
01-15 09:00:42.374  3894  3903 E SystemServiceRegistry: 	at android.provider.SearchIndexablesProvider.query(SearchIndexablesProvider.java:127)
01-15 09:00:42.374  3894  3903 E SystemServiceRegistry: 	at android.content.ContentProvider.query(ContentProvider.java:1662)
01-15 09:00:42.374  3894  3903 E SystemServiceRegistry: 	at android.content.ContentProvider.query(ContentProvider.java:1758)
01-15 09:00:42.374  3894  3903 E SystemServiceRegistry: 	at android.content.ContentProvider$Transport.query(ContentProvider.java:296)
01-15 09:00:42.374  3894  3903 E SystemServiceRegistry: 	at android.content.ContentProviderNative.onTransact(ContentProviderNative.java:107)
01-15 09:00:42.374  3894  3903 E SystemServiceRegistry: 	at android.os.Binder.execTransactInternal(Binder.java:1473)
01-15 09:00:42.374  3894  3903 E SystemServiceRegistry: 	at android.os.Binder.execTransact(Binder.java:1418)
01-15 09:00:42.610  3894  3904 E HardwareInfoFeatureProviderImpl: Could not parse manufactured year from serial.
01-15 09:00:42.610  3894  3904 E HardwareInfoFeatureProviderImpl: java.lang.NumberFormatException: For input string: "E"
01-15 09:00:42.610  3894  3904 E HardwareInfoFeatureProviderImpl: 	at java.lang.Integer.parseInt(Integer.java:781)
01-15 09:00:42.610  3894  3904 E HardwareInfoFeatureProviderImpl: 	at java.lang.Integer.valueOf(Integer.java:1108)
01-15 09:00:42.610  3894  3904 E HardwareInfoFeatureProviderImpl: 	at com.google.android.settings.hardwareinfo.HardwareInfoFeatureProviderGoogleImpl.getManufacturedYear(HardwareInfoFeatureProviderGoogleImpl.kt:24)
01-15 09:00:42.610  3894  3904 E HardwareInfoFeatureProviderImpl: 	at com.android.settings.deviceinfo.hardwareinfo.ManufacturedYearPreferenceController.<init>(ManufacturedYearPreferenceController.kt:26)
01-15 09:00:42.610  3894  3904 E HardwareInfoFeatureProviderImpl: 	at java.lang.reflect.Constructor.newInstance0(Native Method)
01-15 09:00:42.610  3894  3904 E HardwareInfoFeatureProviderImpl: 	at java.lang.reflect.Constructor.newInstance(Constructor.java:343)
01-15 09:00:42.610  3894  3904 E HardwareInfoFeatureProviderImpl: 	at com.android.settings.core.BasePreferenceController.createInstance(BasePreferenceController.java:190)
01-15 09:00:42.610  3894  3904 E HardwareInfoFeatureProviderImpl: 	at com.android.settings.core.PreferenceControllerListHelper.getPreferenceControllersFromXml(PreferenceControllerListHelper.java:86)
01-15 09:00:42.610  3894  3904 E HardwareInfoFeatureProviderImpl: 	at com.android.settings.search.BaseSearchIndexProvider.getPreferenceControllers(BaseSearchIndexProvider.java:195)
01-15 09:00:42.610  3894  3904 E HardwareInfoFeatureProviderImpl: 	at com.android.settings.search.BaseSearchIndexProvider.getDynamicRawDataToIndex(BaseSearchIndexProvider.java:102)
01-15 09:00:42.610  3894  3904 E HardwareInfoFeatureProviderImpl: 	at com.android.settings.search.SettingsSearchIndexablesProvider.getDynamicSearchIndexableRawData(SettingsSearchIndexablesProvider.java:385)
01-15 09:00:42.610  3894  3904 E HardwareInfoFeatureProviderImpl: 	at com.android.settings.search.SettingsSearchIndexablesProvider.queryDynamicRawData(SettingsSearchIndexablesProvider.java:187)
01-15 09:00:42.610  3894  3904 E HardwareInfoFeatureProviderImpl: 	at com.android.settings.search.SettingsSearchIndexablesProvider.queryDynamicRawData(SettingsSearchIndexablesProvider.java:87)
01-15 09:00:42.610  3894  3904 E HardwareInfoFeatureProviderImpl: 	at android.provider.SearchIndexablesProvider.query(SearchIndexablesProvider.java:133)
01-15 09:00:42.610  3894  3904 E HardwareInfoFeatureProviderImpl: 	at android.content.ContentProvider.query(ContentProvider.java:1662)
01-15 09:00:42.610  3894  3904 E HardwareInfoFeatureProviderImpl: 	at android.content.ContentProvider.query(ContentProvider.java:1758)
01-15 09:00:42.610  3894  3904 E HardwareInfoFeatureProviderImpl: 	at android.content.ContentProvider$Transport.query(ContentProvider.java:296)
01-15 09:00:42.610  3894  3904 E HardwareInfoFeatureProviderImpl: 	at android.content.ContentProviderNative.onTransact(ContentProviderNative.java:107)
01-15 09:00:42.610  3894  3904 E HardwareInfoFeatureProviderImpl: 	at android.os.Binder.execTransactInternal(Binder.java:1473)
01-15 09:00:42.610  3894  3904 E HardwareInfoFeatureProviderImpl: 	at android.os.Binder.execTransact(Binder.java:1418)
01-15 09:00:42.876  3894  3903 E HardwareInfoFeatureProviderImpl: Could not parse manufactured year from serial.
01-15 09:00:42.876  3894  3903 E HardwareInfoFeatureProviderImpl: java.lang.NumberFormatException: For input string: "E"
01-15 09:00:42.876  3894  3903 E HardwareInfoFeatureProviderImpl: 	at java.lang.Integer.parseInt(Integer.java:781)
01-15 09:00:42.876  3894  3903 E HardwareInfoFeatureProviderImpl: 	at java.lang.Integer.valueOf(Integer.java:1108)
