01-15 23:29:05.239 11112 11134 E AndroidRuntime: guardedLoadModule@1:61610
01-15 23:29:05.239 11112 11134 E AndroidRuntime: metroRequire@1:61120
01-15 23:29:05.239 11112 11134 E AndroidRuntime: anonymous@1:2661742
01-15 23:29:05.239 11112 11134 E AndroidRuntime: loadModuleImplementation@1:62087
01-15 23:29:05.239 11112 11134 E AndroidRuntime: guardedLoadModule@1:61610
01-15 23:29:05.239 11112 11134 E AndroidRuntime: metroRequire@1:61120
01-15 23:29:05.239 11112 11134 E AndroidRuntime: anonymous@1:2533299
01-15 23:29:05.239 11112 11134 E AndroidRuntime: loadModuleImplementation@1:62087
01-15 23:29:05.239 11112 11134 E AndroidRuntime: guardedLoadModule@1:61610
01-15 23:29:05.239 11112 11134 E AndroidRuntime: metroRequire@1:61120
01-15 23:29:05.239 11112 11134 E AndroidRuntime: anonymous@1:2532761
01-15 23:29:05.239 11112 11134 E AndroidRuntime: loadModuleImplementation@1:62087
01-15 23:29:05.239 11112 11134 E AndroidRuntime: guardedLoadModule@1:61610
01-15 23:29:05.239 11112 11134 E AndroidRuntime: metroRequire@1:61120
01-15 23:29:05.239 11112 11134 E AndroidRuntime: anonymous@1:2668951
01-15 23:29:05.239 11112 11134 E AndroidRuntime: loadModuleImplementation@1:62087
01-15 23:29:05.239 11112 11134 E AndroidRuntime: guardedLoadModule@1:61566
01-15 23:29:05.239 11112 11134 E AndroidRuntime: metroRequire@1:61120
01-15 23:29:05.239 11112 11134 E AndroidRuntime: get@1:821536
01-15 23:29:05.239 11112 11134 E AndroidRuntime: metroContext@1:821349
01-15 23:29:05.239 11112 11134 E AndroidRuntime: loadRoute@1:1113369
01-15 23:29:05.239 11112 11134 E AndroidRuntime: getLayoutNode@1:1115514
01-15 23:29:05.239 11112 11134 E AndroidRuntime: _loop3@1:1113261
01-15 23:29:05.239 11112 11134 E AndroidRuntime: getDirectoryTree@1:1111039
01-15 23:29:05.239 11112 11134 E AndroidRuntime: getRoutes@1:1110024
01-15 23:29:05.239 11112 11134 E AndroidRuntime: getRoutes@1:1109020
01-15 23:29:05.239 11112 11134 E AndroidRuntime: useStore@1:1080622
01-15 23:29:05.239 11112 11134 E AndroidRuntime: ContextNavigator@1:1147426
01-15 23:29:05.239 11112 11134 E AndroidRuntime: renderWithHooks@1:250168
01-15 23:29:05.239 11112 11134 E AndroidRuntime: updateFunctionComponent@1:268931
01-15 23:29:05.239 11112 11134 E AndroidRuntime: beginWork@1:276753
01-15 23:29:05.239 11112 11134 E AndroidRuntime: performUnitOfWork@1:295393
01-15 23:29:05.239 11112 11134 E AndroidRuntime: workLoopSync@1:294401
01-15 23:29:05.239 11112 11134 E AndroidRuntime: renderRootSync@1:294233
01-15 23:29:05.239 11112 11134 E AndroidRuntime: performWorkOnRoot@1:291660
01-15 23:29:05.239 11112 11134 E AndroidRuntime: performWorkOnRootViaSchedulerTask@1:245633
01-15 23:29:05.239 11112 11134 E AndroidRuntime: 
01-15 23:29:05.239 11112 11134 E AndroidRuntime: 	at com.facebook.react.modules.core.ExceptionsManagerModule.reportException(ExceptionsManagerModule.kt:52)
01-15 23:29:05.239 11112 11134 E AndroidRuntime: 	at com.facebook.jni.NativeRunnable.run(Native Method)
01-15 23:29:05.239 11112 11134 E AndroidRuntime: 	at android.os.Handler.handleCallback(Handler.java:1070)
01-15 23:29:05.239 11112 11134 E AndroidRuntime: 	at android.os.Handler.dispatchMessage(Handler.java:125)
01-15 23:29:05.239 11112 11134 E AndroidRuntime: 	at com.facebook.react.bridge.queue.MessageQueueThreadHandler.dispatchMessage(MessageQueueThreadHandler.kt:21)
01-15 23:29:05.239 11112 11134 E AndroidRuntime: 	at android.os.Looper.dispatchMessage(Looper.java:333)
01-15 23:29:05.239 11112 11134 E AndroidRuntime: 	at android.os.Looper.loopOnce(Looper.java:263)
01-15 23:29:05.239 11112 11134 E AndroidRuntime: 	at android.os.Looper.loop(Looper.java:367)
01-15 23:29:05.239 11112 11134 E AndroidRuntime: 	at com.facebook.react.bridge.queue.MessageQueueThreadImpl$Companion.startNewBackgroundThread$lambda$1(MessageQueueThreadImpl.kt:175)
01-15 23:29:05.239 11112 11134 E AndroidRuntime: 	at com.facebook.react.bridge.queue.MessageQueueThreadImpl$Companion.$r8$lambda$ldnZnqelhYFctGaUKkOKYj5rxo4(Unknown Source:0)
01-15 23:29:05.239 11112 11134 E AndroidRuntime: 	at com.facebook.react.bridge.queue.MessageQueueThreadImpl$Companion$$ExternalSyntheticLambda0.run(D8$$SyntheticClass:0)
01-15 23:29:05.239 11112 11134 E AndroidRuntime: 	at java.lang.Thread.run(Thread.java:1563)
01-15 23:29:05.243   798 11154 I DropBoxManagerService: add tag=data_app_crash isTagEnabled=true flags=0x2
01-15 23:29:05.246   798  1806 W ActivityTaskManager:   Force finishing activity com.geek2geeks.level/.MainActivity
01-15 23:29:05.249   798  1806 W TransitionChain: Combining AR.finish-force-crash into #33(CLOSE|R|0x10) from finishTopCrash
01-15 23:29:05.249  1052  1122 V WindowManagerShell: Transition requested (#33): android.os.BinderProxy@1663f8f TransitionRequestInfo { type = CLOSE, triggerTask = TaskInfo{userId=0 taskId=35 effectiveUid=10227 displayId=0 isRunning=true baseIntent=Intent { flg=0x10000000 cmp=com.geek2geeks.level/.MainActivity } baseActivity=ComponentInfo{com.geek2geeks.level/com.geek2geeks.level.MainActivity} topActivity=ComponentInfo{com.geek2geeks.level/com.geek2geeks.level.MainActivity} origActivity=null realActivity=ComponentInfo{com.geek2geeks.level/com.geek2geeks.level.MainActivity} numActivities=1 lastActiveTime=7233417 supportsMultiWindow=true resizeMode=1 isResizeable=true minWidth=-1 minHeight=-1 defaultMinSize=220 token=WCT{android.os.BinderProxy@e797763} topActivityType=1 pictureInPictureParams=null shouldDockBigOverlays=false launchIntoPipHostTaskId=-1 lastParentTaskIdBeforePip=-1 displayCutoutSafeInsets=Rect(0, 0 - 0, 0) topActivityInfo=ActivityInfo{780d21c com.geek2geeks.level.MainActivity} launchCookies=[] positionInParent=Point(0, 0) parentTaskId=-1 isFocused=true isVisible=true isVisibleRequested=true isTopActivityNoDisplay=false isSleeping=false locusId=null displayAreaFeatureId=1 isTopActivityTransparent=false isActivityStackTransparent=false lastNonFullscreenBounds=null capturedLink=null capturedLinkTimestamp=0 requestedVisibleTypes=503 topActivityRequestOpenInBrowserEducationTimestamp=0 appCompatTaskInfo=AppCompatTaskInfo { topActivityInSizeCompat=false isLeafTask= true eligibleForLetterboxEducation= false isLetterboxEducationEnabled= true isLetterboxDoubleTapEnabled= false eligibleForUserAspectRatioButton= false topActivityBoundsLetterboxed= false isFromLetterboxDoubleTap= false topActivityLetterboxVerticalPosition= -1 topActivityLetterboxHorizontalPosition= -1 topActivityLetterboxWidth=-1 topActivityLetterboxHeight=-1 topActivityAppBounds=Rect(0, 0 - 1080, 2400) isUserFullscreenOverrideEnabled=false isSystemFullscreenOverrideEnabled=false hasMinAspectRatioOverride=false topActivityLetterboxBounds=null cameraCompatTaskInfo=CameraCompatTaskInfo { cameraCompatMode=undefinedundefined} topNonResizableActivityAspectRatio=-1.0} topActivityMainWindowFrame=null isAppBubble=false}, pipChange = null, remoteTransition = null, displayChange = null, requestedLocation = null, userChange = null, windowingLayerChange = null, flags = 16, debugId = 33 }
01-15 23:29:05.250  1052  1122 V ShellDesktopMode: DesktopTasksController: handleRequest request=TransitionRequestInfo { type = CLOSE, triggerTask = TaskInfo{userId=0 taskId=35 effectiveUid=10227 displayId=0 isRunning=true baseIntent=Intent { flg=0x10000000 cmp=com.geek2geeks.level/.MainActivity } baseActivity=ComponentInfo{com.geek2geeks.level/com.geek2geeks.level.MainActivity} topActivity=ComponentInfo{com.geek2geeks.level/com.geek2geeks.level.MainActivity} origActivity=null realActivity=ComponentInfo{com.geek2geeks.level/com.geek2geeks.level.MainActivity} numActivities=1 lastActiveTime=7233417 supportsMultiWindow=true resizeMode=1 isResizeable=true minWidth=-1 minHeight=-1 defaultMinSize=220 token=WCT{android.os.BinderProxy@e797763} topActivityType=1 pictureInPictureParams=null shouldDockBigOverlays=false launchIntoPipHostTaskId=-1 lastParentTaskIdBeforePip=-1 displayCutoutSafeInsets=Rect(0, 0 - 0, 0) topActivityInfo=ActivityInfo{780d21c com.geek2geeks.level.MainActivity} launchCookies=[] positionInParent=Point(0, 0) parentTaskId=-1 isFocused=true isVisible=true isVisibleRequested=true isTopActivityNoDisplay=false isSleeping=false locusId=null displayAreaFeatureId=1 isTopActivityTransparent=false isActivityStackTransparent=false lastNonFullscreenBounds=null capturedLink=null capturedLinkTimestamp=0 requestedVisibleTypes=503 topActivityRequestOpenInBrowserEducationTimestamp=0 appCompatTaskInfo=AppCompatTaskInfo { topActivityInSizeCompat=false isLeafTask= true eligibleForLetterboxEducation= false isLetterboxEducationEnabled= true isLetterboxDoubleTapEnabled= false eligibleForUserAspectRatioButton= false topActivityBoundsLetterboxed= false isFromLetterboxDoubleTap= false topActivityLetterboxVerticalPosition= -1 topActivityLetterboxHorizontalPosition= -1 topActivityLetterboxWidth=-1 topActivityLetterboxHeight=-1 topActivityAppBounds=Rect(0, 0 - 1080, 2400) isUserFullscreenOverrideEnabled=false isSystemFullscreenOverrideEnabled=false hasMinAspectRatioOverride=false topActivityLetterboxBounds=null cameraCompatTaskInfo=CameraCompatTaskInfo { cameraCompatMode=undefinedundefined} topNonResizableActivityAspectRatio=-1.0} topActivityMainWindowFrame=null isAppBubble=false}, pipChange = null, remoteTransition = null, displayChange = null, requestedLocation = null, userChange = null, windowingLayerChange = null, flags = 16, debugId = 33 }
01-15 23:29:05.250  1052  1122 V ShellDesktopMode: DesktopTasksController: skipping handleRequest reason=triggerTask's display doesn't support desktop mode
01-15 23:29:05.252   649   908 I libbinder.BpBinder: onLastStrongRef automatically unlinking death recipients for descriptor: '(not cached)'
01-15 23:29:05.255 11112 11134 I Process : Sending signal. PID: 11112 SIG: 9
01-15 23:29:05.256  1197  1197 D b/417220811: invalidateLoadedTasks - previous requestLoadId: -1
01-15 23:29:05.265   798   914 W InputDispatcher: channel 'ba0fef5 com.geek2geeks.level/com.geek2geeks.level.MainActivity' ~ Consumer closed input channel or an error occurred.  events=0x9
01-15 23:29:05.265   798   914 E InputDispatcher: channel 'ba0fef5 com.geek2geeks.level/com.geek2geeks.level.MainActivity' ~ Channel is unrecoverably broken and will be disposed!
01-15 23:29:05.265   798   914 I WindowManager: WINDOW DIED Window{ba0fef5 u0 com.geek2geeks.level/com.geek2geeks.level.MainActivity}
01-15 23:29:05.266   798  1806 I ActivityManager: Process com.geek2geeks.level (pid 11112) has died: fg  TOP 
01-15 23:29:05.267   580   580 I Zygote  : Process 11112 exited due to signal 9 (Killed)
01-15 23:29:05.268   798   834 I libprocessgroup: Removed cgroup /sys/fs/cgroup/apps/uid_10227/pid_11112
01-15 23:29:05.273   798  1806 W TransitionChain: Combining appDied into #33(CLOSE|R|0x10) from finishTopCrash
01-15 23:29:05.273   798   960 D InetDiagMessage: Destroyed 0 sockets, proto=IPPROTO_TCP, family=AF_INET, states=14
01-15 23:29:05.273   798   960 D InetDiagMessage: Destroyed 0 sockets, proto=IPPROTO_TCP, family=AF_INET6, states=14
01-15 23:29:05.273   798   960 D InetDiagMessage: Destroyed live tcp sockets for uids={10227} in 1ms
01-15 23:29:05.275   798   960 D InetDiagMessage: Destroyed 0 sockets, proto=IPPROTO_TCP, family=AF_INET, states=14
01-15 23:29:05.275   798   960 D InetDiagMessage: Destroyed 0 sockets, proto=IPPROTO_TCP, family=AF_INET6, states=14
01-15 23:29:05.275   798   960 D InetDiagMessage: Destroyed live tcp sockets for uids={20227} in 2ms
01-15 23:29:05.278  1052  1564 V WindowManagerShell: onTransitionReady(transaction=3427383905208)
01-15 23:29:05.278  1052  1122 V WindowManagerShell: onTransitionReady (#33) android.os.BinderProxy@1663f8f: {id=33 t=CLOSE f=0x10 trk=0 r=[0@Point(0, 0)] c=[
01-15 23:29:05.278  1052  1122 V WindowManagerShell:         {m=TO_FRONT f=MOVE_TO_TOP leash=Surface(name=Task=34#360)/@0xf862e25 sb=Rect(0, 0 - 1080, 2400) eb=Rect(0, 0 - 1080, 2400) epz=Point(1080, 2400) d=0 taskParent=-1 winMode=1 userId=0},
01-15 23:29:05.278  1052  1122 V WindowManagerShell:         {m=CLOSE f=NONE leash=Surface(name=Task=35#381)/@0x3cf1bfa sb=Rect(0, 0 - 1080, 2400) eb=Rect(0, 0 - 1080, 2400) epz=Point(1080, 2400) d=0 taskParent=-1 winMode=1 userId=0}
01-15 23:29:05.278  1052  1122 V WindowManagerShell:     ]}
01-15 23:29:05.279  1052  1122 V WindowManagerShell: Transition (#33) android.os.BinderProxy@1663f8f@0 ready while (#32) android.os.BinderProxy@386a192@0 is still animating. Notify the animating transition in case they can be merged
01-15 23:29:05.283  1052  1122 V WindowManagerShell: Transition animation finished (aborted=false), notifying core (#32) android.os.BinderProxy@386a192@0
01-15 23:29:05.311   798   820 V WindowManager: Sent Transition (#33) createdAt=01-15 23:29:05.247 via request=TransitionRequestInfo { type = CLOSE, triggerTask = TaskInfo{userId=0 taskId=35 effectiveUid=10227 displayId=0 isRunning=true baseIntent=Intent { flg=0x10000000 cmp=com.geek2geeks.level/.MainActivity } baseActivity=ComponentInfo{com.geek2geeks.level/com.geek2geeks.level.MainActivity} topActivity=ComponentInfo{com.geek2geeks.level/com.geek2geeks.level.MainActivity} origActivity=null realActivity=ComponentInfo{com.geek2geeks.level/com.geek2geeks.level.MainActivity} numActivities=1 lastActiveTime=7233417 supportsMultiWindow=true resizeMode=1 isResizeable=true minWidth=-1 minHeight=-1 defaultMinSize=220 token=WCT{RemoteToken{be01839 Task{10a43e9 #35 type=standard A=10227:com.geek2geeks.level}}} topActivityType=1 pictureInPictureParams=null shouldDockBigOverlays=false launchIntoPipHostTaskId=-1 lastParentTaskIdBeforePip=-1 displayCutoutSafeInsets=Rect(0, 0 - 0, 0) topActivityInfo=ActivityInfo{ae1de7e com.geek2geeks.level.MainActivity} launchCookies=[] positionInParent=Point(0, 0) parentTaskId=-1 isFocused=true isVisible=true isVisibleRequested=true isTopActivityNoDisplay=false isSleeping=false locusId=null displayAreaFeatureId=1 isTopActivityTransparent=false isActivityStackTransparent=false lastNonFullscreenBounds=null capturedLink=null capturedLinkTimestamp=0 requestedVisibleTypes=503 topActivityRequestOpenInBrowserEducationTimestamp=0 appCompatTaskInfo=AppCompatTaskInfo { topActivityInSizeCompat=false isLeafTask= true eligibleForLetterboxEducation= false isLetterboxEducationEnabled= true isLetterboxDoubleTapEnabled= false eligibleForUserAspectRatioButton= false topActivityBoundsLetterboxed= false isFromLetterboxDoubleTap= false topActivityLetterboxVerticalPosition= -1 topActivityLetterboxHorizontalPosition= -1 topActivityLetterboxWidth=-1 topActivityLetterboxHeight=-1 topActivityAppBounds=Rect(0, 0 - 1080, 2400) isUserFullscreenOverrideEnabled=false isSystemFullscreenOverrideEnabled=false hasMinAspectRatioOverride=false topActivityLetterboxBounds=null cameraCompatTaskInfo=CameraCompatTaskInfo { cameraCompatMode=undefinedundefined} topNonResizableActivityAspectRatio=-1.0} topActivityMainWindowFrame=null isAppBubble=false}, pipChange = null, remoteTransition = null, displayChange = null, requestedLocation = null, userChange = null, windowingLayerChange = null, flags = 16, debugId = 33 }
01-15 23:29:05.311   798   820 V WindowManager:     startWCT=WindowContainerTransaction { changes= {} hops= [] errorCallbackToken=null taskFragmentOrganizer=null }
01-15 23:29:05.311   798   823 W ActivityManager: setHasOverlayUi called on unknown pid: 11112
01-15 23:29:05.311   798   820 V WindowManager:     info={id=33 t=CLOSE f=0x10 trk=0 r=[0@Point(0, 0)] c=[
01-15 23:29:05.311   798   820 V WindowManager:         {WCT{RemoteToken{b7ceb1b Task{a74bc70 #34 type=standard A=1000:com.android.settings}}} m=TO_FRONT f=MOVE_TO_TOP leash=Surface(name=Task=34#360)/@0x14f9a15 sb=Rect(0, 0 - 1080, 2400) eb=Rect(0, 0 - 1080, 2400) epz=Point(1080, 2400) d=0 taskParent=-1 winMode=1 userId=0},
01-15 23:29:05.311   798   820 V WindowManager:         {WCT{RemoteToken{be01839 Task{10a43e9 #35 type=standard A=10227:com.geek2geeks.level}}} m=CLOSE f=NONE leash=Surface(name=Task=35#381)/@0xd749694 sb=Rect(0, 0 - 1080, 2400) eb=Rect(0, 0 - 1080, 2400) epz=Point(1080, 2400) d=0 taskParent=-1 winMode=1 userId=0}
01-15 23:29:05.311   798   820 V WindowManager:     ]}
01-15 23:29:05.312   798   820 V WindowManager: Finish Transition (#32): created at 01-15 23:29:04.465 collect-started=0.074ms request-sent=6.692ms started=10.607ms ready=321.986ms sent=455.66ms commit=29.437ms finished=846.542ms
01-15 23:29:05.312   798  1007 D BackgroundInstallControlService: Package event received: 0
01-15 23:29:05.313  1052  1122 V WindowManagerShell: Playing animation for (#33) android.os.BinderProxy@1663f8f@0
01-15 23:29:05.313  1052  1122 V ShellRecents: RecentsTransitionHandler.startAnimation: no controller found
01-15 23:29:05.313  1052  1122 V ShellDesktopMode: DesktopMixedTransitionHandler: No pending desktop transition
01-15 23:29:05.313  1052  1122 V WindowManagerShell: Transition doesn't have explicit remote, search filters for match for {id=33 t=CLOSE f=0x10 trk=0 r=[0@Point(0, 0)] c=[{m=TO_FRONT f=MOVE_TO_TOP leash=Surface(name=Task=34#360)/@0xf862e25 sb=Rect(0, 0 - 1080, 2400) eb=Rect(0, 0 - 1080, 2400) epz=Point(1080, 2400) d=0 taskParent=-1 winMode=1 userId=0},{m=CLOSE f=NONE leash=Surface(name=Task=35#381)/@0x3cf1bfa sb=Rect(0, 0 - 1080, 2400) eb=Rect(0, 0 - 1080, 2400) epz=Point(1080, 2400) d=0 taskParent=-1 winMode=1 userId=0}]}
01-15 23:29:05.313  1052  1122 V WindowManagerShell:  Checking filter Pair{{types=[] flags=0x0] notFlags=0x0 checks=[{atype=undefined independent=true modes=[CLOSE,TO_BACK] flags=IN_TASK_WITH_EMBEDDED_ACTIVITY mustBeTask=false order=ANY topActivity=null launchCookie=null taskFragmentToken=android.os.BinderProxy@97702bb windowingMode=undefined isCrossDisplayMove=false}]} RemoteTransition { remoteTransition = android.window.IRemoteTransition$Stub$Proxy@22353d8, appThread = android.app.IApplicationThread$Stub$Proxy@da6b331, debugName = overlayBackTransition }}
01-15 23:29:05.313  1052  1122 V WindowManagerShell:  Checking filter Pair{{types=[] flags=0x0] notFlags=0x0 checks=[{atype=dream independent=true modes=[OPEN,TO_FRONT] flags=NONE mustBeTask=false order=ANY topActivity=null launchCookie=null windowingMode=undefined isCrossDisplayMove=false},{atype=home independent=true modes=[CLOSE,TO_BACK] flags=NONE mustBeTask=false order=ANY topActivity=null launchCookie=null windowingMode=undefined isCrossDisplayMove=false}]} RemoteTransition { remoteTransition = android.window.IRemoteTransition$Stub$Proxy@3796a16, appThread = android.app.IApplicationThread$Stub$Proxy@c090f97, debugName = LauncherToDream }}
01-15 23:29:05.313  1052  1122 V WindowManagerShell:  Checking filter Pair{{types=[] flags=0x0] notFlags=0x100 checks=[{atype=home independent=true modes=[OPEN,TO_FRONT] flags=NONE mustBeTask=false order=TOP topActivity=ComponentInfo{com.google.android.apps.nexuslauncher/com.google.android.apps.nexuslauncher.NexusLauncherActivity} launchCookie=null windowingMode=undefined isCrossDisplayMove=false},{atype=standard independent=true modes=[CLOSE,TO_BACK] flags=NONE mustBeTask=false order=ANY topActivity=null launchCookie=null windowingMode=undefined isCrossDisplayMove=false},{NOT atype=undefined independent=true modes=[] flags=NONE mustBeTask=true order=ANY topActivity=null launchCookie=null customAnim=true windowingMode=undefined isCrossDisplayMove=false}]} RemoteTransition { remoteTransition = android.window.IRemoteTransition$Stub$Proxy@865d584, appThread = android.app.IApplicationThread$Stub$Proxy@282516d, debugName = QuickstepLaunchHome }}
01-15 23:29:05.313  1052  1122 V WindowManagerShell:  Checking filter Pair{{types=[OPEN,TO_FRONT] flags=0x0] notFlags=0x0 checks=[{atype=standard independent=true modes=[OPEN,TO_FRONT] flags=NONE mustBeTask=true order=ANY topActivity=null launchCookie=null windowingMode=freeform isCrossDisplayMove=false}]} RemoteTransition { remoteTransition = android.window.IRemoteTransition$Stub$Proxy@9870b35, appThread = null, debugName = DesktopWindowLimitUnminimize }}
01-15 23:29:05.313  1052  1122 V WindowManagerShell:  Delegate animation for (#33) to null
01-15 23:29:05.313  1052  1122 V WindowManagerShell: start default transition animation, info = {id=33 t=CLOSE f=0x10 trk=0 r=[0@Point(0, 0)] c=[{m=TO_FRONT f=MOVE_TO_TOP leash=Surface(name=Task=34#360)/@0xf862e25 sb=Rect(0, 0 - 1080, 2400) eb=Rect(0, 0 - 1080, 2400) epz=Point(1080, 2400) d=0 taskParent=-1 winMode=1 userId=0},{m=CLOSE f=NONE leash=Surface(name=Task=35#381)/@0x3cf1bfa sb=Rect(0, 0 - 1080, 2400) eb=Rect(0, 0 - 1080, 2400) epz=Point(1080, 2400) d=0 taskParent=-1 winMode=1 userId=0}]}
01-15 23:29:05.313   798  1007 D BackgroundInstallControlService: Package event received: 0
01-15 23:29:05.313   798  1007 D BackgroundInstallControlService: Package event received: 0
01-15 23:29:05.314  1052  1122 V WindowManagerShell: loadAnimation: anim=android.view.animation.AnimationSet@c1c9187 animAttr=0xb type=CLOSE isEntrance=false
01-15 23:29:05.314  1052  1122 V WindowManagerShell: loadAnimation: anim=android.view.animation.AnimationSet@8cfcdd animAttr=0xa type=CLOSE isEntrance=true
01-15 23:29:05.316  1052  1122 V WindowManagerShell:  animated by com.android.wm.shell.transition.DefaultTransitionHandler@420a061
01-15 23:29:05.321   699  9345 W libbinder.IPCThreadState: Sending oneway calls to frozen process.
01-15 23:29:05.321   699  9345 W libbinder.IPCThreadState: Sending oneway calls to frozen process.
01-15 23:29:05.322   798   923 I ImeTracker: com.android.settings:402f0b5a: onRequestHide at ORIGIN_SERVER reason HIDE_SAME_WINDOW_FOCUSED_WITHOUT_EDITOR fromUser false
01-15 23:29:05.323  3476  3476 D InsetsController: hide(ime())
01-15 23:29:05.323  3476  3476 I ImeTracker: com.android.settings:402f0b5a: onCancelled at PHASE_CLIENT_ALREADY_HIDDEN
01-15 23:29:05.325  1496  1496 I GoogleInputMethodService: GoogleInputMethodService.onFinishInput():2057 
01-15 23:29:05.325  1496  1496 I Module  : DeviceLockedStatusModuleProvider$Module.updateDeviceLockedStatus():100 repeatCheckTimes = 0, locked = false
01-15 23:29:05.327  1496  1496 I GoogleInputMethodService: GoogleInputMethodService.onStartInput():1318 onStartInput(EditorInfo{EditorInfo{packageName=com.android.settings, inputType=0, inputTypeString=NULL, enableLearning=false, autoCorrection=false, autoComplete=false, imeOptions=0, privateImeOptions=null, actionName=UNSPECIFIED, actionLabel=null, initialSelStart=-1, initialSelEnd=-1, initialCapsMode=0, label=null, fieldId=0, fieldName=null, extras=null, hintText=null, hintLocales=[]}}, false)
01-15 23:29:05.327  1496  1496 I Module  : DeviceLockedStatusModuleProvider$Module.updateDeviceLockedStatus():100 repeatCheckTimes = 1, locked = false
01-15 23:29:05.328   798  1314 W PackageConfigPersister: App-specific configuration not found for packageName: com.android.settings and userId: 0
01-15 23:29:05.752   798   823 W ActivityTaskManager: Activity top resumed state loss timeout for ActivityRecord{54285424 u0 com.geek2geeks.level/.MainActivity t35 f} isExiting}
01-15 23:29:05.849  1052  1122 V WindowManagerShell: Transition animation finished (aborted=false), notifying core (#33) android.os.BinderProxy@1663f8f@0
01-15 23:29:05.851   798   820 V WindowManager: Finish Transition (#33): created at 01-15 23:29:05.247 collect-started=0.7ms request-sent=1.036ms started=7.295ms ready=28.401ms sent=29.843ms commit=39.672ms finished=603.997ms
01-15 23:29:05.854  1052  1122 V WindowManagerShell: Track 0 became idle
01-15 23:29:05.854  1052  1122 V WindowManagerShell: All active transition animations finished
01-15 23:29:05.856  1197  1197 D RecentsView: onTaskRemoved: 35, not handling task stack changes
01-15 23:29:05.856  1197  1197 D RecentsView: onTaskRemoved: 35, not handling task stack changes
01-15 23:29:05.859   798  1028 W ImageReader_JNI: Unable to acquire a buffer item, very likely client tried to acquire more than maxImages buffers
01-15 23:29:05.867  1052  1122 V ShellTaskOrganizer: Task vanished taskId=35
01-15 23:29:05.867  1052  1122 V ShellTaskOrganizer: Fullscreen Task Vanished: #35
01-15 23:29:05.867  1052  1122 V ShellDesktopMode: Task Vanished: #35 closed=true
01-15 23:29:05.868  1052  1122 D ShellDesktopMode: AppToWebRepository: Task 35 is vanishing. Removing task data from repository
01-15 23:29:05.868  1197  1197 D b/417220811: invalidateLoadedTasks - previous requestLoadId: -1
01-15 23:29:05.868  1052  1122 V AppCompat: SingleSurfaceLetterboxController: []
01-15 23:29:05.868  1052  1122 V AppCompat: MultiSurfaceLetterboxController: []
01-15 23:29:05.868  1052  1122 V AppCompat: LetterboxInputController: []
01-15 23:29:05.868  1052  1122 V AppCompat: RoundedCornersLetterboxController: {}
01-15 23:29:06.768  1052  1235 I QuickAccessWalletTile: QAW service is unavailable, recreating the wallet client.
01-15 23:29:06.835  1052  1235 D ControlsListingControllerImpl: Subscribing callback, service count: 0
01-15 23:29:06.838  1052  1235 D ControlsListingControllerImpl: Unsubscribing callback
01-15 23:29:07.708   798   954 I HalDevMgr: bestIfaceCreationProposal is null, requestIface=STA, existingIface=[name=wlan0 type=STA]
01-15 23:29:08.483   798  1725 E TaskPersister: File error accessing recents directory (directory doesn't exist?).
01-15 23:29:08.623  1185  1331 D SatelliteController: iisInCarrierRoamingNbIotNtn: satellite is disabled
01-15 23:29:08.623  1185  1331 D SatelliteController: getCarrierRoamingNtnConnectType: Falling back to global carrier config connect type: 0
01-15 23:29:10.715   798   954 I HalDevMgr: bestIfaceCreationProposal is null, requestIface=STA, existingIface=[name=wlan0 type=STA]
01-15 23:29:12.584 11158 11158 W libbinder.BackendUnifiedServiceManager: Thread Pool max thread count is 0. Cannot cache binder as linkToDeath cannot be implemented. serviceName: package
01-15 23:29:12.695  2983  2983 I artd    : GetBestInfo: odex next to the dex file (/data/app/~~32zfW-euUumZmapXCsiMfw==/com.google.android.gms-BB5zRItgPYm45pDbJHp9zQ==/oat/x86_64/base.odex) is kOatUpToDate with filter 'speed-profile' executable 'false'
01-15 23:29:12.698  2983  2983 I artd    : GetBestInfo: odex next to the dex file (/data/app/~~32zfW-euUumZmapXCsiMfw==/com.google.android.gms-BB5zRItgPYm45pDbJHp9zQ==/oat/x86_64/split_AdsDynamite_installtime.odex) is kOatUpToDate with filter 'speed' executable 'false'
01-15 23:29:12.699  2983  2983 I artd    : GetBestInfo: odex next to the dex file (/data/app/~~32zfW-euUumZmapXCsiMfw==/com.google.android.gms-BB5zRItgPYm45pDbJHp9zQ==/oat/x86_64/split_CronetDynamite_installtime.odex) is kOatUpToDate with filter 'speed' executable 'false'
01-15 23:29:12.701  2983  2983 I artd    : GetBestInfo: odex next to the dex file (/data/app/~~32zfW-euUumZmapXCsiMfw==/com.google.android.gms-BB5zRItgPYm45pDbJHp9zQ==/oat/x86_64/split_DynamiteLoader_installtime.odex) is kOatUpToDate with filter 'speed' executable 'false'
01-15 23:29:12.702  2983  2983 I artd    : GetBestInfo: odex next to the dex file (/data/app/~~32zfW-euUumZmapXCsiMfw==/com.google.android.gms-BB5zRItgPYm45pDbJHp9zQ==/oat/x86_64/split_DynamiteModulesA_installtime.odex) is kOatUpToDate with filter 'speed' executable 'false'
01-15 23:29:12.704  2983  2983 I artd    : GetBestInfo: odex next to the dex file (/data/app/~~32zfW-euUumZmapXCsiMfw==/com.google.android.gms-BB5zRItgPYm45pDbJHp9zQ==/oat/x86_64/split_DynamiteModulesC_installtime.odex) is kOatUpToDate with filter 'speed' executable 'false'
01-15 23:29:12.705  2983  2983 I artd    : GetBestInfo: odex next to the dex file (/data/app/~~32zfW-euUumZmapXCsiMfw==/com.google.android.gms-BB5zRItgPYm45pDbJHp9zQ==/oat/x86_64/split_GoogleCertificates_installtime.odex) is kOatUpToDate with filter 'speed' executable 'false'
01-15 23:29:12.706  2983  2983 I artd    : GetBestInfo: odex next to the dex file (/data/app/~~32zfW-euUumZmapXCsiMfw==/com.google.android.gms-BB5zRItgPYm45pDbJHp9zQ==/oat/x86_64/split_MapsDynamite_installtime.odex) is kOatUpToDate with filter 'speed' executable 'false'
01-15 23:29:12.708  2983  2983 I artd    : GetBestInfo: odex next to the dex file (/data/app/~~32zfW-euUumZmapXCsiMfw==/com.google.android.gms-BB5zRItgPYm45pDbJHp9zQ==/oat/x86_64/split_MeasurementDynamite_installtime.odex) is kOatUpToDate with filter 'speed' executable 'false'
01-15 23:29:12.709  2983  2983 I artd    : GetBestInfo: odex next to the dex file (/data/app/~~32zfW-euUumZmapXCsiMfw==/com.google.android.gms-BB5zRItgPYm45pDbJHp9zQ==/oat/x86_64/split_all_locale_splits.odex) is kOatUpToDate with filter 'speed' executable 'false'
01-15 23:29:12.710  2983  2983 I artd    : GetBestInfo: /data/user_de/0/com.google.android.gms/app_chimera/m/00000008/dl-TfliteDynamiteDynamite.integ_243930802100800.apk has no usable artifacts
01-15 23:29:12.711  2983  2983 I artd    : GetBestInfo: /data/user_de/0/com.google.android.gms/app_chimera/m/00000010/dl-PlayCloudSearch.optional_254932100000.apk has no usable artifacts
01-15 23:29:12.712  2983  2983 I artd    : GetBestInfo: /data/user_de/0/com.google.android.gms/app_chimera/m/00000001/CronetDynamite.apk has no usable artifacts
01-15 23:29:12.713  2983  2983 I artd    : GetBestInfo: /data/user_de/0/com.google.android.gms/app_chimera/m/00000011/dl-VisionOcr.optional_254932100000.apk has no usable artifacts
01-15 23:29:12.713  2983  2983 I artd    : GetBestInfo: /data/user_de/0/com.google.android.gms/app_chimera/m/00000002/DynamiteLoader.apk has no usable artifacts
01-15 23:29:12.714  2983  2983 I artd    : GetBestInfo: /data/user_de/0/com.google.android.gms/app_chimera/m/0000000f/dl-MlkitOcrCommon.optional_254932100800.apk has no usable artifacts
01-15 23:29:12.714  2983  2983 I artd    : GetBestInfo: /data/user_de/0/com.google.android.gms/app_chimera/m/00000005/GoogleCertificates.apk has no usable artifacts
01-15 23:29:12.715  2983  2983 I artd    : GetBestInfo: /data/user_de/0/com.google.android.gms/app_chimera/m/0000000e/dl-MlkitBarcodeUi.optional_254932100800.apk has no usable artifacts
01-15 23:29:12.717  2983  2983 I artd    : GetBestInfo: /data/user_de/0/com.google.android.gms/app_chimera/m/0000000a/dl-VisionOcr.optional_253434100000.apk has no usable artifacts
01-15 23:29:12.718  2983  2983 I artd    : GetBestInfo: vdex next to the dex file (/data/user/0/com.google.android.gms/app_dg_cache/3E73B89A0E8F8D5E047D9204352987BD0EB5D68B/oat/x86_64/the.vdex) is kOatUpToDate with filter 'verify' executable 'false'
01-15 23:29:12.719  2983  2983 I artd    : GetBestInfo: /data/user_de/0/com.google.android.gms/app_chimera/m/0000000d/dl-Appsearch.optional_254932100800.apk has no usable artifacts
01-15 23:29:12.721  2983  2983 I artd    : GetBestInfo: /data/user_de/0/com.google.android.gms/app_chimera/m/00000009/dl-MlkitOcrCommon.optional_253434100800.apk has no usable artifacts
01-15 23:29:12.722  2983  2983 I artd    : GetBestInfo: /data/user_de/0/com.google.android.gms/app_chimera/m/0000000b/dl-PlayCloudSearch.optional_253434100000.apk has no usable artifacts
01-15 23:29:12.723  2983  2983 I artd    : GetBestInfo: vdex next to the dex file (/data/user/0/com.google.android.gms/app_dg_cache/D7ECB6ECAAAB0DCD8DECD74AE43F16D2EC2B3A20/oat/x86_64/the.vdex) is kOatUpToDate with filter 'verify' executable 'false'
01-15 23:29:12.724  2983  2983 W artd    : Could not get dex checksums for location /data/app/~~bOQytt44Qr5Gb_ikif2I-Q==/com.android.vending-QpoCtcw5VYD9UTaWrMAz-A==/base.apk, fd=-1
01-15 23:29:13.722   798   954 I HalDevMgr: bestIfaceCreationProposal is null, requestIface=STA, existingIface=[name=wlan0 type=STA]
01-15 23:29:16.728   798   954 I HalDevMgr: bestIfaceCreationProposal is null, requestIface=STA, existingIface=[name=wlan0 type=STA]
01-15 23:29:18.623  1185  1331 D SatelliteController: iisInCarrierRoamingNbIotNtn: satellite is disabled
01-15 23:29:18.623  1185  1331 D SatelliteController: getCarrierRoamingNtnConnectType: Falling back to global carrier config connect type: 0
01-15 23:29:19.735   798   954 I HalDevMgr: bestIfaceCreationProposal is null, requestIface=STA, existingIface=[name=wlan0 type=STA]
01-15 23:29:22.607 11161 11161 W libbinder.BackendUnifiedServiceManager: Thread Pool max thread count is 0. Cannot cache binder as linkToDeath cannot be implemented. serviceName: package
01-15 23:29:22.746   798   954 I HalDevMgr: bestIfaceCreationProposal is null, requestIface=STA, existingIface=[name=wlan0 type=STA]
01-15 23:29:22.754  2983  2983 I artd    : GetBestInfo: odex next to the dex file (/data/app/~~32zfW-euUumZmapXCsiMfw==/com.google.android.gms-BB5zRItgPYm45pDbJHp9zQ==/oat/x86_64/base.odex) is kOatUpToDate with filter 'speed-profile' executable 'false'
01-15 23:29:22.756  2983  2983 I artd    : GetBestInfo: odex next to the dex file (/data/app/~~32zfW-euUumZmapXCsiMfw==/com.google.android.gms-BB5zRItgPYm45pDbJHp9zQ==/oat/x86_64/split_AdsDynamite_installtime.odex) is kOatUpToDate with filter 'speed' executable 'false'
01-15 23:29:22.757  2983  2983 I artd    : GetBestInfo: odex next to the dex file (/data/app/~~32zfW-euUumZmapXCsiMfw==/com.google.android.gms-BB5zRItgPYm45pDbJHp9zQ==/oat/x86_64/split_CronetDynamite_installtime.odex) is kOatUpToDate with filter 'speed' executable 'false'
01-15 23:29:22.759  2983  2983 I artd    : GetBestInfo: odex next to the dex file (/data/app/~~32zfW-euUumZmapXCsiMfw==/com.google.android.gms-BB5zRItgPYm45pDbJHp9zQ==/oat/x86_64/split_DynamiteLoader_installtime.odex) is kOatUpToDate with filter 'speed' executable 'false'
01-15 23:29:22.761  2983  2983 I artd    : GetBestInfo: odex next to the dex file (/data/app/~~32zfW-euUumZmapXCsiMfw==/com.google.android.gms-BB5zRItgPYm45pDbJHp9zQ==/oat/x86_64/split_DynamiteModulesA_installtime.odex) is kOatUpToDate with filter 'speed' executable 'false'
01-15 23:29:22.762  2983  2983 I artd    : GetBestInfo: odex next to the dex file (/data/app/~~32zfW-euUumZmapXCsiMfw==/com.google.android.gms-BB5zRItgPYm45pDbJHp9zQ==/oat/x86_64/split_DynamiteModulesC_installtime.odex) is kOatUpToDate with filter 'speed' executable 'false'
01-15 23:29:22.763  2983  2983 I artd    : GetBestInfo: odex next to the dex file (/data/app/~~32zfW-euUumZmapXCsiMfw==/com.google.android.gms-BB5zRItgPYm45pDbJHp9zQ==/oat/x86_64/split_GoogleCertificates_installtime.odex) is kOatUpToDate with filter 'speed' executable 'false'
01-15 23:29:22.764  2983  2983 I artd    : GetBestInfo: odex next to the dex file (/data/app/~~32zfW-euUumZmapXCsiMfw==/com.google.android.gms-BB5zRItgPYm45pDbJHp9zQ==/oat/x86_64/split_MapsDynamite_installtime.odex) is kOatUpToDate with filter 'speed' executable 'false'
01-15 23:29:22.766  2983  2983 I artd    : GetBestInfo: odex next to the dex file (/data/app/~~32zfW-euUumZmapXCsiMfw==/com.google.android.gms-BB5zRItgPYm45pDbJHp9zQ==/oat/x86_64/split_MeasurementDynamite_installtime.odex) is kOatUpToDate with filter 'speed' executable 'false'
01-15 23:29:22.767  2983  2983 I artd    : GetBestInfo: odex next to the dex file (/data/app/~~32zfW-euUumZmapXCsiMfw==/com.google.android.gms-BB5zRItgPYm45pDbJHp9zQ==/oat/x86_64/split_all_locale_splits.odex) is kOatUpToDate with filter 'speed' executable 'false'
01-15 23:29:22.768  2983  2983 I artd    : GetBestInfo: /data/user_de/0/com.google.android.gms/app_chimera/m/00000008/dl-TfliteDynamiteDynamite.integ_243930802100800.apk has no usable artifacts
01-15 23:29:22.770  2983  2983 I artd    : GetBestInfo: /data/user_de/0/com.google.android.gms/app_chimera/m/00000010/dl-PlayCloudSearch.optional_254932100000.apk has no usable artifacts
01-15 23:29:22.770  2983  2983 I artd    : GetBestInfo: /data/user_de/0/com.google.android.gms/app_chimera/m/00000001/CronetDynamite.apk has no usable artifacts
01-15 23:29:22.771  2983  2983 I artd    : GetBestInfo: /data/user_de/0/com.google.android.gms/app_chimera/m/00000011/dl-VisionOcr.optional_254932100000.apk has no usable artifacts
01-15 23:29:22.772  2983  2983 I artd    : GetBestInfo: /data/user_de/0/com.google.android.gms/app_chimera/m/00000002/DynamiteLoader.apk has no usable artifacts
01-15 23:29:22.773  2983  2983 I artd    : GetBestInfo: /data/user_de/0/com.google.android.gms/app_chimera/m/0000000f/dl-MlkitOcrCommon.optional_254932100800.apk has no usable artifacts
01-15 23:29:22.774  2983  2983 I artd    : GetBestInfo: /data/user_de/0/com.google.android.gms/app_chimera/m/00000005/GoogleCertificates.apk has no usable artifacts
01-15 23:29:22.775  2983  2983 I artd    : GetBestInfo: /data/user_de/0/com.google.android.gms/app_chimera/m/0000000e/dl-MlkitBarcodeUi.optional_254932100800.apk has no usable artifacts
01-15 23:29:22.776  2983  2983 I artd    : GetBestInfo: /data/user_de/0/com.google.android.gms/app_chimera/m/0000000a/dl-VisionOcr.optional_253434100000.apk has no usable artifacts
01-15 23:29:22.778  2983  2983 I artd    : GetBestInfo: vdex next to the dex file (/data/user/0/com.google.android.gms/app_dg_cache/3E73B89A0E8F8D5E047D9204352987BD0EB5D68B/oat/x86_64/the.vdex) is kOatUpToDate with filter 'verify' executable 'false'
01-15 23:29:22.779  2983  2983 I artd    : GetBestInfo: /data/user_de/0/com.google.android.gms/app_chimera/m/0000000d/dl-Appsearch.optional_254932100800.apk has no usable artifacts
01-15 23:29:22.780  2983  2983 I artd    : GetBestInfo: /data/user_de/0/com.google.android.gms/app_chimera/m/00000009/dl-MlkitOcrCommon.optional_253434100800.apk has no usable artifacts
01-15 23:29:22.781  2983  2983 I artd    : GetBestInfo: /data/user_de/0/com.google.android.gms/app_chimera/m/0000000b/dl-PlayCloudSearch.optional_253434100000.apk has no usable artifacts
01-15 23:29:22.783  2983  2983 I artd    : GetBestInfo: vdex next to the dex file (/data/user/0/com.google.android.gms/app_dg_cache/D7ECB6ECAAAB0DCD8DECD74AE43F16D2EC2B3A20/oat/x86_64/the.vdex) is kOatUpToDate with filter 'verify' executable 'false'
01-15 23:29:22.783  2983  2983 W artd    : Could not get dex checksums for location /data/app/~~bOQytt44Qr5Gb_ikif2I-Q==/com.android.vending-QpoCtcw5VYD9UTaWrMAz-A==/base.apk, fd=-1
01-15 23:29:25.753   798   954 I HalDevMgr: bestIfaceCreationProposal is null, requestIface=STA, existingIface=[name=wlan0 type=STA]
01-15 23:29:28.623  1185  1331 D SatelliteController: iisInCarrierRoamingNbIotNtn: satellite is disabled
01-15 23:29:28.623  1185  1331 D SatelliteController: getCarrierRoamingNtnConnectType: Falling back to global carrier config connect type: 0
01-15 23:29:28.759   798   954 I HalDevMgr: bestIfaceCreationProposal is null, requestIface=STA, existingIface=[name=wlan0 type=STA]
01-15 23:29:31.767   798   954 I HalDevMgr: bestIfaceCreationProposal is null, requestIface=STA, existingIface=[name=wlan0 type=STA]
01-15 23:29:32.602 11164 11164 W libbinder.BackendUnifiedServiceManager: Thread Pool max thread count is 0. Cannot cache binder as linkToDeath cannot be implemented. serviceName: package
01-15 23:29:32.730  2983  2983 I artd    : GetBestInfo: odex next to the dex file (/data/app/~~32zfW-euUumZmapXCsiMfw==/com.google.android.gms-BB5zRItgPYm45pDbJHp9zQ==/oat/x86_64/base.odex) is kOatUpToDate with filter 'speed-profile' executable 'false'
01-15 23:29:32.732  2983  2983 I artd    : GetBestInfo: odex next to the dex file (/data/app/~~32zfW-euUumZmapXCsiMfw==/com.google.android.gms-BB5zRItgPYm45pDbJHp9zQ==/oat/x86_64/split_AdsDynamite_installtime.odex) is kOatUpToDate with filter 'speed' executable 'false'
01-15 23:29:32.734  2983  2997 I artd    : GetBestInfo: odex next to the dex file (/data/app/~~32zfW-euUumZmapXCsiMfw==/com.google.android.gms-BB5zRItgPYm45pDbJHp9zQ==/oat/x86_64/split_CronetDynamite_installtime.odex) is kOatUpToDate with filter 'speed' executable 'false'
01-15 23:29:32.735  2983  2997 I artd    : GetBestInfo: odex next to the dex file (/data/app/~~32zfW-euUumZmapXCsiMfw==/com.google.android.gms-BB5zRItgPYm45pDbJHp9zQ==/oat/x86_64/split_DynamiteLoader_installtime.odex) is kOatUpToDate with filter 'speed' executable 'false'
01-15 23:29:32.736  2983  2997 I artd    : GetBestInfo: odex next to the dex file (/data/app/~~32zfW-euUumZmapXCsiMfw==/com.google.android.gms-BB5zRItgPYm45pDbJHp9zQ==/oat/x86_64/split_DynamiteModulesA_installtime.odex) is kOatUpToDate with filter 'speed' executable 'false'
01-15 23:29:32.738  2983  2997 I artd    : GetBestInfo: odex next to the dex file (/data/app/~~32zfW-euUumZmapXCsiMfw==/com.google.android.gms-BB5zRItgPYm45pDbJHp9zQ==/oat/x86_64/split_DynamiteModulesC_installtime.odex) is kOatUpToDate with filter 'speed' executable 'false'
01-15 23:29:32.740  2983  2997 I artd    : GetBestInfo: odex next to the dex file (/data/app/~~32zfW-euUumZmapXCsiMfw==/com.google.android.gms-BB5zRItgPYm45pDbJHp9zQ==/oat/x86_64/split_GoogleCertificates_installtime.odex) is kOatUpToDate with filter 'speed' executable 'false'
01-15 23:29:32.741  2983  2997 I artd    : GetBestInfo: odex next to the dex file (/data/app/~~32zfW-euUumZmapXCsiMfw==/com.google.android.gms-BB5zRItgPYm45pDbJHp9zQ==/oat/x86_64/split_MapsDynamite_installtime.odex) is kOatUpToDate with filter 'speed' executable 'false'
01-15 23:29:32.743  2983  2997 I artd    : GetBestInfo: odex next to the dex file (/data/app/~~32zfW-euUumZmapXCsiMfw==/com.google.android.gms-BB5zRItgPYm45pDbJHp9zQ==/oat/x86_64/split_MeasurementDynamite_installtime.odex) is kOatUpToDate with filter 'speed' executable 'false'
01-15 23:29:32.745  2983  2997 I artd    : GetBestInfo: odex next to the dex file (/data/app/~~32zfW-euUumZmapXCsiMfw==/com.google.android.gms-BB5zRItgPYm45pDbJHp9zQ==/oat/x86_64/split_all_locale_splits.odex) is kOatUpToDate with filter 'speed' executable 'false'
01-15 23:29:32.746  2983  2997 I artd    : GetBestInfo: /data/user_de/0/com.google.android.gms/app_chimera/m/00000008/dl-TfliteDynamiteDynamite.integ_243930802100800.apk has no usable artifacts
01-15 23:29:32.747  2983  2997 I artd    : GetBestInfo: /data/user_de/0/com.google.android.gms/app_chimera/m/00000010/dl-PlayCloudSearch.optional_254932100000.apk has no usable artifacts
01-15 23:29:32.747  2983  2997 I artd    : GetBestInfo: /data/user_de/0/com.google.android.gms/app_chimera/m/00000001/CronetDynamite.apk has no usable artifacts
01-15 23:29:32.749  2983  2997 I artd    : GetBestInfo: /data/user_de/0/com.google.android.gms/app_chimera/m/00000011/dl-VisionOcr.optional_254932100000.apk has no usable artifacts
01-15 23:29:32.749  2983  2997 I artd    : GetBestInfo: /data/user_de/0/com.google.android.gms/app_chimera/m/00000002/DynamiteLoader.apk has no usable artifacts
01-15 23:29:32.750  2983  2997 I artd    : GetBestInfo: /data/user_de/0/com.google.android.gms/app_chimera/m/0000000f/dl-MlkitOcrCommon.optional_254932100800.apk has no usable artifacts
01-15 23:29:32.750  2983  2997 I artd    : GetBestInfo: /data/user_de/0/com.google.android.gms/app_chimera/m/00000005/GoogleCertificates.apk has no usable artifacts
01-15 23:29:32.751  2983  2997 I artd    : GetBestInfo: /data/user_de/0/com.google.android.gms/app_chimera/m/0000000e/dl-MlkitBarcodeUi.optional_254932100800.apk has no usable artifacts
01-15 23:29:32.753  2983  2997 I artd    : GetBestInfo: /data/user_de/0/com.google.android.gms/app_chimera/m/0000000a/dl-VisionOcr.optional_253434100000.apk has no usable artifacts
01-15 23:29:32.754  2983  2997 I artd    : GetBestInfo: vdex next to the dex file (/data/user/0/com.google.android.gms/app_dg_cache/3E73B89A0E8F8D5E047D9204352987BD0EB5D68B/oat/x86_64/the.vdex) is kOatUpToDate with filter 'verify' executable 'false'
01-15 23:29:32.756  2983  2997 I artd    : GetBestInfo: /data/user_de/0/com.google.android.gms/app_chimera/m/0000000d/dl-Appsearch.optional_254932100800.apk has no usable artifacts
01-15 23:29:32.757  2983  2997 I artd    : GetBestInfo: /data/user_de/0/com.google.android.gms/app_chimera/m/00000009/dl-MlkitOcrCommon.optional_253434100800.apk has no usable artifacts
01-15 23:29:32.759  2983  2997 I artd    : GetBestInfo: /data/user_de/0/com.google.android.gms/app_chimera/m/0000000b/dl-PlayCloudSearch.optional_253434100000.apk has no usable artifacts
01-15 23:29:32.760  2983  2997 I artd    : GetBestInfo: vdex next to the dex file (/data/user/0/com.google.android.gms/app_dg_cache/D7ECB6ECAAAB0DCD8DECD74AE43F16D2EC2B3A20/oat/x86_64/the.vdex) is kOatUpToDate with filter 'verify' executable 'false'
01-15 23:29:32.761  2983  2997 W artd    : Could not get dex checksums for location /data/app/~~bOQytt44Qr5Gb_ikif2I-Q==/com.android.vending-QpoCtcw5VYD9UTaWrMAz-A==/base.apk, fd=-1
01-15 23:29:34.774   798   954 I HalDevMgr: bestIfaceCreationProposal is null, requestIface=STA, existingIface=[name=wlan0 type=STA]
01-15 23:29:37.781   798   954 I HalDevMgr: bestIfaceCreationProposal is null, requestIface=STA, existingIface=[name=wlan0 type=STA]
01-15 23:29:38.623  1185  1331 D SatelliteController: iisInCarrierRoamingNbIotNtn: satellite is disabled
01-15 23:29:38.623  1185  1331 D SatelliteController: getCarrierRoamingNtnConnectType: Falling back to global carrier config connect type: 0
01-15 23:29:40.788   798   954 I HalDevMgr: bestIfaceCreationProposal is null, requestIface=STA, existingIface=[name=wlan0 type=STA]
01-15 23:29:42.622 11174 11174 W libbinder.BackendUnifiedServiceManager: Thread Pool max thread count is 0. Cannot cache binder as linkToDeath cannot be implemented. serviceName: package
01-15 23:29:42.762  2983  2997 I artd    : GetBestInfo: odex next to the dex file (/data/app/~~32zfW-euUumZmapXCsiMfw==/com.google.android.gms-BB5zRItgPYm45pDbJHp9zQ==/oat/x86_64/base.odex) is kOatUpToDate with filter 'speed-profile' executable 'false'
01-15 23:29:42.765  2983  2997 I artd    : GetBestInfo: odex next to the dex file (/data/app/~~32zfW-euUumZmapXCsiMfw==/com.google.android.gms-BB5zRItgPYm45pDbJHp9zQ==/oat/x86_64/split_AdsDynamite_installtime.odex) is kOatUpToDate with filter 'speed' executable 'false'
01-15 23:29:42.767  2983  2997 I artd    : GetBestInfo: odex next to the dex file (/data/app/~~32zfW-euUumZmapXCsiMfw==/com.google.android.gms-BB5zRItgPYm45pDbJHp9zQ==/oat/x86_64/split_CronetDynamite_installtime.odex) is kOatUpToDate with filter 'speed' executable 'false'
01-15 23:29:42.769  2983  2997 I artd    : GetBestInfo: odex next to the dex file (/data/app/~~32zfW-euUumZmapXCsiMfw==/com.google.android.gms-BB5zRItgPYm45pDbJHp9zQ==/oat/x86_64/split_DynamiteLoader_installtime.odex) is kOatUpToDate with filter 'speed' executable 'false'
01-15 23:29:42.770  2983  2997 I artd    : GetBestInfo: odex next to the dex file (/data/app/~~32zfW-euUumZmapXCsiMfw==/com.google.android.gms-BB5zRItgPYm45pDbJHp9zQ==/oat/x86_64/split_DynamiteModulesA_installtime.odex) is kOatUpToDate with filter 'speed' executable 'false'
01-15 23:29:42.772  2983  2997 I artd    : GetBestInfo: odex next to the dex file (/data/app/~~32zfW-euUumZmapXCsiMfw==/com.google.android.gms-BB5zRItgPYm45pDbJHp9zQ==/oat/x86_64/split_DynamiteModulesC_installtime.odex) is kOatUpToDate with filter 'speed' executable 'false'
01-15 23:29:42.773  2983  2997 I artd    : GetBestInfo: odex next to the dex file (/data/app/~~32zfW-euUumZmapXCsiMfw==/com.google.android.gms-BB5zRItgPYm45pDbJHp9zQ==/oat/x86_64/split_GoogleCertificates_installtime.odex) is kOatUpToDate with filter 'speed' executable 'false'
01-15 23:29:42.774  2983  2997 I artd    : GetBestInfo: odex next to the dex file (/data/app/~~32zfW-euUumZmapXCsiMfw==/com.google.android.gms-BB5zRItgPYm45pDbJHp9zQ==/oat/x86_64/split_MapsDynamite_installtime.odex) is kOatUpToDate with filter 'speed' executable 'false'
01-15 23:29:42.776  2983  2997 I artd    : GetBestInfo: odex next to the dex file (/data/app/~~32zfW-euUumZmapXCsiMfw==/com.google.android.gms-BB5zRItgPYm45pDbJHp9zQ==/oat/x86_64/split_MeasurementDynamite_installtime.odex) is kOatUpToDate with filter 'speed' executable 'false'
01-15 23:29:42.777  2983  2997 I artd    : GetBestInfo: odex next to the dex file (/data/app/~~32zfW-euUumZmapXCsiMfw==/com.google.android.gms-BB5zRItgPYm45pDbJHp9zQ==/oat/x86_64/split_all_locale_splits.odex) is kOatUpToDate with filter 'speed' executable 'false'
01-15 23:29:42.778  2983  2997 I artd    : GetBestInfo: /data/user_de/0/com.google.android.gms/app_chimera/m/00000008/dl-TfliteDynamiteDynamite.integ_243930802100800.apk has no usable artifacts
01-15 23:29:42.779  2983  2997 I artd    : GetBestInfo: /data/user_de/0/com.google.android.gms/app_chimera/m/00000010/dl-PlayCloudSearch.optional_254932100000.apk has no usable artifacts
01-15 23:29:42.780  2983  2997 I artd    : GetBestInfo: /data/user_de/0/com.google.android.gms/app_chimera/m/00000001/CronetDynamite.apk has no usable artifacts
01-15 23:29:42.781  2983  2997 I artd    : GetBestInfo: /data/user_de/0/com.google.android.gms/app_chimera/m/00000011/dl-VisionOcr.optional_254932100000.apk has no usable artifacts
01-15 23:29:42.782  2983  2997 I artd    : GetBestInfo: /data/user_de/0/com.google.android.gms/app_chimera/m/00000002/DynamiteLoader.apk has no usable artifacts
01-15 23:29:42.783  2983  2997 I artd    : GetBestInfo: /data/user_de/0/com.google.android.gms/app_chimera/m/0000000f/dl-MlkitOcrCommon.optional_254932100800.apk has no usable artifacts
01-15 23:29:42.783  2983  2997 I artd    : GetBestInfo: /data/user_de/0/com.google.android.gms/app_chimera/m/00000005/GoogleCertificates.apk has no usable artifacts
01-15 23:29:42.784  2983  2997 I artd    : GetBestInfo: /data/user_de/0/com.google.android.gms/app_chimera/m/0000000e/dl-MlkitBarcodeUi.optional_254932100800.apk has no usable artifacts
01-15 23:29:42.786  2983  2997 I artd    : GetBestInfo: /data/user_de/0/com.google.android.gms/app_chimera/m/0000000a/dl-VisionOcr.optional_253434100000.apk has no usable artifacts
01-15 23:29:42.787  2983  2997 I artd    : GetBestInfo: vdex next to the dex file (/data/user/0/com.google.android.gms/app_dg_cache/3E73B89A0E8F8D5E047D9204352987BD0EB5D68B/oat/x86_64/the.vdex) is kOatUpToDate with filter 'verify' executable 'false'
01-15 23:29:42.788  2983  2997 I artd    : GetBestInfo: /data/user_de/0/com.google.android.gms/app_chimera/m/0000000d/dl-Appsearch.optional_254932100800.apk has no usable artifacts
01-15 23:29:42.790  2983  2997 I artd    : GetBestInfo: /data/user_de/0/com.google.android.gms/app_chimera/m/00000009/dl-MlkitOcrCommon.optional_253434100800.apk has no usable artifacts
