--------- beginning of main
01-15 23:29:03.739   798  2235 D FileUtils: Rounded bytes from 2061062144 to 4000000000
01-15 23:29:03.826  1602  2780 V ClearcutMetricXmitter: Transmission is done.
--------- beginning of system
01-15 23:29:04.463   798  2235 W ActivityTaskManager: callingPackage for (uid=2000, pid=11109) has no WPC
01-15 23:29:04.464   798  2235 V WindowManager: DesktopModeLaunchParamsModifier: phase= 0 task=null activity=null display-area-from-current-params=null display-area-from-default-fallback=DefaultTaskDisplayArea@46370037 display-id=0 task-display-area-windowing-mode=1 suggested-display-area=DefaultTaskDisplayArea@46370037 task null, skipping
01-15 23:29:04.464   798  2235 V WindowManager: TaskLaunchParamsModifier:phase=0 task=null activity=null display-area-from-current-params=null display-area-from-default-fallback=DefaultTaskDisplayArea@46370037 display-id=0 task-display-area-windowing-mode=1 suggested-display-area=DefaultTaskDisplayArea@46370037
01-15 23:29:04.465   798  2235 V GrammaticalInflectionUtils: AttributionSource: android.content.AttributionSource@ff175c87 does not have READ_SYSTEM_GRAMMATICAL_GENDER permission.
01-15 23:29:04.465   798  2235 V WindowManager: DesktopModeLaunchParamsModifier: phase= 0 task=null activity=ActivityRecord{54285424 u0 com.geek2geeks.level/.MainActivity display-area-from-current-params=null display-area-from-default-fallback=DefaultTaskDisplayArea@46370037 display-id=0 task-display-area-windowing-mode=1 suggested-display-area=DefaultTaskDisplayArea@46370037 task null, skipping
01-15 23:29:04.465   798  2235 V WindowManager: TaskLaunchParamsModifier:phase=0 task=null activity=ActivityRecord{54285424 u0 com.geek2geeks.level/.MainActivity t-1} display-area-from-current-params=null display-area-from-default-fallback=DefaultTaskDisplayArea@46370037 display-id=0 task-display-area-windowing-mode=1 suggested-display-area=DefaultTaskDisplayArea@46370037
01-15 23:29:04.465   798  2235 V WindowManager: DesktopModeLaunchParamsModifier: phase= 3 task=null activity=ActivityRecord{54285424 u0 com.geek2geeks.level/.MainActivity t-1} display-area-from-current-params=null display-area-from-default-fallback=DefaultTaskDisplayArea@46370037 display-id=0 task-display-area-windowing-mode=1 suggested-display-area=DefaultTaskDisplayArea@46370037 task null, skipping
01-15 23:29:04.465   798  2235 V WindowManager: TaskLaunchParamsModifier:phase=3 task=null activity=ActivityRecord{54285424 u0 com.geek2geeks.level/.MainActivity t-1} display-area-from-current-params=null display-area-from-default-fallback=DefaultTaskDisplayArea@46370037 display-id=0 task-display-area-windowing-mode=1 suggested-display-area=DefaultTaskDisplayArea@46370037 non-freeform-task-display-area display-area=DefaultTaskDisplayArea@46370037 skip-bounds-fullscreen
01-15 23:29:04.467   798  2235 V WindowManager: DesktopModeLaunchParamsModifier: phase= 3 task=Task{10a43e9 #35 type=standard A=10227:com.geek2geeks.level} activity=ActivityRecord{54285424 u0 com.geek2geeks.level/.MainActivity t-1} display-from-task=0 display-id=0 task-display-area-windowing-mode=1 suggested-display-area=DefaultTaskDisplayArea@46370037 not entering desktop mode, skipping
01-15 23:29:04.467   798  2235 V WindowManager: TaskLaunchParamsModifier:phase=3 task=Task{10a43e9 #35 type=standard A=10227:com.geek2geeks.level} activity=ActivityRecord{54285424 u0 com.geek2geeks.level/.MainActivity t-1} display-from-task=0 display-id=0 task-display-area-windowing-mode=1 suggested-display-area=DefaultTaskDisplayArea@46370037 inherit-from-task=fullscreen non-freeform-task-display-area display-area=DefaultTaskDisplayArea@46370037 skip-bounds-fullscreen
01-15 23:29:04.469   649   676 I libbinder.BpBinder: onLastStrongRef automatically unlinking death recipients for descriptor: '(not cached)'
01-15 23:29:04.472   798  2235 I ActivityTaskManager: START u0 {flg=0x10000000 xflg=0x5 cmp=com.geek2geeks.level/.MainActivity} with LAUNCH_SINGLE_TASK from uid 2000 (com.android.shell) (BAL_ALLOW_PERMISSION) result code=0
01-15 23:29:04.473  1052  1122 V WindowManagerShell: Transition requested (#32): android.os.BinderProxy@386a192 TransitionRequestInfo { type = OPEN, triggerTask = TaskInfo{userId=0 taskId=35 effectiveUid=10227 displayId=0 isRunning=true baseIntent=Intent { flg=0x10000000 cmp=com.geek2geeks.level/.MainActivity } baseActivity=ComponentInfo{com.geek2geeks.level/com.geek2geeks.level.MainActivity} topActivity=ComponentInfo{com.geek2geeks.level/com.geek2geeks.level.MainActivity} origActivity=null realActivity=ComponentInfo{com.geek2geeks.level/com.geek2geeks.level.MainActivity} numActivities=1 lastActiveTime=7233102 supportsMultiWindow=true resizeMode=1 isResizeable=true minWidth=-1 minHeight=-1 defaultMinSize=220 token=WCT{android.os.BinderProxy@e797763} topActivityType=1 pictureInPictureParams=null shouldDockBigOverlays=false launchIntoPipHostTaskId=-1 lastParentTaskIdBeforePip=-1 displayCutoutSafeInsets=Rect(0, 0 - 0, 0) topActivityInfo=ActivityInfo{5aa2f60 com.geek2geeks.level.MainActivity} launchCookies=[] positionInParent=Point(0, 0) parentTaskId=-1 isFocused=false isVisible=false isVisibleRequested=false isTopActivityNoDisplay=false isSleeping=false locusId=null displayAreaFeatureId=1 isTopActivityTransparent=false isActivityStackTransparent=false lastNonFullscreenBounds=null capturedLink=null capturedLinkTimestamp=0 requestedVisibleTypes=503 topActivityRequestOpenInBrowserEducationTimestamp=0 appCompatTaskInfo=AppCompatTaskInfo { topActivityInSizeCompat=false isLeafTask= true eligibleForLetterboxEducation= false isLetterboxEducationEnabled= true isLetterboxDoubleTapEnabled= false eligibleForUserAspectRatioButton= false topActivityBoundsLetterboxed= false isFromLetterboxDoubleTap= false topActivityLetterboxVerticalPosition= -1 topActivityLetterboxHorizontalPosition= -1 topActivityLetterboxWidth=-1 topActivityLetterboxHeight=-1 topActivityAppBounds=Rect(0, 0 - 1080, 2400) isUserFullscreenOverrideEnabled=false isSystemFullscreenOverrideEnabled=false hasMinAspectRatioOverride=false topActivityLetterboxBounds=null cameraCompatTaskInfo=CameraCompatTaskInfo { cameraCompatMode=undefinedundefined} topNonResizableActivityAspectRatio=-1.0} topActivityMainWindowFrame=null isAppBubble=false}, pipChange = null, remoteTransition = null, displayChange = null, requestedLocation = null, userChange = null, windowingLayerChange = null, flags = 0, debugId = 32 }
01-15 23:29:04.473  1052  1122 D ShellSplitScreen: logExit: no-op, mLoggerSessionId is null
01-15 23:29:04.473  1052  1122 V ShellDesktopMode: DesktopTasksController: handleRequest request=TransitionRequestInfo { type = OPEN, triggerTask = TaskInfo{userId=0 taskId=35 effectiveUid=10227 displayId=0 isRunning=true baseIntent=Intent { flg=0x10000000 cmp=com.geek2geeks.level/.MainActivity } baseActivity=ComponentInfo{com.geek2geeks.level/com.geek2geeks.level.MainActivity} topActivity=ComponentInfo{com.geek2geeks.level/com.geek2geeks.level.MainActivity} origActivity=null realActivity=ComponentInfo{com.geek2geeks.level/com.geek2geeks.level.MainActivity} numActivities=1 lastActiveTime=7233102 supportsMultiWindow=true resizeMode=1 isResizeable=true minWidth=-1 minHeight=-1 defaultMinSize=220 token=WCT{android.os.BinderProxy@e797763} topActivityType=1 pictureInPictureParams=null shouldDockBigOverlays=false launchIntoPipHostTaskId=-1 lastParentTaskIdBeforePip=-1 displayCutoutSafeInsets=Rect(0, 0 - 0, 0) topActivityInfo=ActivityInfo{5aa2f60 com.geek2geeks.level.MainActivity} launchCookies=[] positionInParent=Point(0, 0) parentTaskId=-1 isFocused=false isVisible=false isVisibleRequested=false isTopActivityNoDisplay=false isSleeping=false locusId=null displayAreaFeatureId=1 isTopActivityTransparent=false isActivityStackTransparent=false lastNonFullscreenBounds=null capturedLink=null capturedLinkTimestamp=0 requestedVisibleTypes=503 topActivityRequestOpenInBrowserEducationTimestamp=0 appCompatTaskInfo=AppCompatTaskInfo { topActivityInSizeCompat=false isLeafTask= true eligibleForLetterboxEducation= false isLetterboxEducationEnabled= true isLetterboxDoubleTapEnabled= false eligibleForUserAspectRatioButton= false topActivityBoundsLetterboxed= false isFromLetterboxDoubleTap= false topActivityLetterboxVerticalPosition= -1 topActivityLetterboxHorizontalPosition= -1 topActivityLetterboxWidth=-1 topActivityLetterboxHeight=-1 topActivityAppBounds=Rect(0, 0 - 1080, 2400) isUserFullscreenOverrideEnabled=false isSystemFullscreenOverrideEnabled=false hasMinAspectRatioOverride=false topActivityLetterboxBounds=null cameraCompatTaskInfo=CameraCompatTaskInfo { cameraCompatMode=undefinedundefined} topNonResizableActivityAspectRatio=-1.0} topActivityMainWindowFrame=null isAppBubble=false}, pipChange = null, remoteTransition = null, displayChange = null, requestedLocation = null, userChange = null, windowingLayerChange = null, flags = 0, debugId = 32 }
01-15 23:29:04.473  1052  1122 V ShellDesktopMode: DesktopTasksController: skipping handleRequest reason=triggerTask's display doesn't support desktop mode
01-15 23:29:04.474  1197  1197 D RecentsView: onTaskDisplayChanged: 35, new displayId = 0
01-15 23:29:04.476   699   786 W libbinder.IPCThreadState: Sending oneway calls to frozen process.
01-15 23:29:04.476   699   786 W libbinder.IPCThreadState: Sending oneway calls to frozen process.
01-15 23:29:04.480   798   823 V GrammaticalInflectionUtils: AttributionSource: android.content.AttributionSource@ff175c87 does not have READ_SYSTEM_GRAMMATICAL_GENDER permission.
01-15 23:29:04.481  1197  1197 D b/417220811: invalidateLoadedTasks - previous requestLoadId: -1
01-15 23:29:04.482   798  1007 D BackgroundInstallControlService: Package event received: 0
01-15 23:29:04.482  1052  1122 D ShellDesktopMode: DesktopRepository: Removes freeform task: taskId=33
01-15 23:29:04.482  1052  1122 W ShellDesktopMode: DesktopRepository: No display id found for task: taskId=33
01-15 23:29:04.483  1197  1197 D b/417220811: invalidateLoadedTasks - previous requestLoadId: -1
01-15 23:29:04.489   580   580 D Zygote  : Forked child process 11112
01-15 23:29:04.490   798   833 I ActivityManager: Start proc 11112:com.geek2geeks.level/u0a227 for next-top-activity {com.geek2geeks.level/com.geek2geeks.level.MainActivity}
01-15 23:29:04.495 11112 11112 I Zygote  : Process 11112 created for com.geek2geeks.level
01-15 23:29:04.495 11112 11112 I eek2geeks.level: Using CollectorTypeCMC GC.
01-15 23:29:04.495 11112 11112 W eek2geeks.level: Unexpected CPU variant for x86: x86_64.
01-15 23:29:04.495 11112 11112 W eek2geeks.level: Known variants: atom, sandybridge, silvermont, goldmont, goldmont-plus, goldmont-without-sha-xsaves, tremont, kabylake, alderlake, default
01-15 23:29:04.516 11112 11112 D nativeloader: Load libframework-connectivity-tiramisu-jni.so using APEX ns com_android_tethering for caller /apex/com.android.tethering/javalib/framework-connectivity-t.jar: ok
01-15 23:29:04.535   798  1007 D BackgroundInstallControlService: Package event received: 0
01-15 23:29:04.588  1197  1197 D b/417220811: invalidateLoadedTasks - previous requestLoadId: -1
01-15 23:29:04.588 11112 11112 D nativeloader: Configuring clns-9 for other apk /data/app/~~lrh_BaQopD06FYosjLS-zg==/com.geek2geeks.level-Gr7vq89aLleE0CuEC2eZmw==/base.apk. target_sdk_version=36, uses_libraries=, library_path=/data/app/~~lrh_BaQopD06FYosjLS-zg==/com.geek2geeks.level-Gr7vq89aLleE0CuEC2eZmw==/lib/x86_64:/data/app/~~lrh_BaQopD06FYosjLS-zg==/com.geek2geeks.level-Gr7vq89aLleE0CuEC2eZmw==/base.apk!/lib/x86_64, permitted_path=/data:/mnt/expand:/data/user/0/com.geek2geeks.level
01-15 23:29:04.607 11112 11112 V GraphicsEnvironment: Currently set values for:
01-15 23:29:04.607 11112 11112 V GraphicsEnvironment:   angle_gl_driver_selection_pkgs=[]
01-15 23:29:04.607 11112 11112 V GraphicsEnvironment:   angle_gl_driver_selection_values=[]
01-15 23:29:04.607 11112 11112 V GraphicsEnvironment: com.geek2geeks.level is not listed in per-application setting
01-15 23:29:04.607 11112 11112 V GraphicsEnvironment: ANGLE allowlist from config: com.dreamgames.royalmatch com.dts.freefiremax com.dxx.firenow com.gramgames.mergedragons com.ludo.king com.mojang.minecraftpe com.my.defense com.nintendo.zaka com.os.airforce com.playrix.fishdomdd.gplay io.teslatech.callbreak jp.konami.prospia net.peakgames.toonblast
01-15 23:29:04.608 11112 11112 V GraphicsEnvironment: No special selections for ANGLE, returning default driver choice
01-15 23:29:04.609 11112 11112 V GraphicsEnvironment: Neither updatable production driver nor prerelease driver is supported.
01-15 23:29:04.659 11112 11112 W SoLoader: Initializing SoLoader: 0
01-15 23:29:04.660 11112 11112 W SoLoader: Recording new base apk path: /data/app/~~lrh_BaQopD06FYosjLS-zg==/com.geek2geeks.level-Gr7vq89aLleE0CuEC2eZmw==/base.apk
01-15 23:29:04.660 11112 11112 W SoLoader: Previously recorded 0 base apk paths.
01-15 23:29:04.661 11112 11112 I SoLoader: Preparing SO source: DirectorySoSource[root = /vendor/lib64 flags = 2]
01-15 23:29:04.661 11112 11112 I SoLoader: Preparing SO source: DirectorySoSource[root = /system/lib64 flags = 2]
01-15 23:29:04.661 11112 11112 I SoLoader: Preparing SO source: ApplicationSoSource[DirectorySoSource[root = /data/app/~~lrh_BaQopD06FYosjLS-zg==/com.geek2geeks.level-Gr7vq89aLleE0CuEC2eZmw==/lib/x86_64 flags = 0]]
01-15 23:29:04.661 11112 11112 I SoLoader: Preparing SO source: BackupSoSource[root = /data/data/com.geek2geeks.level/lib-main flags = 1 apks = [/data/app/~~lrh_BaQopD06FYosjLS-zg==/com.geek2geeks.level-Gr7vq89aLleE0CuEC2eZmw==/base.apk]]
01-15 23:29:04.661 11112 11112 I SoLoader: init finish: 4 SO sources prepared
01-15 23:29:04.661 11112 11112 W SoLoader: SoLoader initialized: 0
01-15 23:29:04.701   798   954 I HalDevMgr: bestIfaceCreationProposal is null, requestIface=STA, existingIface=[name=wlan0 type=STA]
01-15 23:29:04.772 11112 11112 D nativeloader: Load /data/app/~~lrh_BaQopD06FYosjLS-zg==/com.geek2geeks.level-Gr7vq89aLleE0CuEC2eZmw==/lib/x86_64/libreactnative.so using class loader ns clns-9 (caller=/data/app/~~lrh_BaQopD06FYosjLS-zg==/com.geek2geeks.level-Gr7vq89aLleE0CuEC2eZmw==/base.apk!classes2.dex): ok
01-15 23:29:04.773 11112 11112 D jni_lib_merge: Entering merged library JNI_OnLoad.
01-15 23:29:04.773 11112 11112 D jni_lib_merge: Preparing 12 pre-merged libs (including stub)
01-15 23:29:04.773 11112 11112 D jni_lib_merge: Preparing to register libfabricjni_so.  onload_func: 0x7cc3990b0ba0
01-15 23:29:04.773 11112 11112 D jni_lib_merge: Preparing to register libreact_devsupportjni_so.  onload_func: 0x7cc39918c530
01-15 23:29:04.773 11112 11112 D jni_lib_merge: Preparing to register libreact_featureflagsjni_so.  onload_func: 0x7cc39919f0a0
01-15 23:29:04.773 11112 11112 D jni_lib_merge: Preparing to register libreact_newarchdefaults_so.  onload_func: 0x7cc3991c5fa0
01-15 23:29:04.773 11112 11112 D jni_lib_merge: Preparing to register libreactnativeblob_so.  onload_func: 0x7cc39926da50
01-15 23:29:04.773 11112 11112 D jni_lib_merge: Preparing to register libreactnativejni_so.  onload_func: 0x7cc3992888c0
01-15 23:29:04.773 11112 11112 D jni_lib_merge: Preparing to register libreactnativejni_common_so.  onload_func: 0x7cc39928f150
01-15 23:29:04.773 11112 11112 D jni_lib_merge: Preparing to register librninstance_so.  onload_func: 0x7cc3992ad450
01-15 23:29:04.773 11112 11112 D jni_lib_merge: Preparing to register libturbomodulejsijni_so.  onload_func: 0x7cc399358b80
01-15 23:29:04.773 11112 11112 D jni_lib_merge: Preparing to register libuimanagerjni_so.  onload_func: 0x7cc399360ab0
01-15 23:29:04.773 11112 11112 D jni_lib_merge: Preparing to register libyoga_so.  onload_func: 0x7cc399368130
01-15 23:29:04.773 11112 11112 D jni_lib_merge: About to register 11 actual methods.
01-15 23:29:04.783 11112 11112 D nativeloader: Load /data/app/~~lrh_BaQopD06FYosjLS-zg==/com.geek2geeks.level-Gr7vq89aLleE0CuEC2eZmw==/lib/x86_64/libappmodules.so using class loader ns clns-9 (caller=/data/app/~~lrh_BaQopD06FYosjLS-zg==/com.geek2geeks.level-Gr7vq89aLleE0CuEC2eZmw==/base.apk!classes2.dex): ok
01-15 23:29:04.790 11112 11127 I DisplayManager: Choreographer implicitly registered for the refresh rate.
01-15 23:29:04.790   798  1007 D BackgroundInstallControlService: Package event received: 0
01-15 23:29:04.790   798  1007 D BackgroundInstallControlService: Package event received: 0
01-15 23:29:04.811 11112 11112 D DesktopExperienceFlags: Toggle override initialized to: false
01-15 23:29:04.815 11112 11112 D AppCompatDelegate: Checking for metadata for AppLocalesMetadataHolderService : Service not found
01-15 23:29:04.820 11112 11112 E ashmem  : Pinning is deprecated since Android Q. Please use trim or other methods.
01-15 23:29:04.834 11112 11112 D CompatChangeReporter: Compat change id reported: 377864165; UID 10227; state: ENABLED
01-15 23:29:04.834 11112 11112 D DesktopModeFlags: Toggle override initialized to: OVERRIDE_UNSET
01-15 23:29:04.839 11112 11127 I GFXSTREAM: [eglDisplay.cpp(297)] Opening libGLESv1_CM_emulation.so
01-15 23:29:04.840 11112 11127 I GFXSTREAM: [eglDisplay.cpp(297)] Opening libGLESv2_emulation.so
01-15 23:29:04.845 11112 11127 W HWUI    : Failed to choose config with EGL_SWAP_BEHAVIOR_PRESERVED, retrying without...
01-15 23:29:04.846 11112 11127 W HWUI    : Failed to initialize 101010-2 format, error = EGL_SUCCESS
01-15 23:29:04.864 11112 11112 D nativeloader: Load /data/app/~~lrh_BaQopD06FYosjLS-zg==/com.geek2geeks.level-Gr7vq89aLleE0CuEC2eZmw==/lib/x86_64/libfbjni.so using class loader ns clns-9 (caller=/data/app/~~lrh_BaQopD06FYosjLS-zg==/com.geek2geeks.level-Gr7vq89aLleE0CuEC2eZmw==/base.apk!classes2.dex): ok
01-15 23:29:04.891 11112 11112 W unknown:BridgelessReact: ReactHost{0}.startSurface(surfaceId = 0): Schedule
01-15 23:29:04.891 11112 11112 W unknown:BridgelessReact: ReactHost{0}.attachSurface(surfaceId = 0)
01-15 23:29:04.892 11112 11132 W unknown:BridgelessReact: ReactHost{0}.getOrCreateReactInstanceTask()
01-15 23:29:04.892 11112 11132 W unknown:BridgelessReact: ReactHost{0}.getOrCreateReactInstanceTask(): Start
01-15 23:29:04.893 11112 11132 W unknown:BridgelessReact: ReactHost{0}.getJSBundleLoader()
01-15 23:29:04.894 11112 11132 W unknown:BridgelessReact: ReactHost{0}.getOrCreateReactContext(): Creating BridgelessReactContext
01-15 23:29:04.894 11112 11132 W unknown:BridgelessReact: ReactHost{0}.getOrCreateReactInstanceTask(): Creating ReactInstance
01-15 23:29:04.904 11112 11112 W unknown:BridgelessReact: ReactHost{0}.onHostResume(activity)
01-15 23:29:04.904 11112 11112 W unknown:BridgelessReact: ReactContext.onHostResume()
01-15 23:29:04.919 11112 11132 D nativeloader: Load /data/app/~~lrh_BaQopD06FYosjLS-zg==/com.geek2geeks.level-Gr7vq89aLleE0CuEC2eZmw==/lib/x86_64/libhermestooling.so using class loader ns clns-9 (caller=/data/app/~~lrh_BaQopD06FYosjLS-zg==/com.geek2geeks.level-Gr7vq89aLleE0CuEC2eZmw==/base.apk!classes2.dex): ok
01-15 23:29:04.919 11112 11132 D jni_lib_merge: Entering merged library JNI_OnLoad.
01-15 23:29:04.920 11112 11132 D jni_lib_merge: Preparing 4 pre-merged libs (including stub)
01-15 23:29:04.920 11112 11132 D jni_lib_merge: Preparing to register libhermes_executor_so.  onload_func: 0x7cc4171e1730
01-15 23:29:04.920 11112 11132 D jni_lib_merge: Preparing to register libhermesinstancejni_so.  onload_func: 0x7cc4171e8db0
01-15 23:29:04.920 11112 11132 D jni_lib_merge: Preparing to register libjsijniprofiler_so.  onload_func: 0x7cc4171e9540
01-15 23:29:04.920 11112 11132 D jni_lib_merge: About to register 3 actual methods.
01-15 23:29:04.924  1052  1368 V WindowManagerShell: onTransitionReady(transaction=3427383905177)
01-15 23:29:04.925  1052  1122 V WindowManagerShell: onTransitionReady (#32) android.os.BinderProxy@386a192: {id=32 t=OPEN f=0x0 trk=0 r=[0@Point(0, 0)] c=[
01-15 23:29:04.925  1052  1122 V WindowManagerShell:         {m=OPEN f=NONE leash=Surface(name=Task=35#381)/@0x841d624 sb=Rect(0, 0 - 1080, 2400) eb=Rect(0, 0 - 1080, 2400) epz=Point(1080, 2400) d=0 taskParent=-1 winMode=1 userId=0},
01-15 23:29:04.925  1052  1122 V WindowManagerShell:         {m=TO_BACK f=NONE leash=Surface(name=Task=34#360)/@0x71f558d sb=Rect(0, 0 - 1080, 2400) eb=Rect(0, 0 - 1080, 2400) epz=Point(1080, 2400) d=0 taskParent=-1 winMode=1 userId=0}
01-15 23:29:04.925  1052  1122 V WindowManagerShell:     ]}
01-15 23:29:04.927  1052  1122 V WindowManagerShell: Playing animation for (#32) android.os.BinderProxy@386a192@0
01-15 23:29:04.927  1052  1122 V ShellRecents: RecentsTransitionHandler.startAnimation: no controller found
01-15 23:29:04.927  1052  1122 V ShellDesktopMode: DesktopMixedTransitionHandler: No pending desktop transition
01-15 23:29:04.927  1052  1122 V WindowManagerShell: Transition doesn't have explicit remote, search filters for match for {id=32 t=OPEN f=0x0 trk=0 r=[0@Point(0, 0)] c=[{m=OPEN f=NONE leash=Surface(name=Task=35#381)/@0x841d624 sb=Rect(0, 0 - 1080, 2400) eb=Rect(0, 0 - 1080, 2400) epz=Point(1080, 2400) d=0 taskParent=-1 winMode=1 userId=0},{m=TO_BACK f=NONE leash=Surface(name=Task=34#360)/@0x71f558d sb=Rect(0, 0 - 1080, 2400) eb=Rect(0, 0 - 1080, 2400) epz=Point(1080, 2400) d=0 taskParent=-1 winMode=1 userId=0}]}
01-15 23:29:04.927  1052  1122 V WindowManagerShell:  Checking filter Pair{{types=[] flags=0x0] notFlags=0x0 checks=[{atype=undefined independent=true modes=[CLOSE,TO_BACK] flags=IN_TASK_WITH_EMBEDDED_ACTIVITY mustBeTask=false order=ANY topActivity=null launchCookie=null taskFragmentToken=android.os.BinderProxy@97702bb windowingMode=undefined isCrossDisplayMove=false}]} RemoteTransition { remoteTransition = android.window.IRemoteTransition$Stub$Proxy@22353d8, appThread = android.app.IApplicationThread$Stub$Proxy@da6b331, debugName = overlayBackTransition }}
01-15 23:29:04.927  1052  1122 V WindowManagerShell:  Checking filter Pair{{types=[] flags=0x0] notFlags=0x0 checks=[{atype=dream independent=true modes=[OPEN,TO_FRONT] flags=NONE mustBeTask=false order=ANY topActivity=null launchCookie=null windowingMode=undefined isCrossDisplayMove=false},{atype=home independent=true modes=[CLOSE,TO_BACK] flags=NONE mustBeTask=false order=ANY topActivity=null launchCookie=null windowingMode=undefined isCrossDisplayMove=false}]} RemoteTransition { remoteTransition = android.window.IRemoteTransition$Stub$Proxy@3796a16, appThread = android.app.IApplicationThread$Stub$Proxy@c090f97, debugName = LauncherToDream }}
01-15 23:29:04.928  1052  1122 V WindowManagerShell:  Checking filter Pair{{types=[] flags=0x0] notFlags=0x100 checks=[{atype=home independent=true modes=[OPEN,TO_FRONT] flags=NONE mustBeTask=false order=TOP topActivity=ComponentInfo{com.google.android.apps.nexuslauncher/com.google.android.apps.nexuslauncher.NexusLauncherActivity} launchCookie=null windowingMode=undefined isCrossDisplayMove=false},{atype=standard independent=true modes=[CLOSE,TO_BACK] flags=NONE mustBeTask=false order=ANY topActivity=null launchCookie=null windowingMode=undefined isCrossDisplayMove=false},{NOT atype=undefined independent=true modes=[] flags=NONE mustBeTask=true order=ANY topActivity=null launchCookie=null customAnim=true windowingMode=undefined isCrossDisplayMove=false}]} RemoteTransition { remoteTransition = android.window.IRemoteTransition$Stub$Proxy@865d584, appThread = android.app.IApplicationThread$Stub$Proxy@282516d, debugName = QuickstepLaunchHome }}
01-15 23:29:04.928  1052  1122 V WindowManagerShell:  Checking filter Pair{{types=[OPEN,TO_FRONT] flags=0x0] notFlags=0x0 checks=[{atype=standard independent=true modes=[OPEN,TO_FRONT] flags=NONE mustBeTask=true order=ANY topActivity=null launchCookie=null windowingMode=freeform isCrossDisplayMove=false}]} RemoteTransition { remoteTransition = android.window.IRemoteTransition$Stub$Proxy@9870b35, appThread = null, debugName = DesktopWindowLimitUnminimize }}
01-15 23:29:04.928  1052  1122 V WindowManagerShell:  Delegate animation for (#32) to null
01-15 23:29:04.928  1052  1122 V WindowManagerShell: start default transition animation, info = {id=32 t=OPEN f=0x0 trk=0 r=[0@Point(0, 0)] c=[{m=OPEN f=NONE leash=Surface(name=Task=35#381)/@0x841d624 sb=Rect(0, 0 - 1080, 2400) eb=Rect(0, 0 - 1080, 2400) epz=Point(1080, 2400) d=0 taskParent=-1 winMode=1 userId=0},{m=TO_BACK f=NONE leash=Surface(name=Task=34#360)/@0x71f558d sb=Rect(0, 0 - 1080, 2400) eb=Rect(0, 0 - 1080, 2400) epz=Point(1080, 2400) d=0 taskParent=-1 winMode=1 userId=0}]}
01-15 23:29:04.928  1052  1122 V WindowManagerShell: loadAnimation: anim=android.view.animation.AnimationSet@238bd89 animAttr=0x9 type=OPEN isEntrance=false
01-15 23:29:04.930 11112 11112 W HWUI    : Unknown dataspace 0
01-15 23:29:04.942   798   820 V WindowManager: Sent Transition (#32) createdAt=01-15 23:29:04.465 via request=TransitionRequestInfo { type = OPEN, triggerTask = TaskInfo{userId=0 taskId=35 effectiveUid=10227 displayId=0 isRunning=true baseIntent=Intent { flg=0x10000000 cmp=com.geek2geeks.level/.MainActivity } baseActivity=ComponentInfo{com.geek2geeks.level/com.geek2geeks.level.MainActivity} topActivity=ComponentInfo{com.geek2geeks.level/com.geek2geeks.level.MainActivity} origActivity=null realActivity=ComponentInfo{com.geek2geeks.level/com.geek2geeks.level.MainActivity} numActivities=1 lastActiveTime=7233102 supportsMultiWindow=true resizeMode=1 isResizeable=true minWidth=-1 minHeight=-1 defaultMinSize=220 token=WCT{RemoteToken{be01839 Task{10a43e9 #35 type=standard A=10227:com.geek2geeks.level}}} topActivityType=1 pictureInPictureParams=null shouldDockBigOverlays=false launchIntoPipHostTaskId=-1 lastParentTaskIdBeforePip=-1 displayCutoutSafeInsets=Rect(0, 0 - 0, 0) topActivityInfo=ActivityInfo{ae1de7e com.geek2geeks.level.MainActivity} launchCookies=[] positionInParent=Point(0, 0) parentTaskId=-1 isFocused=false isVisible=false isVisibleRequested=false isTopActivityNoDisplay=false isSleeping=false locusId=null displayAreaFeatureId=1 isTopActivityTransparent=false isActivityStackTransparent=false lastNonFullscreenBounds=null capturedLink=null capturedLinkTimestamp=0 requestedVisibleTypes=503 topActivityRequestOpenInBrowserEducationTimestamp=0 appCompatTaskInfo=AppCompatTaskInfo { topActivityInSizeCompat=false isLeafTask= true eligibleForLetterboxEducation= false isLetterboxEducationEnabled= true isLetterboxDoubleTapEnabled= false eligibleForUserAspectRatioButton= false topActivityBoundsLetterboxed= false isFromLetterboxDoubleTap= false topActivityLetterboxVerticalPosition= -1 topActivityLetterboxHorizontalPosition= -1 topActivityLetterboxWidth=-1 topActivityLetterboxHeight=-1 topActivityAppBounds=Rect(0, 0 - 1080, 2400) isUserFullscreenOverrideEnabled=false isSystemFullscreenOverrideEnabled=false hasMinAspectRatioOverride=false topActivityLetterboxBounds=null cameraCompatTaskInfo=CameraCompatTaskInfo { cameraCompatMode=undefinedundefined} topNonResizableActivityAspectRatio=-1.0} topActivityMainWindowFrame=null isAppBubble=false}, pipChange = null, remoteTransition = null, displayChange = null, requestedLocation = null, userChange = null, windowingLayerChange = null, flags = 0, debugId = 32 }
01-15 23:29:04.942   798   820 V WindowManager:     startWCT=WindowContainerTransaction { changes= {} hops= [] errorCallbackToken=null taskFragmentOrganizer=null }
01-15 23:29:04.943   798   820 V WindowManager:     info={id=32 t=OPEN f=0x0 trk=0 r=[0@Point(0, 0)] c=[
01-15 23:29:04.943   798   820 V WindowManager:         {WCT{RemoteToken{be01839 Task{10a43e9 #35 type=standard A=10227:com.geek2geeks.level}}} m=OPEN f=NONE leash=Surface(name=Task=35#381)/@0xd749694 sb=Rect(0, 0 - 1080, 2400) eb=Rect(0, 0 - 1080, 2400) epz=Point(1080, 2400) d=0 taskParent=-1 winMode=1 userId=0},
01-15 23:29:04.943   798   820 V WindowManager:         {WCT{RemoteToken{b7ceb1b Task{a74bc70 #34 type=standard A=1000:com.android.settings}}} m=TO_BACK f=NONE leash=Surface(name=Task=34#360)/@0x14f9a15 sb=Rect(0, 0 - 1080, 2400) eb=Rect(0, 0 - 1080, 2400) epz=Point(1080, 2400) d=0 taskParent=-1 winMode=1 userId=0}
01-15 23:29:04.943   798   820 V WindowManager:     ]}
01-15 23:29:04.945 11112 11132 I FrameProcessorPluginRegistry: Successfully registered Frame Processor Plugin "resize"!
01-15 23:29:04.948  1052  1122 V WindowManagerShell: loadAnimation: anim=android.view.animation.AnimationSet@e215466 animAttr=0x8 type=OPEN isEntrance=true
01-15 23:29:04.949  1052  1122 V WindowManagerShell:  animated by com.android.wm.shell.transition.DefaultTransitionHandler@420a061
01-15 23:29:04.949  1052  1122 V ShellTaskOrganizer: Task appeared taskId=35 listener=FullscreenTaskListener
01-15 23:29:04.949  1052  1122 V ShellTaskOrganizer: Fullscreen Task Appeared: #35
01-15 23:29:04.950  1197  1197 D b/417220811: invalidateLoadedTasks - previous requestLoadId: -1
01-15 23:29:04.952 11112 11112 D WindowOnBackDispatcher: setTopOnBackInvokedCallback (unwrapped): android.app.Activity$$ExternalSyntheticLambda0@53f5ab5
01-15 23:29:04.952 11112 11112 D WindowOnBackDispatcher: setTopOnBackInvokedCallback (unwrapped): androidx.activity.OnBackPressedDispatcher$Api34Impl$createOnBackAnimationCallback$1@69af54a
01-15 23:29:04.953   798  1806 D CoreBackPreview: Window{ba0fef5 u0 com.geek2geeks.level/com.geek2geeks.level.MainActivity}: Setting back callback OnBackInvokedCallbackInfo{mCallback=android.window.IOnBackInvokedCallback$Stub$Proxy@8b55718, mPriority=-1, mIsAnimationCallback=false, mOverrideBehavior=0}
01-15 23:29:04.953   798  1806 D CoreBackPreview: Window{ba0fef5 u0 com.geek2geeks.level/com.geek2geeks.level.MainActivity}: Setting back callback OnBackInvokedCallbackInfo{mCallback=android.window.IOnBackInvokedCallback$Stub$Proxy@a4f9571, mPriority=0, mIsAnimationCallback=true, mOverrideBehavior=0}
01-15 23:29:04.953 11112 11112 D VRI[MainActivity]: WindowInsets changed: 1080x2400 statusBars:[0,63,0,0] navigationBars:[0,0,0,63] mandatorySystemGestures:[0,63,0,84] 
01-15 23:29:04.981  1197  1205 W System  : A resource failed to call release. 
01-15 23:29:04.981  1197  1205 W System  : A resource failed to call release. 
01-15 23:29:04.981  1197  1205 W System  : A resource failed to call release. 
01-15 23:29:05.023 11112 11132 I ExpoModulesCore: ✅ AppContext was initialized
01-15 23:29:05.053 11112 11132 D nativeloader: Load /data/app/~~lrh_BaQopD06FYosjLS-zg==/com.geek2geeks.level-Gr7vq89aLleE0CuEC2eZmw==/lib/x86_64/libVisionCamera.so using class loader ns clns-9 (caller=/data/app/~~lrh_BaQopD06FYosjLS-zg==/com.geek2geeks.level-Gr7vq89aLleE0CuEC2eZmw==/base.apk!classes2.dex): ok
01-15 23:29:05.057 11112 11132 I CameraManagerGlobal: Connecting to camera service
01-15 23:29:05.062 11112 11148 I CameraDevices: Initializing ProcessCameraProvider...
01-15 23:29:05.066 11112 11148 D QuirkSettingsLoader: QuirkSettings$MetadataHolderService is not found.
01-15 23:29:05.066 11112 11148 D CameraX : QuirkSettings from app metadata: null
01-15 23:29:05.067 11112 11148 D CameraX : QuirkSettings by default: QuirkSettings{enabledWhenDeviceHasQuirk=true, forceEnabledQuirks=[], forceDisabledQuirks=[]}
01-15 23:29:05.075 11112 11150 D DeviceQuirks: camera2 DeviceQuirks = 
01-15 23:29:05.091 11112 11132 W unknown:BridgelessReact: ReactHost{0}.getOrCreateReactInstanceTask(): Loading JS Bundle
01-15 23:29:05.091 11112 11132 W unknown:BridgelessReact: ReactHost{0}.getOrCreateReactInstanceTask(): Calling DevSupportManagerBase.onNewReactContextCreated(reactContext)
01-15 23:29:05.092 11112 11132 W unknown:BridgelessReact: ReactHost{0}.startSurface(surfaceId = 0): Execute
01-15 23:29:05.103 11112 11112 W unknown:BridgelessReact: ReactContext.onHostResume()
01-15 23:29:05.103 11112 11112 W unknown:BridgelessReact: ReactHost{0}.getOrCreateReactInstanceTask(): Executing ReactInstanceEventListeners
01-15 23:29:05.109 11112 11150 D CameraRepository: Added camera: 1
01-15 23:29:05.113 11112 11150 D CameraQuirks: camera2 CameraQuirks = 
01-15 23:29:05.123 11112 11133 D nativeloader: Load /data/app/~~lrh_BaQopD06FYosjLS-zg==/com.geek2geeks.level-Gr7vq89aLleE0CuEC2eZmw==/lib/x86_64/libexpo-modules-core.so using class loader ns clns-9 (caller=/data/app/~~lrh_BaQopD06FYosjLS-zg==/com.geek2geeks.level-Gr7vq89aLleE0CuEC2eZmw==/base.apk!classes2.dex): ok
01-15 23:29:05.125 11112 11150 I Camera2CameraInfo: Device Level: INFO_SUPPORTED_HARDWARE_LEVEL_FULL
01-15 23:29:05.127 11112 11150 D CameraRepository: Added camera: 10
01-15 23:29:05.127 11112 11150 D CameraQuirks: camera2 CameraQuirks = 
01-15 23:29:05.128 11112 11150 I Camera2CameraInfo: Device Level: INFO_SUPPORTED_HARDWARE_LEVEL_LIMITED
01-15 23:29:05.128 11112 11150 D CameraValidator: Verifying camera lens facing on emu64xa, lensFacingInteger: null
01-15 23:29:05.129 11112 11133 D nativeloader: Load /data/app/~~lrh_BaQopD06FYosjLS-zg==/com.geek2geeks.level-Gr7vq89aLleE0CuEC2eZmw==/lib/x86_64/libreact_codegen_rnscreens.so using class loader ns clns-9 (caller=/data/app/~~lrh_BaQopD06FYosjLS-zg==/com.geek2geeks.level-Gr7vq89aLleE0CuEC2eZmw==/base.apk!classes3.dex): ok
01-15 23:29:05.129 11112 11133 D jni_lib_merge: Entering merged library JNI_OnLoad.
01-15 23:29:05.129 11112 11133 D jni_lib_merge: Preparing 12 pre-merged libs (including stub)
01-15 23:29:05.129 11112 11133 D jni_lib_merge: Preparing to register libfabricjni_so.  onload_func: 0x7cc3990b0ba0
01-15 23:29:05.129 11112 11133 D jni_lib_merge: Preparing to register libreact_devsupportjni_so.  onload_func: 0x7cc39918c530
01-15 23:29:05.129 11112 11133 D jni_lib_merge: Preparing to register libreact_featureflagsjni_so.  onload_func: 0x7cc39919f0a0
01-15 23:29:05.129 11112 11133 D jni_lib_merge: Preparing to register libreact_newarchdefaults_so.  onload_func: 0x7cc3991c5fa0
01-15 23:29:05.129 11112 11133 D jni_lib_merge: Preparing to register libreactnativeblob_so.  onload_func: 0x7cc39926da50
01-15 23:29:05.129 11112 11133 D jni_lib_merge: Preparing to register libreactnativejni_so.  onload_func: 0x7cc3992888c0
01-15 23:29:05.129 11112 11133 D jni_lib_merge: Preparing to register libreactnativejni_common_so.  onload_func: 0x7cc39928f150
01-15 23:29:05.129 11112 11133 D jni_lib_merge: Preparing to register librninstance_so.  onload_func: 0x7cc3992ad450
01-15 23:29:05.129 11112 11133 D jni_lib_merge: Preparing to register libturbomodulejsijni_so.  onload_func: 0x7cc399358b80
01-15 23:29:05.129 11112 11133 D jni_lib_merge: Preparing to register libuimanagerjni_so.  onload_func: 0x7cc399360ab0
01-15 23:29:05.129 11112 11133 D jni_lib_merge: Preparing to register libyoga_so.  onload_func: 0x7cc399368130
01-15 23:29:05.129 11112 11133 D jni_lib_merge: About to register 11 actual methods.
01-15 23:29:05.129 11112 11153 I CameraDevices: Initializing ExtensionsManager...
01-15 23:29:05.130 11112 11153 D ExtenderVersion: No versioning extender found. Falling back to default.
01-15 23:29:05.131 11112 11153 I CameraDevices: Successfully initialized!
01-15 23:29:05.139 11112 11133 W unknown:ViewManagerPropertyUpdater: Could not find generated setter for class com.th3rdwave.safeareacontext.SafeAreaProviderManager
01-15 23:29:05.142 11112 11133 W unknown:ViewManagerPropertyUpdater: Could not find generated setter for class com.facebook.react.uimanager.LayoutShadowNode
01-15 23:29:05.142 11112 11133 W unknown:ViewManagerPropertyUpdater: Could not find generated setter for class com.swmansion.rnscreens.SearchBarManager
01-15 23:29:05.143 11112 11133 W unknown:ViewManagerPropertyUpdater: Could not find generated setter for class com.swmansion.rnscreens.ScreenFooterManager
01-15 23:29:05.144 11112 11133 W unknown:ViewManagerPropertyUpdater: Could not find generated setter for class com.swmansion.rnscreens.gamma.tabs.TabScreenViewManager
01-15 23:29:05.145 11112 11133 W unknown:ViewManagerPropertyUpdater: Could not find generated setter for class expo.modules.kotlin.views.GroupViewManagerWrapper
01-15 23:29:05.146 11112 11133 W unknown:ViewManagerPropertyUpdater: Could not find generated setter for class com.swmansion.rnscreens.ScreenContainerViewManager
01-15 23:29:05.146 11112 11133 W unknown:ViewManagerPropertyUpdater: Could not find generated setter for class com.swmansion.rnscreens.gamma.tabs.TabsHostViewManager
01-15 23:29:05.147 11112 11133 W unknown:ViewManagerPropertyUpdater: Could not find generated setter for class com.shopify.reactnative.skia.SkiaPictureViewManager
01-15 23:29:05.147 11112 11133 W unknown:ViewManagerPropertyUpdater: Could not find generated setter for class com.swmansion.rnscreens.ModalScreenViewManager
01-15 23:29:05.148 11112 11133 W unknown:ViewManagerPropertyUpdater: Could not find generated setter for class com.swmansion.rnscreens.ScreenStackHeaderConfigViewManager
01-15 23:29:05.148 11112 11133 W unknown:ViewManagerPropertyUpdater: Could not find generated setter for class com.mrousavy.camera.react.CameraViewManager
01-15 23:29:05.149 11112 11133 W unknown:ViewManagerPropertyUpdater: Could not find generated setter for class com.swmansion.rnscreens.ScreenContentWrapperManager
01-15 23:29:05.150 11112 11133 W unknown:ViewManagerPropertyUpdater: Could not find generated setter for class com.th3rdwave.safeareacontext.SafeAreaViewManager
01-15 23:29:05.150 11112 11133 W unknown:ViewManagerPropertyUpdater: Could not find generated setter for class com.th3rdwave.safeareacontext.SafeAreaViewShadowNode
01-15 23:29:05.150 11112 11133 W unknown:ViewManagerPropertyUpdater: Could not find generated setter for class com.swmansion.rnscreens.ScreenViewManager
01-15 23:29:05.151 11112 11133 W unknown:ViewManagerPropertyUpdater: Could not find generated setter for class com.swmansion.rnscreens.ScreenStackHeaderSubviewManager
01-15 23:29:05.151 11112 11133 W unknown:ViewManagerPropertyUpdater: Could not find generated setter for class com.swmansion.rnscreens.ScreenStackViewManager
01-15 23:29:05.157 11112 11133 W unknown:ViewManagerPropertyUpdater: Could not find generated setter for class com.swmansion.gesturehandler.react.RNGestureHandlerButtonViewManager
01-15 23:29:05.159 11112 11133 W unknown:ViewManagerPropertyUpdater: Could not find generated setter for class com.facebook.react.views.safeareaview.ReactSafeAreaViewManager
01-15 23:29:05.159 11112 11133 W unknown:ViewManagerPropertyUpdater: Could not find generated setter for class com.facebook.react.views.safeareaview.ReactSafeAreaViewShadowNode
01-15 23:29:05.160 11112 11133 W unknown:ViewManagerPropertyUpdater: Could not find generated setter for class com.facebook.react.views.modal.ReactModalHostManager
01-15 23:29:05.161 11112 11133 W unknown:ViewManagerPropertyUpdater: Could not find generated setter for class com.facebook.react.views.text.frescosupport.FrescoBasedReactTextInlineImageViewManager
01-15 23:29:05.161 11112 11133 W unknown:ViewManagerPropertyUpdater: Could not find generated setter for class com.facebook.react.views.text.frescosupport.FrescoBasedReactTextInlineImageShadowNode
01-15 23:29:05.162 11112 11133 W unknown:ViewManagerPropertyUpdater: Could not find generated setter for class com.facebook.react.views.progressbar.ReactProgressBarViewManager
01-15 23:29:05.162 11112 11133 W unknown:ViewManagerPropertyUpdater: Could not find generated setter for class com.facebook.react.views.progressbar.ProgressBarShadowNode
01-15 23:29:05.163 11112 11133 W unknown:ViewManagerPropertyUpdater: Could not find generated setter for class com.facebook.react.views.scroll.ReactHorizontalScrollViewManager
01-15 23:29:05.165 11112 11133 W unknown:ViewManagerPropertyUpdater: Could not find generated setter for class com.facebook.react.views.image.ReactImageManager
01-15 23:29:05.166 11112 11133 W unknown:ViewManagerPropertyUpdater: Could not find generated setter for class com.facebook.react.views.text.ReactTextViewManager
01-15 23:29:05.167 11112 11133 W unknown:ViewManagerPropertyUpdater: Could not find generated setter for class com.facebook.react.views.text.ReactTextShadowNode
01-15 23:29:05.168 11112 11133 W unknown:ViewManagerPropertyUpdater: Could not find generated setter for class com.facebook.react.views.scroll.ReactHorizontalScrollContainerViewManager
01-15 23:29:05.169 11112 11133 W unknown:ViewManagerPropertyUpdater: Could not find generated setter for class com.facebook.react.views.unimplementedview.ReactUnimplementedViewManager
01-15 23:29:05.170 11112 11133 W unknown:ViewManagerPropertyUpdater: Could not find generated setter for class com.facebook.react.views.scroll.ReactScrollViewManager
01-15 23:29:05.171 11112 11133 W unknown:ViewManagerPropertyUpdater: Could not find generated setter for class com.facebook.react.views.view.ReactViewManager
01-15 23:29:05.171 11112 11133 W unknown:ViewManagerPropertyUpdater: Could not find generated setter for class com.facebook.react.views.drawer.ReactDrawerLayoutManager
01-15 23:29:05.172 11112 11133 W unknown:ViewManagerPropertyUpdater: Could not find generated setter for class com.facebook.react.views.switchview.ReactSwitchManager
01-15 23:29:05.173 11112 11133 W unknown:ViewManagerPropertyUpdater: Could not find generated setter for class com.facebook.react.views.switchview.ReactSwitchShadowNode
01-15 23:29:05.174 11112 11133 W unknown:ViewManagerPropertyUpdater: Could not find generated setter for class com.facebook.react.views.text.ReactVirtualTextViewManager
01-15 23:29:05.174 11112 11133 W unknown:ViewManagerPropertyUpdater: Could not find generated setter for class com.facebook.react.views.text.ReactVirtualTextShadowNode
01-15 23:29:05.175 11112 11133 W unknown:ViewManagerPropertyUpdater: Could not find generated setter for class com.facebook.react.views.swiperefresh.SwipeRefreshLayoutManager
01-15 23:29:05.177 11112 11133 W unknown:ViewManagerPropertyUpdater: Could not find generated setter for class com.facebook.react.views.text.ReactRawTextManager
01-15 23:29:05.177 11112 11133 W unknown:ViewManagerPropertyUpdater: Could not find generated setter for class com.facebook.react.views.text.ReactRawTextShadowNode
01-15 23:29:05.178 11112 11133 W unknown:ViewManagerPropertyUpdater: Could not find generated setter for class com.facebook.react.views.textinput.ReactTextInputManager
01-15 23:29:05.178 11112 11133 W unknown:ViewManagerPropertyUpdater: Could not find generated setter for class com.facebook.react.views.textinput.ReactTextInputShadowNode
01-15 23:29:05.179 11112 11133 W unknown:ViewManagerPropertyUpdater: Could not find generated setter for class com.swmansion.gesturehandler.react.RNGestureHandlerRootViewManager
01-15 23:29:05.183 11112 11133 W BridgelessReactContext: [WARNING] Bridgeless doesn't support CatalystInstance. Accessing an API that's not part of the new architecture is not encouraged usage.
01-15 23:29:05.191 11112 11133 I ExpoModulesCore: ✅ JSI interop was installed
01-15 23:29:05.193 11112 11133 I ExpoModulesCore: ✅ Constants were exported
01-15 23:29:05.213 11112 11133 D nativeloader: Load /data/app/~~lrh_BaQopD06FYosjLS-zg==/com.geek2geeks.level-Gr7vq89aLleE0CuEC2eZmw==/lib/x86_64/librnscreens.so using class loader ns clns-9 (caller=/data/app/~~lrh_BaQopD06FYosjLS-zg==/com.geek2geeks.level-Gr7vq89aLleE0CuEC2eZmw==/base.apk!classes2.dex): ok
01-15 23:29:05.216 11112 11133 I ReactNativeJS: Running "main"
01-15 23:29:05.232 11112 11133 E ReactNativeJS: { [FirebaseError: Firebase: Error (auth/invalid-api-key).]
01-15 23:29:05.232 11112 11133 E ReactNativeJS:   code: 'auth/invalid-api-key',
01-15 23:29:05.232 11112 11133 E ReactNativeJS:   customData: { appName: '[DEFAULT]' },
01-15 23:29:05.232 11112 11133 E ReactNativeJS:   name: 'FirebaseError' }
01-15 23:29:05.233 11112 11133 E ReactNativeJS: { [FirebaseError: Firebase: Error (auth/invalid-api-key).]
01-15 23:29:05.233 11112 11133 E ReactNativeJS:   code: 'auth/invalid-api-key',
01-15 23:29:05.233 11112 11133 E ReactNativeJS:   customData: { appName: '[DEFAULT]' },
01-15 23:29:05.233 11112 11133 E ReactNativeJS:   name: 'FirebaseError' }
01-15 23:29:05.234 11112 11133 E ReactNativeJS: { [FirebaseError: Firebase: Error (auth/invalid-api-key).]
01-15 23:29:05.234 11112 11133 E ReactNativeJS:   code: 'auth/invalid-api-key',
01-15 23:29:05.234 11112 11133 E ReactNativeJS:   customData: { appName: '[DEFAULT]' },
01-15 23:29:05.234 11112 11133 E ReactNativeJS:   name: 'FirebaseError' }
01-15 23:29:05.234 11112 11133 E ReactNativeJS: { [FirebaseError: Firebase: Error (auth/invalid-api-key).]
01-15 23:29:05.234 11112 11133 E ReactNativeJS:   code: 'auth/invalid-api-key',
01-15 23:29:05.234 11112 11133 E ReactNativeJS:   customData: { appName: '[DEFAULT]' },
01-15 23:29:05.234 11112 11133 E ReactNativeJS:   name: 'FirebaseError' }
01-15 23:29:05.235 11112 11133 E ReactNativeJS: { [TypeError: Cannot read property 'ErrorBoundary' of undefined]
01-15 23:29:05.235 11112 11133 E ReactNativeJS:   componentStack: '\n    at ContextNavigator (address at index.android.bundle:1:1147268)\n    at ExpoRoot (address at index.android.bundle:1:1146911)\n    at App (<anonymous>)\n    at RCTView (<anonymous>)\n    at View (address at index.android.bundle:1:491251)\n    at AppContainer (address at index.android.bundle:1:490579)',
01-15 23:29:05.235 11112 11133 E ReactNativeJS:   isComponentError: true }
01-15 23:29:05.239 11112 11134 W unknown:BridgelessReact: ReactHost{0}.handleHostException(message = "FirebaseError: Firebase: Error (auth/invalid-api-key)., stack:
01-15 23:29:05.239 11112 11134 W unknown:BridgelessReact: createErrorInternal@1:1826113
01-15 23:29:05.239 11112 11134 W unknown:BridgelessReact: _assert@1:1826346
01-15 23:29:05.239 11112 11134 W unknown:BridgelessReact: anonymous@1:1850689
01-15 23:29:05.239 11112 11134 W unknown:BridgelessReact: getOrInitializeService@1:1790188
01-15 23:29:05.239 11112 11134 W unknown:BridgelessReact: initialize@1:1789664
01-15 23:29:05.239 11112 11134 W unknown:BridgelessReact: initializeAuth@1:1836823
01-15 23:29:05.239 11112 11134 W unknown:BridgelessReact: initializeAuth@1:1818680
01-15 23:29:05.239 11112 11134 W unknown:BridgelessReact: anonymous@1:1771886
01-15 23:29:05.239 11112 11134 W unknown:BridgelessReact: loadModuleImplementation@1:62087
01-15 23:29:05.239 11112 11134 W unknown:BridgelessReact: guardedLoadModule@1:61610
01-15 23:29:05.239 11112 11134 W unknown:BridgelessReact: metroRequire@1:61120
01-15 23:29:05.239 11112 11134 W unknown:BridgelessReact: anonymous@1:2661742
01-15 23:29:05.239 11112 11134 W unknown:BridgelessReact: loadModuleImplementation@1:62087
01-15 23:29:05.239 11112 11134 W unknown:BridgelessReact: guardedLoadModule@1:61610
01-15 23:29:05.239 11112 11134 W unknown:BridgelessReact: metroRequire@1:61120
01-15 23:29:05.239 11112 11134 W unknown:BridgelessReact: anonymous@1:2533299
01-15 23:29:05.239 11112 11134 W unknown:BridgelessReact: loadModuleImplementation@1:62087
01-15 23:29:05.239 11112 11134 W unknown:BridgelessReact: guardedLoadModule@1:61610
01-15 23:29:05.239 11112 11134 W unknown:BridgelessReact: metroRequire@1:61120
01-15 23:29:05.239 11112 11134 W unknown:BridgelessReact: anonymous@1:2532761
01-15 23:29:05.239 11112 11134 W unknown:BridgelessReact: loadModuleImplementation@1:62087
01-15 23:29:05.239 11112 11134 W unknown:BridgelessReact: guardedLoadModule@1:61610
01-15 23:29:05.239 11112 11134 W unknown:BridgelessReact: metroRequire@1:61120
01-15 23:29:05.239 11112 11134 W unknown:BridgelessReact: anonymous@1:2668951
01-15 23:29:05.239 11112 11134 W unknown:BridgelessReact: loadModuleImplementation@1:62087
01-15 23:29:05.239 11112 11134 W unknown:BridgelessReact: guardedLoadModule@1:61566
01-15 23:29:05.239 11112 11134 W unknown:BridgelessReact: metroRequire@1:61120
01-15 23:29:05.239 11112 11134 W unknown:BridgelessReact: get@1:821536
01-15 23:29:05.239 11112 11134 W unknown:BridgelessReact: metroContext@1:821349
01-15 23:29:05.239 11112 11134 W unknown:BridgelessReact: loadRoute@1:1113369
01-15 23:29:05.239 11112 11134 W unknown:BridgelessReact: getLayoutNode@1:1115514
01-15 23:29:05.239 11112 11134 W unknown:BridgelessReact: _loop3@1:1113261
01-15 23:29:05.239 11112 11134 W unknown:BridgelessReact: getDirectoryTree@1:1111039
01-15 23:29:05.239 11112 11134 W unknown:BridgelessReact: getRoutes@1:1110024
01-15 23:29:05.239 11112 11134 W unknown:BridgelessReact: getRoutes@1:1109020
01-15 23:29:05.239 11112 11134 W unknown:BridgelessReact: useStore@1:1080622
01-15 23:29:05.239 11112 11134 W unknown:BridgelessReact: ContextNavigator@1:1147426
01-15 23:29:05.239 11112 11134 W unknown:BridgelessReact: renderWithHooks@1:250168
01-15 23:29:05.239 11112 11134 W unknown:BridgelessReact: updateFunctionComponent@1:268931
01-15 23:29:05.239 11112 11134 W unknown:BridgelessReact: beginWork@1:276753
01-15 23:29:05.239 11112 11134 W unknown:BridgelessReact: performUnitOfWork@1:295393
01-15 23:29:05.239 11112 11134 W unknown:BridgelessReact: workLoopSync@1:294401
01-15 23:29:05.239 11112 11134 W unknown:BridgelessReact: renderRootSync@1:294233
01-15 23:29:05.239 11112 11134 W unknown:BridgelessReact: performWorkOnRoot@1:291660
01-15 23:29:05.239 11112 11134 W unknown:BridgelessReact: performWorkOnRootViaSchedulerTask@1:245633
01-15 23:29:05.239 11112 11134 W unknown:BridgelessReact: ")
--------- beginning of crash
01-15 23:29:05.239 11112 11134 E AndroidRuntime: FATAL EXCEPTION: mqt_v_native
01-15 23:29:05.239 11112 11134 E AndroidRuntime: Process: com.geek2geeks.level, PID: 11112
01-15 23:29:05.239 11112 11134 E AndroidRuntime: com.facebook.react.common.JavascriptException: FirebaseError: Firebase: Error (auth/invalid-api-key)., stack:
01-15 23:29:05.239 11112 11134 E AndroidRuntime: createErrorInternal@1:1826113
01-15 23:29:05.239 11112 11134 E AndroidRuntime: _assert@1:1826346
01-15 23:29:05.239 11112 11134 E AndroidRuntime: anonymous@1:1850689
01-15 23:29:05.239 11112 11134 E AndroidRuntime: getOrInitializeService@1:1790188
01-15 23:29:05.239 11112 11134 E AndroidRuntime: initialize@1:1789664
01-15 23:29:05.239 11112 11134 E AndroidRuntime: initializeAuth@1:1836823
01-15 23:29:05.239 11112 11134 E AndroidRuntime: initializeAuth@1:1818680
01-15 23:29:05.239 11112 11134 E AndroidRuntime: anonymous@1:1771886
01-15 23:29:05.239 11112 11134 E AndroidRuntime: loadModuleImplementation@1:62087
